---
http_interactions:
- request:
    method: put
    uri: http://backend:5352/source/home:package_test_user/_meta?user=package_test_user
    body:
      encoding: UTF-8
      string: |
        <project name="home:package_test_user">
          <title/>
          <description/>
          <person userid="package_test_user" role="maintainer"/>
        </project>
    headers:
      Accept-Encoding:
      - gzip;q=1.0,deflate;q=0.6,identity;q=0.3
      Accept:
      - "*/*"
      User-Agent:
      - Ruby
  response:
    status:
      code: 200
      message: OK
    headers:
      Content-Type:
      - text/xml
      Cache-Control:
      - no-cache
      Connection:
      - close
      Content-Length:
      - '156'
    body:
      encoding: UTF-8
      string: |
        <project name="home:package_test_user">
          <title></title>
          <description></description>
          <person userid="package_test_user" role="maintainer"/>
        </project>
  recorded_at: Wed, 22 Feb 2023 18:04:53 GMT
- request:
    method: put
    uri: http://backend:5352/source/home:user_tab_user/_meta?user=user_tab_user
    body:
      encoding: UTF-8
      string: |
        <project name="home:user_tab_user">
          <title/>
          <description/>
          <person userid="user_tab_user" role="maintainer"/>
        </project>
    headers:
      Accept-Encoding:
      - gzip;q=1.0,deflate;q=0.6,identity;q=0.3
      Accept:
      - "*/*"
      User-Agent:
      - Ruby
  response:
    status:
      code: 200
      message: OK
    headers:
      Content-Type:
      - text/xml
      Cache-Control:
      - no-cache
      Connection:
      - close
      Content-Length:
      - '148'
    body:
      encoding: UTF-8
      string: |
        <project name="home:user_tab_user">
          <title></title>
          <description></description>
          <person userid="user_tab_user" role="maintainer"/>
        </project>
  recorded_at: Wed, 22 Feb 2023 18:04:53 GMT
- request:
    method: put
    uri: http://backend:5352/source/home:user_tab_user/group_test_package/_meta?user=user_16
    body:
      encoding: UTF-8
      string: |
        <package name="group_test_package" project="home:user_tab_user">
          <title>Things Fall Apart</title>
          <description>Doloremque quidem ea at.</description>
        </package>
    headers:
      Accept-Encoding:
      - gzip;q=1.0,deflate;q=0.6,identity;q=0.3
      Accept:
      - "*/*"
      User-Agent:
      - Ruby
  response:
    status:
      code: 200
      message: OK
    headers:
      Content-Type:
      - text/xml
      Cache-Control:
      - no-cache
      Connection:
      - close
      Content-Length:
      - '165'
    body:
      encoding: UTF-8
      string: |
        <package name="group_test_package" project="home:user_tab_user">
          <title>Things Fall Apart</title>
          <description>Doloremque quidem ea at.</description>
        </package>
  recorded_at: Wed, 22 Feb 2023 18:04:53 GMT
- request:
    method: put
    uri: http://backend:5352/source/home:other_user/_meta?user=other_user
    body:
      encoding: UTF-8
      string: |
        <project name="home:other_user">
          <title/>
          <description/>
          <person userid="other_user" role="maintainer"/>
        </project>
    headers:
      Accept-Encoding:
      - gzip;q=1.0,deflate;q=0.6,identity;q=0.3
      Accept:
      - "*/*"
      User-Agent:
      - Ruby
  response:
    status:
      code: 200
      message: OK
    headers:
      Content-Type:
      - text/xml
      Cache-Control:
      - no-cache
      Connection:
      - close
      Content-Length:
      - '142'
    body:
      encoding: UTF-8
      string: |
        <project name="home:other_user">
          <title></title>
          <description></description>
          <person userid="other_user" role="maintainer"/>
        </project>
  recorded_at: Wed, 22 Feb 2023 18:04:53 GMT
- request:
    method: put
    uri: http://backend:5352/source/home:other_user/branch_test_package/_meta?user=user_17
    body:
      encoding: UTF-8
      string: |
        <package name="branch_test_package" project="home:other_user">
          <title>Lilies of the Field</title>
          <description>Nisi non beatae molestiae.</description>
        </package>
    headers:
      Accept-Encoding:
      - gzip;q=1.0,deflate;q=0.6,identity;q=0.3
      Accept:
      - "*/*"
      User-Agent:
      - Ruby
  response:
    status:
      code: 200
      message: OK
    headers:
      Content-Type:
      - text/xml
      Cache-Control:
      - no-cache
      Connection:
      - close
      Content-Length:
      - '167'
    body:
      encoding: UTF-8
      string: |
        <package name="branch_test_package" project="home:other_user">
          <title>Lilies of the Field</title>
          <description>Nisi non beatae molestiae.</description>
        </package>
  recorded_at: Wed, 22 Feb 2023 18:04:53 GMT
- request:
    method: put
    uri: http://backend:5352/source/home:other_user/branch_test_package/_config
    body:
      encoding: UTF-8
      string: Et ut sed. Maiores cumque dolor. Omnis sapiente hic.
    headers:
      Accept-Encoding:
      - gzip;q=1.0,deflate;q=0.6,identity;q=0.3
      Accept:
      - "*/*"
      User-Agent:
      - Ruby
  response:
    status:
      code: 200
      message: OK
    headers:
      Content-Type:
      - text/xml
      Cache-Control:
      - no-cache
      Connection:
      - close
      Content-Length:
      - '209'
    body:
      encoding: UTF-8
      string: |
        <revision rev="19" vrev="19">
          <srcmd5>4c6ed4d737010ddf90cab6aa978a8358</srcmd5>
          <version>unknown</version>
          <time>1677089093</time>
          <user>unknown</user>
          <comment></comment>
          <requestid/>
        </revision>
  recorded_at: Wed, 22 Feb 2023 18:04:53 GMT
- request:
    method: put
    uri: http://backend:5352/source/home:other_user/branch_test_package/somefile.txt
    body:
      encoding: UTF-8
      string: Repellendus qui ut. Est minus assumenda. Eos deleniti quo.
    headers:
      Accept-Encoding:
      - gzip;q=1.0,deflate;q=0.6,identity;q=0.3
      Accept:
      - "*/*"
      User-Agent:
      - Ruby
  response:
    status:
      code: 200
      message: OK
    headers:
      Content-Type:
      - text/xml
      Cache-Control:
      - no-cache
      Connection:
      - close
      Content-Length:
      - '209'
    body:
      encoding: UTF-8
      string: |
        <revision rev="20" vrev="20">
          <srcmd5>37471a910f256b567c9aa1cde24bcb6d</srcmd5>
          <version>unknown</version>
          <time>1677089093</time>
          <user>unknown</user>
          <comment></comment>
          <requestid/>
        </revision>
  recorded_at: Wed, 22 Feb 2023 18:04:53 GMT
- request:
    method: get
    uri: http://backend:5352/source/home:user_tab_user/group_test_package
    body:
      encoding: US-ASCII
      string: ''
    headers:
      X-Request-Id:
      - e06842ed-5ccb-41d9-9159-70a006925765
      Accept-Encoding:
      - gzip;q=1.0,deflate;q=0.6,identity;q=0.3
      Accept:
      - "*/*"
      User-Agent:
      - Ruby
  response:
    status:
      code: 200
      message: OK
    headers:
      Content-Type:
      - text/xml
      Cache-Control:
      - no-cache
      Connection:
      - close
      Content-Length:
      - '93'
    body:
      encoding: UTF-8
      string: |
        <directory name="group_test_package" srcmd5="d41d8cd98f00b204e9800998ecf8427e">
        </directory>
  recorded_at: Wed, 22 Feb 2023 18:04:55 GMT
- request:
    method: get
    uri: http://backend:5352/source/home:user_tab_user/group_test_package?expand=1
    body:
      encoding: US-ASCII
      string: ''
    headers:
      Accept-Encoding:
      - gzip;q=1.0,deflate;q=0.6,identity;q=0.3
      Accept:
      - "*/*"
      User-Agent:
      - Ruby
  response:
    status:
      code: 200
      message: OK
    headers:
      Content-Type:
      - text/xml
      Cache-Control:
      - no-cache
      Connection:
      - close
      Content-Length:
      - '93'
    body:
      encoding: UTF-8
      string: |
        <directory name="group_test_package" srcmd5="d41d8cd98f00b204e9800998ecf8427e">
        </directory>
  recorded_at: Wed, 22 Feb 2023 18:04:55 GMT
- request:
    method: get
    uri: http://backend:5352/source/home:user_tab_user/group_test_package/_history?deleted=1&meta=1
    body:
      encoding: US-ASCII
      string: ''
    headers:
      X-Request-Id:
      - e06842ed-5ccb-41d9-9159-70a006925765
      Accept-Encoding:
      - gzip;q=1.0,deflate;q=0.6,identity;q=0.3
      Accept:
      - "*/*"
      User-Agent:
      - Ruby
  response:
    status:
      code: 200
      message: OK
    headers:
      Content-Type:
      - text/xml
      Cache-Control:
      - no-cache
      Connection:
      - close
      Content-Length:
      - '31'
    body:
      encoding: UTF-8
      string: |
        <revisionlist>
        </revisionlist>
  recorded_at: Wed, 22 Feb 2023 18:04:55 GMT
- request:
    method: get
    uri: http://backend:5352/source/home:user_tab_user/group_test_package
    body:
      encoding: US-ASCII
      string: ''
    headers:
      X-Request-Id:
      - e06842ed-5ccb-41d9-9159-70a006925765
      Accept-Encoding:
      - gzip;q=1.0,deflate;q=0.6,identity;q=0.3
      Accept:
      - "*/*"
      User-Agent:
      - Ruby
  response:
    status:
      code: 200
      message: OK
    headers:
      Content-Type:
      - text/xml
      Cache-Control:
      - no-cache
      Connection:
      - close
      Content-Length:
      - '93'
    body:
      encoding: UTF-8
      string: |
        <directory name="group_test_package" srcmd5="d41d8cd98f00b204e9800998ecf8427e">
        </directory>
  recorded_at: Wed, 22 Feb 2023 18:04:55 GMT
- request:
    method: get
    uri: http://backend:5352/source/home:user_tab_user/group_test_package
    body:
      encoding: US-ASCII
      string: ''
    headers:
      X-Request-Id:
      - e06842ed-5ccb-41d9-9159-70a006925765
      Accept-Encoding:
      - gzip;q=1.0,deflate;q=0.6,identity;q=0.3
      Accept:
      - "*/*"
      User-Agent:
      - Ruby
  response:
    status:
      code: 200
      message: OK
    headers:
      Content-Type:
      - text/xml
      Cache-Control:
      - no-cache
      Connection:
      - close
      Content-Length:
      - '93'
    body:
      encoding: UTF-8
      string: |
        <directory name="group_test_package" srcmd5="d41d8cd98f00b204e9800998ecf8427e">
        </directory>
  recorded_at: Wed, 22 Feb 2023 18:04:55 GMT
- request:
    method: get
    uri: http://backend:5352/source/home:user_tab_user/group_test_package
    body:
      encoding: US-ASCII
      string: ''
    headers:
      X-Request-Id:
      - 990a289e-42d8-423b-9702-475c813d16d3
      Accept-Encoding:
      - gzip;q=1.0,deflate;q=0.6,identity;q=0.3
      Accept:
      - "*/*"
      User-Agent:
      - Ruby
  response:
    status:
      code: 200
      message: OK
    headers:
      Content-Type:
      - text/xml
      Cache-Control:
      - no-cache
      Connection:
      - close
      Content-Length:
      - '93'
    body:
      encoding: UTF-8
      string: |
        <directory name="group_test_package" srcmd5="d41d8cd98f00b204e9800998ecf8427e">
        </directory>
  recorded_at: Wed, 22 Feb 2023 18:04:55 GMT
- request:
    method: get
    uri: http://backend:5352/build/home:user_tab_user/_result?lastbuild=1&locallink=1&multibuild=1&package=group_test_package&view=status
    body:
      encoding: US-ASCII
      string: ''
    headers:
      X-Request-Id:
      - 990a289e-42d8-423b-9702-475c813d16d3
      Accept-Encoding:
      - gzip;q=1.0,deflate;q=0.6,identity;q=0.3
      Accept:
      - "*/*"
      User-Agent:
      - Ruby
  response:
    status:
      code: 200
      message: OK
    headers:
      Content-Type:
      - text/xml
      Cache-Control:
      - no-cache
      Connection:
      - close
      Content-Length:
      - '55'
    body:
      encoding: UTF-8
      string: '<resultlist state="00000000000000000000000000000000"/>

'
  recorded_at: Wed, 22 Feb 2023 18:04:55 GMT
- request:
    method: get
    uri: http://backend:5352/source/home:user_tab_user/group_test_package
    body:
      encoding: US-ASCII
      string: ''
    headers:
      X-Request-Id:
      - 12f82f34-08b7-46eb-a467-60d77e882d3d
      Accept-Encoding:
      - gzip;q=1.0,deflate;q=0.6,identity;q=0.3
      Accept:
      - "*/*"
      User-Agent:
      - Ruby
  response:
    status:
      code: 200
      message: OK
    headers:
      Content-Type:
      - text/xml
      Cache-Control:
      - no-cache
      Connection:
      - close
      Content-Length:
      - '93'
    body:
      encoding: UTF-8
      string: |
        <directory name="group_test_package" srcmd5="d41d8cd98f00b204e9800998ecf8427e">
        </directory>
  recorded_at: Wed, 22 Feb 2023 18:04:55 GMT
- request:
    method: get
    uri: http://backend:5352/build/home:user_tab_user/_result?lastbuild=1&locallink=1&multibuild=1&package=group_test_package&view=status
    body:
      encoding: US-ASCII
      string: ''
    headers:
      X-Request-Id:
      - 12f82f34-08b7-46eb-a467-60d77e882d3d
      Accept-Encoding:
      - gzip;q=1.0,deflate;q=0.6,identity;q=0.3
      Accept:
      - "*/*"
      User-Agent:
      - Ruby
  response:
    status:
      code: 200
      message: OK
    headers:
      Content-Type:
      - text/xml
      Cache-Control:
      - no-cache
      Connection:
      - close
      Content-Length:
      - '55'
    body:
      encoding: UTF-8
      string: '<resultlist state="00000000000000000000000000000000"/>

'
  recorded_at: Wed, 22 Feb 2023 18:04:55 GMT
- request:
    method: get
    uri: http://backend:5352/build/home:user_tab_user/_result?package=group_test_package&view=status
    body:
      encoding: US-ASCII
      string: ''
    headers:
      X-Request-Id:
      - cb7f106b-3d64-4ae5-8b6f-7a1c5900d9a5
      Accept-Encoding:
      - gzip;q=1.0,deflate;q=0.6,identity;q=0.3
      Accept:
      - "*/*"
      User-Agent:
      - Ruby
  response:
    status:
      code: 200
      message: OK
    headers:
      Content-Type:
      - text/xml
      Cache-Control:
      - no-cache
      Connection:
      - close
      Content-Length:
      - '55'
    body:
      encoding: UTF-8
      string: '<resultlist state="00000000000000000000000000000000"/>

'
  recorded_at: Wed, 22 Feb 2023 18:04:55 GMT
- request:
    method: put
    uri: http://backend:5352/source/home:user_tab_user/group_test_package/_meta?user=user_tab_user
    body:
      encoding: UTF-8
      string: |
        <package name="group_test_package" project="home:user_tab_user">
          <title>Things Fall Apart</title>
          <description>Doloremque quidem ea at.</description>
          <person userid="user_tab_user" role="maintainer"/>
          <group groupid="existing_group" role="maintainer"/>
        </package>
    headers:
      Accept-Encoding:
      - gzip;q=1.0,deflate;q=0.6,identity;q=0.3
      Accept:
      - "*/*"
      User-Agent:
      - Ruby
  response:
    status:
      code: 200
      message: OK
    headers:
      Content-Type:
      - text/xml
      Cache-Control:
      - no-cache
      Connection:
      - close
      Content-Length:
      - '272'
    body:
      encoding: UTF-8
      string: |
        <package name="group_test_package" project="home:user_tab_user">
          <title>Things Fall Apart</title>
          <description>Doloremque quidem ea at.</description>
          <person userid="user_tab_user" role="maintainer"/>
          <group groupid="existing_group" role="maintainer"/>
        </package>
  recorded_at: Wed, 22 Feb 2023 18:04:56 GMT
- request:
    method: put
    uri: http://backend:5352/source/home:user_tab_user/group_test_package/_meta?user=user_tab_user
    body:
      encoding: UTF-8
      string: |
        <package name="group_test_package" project="home:user_tab_user">
          <title>Things Fall Apart</title>
          <description>Doloremque quidem ea at.</description>
          <person userid="user_tab_user" role="maintainer"/>
          <group groupid="existing_group" role="maintainer"/>
        </package>
    headers:
      Accept-Encoding:
      - gzip;q=1.0,deflate;q=0.6,identity;q=0.3
      Accept:
      - "*/*"
      User-Agent:
      - Ruby
  response:
    status:
      code: 200
      message: OK
    headers:
      Content-Type:
      - text/xml
      Cache-Control:
      - no-cache
      Connection:
      - close
      Content-Length:
      - '272'
    body:
      encoding: UTF-8
      string: |
        <package name="group_test_package" project="home:user_tab_user">
          <title>Things Fall Apart</title>
          <description>Doloremque quidem ea at.</description>
          <person userid="user_tab_user" role="maintainer"/>
          <group groupid="existing_group" role="maintainer"/>
        </package>
  recorded_at: Wed, 22 Feb 2023 18:04:56 GMT
- request:
    method: get
    uri: http://backend:5352/source/home:user_tab_user/group_test_package
    body:
      encoding: US-ASCII
      string: ''
    headers:
      X-Request-Id:
      - d6b37f83-6399-42b7-a2bf-33c433a07ef0
      Accept-Encoding:
      - gzip;q=1.0,deflate;q=0.6,identity;q=0.3
      Accept:
      - "*/*"
      User-Agent:
      - Ruby
  response:
    status:
      code: 200
      message: OK
    headers:
      Content-Type:
      - text/xml
      Cache-Control:
      - no-cache
      Connection:
      - close
      Content-Length:
      - '93'
    body:
      encoding: UTF-8
      string: |
        <directory name="group_test_package" srcmd5="d41d8cd98f00b204e9800998ecf8427e">
        </directory>
  recorded_at: Wed, 22 Feb 2023 18:04:57 GMT
- request:
    method: get
    uri: http://backend:5352/source/home:user_tab_user/group_test_package?expand=1
    body:
      encoding: US-ASCII
      string: ''
    headers:
      Accept-Encoding:
      - gzip;q=1.0,deflate;q=0.6,identity;q=0.3
      Accept:
      - "*/*"
      User-Agent:
      - Ruby
  response:
    status:
      code: 200
      message: OK
    headers:
      Content-Type:
      - text/xml
      Cache-Control:
      - no-cache
      Connection:
      - close
      Content-Length:
      - '93'
    body:
      encoding: UTF-8
      string: |
        <directory name="group_test_package" srcmd5="d41d8cd98f00b204e9800998ecf8427e">
        </directory>
  recorded_at: Wed, 22 Feb 2023 18:04:57 GMT
- request:
    method: get
    uri: http://backend:5352/source/home:user_tab_user/group_test_package/_history?deleted=1&meta=1
    body:
      encoding: US-ASCII
      string: ''
    headers:
      X-Request-Id:
      - d6b37f83-6399-42b7-a2bf-33c433a07ef0
      Accept-Encoding:
      - gzip;q=1.0,deflate;q=0.6,identity;q=0.3
      Accept:
      - "*/*"
      User-Agent:
      - Ruby
  response:
    status:
      code: 200
      message: OK
    headers:
      Content-Type:
      - text/xml
      Cache-Control:
      - no-cache
      Connection:
      - close
      Content-Length:
      - '31'
    body:
      encoding: UTF-8
      string: |
        <revisionlist>
        </revisionlist>
  recorded_at: Wed, 22 Feb 2023 18:04:57 GMT
- request:
    method: get
    uri: http://backend:5352/source/home:user_tab_user/group_test_package
    body:
      encoding: US-ASCII
      string: ''
    headers:
      X-Request-Id:
      - d6b37f83-6399-42b7-a2bf-33c433a07ef0
      Accept-Encoding:
      - gzip;q=1.0,deflate;q=0.6,identity;q=0.3
      Accept:
      - "*/*"
      User-Agent:
      - Ruby
  response:
    status:
      code: 200
      message: OK
    headers:
      Content-Type:
      - text/xml
      Cache-Control:
      - no-cache
      Connection:
      - close
      Content-Length:
      - '93'
    body:
      encoding: UTF-8
      string: |
        <directory name="group_test_package" srcmd5="d41d8cd98f00b204e9800998ecf8427e">
        </directory>
  recorded_at: Wed, 22 Feb 2023 18:04:57 GMT
- request:
    method: get
    uri: http://backend:5352/source/home:user_tab_user/group_test_package
    body:
      encoding: US-ASCII
      string: ''
    headers:
      X-Request-Id:
      - d6b37f83-6399-42b7-a2bf-33c433a07ef0
      Accept-Encoding:
      - gzip;q=1.0,deflate;q=0.6,identity;q=0.3
      Accept:
      - "*/*"
      User-Agent:
      - Ruby
  response:
    status:
      code: 200
      message: OK
    headers:
      Content-Type:
      - text/xml
      Cache-Control:
      - no-cache
      Connection:
      - close
      Content-Length:
      - '93'
    body:
      encoding: UTF-8
      string: |
        <directory name="group_test_package" srcmd5="d41d8cd98f00b204e9800998ecf8427e">
        </directory>
  recorded_at: Wed, 22 Feb 2023 18:04:57 GMT
- request:
    method: get
    uri: http://backend:5352/source/home:user_tab_user/group_test_package
    body:
      encoding: US-ASCII
      string: ''
    headers:
      X-Request-Id:
      - '06296dd8-a63c-486d-a20c-c88a912a062e'
      Accept-Encoding:
      - gzip;q=1.0,deflate;q=0.6,identity;q=0.3
      Accept:
      - "*/*"
      User-Agent:
      - Ruby
  response:
    status:
      code: 200
      message: OK
    headers:
      Content-Type:
      - text/xml
      Cache-Control:
      - no-cache
      Connection:
      - close
      Content-Length:
      - '93'
    body:
      encoding: UTF-8
      string: |
        <directory name="group_test_package" srcmd5="d41d8cd98f00b204e9800998ecf8427e">
        </directory>
  recorded_at: Wed, 22 Feb 2023 18:04:57 GMT
- request:
    method: get
    uri: http://backend:5352/build/home:user_tab_user/_result?lastbuild=1&locallink=1&multibuild=1&package=group_test_package&view=status
    body:
      encoding: US-ASCII
      string: ''
    headers:
      X-Request-Id:
      - '06296dd8-a63c-486d-a20c-c88a912a062e'
      Accept-Encoding:
      - gzip;q=1.0,deflate;q=0.6,identity;q=0.3
      Accept:
      - "*/*"
      User-Agent:
      - Ruby
  response:
    status:
      code: 200
      message: OK
    headers:
      Content-Type:
      - text/xml
      Cache-Control:
      - no-cache
      Connection:
      - close
      Content-Length:
      - '55'
    body:
      encoding: UTF-8
      string: '<resultlist state="00000000000000000000000000000000"/>

'
  recorded_at: Wed, 22 Feb 2023 18:04:57 GMT
- request:
    method: get
    uri: http://backend:5352/source/home:user_tab_user/group_test_package
    body:
      encoding: US-ASCII
      string: ''
    headers:
      X-Request-Id:
      - e153497c-d4d3-409d-8fe4-2ccc73ec801a
      Accept-Encoding:
      - gzip;q=1.0,deflate;q=0.6,identity;q=0.3
      Accept:
      - "*/*"
      User-Agent:
      - Ruby
  response:
    status:
      code: 200
      message: OK
    headers:
      Content-Type:
      - text/xml
      Cache-Control:
      - no-cache
      Connection:
      - close
      Content-Length:
      - '93'
    body:
      encoding: UTF-8
      string: |
        <directory name="group_test_package" srcmd5="d41d8cd98f00b204e9800998ecf8427e">
        </directory>
  recorded_at: Wed, 22 Feb 2023 18:04:57 GMT
- request:
    method: get
    uri: http://backend:5352/build/home:user_tab_user/_result?lastbuild=1&locallink=1&multibuild=1&package=group_test_package&view=status
    body:
      encoding: US-ASCII
      string: ''
    headers:
      X-Request-Id:
      - e153497c-d4d3-409d-8fe4-2ccc73ec801a
      Accept-Encoding:
      - gzip;q=1.0,deflate;q=0.6,identity;q=0.3
      Accept:
      - "*/*"
      User-Agent:
      - Ruby
  response:
    status:
      code: 200
      message: OK
    headers:
      Content-Type:
      - text/xml
      Cache-Control:
      - no-cache
      Connection:
      - close
      Content-Length:
      - '55'
    body:
      encoding: UTF-8
      string: '<resultlist state="00000000000000000000000000000000"/>

'
  recorded_at: Wed, 22 Feb 2023 18:04:57 GMT
- request:
    method: get
    uri: http://backend:5352/build/home:user_tab_user/_result?package=group_test_package&view=status
    body:
      encoding: US-ASCII
      string: ''
    headers:
      X-Request-Id:
      - 5c6ea58f-207d-45e4-8832-5a489f14d101
      Accept-Encoding:
      - gzip;q=1.0,deflate;q=0.6,identity;q=0.3
      Accept:
      - "*/*"
      User-Agent:
      - Ruby
  response:
    status:
      code: 200
      message: OK
    headers:
      Content-Type:
      - text/xml
      Cache-Control:
      - no-cache
      Connection:
      - close
      Content-Length:
      - '55'
    body:
      encoding: UTF-8
      string: '<resultlist state="00000000000000000000000000000000"/>

'
  recorded_at: Wed, 22 Feb 2023 18:04:57 GMT
recorded_with: VCR 6.1.0
