---
http_interactions:
- request:
    method: put
    uri: http://backend:5352/source/home:package_test_user/_meta?user=package_test_user
    body:
      encoding: UTF-8
      string: |
        <project name="home:package_test_user">
          <title/>
          <description/>
          <person userid="package_test_user" role="maintainer"/>
        </project>
    headers:
      Accept-Encoding:
      - gzip;q=1.0,deflate;q=0.6,identity;q=0.3
      Accept:
      - "*/*"
      User-Agent:
      - Ruby
  response:
    status:
      code: 200
      message: OK
    headers:
      Content-Type:
      - text/xml
      Cache-Control:
      - no-cache
      Connection:
      - close
      Content-Length:
      - '156'
    body:
      encoding: UTF-8
      string: |
        <project name="home:package_test_user">
          <title></title>
          <description></description>
          <person userid="package_test_user" role="maintainer"/>
        </project>
  recorded_at: Wed, 22 Feb 2023 18:05:02 GMT
- request:
    method: put
    uri: http://backend:5352/source/home:user_tab_user/_meta?user=user_tab_user
    body:
      encoding: UTF-8
      string: |
        <project name="home:user_tab_user">
          <title/>
          <description/>
          <person userid="user_tab_user" role="maintainer"/>
        </project>
    headers:
      Accept-Encoding:
      - gzip;q=1.0,deflate;q=0.6,identity;q=0.3
      Accept:
      - "*/*"
      User-Agent:
      - Ruby
  response:
    status:
      code: 200
      message: OK
    headers:
      Content-Type:
      - text/xml
      Cache-Control:
      - no-cache
      Connection:
      - close
      Content-Length:
      - '148'
    body:
      encoding: UTF-8
      string: |
        <project name="home:user_tab_user">
          <title></title>
          <description></description>
          <person userid="user_tab_user" role="maintainer"/>
        </project>
  recorded_at: Wed, 22 Feb 2023 18:05:03 GMT
- request:
    method: put
    uri: http://backend:5352/source/home:user_tab_user/group_test_package/_meta?user=user_20
    body:
      encoding: UTF-8
      string: |
        <package name="group_test_package" project="home:user_tab_user">
          <title>This Lime Tree Bower</title>
          <description>Est voluptatem ex ipsam.</description>
        </package>
    headers:
      Accept-Encoding:
      - gzip;q=1.0,deflate;q=0.6,identity;q=0.3
      Accept:
      - "*/*"
      User-Agent:
      - Ruby
  response:
    status:
      code: 200
      message: OK
    headers:
      Content-Type:
      - text/xml
      Cache-Control:
      - no-cache
      Connection:
      - close
      Content-Length:
      - '168'
    body:
      encoding: UTF-8
      string: |
        <package name="group_test_package" project="home:user_tab_user">
          <title>This Lime Tree Bower</title>
          <description>Est voluptatem ex ipsam.</description>
        </package>
  recorded_at: Wed, 22 Feb 2023 18:05:03 GMT
- request:
    method: put
    uri: http://backend:5352/source/home:other_user/_meta?user=other_user
    body:
      encoding: UTF-8
      string: |
        <project name="home:other_user">
          <title/>
          <description/>
          <person userid="other_user" role="maintainer"/>
        </project>
    headers:
      Accept-Encoding:
      - gzip;q=1.0,deflate;q=0.6,identity;q=0.3
      Accept:
      - "*/*"
      User-Agent:
      - Ruby
  response:
    status:
      code: 200
      message: OK
    headers:
      Content-Type:
      - text/xml
      Cache-Control:
      - no-cache
      Connection:
      - close
      Content-Length:
      - '142'
    body:
      encoding: UTF-8
      string: |
        <project name="home:other_user">
          <title></title>
          <description></description>
          <person userid="other_user" role="maintainer"/>
        </project>
  recorded_at: Wed, 22 Feb 2023 18:05:03 GMT
- request:
    method: put
    uri: http://backend:5352/source/home:other_user/branch_test_package/_meta?user=user_21
    body:
      encoding: UTF-8
      string: |
        <package name="branch_test_package" project="home:other_user">
          <title>The Stars' Tennis Balls</title>
          <description>Odio fuga porro corporis.</description>
        </package>
    headers:
      Accept-Encoding:
      - gzip;q=1.0,deflate;q=0.6,identity;q=0.3
      Accept:
      - "*/*"
      User-Agent:
      - Ruby
  response:
    status:
      code: 200
      message: OK
    headers:
      Content-Type:
      - text/xml
      Cache-Control:
      - no-cache
      Connection:
      - close
      Content-Length:
      - '170'
    body:
      encoding: UTF-8
      string: |
        <package name="branch_test_package" project="home:other_user">
          <title>The Stars' Tennis Balls</title>
          <description>Odio fuga porro corporis.</description>
        </package>
  recorded_at: Wed, 22 Feb 2023 18:05:03 GMT
- request:
    method: put
    uri: http://backend:5352/source/home:other_user/branch_test_package/_config
    body:
      encoding: UTF-8
      string: Nihil officia modi. Veniam assumenda ex. Sint aut porro.
    headers:
      Accept-Encoding:
      - gzip;q=1.0,deflate;q=0.6,identity;q=0.3
      Accept:
      - "*/*"
      User-Agent:
      - Ruby
  response:
    status:
      code: 200
      message: OK
    headers:
      Content-Type:
      - text/xml
      Cache-Control:
      - no-cache
      Connection:
      - close
      Content-Length:
      - '209'
    body:
      encoding: UTF-8
      string: |
        <revision rev="23" vrev="23">
          <srcmd5>554bb6e120125f4ce2312d4d4bcc66ea</srcmd5>
          <version>unknown</version>
          <time>1677089103</time>
          <user>unknown</user>
          <comment></comment>
          <requestid/>
        </revision>
  recorded_at: Wed, 22 Feb 2023 18:05:03 GMT
- request:
    method: put
    uri: http://backend:5352/source/home:other_user/branch_test_package/somefile.txt
    body:
      encoding: UTF-8
      string: Ipsam quo voluptas. Facilis quibusdam excepturi. Tempore vel consequatur.
    headers:
      Accept-Encoding:
      - gzip;q=1.0,deflate;q=0.6,identity;q=0.3
      Accept:
      - "*/*"
      User-Agent:
      - Ruby
  response:
    status:
      code: 200
      message: OK
    headers:
      Content-Type:
      - text/xml
      Cache-Control:
      - no-cache
      Connection:
      - close
      Content-Length:
      - '209'
    body:
      encoding: UTF-8
      string: |
        <revision rev="24" vrev="24">
          <srcmd5>b2449002e1dda17eee07f0f85982dc69</srcmd5>
          <version>unknown</version>
          <time>1677089103</time>
          <user>unknown</user>
          <comment></comment>
          <requestid/>
        </revision>
  recorded_at: Wed, 22 Feb 2023 18:05:03 GMT
- request:
    method: get
    uri: http://backend:5352/source/home:user_tab_user/group_test_package
    body:
      encoding: US-ASCII
      string: ''
    headers:
      X-Request-Id:
      - 3364cfec-b3e1-49cd-b3ba-a19b58d43e1c
      Accept-Encoding:
      - gzip;q=1.0,deflate;q=0.6,identity;q=0.3
      Accept:
      - "*/*"
      User-Agent:
      - Ruby
  response:
    status:
      code: 200
      message: OK
    headers:
      Content-Type:
      - text/xml
      Cache-Control:
      - no-cache
      Connection:
      - close
      Content-Length:
      - '93'
    body:
      encoding: UTF-8
      string: |
        <directory name="group_test_package" srcmd5="d41d8cd98f00b204e9800998ecf8427e">
        </directory>
  recorded_at: Wed, 22 Feb 2023 18:05:04 GMT
- request:
    method: get
    uri: http://backend:5352/source/home:user_tab_user/group_test_package?expand=1
    body:
      encoding: US-ASCII
      string: ''
    headers:
      Accept-Encoding:
      - gzip;q=1.0,deflate;q=0.6,identity;q=0.3
      Accept:
      - "*/*"
      User-Agent:
      - Ruby
  response:
    status:
      code: 200
      message: OK
    headers:
      Content-Type:
      - text/xml
      Cache-Control:
      - no-cache
      Connection:
      - close
      Content-Length:
      - '93'
    body:
      encoding: UTF-8
      string: |
        <directory name="group_test_package" srcmd5="d41d8cd98f00b204e9800998ecf8427e">
        </directory>
  recorded_at: Wed, 22 Feb 2023 18:05:04 GMT
- request:
    method: get
    uri: http://backend:5352/source/home:user_tab_user/group_test_package/_history?deleted=1&meta=1
    body:
      encoding: US-ASCII
      string: ''
    headers:
      X-Request-Id:
      - 3364cfec-b3e1-49cd-b3ba-a19b58d43e1c
      Accept-Encoding:
      - gzip;q=1.0,deflate;q=0.6,identity;q=0.3
      Accept:
      - "*/*"
      User-Agent:
      - Ruby
  response:
    status:
      code: 200
      message: OK
    headers:
      Content-Type:
      - text/xml
      Cache-Control:
      - no-cache
      Connection:
      - close
      Content-Length:
      - '31'
    body:
      encoding: UTF-8
      string: |
        <revisionlist>
        </revisionlist>
  recorded_at: Wed, 22 Feb 2023 18:05:04 GMT
- request:
    method: get
    uri: http://backend:5352/source/home:user_tab_user/group_test_package
    body:
      encoding: US-ASCII
      string: ''
    headers:
      X-Request-Id:
      - 3364cfec-b3e1-49cd-b3ba-a19b58d43e1c
      Accept-Encoding:
      - gzip;q=1.0,deflate;q=0.6,identity;q=0.3
      Accept:
      - "*/*"
      User-Agent:
      - Ruby
  response:
    status:
      code: 200
      message: OK
    headers:
      Content-Type:
      - text/xml
      Cache-Control:
      - no-cache
      Connection:
      - close
      Content-Length:
      - '93'
    body:
      encoding: UTF-8
      string: |
        <directory name="group_test_package" srcmd5="d41d8cd98f00b204e9800998ecf8427e">
        </directory>
  recorded_at: Wed, 22 Feb 2023 18:05:04 GMT
- request:
    method: get
    uri: http://backend:5352/source/home:user_tab_user/group_test_package
    body:
      encoding: US-ASCII
      string: ''
    headers:
      X-Request-Id:
      - 3364cfec-b3e1-49cd-b3ba-a19b58d43e1c
      Accept-Encoding:
      - gzip;q=1.0,deflate;q=0.6,identity;q=0.3
      Accept:
      - "*/*"
      User-Agent:
      - Ruby
  response:
    status:
      code: 200
      message: OK
    headers:
      Content-Type:
      - text/xml
      Cache-Control:
      - no-cache
      Connection:
      - close
      Content-Length:
      - '93'
    body:
      encoding: UTF-8
      string: |
        <directory name="group_test_package" srcmd5="d41d8cd98f00b204e9800998ecf8427e">
        </directory>
  recorded_at: Wed, 22 Feb 2023 18:05:04 GMT
- request:
    method: get
    uri: http://backend:5352/source/home:user_tab_user/group_test_package
    body:
      encoding: US-ASCII
      string: ''
    headers:
      X-Request-Id:
      - bb6deace-d20a-483b-8330-f774c31871ab
      Accept-Encoding:
      - gzip;q=1.0,deflate;q=0.6,identity;q=0.3
      Accept:
      - "*/*"
      User-Agent:
      - Ruby
  response:
    status:
      code: 200
      message: OK
    headers:
      Content-Type:
      - text/xml
      Cache-Control:
      - no-cache
      Connection:
      - close
      Content-Length:
      - '93'
    body:
      encoding: UTF-8
      string: |
        <directory name="group_test_package" srcmd5="d41d8cd98f00b204e9800998ecf8427e">
        </directory>
  recorded_at: Wed, 22 Feb 2023 18:05:04 GMT
- request:
    method: get
    uri: http://backend:5352/build/home:user_tab_user/_result?lastbuild=1&locallink=1&multibuild=1&package=group_test_package&view=status
    body:
      encoding: US-ASCII
      string: ''
    headers:
      X-Request-Id:
      - bb6deace-d20a-483b-8330-f774c31871ab
      Accept-Encoding:
      - gzip;q=1.0,deflate;q=0.6,identity;q=0.3
      Accept:
      - "*/*"
      User-Agent:
      - Ruby
  response:
    status:
      code: 200
      message: OK
    headers:
      Content-Type:
      - text/xml
      Cache-Control:
      - no-cache
      Connection:
      - close
      Content-Length:
      - '55'
    body:
      encoding: UTF-8
      string: '<resultlist state="00000000000000000000000000000000"/>

'
  recorded_at: Wed, 22 Feb 2023 18:05:04 GMT
- request:
    method: get
    uri: http://backend:5352/source/home:user_tab_user/group_test_package
    body:
      encoding: US-ASCII
      string: ''
    headers:
      X-Request-Id:
      - fd9d3309-e6d9-4c71-b002-11c36cfcaf40
      Accept-Encoding:
      - gzip;q=1.0,deflate;q=0.6,identity;q=0.3
      Accept:
      - "*/*"
      User-Agent:
      - Ruby
  response:
    status:
      code: 200
      message: OK
    headers:
      Content-Type:
      - text/xml
      Cache-Control:
      - no-cache
      Connection:
      - close
      Content-Length:
      - '93'
    body:
      encoding: UTF-8
      string: |
        <directory name="group_test_package" srcmd5="d41d8cd98f00b204e9800998ecf8427e">
        </directory>
  recorded_at: Wed, 22 Feb 2023 18:05:04 GMT
- request:
    method: get
    uri: http://backend:5352/build/home:user_tab_user/_result?lastbuild=1&locallink=1&multibuild=1&package=group_test_package&view=status
    body:
      encoding: US-ASCII
      string: ''
    headers:
      X-Request-Id:
      - fd9d3309-e6d9-4c71-b002-11c36cfcaf40
      Accept-Encoding:
      - gzip;q=1.0,deflate;q=0.6,identity;q=0.3
      Accept:
      - "*/*"
      User-Agent:
      - Ruby
  response:
    status:
      code: 200
      message: OK
    headers:
      Content-Type:
      - text/xml
      Cache-Control:
      - no-cache
      Connection:
      - close
      Content-Length:
      - '55'
    body:
      encoding: UTF-8
      string: '<resultlist state="00000000000000000000000000000000"/>

'
  recorded_at: Wed, 22 Feb 2023 18:05:04 GMT
- request:
    method: get
    uri: http://backend:5352/build/home:user_tab_user/_result?package=group_test_package&view=status
    body:
      encoding: US-ASCII
      string: ''
    headers:
      X-Request-Id:
      - c0a27483-6b74-43f5-98e9-41d9aa00be8f
      Accept-Encoding:
      - gzip;q=1.0,deflate;q=0.6,identity;q=0.3
      Accept:
      - "*/*"
      User-Agent:
      - Ruby
  response:
    status:
      code: 200
      message: OK
    headers:
      Content-Type:
      - text/xml
      Cache-Control:
      - no-cache
      Connection:
      - close
      Content-Length:
      - '55'
    body:
      encoding: UTF-8
      string: '<resultlist state="00000000000000000000000000000000"/>

'
  recorded_at: Wed, 22 Feb 2023 18:05:04 GMT
recorded_with: VCR 6.1.0
