---
http_interactions:
- request:
    method: put
    uri: http://backend:5352/source/home:tom/_meta?user=tom
    body:
      encoding: UTF-8
      string: |
        <project name="home:tom">
          <title/>
          <description/>
          <person userid="tom" role="maintainer"/>
        </project>
    headers:
      Accept-Encoding:
      - gzip;q=1.0,deflate;q=0.6,identity;q=0.3
      Accept:
      - "*/*"
      User-Agent:
      - Ruby
  response:
    status:
      code: 200
      message: OK
    headers:
      Content-Type:
      - text/xml
      Cache-Control:
      - no-cache
      Connection:
      - close
      Content-Length:
      - '128'
    body:
      encoding: UTF-8
      string: |
        <project name="home:tom">
          <title></title>
          <description></description>
          <person userid="tom" role="maintainer"/>
        </project>
    http_version: null
  recorded_at: Fri, 15 May 2020 15:18:06 GMT
- request:
    method: put
    uri: http://backend:5352/source/home:tom/package_with_file/_meta?user=user_53
    body:
      encoding: UTF-8
      string: |
        <package name="package_with_file" project="home:tom">
          <title>Fear and Trembling</title>
          <description>Iusto recusandae doloribus praesentium.</description>
        </package>
    headers:
      Accept-Encoding:
      - gzip;q=1.0,deflate;q=0.6,identity;q=0.3
      Accept:
      - "*/*"
      User-Agent:
      - Ruby
  response:
    status:
      code: 200
      message: OK
    headers:
      Content-Type:
      - text/xml
      Cache-Control:
      - no-cache
      Connection:
      - close
      Content-Length:
      - '170'
    body:
      encoding: UTF-8
      string: |
        <package name="package_with_file" project="home:tom">
          <title>Fear and Trembling</title>
          <description>Iusto recusandae doloribus praesentium.</description>
        </package>
    http_version: null
  recorded_at: Fri, 15 May 2020 15:18:06 GMT
- request:
    method: put
    uri: http://backend:5352/source/home:tom/package_with_file/_config
    body:
      encoding: UTF-8
      string: Et dicta eaque. Illum placeat doloremque. Aut sunt atque.
    headers:
      Accept-Encoding:
      - gzip;q=1.0,deflate;q=0.6,identity;q=0.3
      Accept:
      - "*/*"
      User-Agent:
      - Ruby
  response:
    status:
      code: 200
      message: OK
    headers:
      Content-Type:
      - text/xml
      Cache-Control:
      - no-cache
      Connection:
      - close
      Content-Length:
      - '209'
    body:
      encoding: UTF-8
      string: |
        <revision rev="13" vrev="13">
          <srcmd5>2397e9b283184723a78a49f32c1c0d2e</srcmd5>
          <version>unknown</version>
          <time>1589555886</time>
          <user>unknown</user>
          <comment></comment>
          <requestid/>
        </revision>
    http_version: null
  recorded_at: Fri, 15 May 2020 15:18:06 GMT
- request:
    method: put
    uri: http://backend:5352/source/home:tom/package_with_file/somefile.txt
    body:
      encoding: UTF-8
      string: Eius explicabo nemo. Esse voluptatem accusamus. Non quisquam deleniti.
    headers:
      Accept-Encoding:
      - gzip;q=1.0,deflate;q=0.6,identity;q=0.3
      Accept:
      - "*/*"
      User-Agent:
      - Ruby
  response:
    status:
      code: 200
      message: OK
    headers:
      Content-Type:
      - text/xml
      Cache-Control:
      - no-cache
      Connection:
      - close
      Content-Length:
      - '209'
    body:
      encoding: UTF-8
      string: |
        <revision rev="14" vrev="14">
          <srcmd5>1272be6b463446887dff87bfd4e024c5</srcmd5>
          <version>unknown</version>
          <time>1589555886</time>
          <user>unknown</user>
          <comment></comment>
          <requestid/>
        </revision>
    http_version: null
  recorded_at: Fri, 15 May 2020 15:18:06 GMT
recorded_with: VCR 5.1.0
