---
http_interactions:
- request:
    method: put
    uri: http://backend:5352/source/home:tom/_meta?user=tom
    body:
      encoding: UTF-8
      string: |
        <project name="home:tom">
          <title/>
          <description/>
          <person userid="tom" role="maintainer"/>
        </project>
    headers:
      Accept-Encoding:
      - gzip;q=1.0,deflate;q=0.6,identity;q=0.3
      Accept:
      - "*/*"
      User-Agent:
      - Ruby
  response:
    status:
      code: 200
      message: OK
    headers:
      Content-Type:
      - text/xml
      Cache-Control:
      - no-cache
      Connection:
      - close
      Content-Length:
      - '128'
    body:
      encoding: UTF-8
      string: |
        <project name="home:tom">
          <title></title>
          <description></description>
          <person userid="tom" role="maintainer"/>
        </project>
  recorded_at: Thu, 21 Jul 2022 16:47:28 GMT
- request:
    method: put
    uri: http://backend:5352/source/home:tom/_project/_staging_workflow?user=user_55
    body:
      encoding: UTF-8
      string: |
        <workflow project="home:tom" managers="group_21">
          <staging_project name="home:tom:Staging:A"/>
        </workflow>
    headers:
      Accept-Encoding:
      - gzip;q=1.0,deflate;q=0.6,identity;q=0.3
      Accept:
      - "*/*"
      User-Agent:
      - Ruby
  response:
    status:
      code: 200
      message: OK
    headers:
      Content-Type:
      - text/xml
      Cache-Control:
      - no-cache
      Connection:
      - close
      Content-Length:
      - '171'
    body:
      encoding: UTF-8
      string: |
        <revision rev="267">
          <srcmd5>cb1fd1b7713d953d8e3695874e145cba</srcmd5>
          <time>1658422048</time>
          <user>user_55</user>
          <comment></comment>
          <requestid/>
        </revision>
  recorded_at: Thu, 21 Jul 2022 16:47:28 GMT
- request:
    method: put
    uri: http://backend:5352/source/home:tom:Staging:A/_meta?user=user_55
    body:
      encoding: UTF-8
      string: |
        <project name="home:tom:Staging:A">
          <title/>
          <description/>
          <group groupid="group_21" role="maintainer"/>
        </project>
    headers:
      Accept-Encoding:
      - gzip;q=1.0,deflate;q=0.6,identity;q=0.3
      Accept:
      - "*/*"
      User-Agent:
      - Ruby
  response:
    status:
      code: 200
      message: OK
    headers:
      Content-Type:
      - text/xml
      Cache-Control:
      - no-cache
      Connection:
      - close
      Content-Length:
      - '143'
    body:
      encoding: UTF-8
      string: |
        <project name="home:tom:Staging:A">
          <title></title>
          <description></description>
          <group groupid="group_21" role="maintainer"/>
        </project>
  recorded_at: Thu, 21 Jul 2022 16:47:28 GMT
- request:
    method: put
    uri: http://backend:5352/source/home:tom/_project/_staging_workflow?user=user_55
    body:
      encoding: UTF-8
      string: |
        <workflow project="home:tom" managers="group_21">
          <staging_project name="home:tom:Staging:A"/>
          <staging_project name="home:tom:Staging:B"/>
        </workflow>
    headers:
      Accept-Encoding:
      - gzip;q=1.0,deflate;q=0.6,identity;q=0.3
      Accept:
      - "*/*"
      User-Agent:
      - Ruby
  response:
    status:
      code: 200
      message: OK
    headers:
      Content-Type:
      - text/xml
      Cache-Control:
      - no-cache
      Connection:
      - close
      Content-Length:
      - '171'
    body:
      encoding: UTF-8
      string: |
        <revision rev="268">
          <srcmd5>43915dfb0725f5f94cb4d5aa1902f64c</srcmd5>
          <time>1658422048</time>
          <user>user_55</user>
          <comment></comment>
          <requestid/>
        </revision>
  recorded_at: Thu, 21 Jul 2022 16:47:28 GMT
- request:
    method: put
    uri: http://backend:5352/source/home:tom:Staging:B/_meta?user=user_55
    body:
      encoding: UTF-8
      string: |
        <project name="home:tom:Staging:B">
          <title/>
          <description/>
          <group groupid="group_21" role="maintainer"/>
        </project>
    headers:
      Accept-Encoding:
      - gzip;q=1.0,deflate;q=0.6,identity;q=0.3
      Accept:
      - "*/*"
      User-Agent:
      - Ruby
  response:
    status:
      code: 200
      message: OK
    headers:
      Content-Type:
      - text/xml
      Cache-Control:
      - no-cache
      Connection:
      - close
      Content-Length:
      - '143'
    body:
      encoding: UTF-8
      string: |
        <project name="home:tom:Staging:B">
          <title></title>
          <description></description>
          <group groupid="group_21" role="maintainer"/>
        </project>
  recorded_at: Thu, 21 Jul 2022 16:47:28 GMT
- request:
    method: put
    uri: http://backend:5352/source/home:tom/_meta?user=user_55
    body:
      encoding: UTF-8
      string: |
        <project name="home:tom">
          <title/>
          <description/>
          <person userid="tom" role="maintainer"/>
          <group groupid="group_21" role="reviewer"/>
        </project>
    headers:
      Accept-Encoding:
      - gzip;q=1.0,deflate;q=0.6,identity;q=0.3
      Accept:
      - "*/*"
      User-Agent:
      - Ruby
  response:
    status:
      code: 200
      message: OK
    headers:
      Content-Type:
      - text/xml
      Cache-Control:
      - no-cache
      Connection:
      - close
      Content-Length:
      - '174'
    body:
      encoding: UTF-8
      string: |
        <project name="home:tom">
          <title></title>
          <description></description>
          <person userid="tom" role="maintainer"/>
          <group groupid="group_21" role="reviewer"/>
        </project>
  recorded_at: Thu, 21 Jul 2022 16:47:28 GMT
- request:
    method: put
    uri: http://backend:5352/source/home:tom:Staging:A/package_with_file/_meta?user=user_56
    body:
      encoding: UTF-8
      string: |
        <package name="package_with_file" project="home:tom:Staging:A">
          <title>The Last Enemy</title>
          <description>Vel et error mollitia.</description>
        </package>
    headers:
      Accept-Encoding:
      - gzip;q=1.0,deflate;q=0.6,identity;q=0.3
      Accept:
      - "*/*"
      User-Agent:
      - Ruby
  response:
    status:
      code: 200
      message: OK
    headers:
      Content-Type:
      - text/xml
      Cache-Control:
      - no-cache
      Connection:
      - close
      Content-Length:
      - '159'
    body:
      encoding: UTF-8
      string: |
        <package name="package_with_file" project="home:tom:Staging:A">
          <title>The Last Enemy</title>
          <description>Vel et error mollitia.</description>
        </package>
  recorded_at: Thu, 21 Jul 2022 16:47:28 GMT
- request:
    method: put
    uri: http://backend:5352/source/home:tom:Staging:A/package_with_file/_config
    body:
      encoding: UTF-8
      string: Nemo ullam nihil. Corporis ullam quia. Et unde nemo.
    headers:
      Accept-Encoding:
      - gzip;q=1.0,deflate;q=0.6,identity;q=0.3
      Accept:
      - "*/*"
      User-Agent:
      - Ruby
  response:
    status:
      code: 200
      message: OK
    headers:
      Content-Type:
      - text/xml
      Cache-Control:
      - no-cache
      Connection:
      - close
      Content-Length:
      - '211'
    body:
      encoding: UTF-8
      string: |
        <revision rev="133" vrev="133">
          <srcmd5>133e4a8945b6fd7b938fa6bbb22eccad</srcmd5>
          <version>unknown</version>
          <time>1658422048</time>
          <user>unknown</user>
          <comment></comment>
          <requestid/>
        </revision>
  recorded_at: Thu, 21 Jul 2022 16:47:28 GMT
- request:
    method: put
    uri: http://backend:5352/source/home:tom:Staging:A/package_with_file/somefile.txt
    body:
      encoding: UTF-8
      string: Eaque ipsum nulla. Minus omnis nisi. Voluptate nihil tempore.
    headers:
      Accept-Encoding:
      - gzip;q=1.0,deflate;q=0.6,identity;q=0.3
      Accept:
      - "*/*"
      User-Agent:
      - Ruby
  response:
    status:
      code: 200
      message: OK
    headers:
      Content-Type:
      - text/xml
      Cache-Control:
      - no-cache
      Connection:
      - close
      Content-Length:
      - '211'
    body:
      encoding: UTF-8
      string: |
        <revision rev="134" vrev="134">
          <srcmd5>a162c61527a0a2f4c82bad43cf6039e0</srcmd5>
          <version>unknown</version>
          <time>1658422048</time>
          <user>unknown</user>
          <comment></comment>
          <requestid/>
        </revision>
  recorded_at: Thu, 21 Jul 2022 16:47:28 GMT
- request:
    method: put
    uri: http://backend:5352/source/target_project/_meta?user=tom
    body:
      encoding: UTF-8
      string: |
        <project name="target_project">
          <title>The Heart Is a Lonely Hunter</title>
          <description/>
        </project>
    headers:
      Accept-Encoding:
      - gzip;q=1.0,deflate;q=0.6,identity;q=0.3
      Accept:
      - "*/*"
      User-Agent:
      - Ruby
  response:
    status:
      code: 200
      message: OK
    headers:
      Content-Type:
      - text/xml
      Cache-Control:
      - no-cache
      Connection:
      - close
      Content-Length:
      - '119'
    body:
      encoding: UTF-8
      string: |
        <project name="target_project">
          <title>The Heart Is a Lonely Hunter</title>
          <description></description>
        </project>
  recorded_at: Thu, 21 Jul 2022 16:47:28 GMT
- request:
    method: put
    uri: http://backend:5352/source/target_project/target_package_2/_meta?user=tom
    body:
      encoding: UTF-8
      string: |
        <package name="target_package_2" project="target_project">
          <title>A Many-Splendoured Thing</title>
          <description>Nostrum quaerat et minus.</description>
        </package>
    headers:
      Accept-Encoding:
      - gzip;q=1.0,deflate;q=0.6,identity;q=0.3
      Accept:
      - "*/*"
      User-Agent:
      - Ruby
  response:
    status:
      code: 200
      message: OK
    headers:
      Content-Type:
      - text/xml
      Cache-Control:
      - no-cache
      Connection:
      - close
      Content-Length:
      - '167'
    body:
      encoding: UTF-8
      string: |
        <package name="target_package_2" project="target_project">
          <title>A Many-Splendoured Thing</title>
          <description>Nostrum quaerat et minus.</description>
        </package>
  recorded_at: Thu, 21 Jul 2022 16:47:28 GMT
- request:
    method: put
    uri: http://backend:5352/source/source_project/_meta?user=tom
    body:
      encoding: UTF-8
      string: |
        <project name="source_project">
          <title>Let Us Now Praise Famous Men</title>
          <description/>
        </project>
    headers:
      Accept-Encoding:
      - gzip;q=1.0,deflate;q=0.6,identity;q=0.3
      Accept:
      - "*/*"
      User-Agent:
      - Ruby
  response:
    status:
      code: 200
      message: OK
    headers:
      Content-Type:
      - text/xml
      Cache-Control:
      - no-cache
      Connection:
      - close
      Content-Length:
      - '119'
    body:
      encoding: UTF-8
      string: |
        <project name="source_project">
          <title>Let Us Now Praise Famous Men</title>
          <description></description>
        </project>
  recorded_at: Thu, 21 Jul 2022 16:47:28 GMT
- request:
    method: put
    uri: http://backend:5352/source/source_project/_project/_attribute?meta=1&user=tom
    body:
      encoding: UTF-8
      string: |
        <attributes>
          <attribute name="ApprovedRequestSource" namespace="OBS"/>
        </attributes>
    headers:
      Accept-Encoding:
      - gzip;q=1.0,deflate;q=0.6,identity;q=0.3
      Accept:
      - "*/*"
      User-Agent:
      - Ruby
  response:
    status:
      code: 200
      message: OK
    headers:
      Content-Type:
      - text/xml
      Cache-Control:
      - no-cache
      Connection:
      - close
      Content-Length:
      - '167'
    body:
      encoding: UTF-8
      string: |
        <revision rev="134">
          <srcmd5>deb1758b7b57b04b2585c1c5cb7427ca</srcmd5>
          <time>1658422048</time>
          <user>tom</user>
          <comment></comment>
          <requestid/>
        </revision>
  recorded_at: Thu, 21 Jul 2022 16:47:28 GMT
- request:
    method: put
    uri: http://backend:5352/source/source_project/source_package/_meta?user=tom
    body:
      encoding: UTF-8
      string: |
        <package name="source_package" project="source_project">
          <title>Endless Night</title>
          <description>Quasi velit accusantium sunt.</description>
        </package>
    headers:
      Accept-Encoding:
      - gzip;q=1.0,deflate;q=0.6,identity;q=0.3
      Accept:
      - "*/*"
      User-Agent:
      - Ruby
  response:
    status:
      code: 200
      message: OK
    headers:
      Content-Type:
      - text/xml
      Cache-Control:
      - no-cache
      Connection:
      - close
      Content-Length:
      - '158'
    body:
      encoding: UTF-8
      string: |
        <package name="source_package" project="source_project">
          <title>Endless Night</title>
          <description>Quasi velit accusantium sunt.</description>
        </package>
  recorded_at: Thu, 21 Jul 2022 16:47:28 GMT
- request:
    method: get
    uri: http://backend:5352/source/source_project/source_package
    body:
      encoding: US-ASCII
      string: ''
    headers:
      Accept-Encoding:
      - gzip;q=1.0,deflate;q=0.6,identity;q=0.3
      Accept:
      - "*/*"
      User-Agent:
      - Ruby
  response:
    status:
      code: 200
      message: OK
    headers:
      Content-Type:
      - text/xml
      Cache-Control:
      - no-cache
      Connection:
      - close
      Content-Length:
      - '89'
    body:
      encoding: UTF-8
      string: |
        <directory name="source_package" srcmd5="d41d8cd98f00b204e9800998ecf8427e">
        </directory>
  recorded_at: Thu, 21 Jul 2022 16:47:28 GMT
- request:
    method: post
    uri: http://backend:5352/source/source_project/source_package?cmd=diff&expand=1&filelimit=10000&opackage=target_package_2&oproject=target_project&tarlimit=10000&view=xml&withissues=1
    body:
      encoding: UTF-8
      string: ''
    headers:
      Content-Type:
      - application/octet-stream
      Accept-Encoding:
      - gzip;q=1.0,deflate;q=0.6,identity;q=0.3
      Accept:
      - "*/*"
      User-Agent:
      - Ruby
  response:
    status:
      code: 200
      message: OK
    headers:
      Content-Type:
      - text/xml
      Cache-Control:
      - no-cache
      Connection:
      - close
      Content-Length:
      - '331'
    body:
      encoding: UTF-8
      string: |
        <sourcediff key="b9360c621b072bbbde2fb69953bf2ffb">
          <old project="target_project" package="target_package_2" rev="46" srcmd5="d41d8cd98f00b204e9800998ecf8427e"/>
          <new project="source_project" package="source_package" rev="0" srcmd5="d41d8cd98f00b204e9800998ecf8427e"/>
          <files>
          </files>
          <issues>
          </issues>
        </sourcediff>
  recorded_at: Thu, 21 Jul 2022 16:47:28 GMT
- request:
    method: post
    uri: http://backend:5352/search/package/id?match=(linkinfo/@package=%22source_package%22%20and%20linkinfo/@project=%22source_project%22%20and%20@project=%22source_project%22)
    body:
      encoding: UTF-8
      string: ''
    headers:
      Content-Type:
      - application/octet-stream
      Accept-Encoding:
      - gzip;q=1.0,deflate;q=0.6,identity;q=0.3
      Accept:
      - "*/*"
      User-Agent:
      - Ruby
  response:
    status:
      code: 200
      message: OK
    headers:
      Content-Type:
      - text/xml
      Cache-Control:
      - no-cache
      Connection:
      - close
      Content-Length:
      - '27'
    body:
      encoding: UTF-8
      string: |
        <collection>
        </collection>
  recorded_at: Thu, 21 Jul 2022 16:47:28 GMT
- request:
    method: put
    uri: http://backend:5352/source/home:tom:Staging:A/target_package_2/_meta?user=tom
    body:
      encoding: UTF-8
      string: |
        <package name="target_package_2" project="home:tom:Staging:A">
          <title>Endless Night</title>
          <description>Quasi velit accusantium sunt.</description>
        </package>
    headers:
      Accept-Encoding:
      - gzip;q=1.0,deflate;q=0.6,identity;q=0.3
      Accept:
      - "*/*"
      User-Agent:
      - Ruby
  response:
    status:
      code: 200
      message: OK
    headers:
      Content-Type:
      - text/xml
      Cache-Control:
      - no-cache
      Connection:
      - close
      Content-Length:
      - '164'
    body:
      encoding: UTF-8
      string: |
        <package name="target_package_2" project="home:tom:Staging:A">
          <title>Endless Night</title>
          <description>Quasi velit accusantium sunt.</description>
        </package>
  recorded_at: Thu, 21 Jul 2022 16:47:28 GMT
- request:
    method: post
    uri: http://backend:5352/source/home:tom:Staging:A/target_package_2?cmd=branch&noservice=1&opackage=source_package&oproject=source_project&user=tom
    body:
      encoding: UTF-8
      string: ''
    headers:
      Content-Type:
      - application/octet-stream
      Accept-Encoding:
      - gzip;q=1.0,deflate;q=0.6,identity;q=0.3
      Accept:
      - "*/*"
      User-Agent:
      - Ruby
  response:
    status:
      code: 200
      message: OK
    headers:
      Content-Type:
      - text/xml
      Cache-Control:
      - no-cache
      Connection:
      - close
      Content-Length:
      - '203'
    body:
      encoding: UTF-8
      string: |
        <revision rev="1" vrev="1">
          <srcmd5>8e451641a827df5f4f409d1d543fdb7b</srcmd5>
          <version>unknown</version>
          <time>1658422048</time>
          <user>tom</user>
          <comment></comment>
          <requestid/>
        </revision>
  recorded_at: Thu, 21 Jul 2022 16:47:28 GMT
- request:
    method: put
    uri: http://backend:5352/source/home:tom:Staging:A/target_package_2/_meta?user=tom
    body:
      encoding: UTF-8
      string: |
        <package name="target_package_2" project="home:tom:Staging:A">
          <title>Endless Night</title>
          <description>Quasi velit accusantium sunt.</description>
        </package>
    headers:
      Accept-Encoding:
      - gzip;q=1.0,deflate;q=0.6,identity;q=0.3
      Accept:
      - "*/*"
      User-Agent:
      - Ruby
  response:
    status:
      code: 200
      message: OK
    headers:
      Content-Type:
      - text/xml
      Cache-Control:
      - no-cache
      Connection:
      - close
      Content-Length:
      - '164'
    body:
      encoding: UTF-8
      string: |
        <package name="target_package_2" project="home:tom:Staging:A">
          <title>Endless Night</title>
          <description>Quasi velit accusantium sunt.</description>
        </package>
  recorded_at: Thu, 21 Jul 2022 16:47:28 GMT
- request:
    method: get
    uri: http://backend:5352/source/home:tom:Staging:A/target_package_2
    body:
      encoding: US-ASCII
      string: ''
    headers:
      Accept-Encoding:
      - gzip;q=1.0,deflate;q=0.6,identity;q=0.3
      Accept:
      - "*/*"
      User-Agent:
      - Ruby
  response:
    status:
      code: 200
      message: OK
    headers:
      Content-Type:
      - text/xml
      Cache-Control:
      - no-cache
      Connection:
      - close
      Content-Length:
      - '436'
    body:
      encoding: UTF-8
      string: |
        <directory name="target_package_2" rev="1" vrev="1" srcmd5="8e451641a827df5f4f409d1d543fdb7b">
          <linkinfo project="source_project" package="source_package" srcmd5="d41d8cd98f00b204e9800998ecf8427e" baserev="d41d8cd98f00b204e9800998ecf8427e" xsrcmd5="7eae9f6b12a2579550692e1b40dfc7d6" lsrcmd5="8e451641a827df5f4f409d1d543fdb7b"/>
          <entry name="_link" md5="703fd7abfeaa0a7804702191c078ab66" size="147" mtime="1658419299"/>
        </directory>
  recorded_at: Thu, 21 Jul 2022 16:47:28 GMT
- request:
    method: get
    uri: http://backend:5352/source/home:tom:Staging:A/target_package_2?view=info
    body:
      encoding: US-ASCII
      string: ''
    headers:
      Accept-Encoding:
      - gzip;q=1.0,deflate;q=0.6,identity;q=0.3
      Accept:
      - "*/*"
      User-Agent:
      - Ruby
  response:
    status:
      code: 200
      message: OK
    headers:
      Content-Type:
      - text/xml
      Cache-Control:
      - no-cache
      Connection:
      - close
      Content-Length:
      - '339'
    body:
      encoding: UTF-8
      string: |
        <sourceinfo package="target_package_2" rev="1" vrev="1" srcmd5="7eae9f6b12a2579550692e1b40dfc7d6" lsrcmd5="8e451641a827df5f4f409d1d543fdb7b" verifymd5="d41d8cd98f00b204e9800998ecf8427e">
          <error>bad build configuration, no build type defined or detected</error>
          <linked project="source_project" package="source_package"/>
        </sourceinfo>
  recorded_at: Thu, 21 Jul 2022 16:47:28 GMT
- request:
    method: get
    uri: http://backend:5352/source/home:tom:Staging:A/target_package_2
    body:
      encoding: US-ASCII
      string: ''
    headers:
      Accept-Encoding:
      - gzip;q=1.0,deflate;q=0.6,identity;q=0.3
      Accept:
      - "*/*"
      User-Agent:
      - Ruby
  response:
    status:
      code: 200
      message: OK
    headers:
      Content-Type:
      - text/xml
      Cache-Control:
      - no-cache
      Connection:
      - close
      Content-Length:
      - '436'
    body:
      encoding: UTF-8
      string: |
        <directory name="target_package_2" rev="1" vrev="1" srcmd5="8e451641a827df5f4f409d1d543fdb7b">
          <linkinfo project="source_project" package="source_package" srcmd5="d41d8cd98f00b204e9800998ecf8427e" baserev="d41d8cd98f00b204e9800998ecf8427e" xsrcmd5="7eae9f6b12a2579550692e1b40dfc7d6" lsrcmd5="8e451641a827df5f4f409d1d543fdb7b"/>
          <entry name="_link" md5="703fd7abfeaa0a7804702191c078ab66" size="147" mtime="1658419299"/>
        </directory>
  recorded_at: Thu, 21 Jul 2022 16:47:28 GMT
- request:
    method: post
    uri: http://backend:5352/source/home:tom:Staging:A/target_package_2?cmd=diff&linkrev=base&onlyissues=1&orev=0&view=xml
    body:
      encoding: UTF-8
      string: ''
    headers:
      Content-Type:
      - application/octet-stream
      Accept-Encoding:
      - gzip;q=1.0,deflate;q=0.6,identity;q=0.3
      Accept:
      - "*/*"
      User-Agent:
      - Ruby
  response:
    status:
      code: 200
      message: OK
    headers:
      Content-Type:
      - text/xml
      Content-Length:
      - '330'
      Cache-Control:
      - no-cache
      Connection:
      - close
    body:
      encoding: UTF-8
      string: |
        <sourcediff key="a38f4b4e228bc555381cec0d7cc141f9">
          <old project="home:tom:Staging:A" package="target_package_2" rev="0" srcmd5="d41d8cd98f00b204e9800998ecf8427e"/>
          <new project="home:tom:Staging:A" package="target_package_2" rev="1" srcmd5="8e451641a827df5f4f409d1d543fdb7b"/>
          <files/>
          <issues>
          </issues>
        </sourcediff>
  recorded_at: Thu, 21 Jul 2022 16:47:28 GMT
- request:
    method: post
    uri: http://backend:5352/source/home:tom:Staging:A/target_package_2?cmd=linkdiff&linkrev=base&onlyissues=1&view=xml
    body:
      encoding: UTF-8
      string: ''
    headers:
      Content-Type:
      - application/octet-stream
      Accept-Encoding:
      - gzip;q=1.0,deflate;q=0.6,identity;q=0.3
      Accept:
      - "*/*"
      User-Agent:
      - Ruby
  response:
    status:
      code: 200
      message: OK
    headers:
      Content-Type:
      - text/xml
      Content-Length:
      - '386'
      Cache-Control:
      - no-cache
      Connection:
      - close
    body:
      encoding: UTF-8
      string: |
        <sourcediff key="7dc9dd01ab22419fb02e1d6b3a4624fc">
          <old project="source_project" package="source_package" rev="d41d8cd98f00b204e9800998ecf8427e" srcmd5="d41d8cd98f00b204e9800998ecf8427e"/>
          <new project="home:tom:Staging:A" package="target_package_2" rev="7eae9f6b12a2579550692e1b40dfc7d6" srcmd5="7eae9f6b12a2579550692e1b40dfc7d6"/>
          <files/>
          <issues>
          </issues>
        </sourcediff>
  recorded_at: Thu, 21 Jul 2022 16:47:28 GMT
- request:
    method: put
    uri: http://backend:5352/source/home:tom/_project/_staging_workflow?user=tom
    body:
      encoding: UTF-8
      string: |
        <workflow project="home:tom" managers="group_21">
          <staging_project name="home:tom:Staging:A"/>
          <staging_project name="home:tom:Staging:B"/>
        </workflow>
    headers:
      Accept-Encoding:
      - gzip;q=1.0,deflate;q=0.6,identity;q=0.3
      Accept:
      - "*/*"
      User-Agent:
      - Ruby
  response:
    status:
      code: 200
      message: OK
    headers:
      Content-Type:
      - text/xml
      Cache-Control:
      - no-cache
      Connection:
      - close
      Content-Length:
      - '167'
    body:
      encoding: UTF-8
      string: |
        <revision rev="269">
          <srcmd5>43915dfb0725f5f94cb4d5aa1902f64c</srcmd5>
          <time>1658422048</time>
          <user>tom</user>
          <comment></comment>
          <requestid/>
        </revision>
  recorded_at: Thu, 21 Jul 2022 16:47:28 GMT
- request:
    method: put
    uri: http://backend:5352/source/home:tom:Staging:A/_meta?user=tom
    body:
      encoding: UTF-8
      string: |
        <project name="home:tom:Staging:A">
          <title/>
          <description/>
          <group groupid="group_21" role="maintainer"/>
          <repository name="staging_repository">
            <arch>x86_64</arch>
          </repository>
        </project>
    headers:
      Accept-Encoding:
      - gzip;q=1.0,deflate;q=0.6,identity;q=0.3
      Accept:
      - "*/*"
      User-Agent:
      - Ruby
  response:
    status:
      code: 200
      message: OK
    headers:
      Content-Type:
      - text/xml
      Cache-Control:
      - no-cache
      Connection:
      - close
      Content-Length:
      - '224'
    body:
      encoding: UTF-8
      string: |
        <project name="home:tom:Staging:A">
          <title></title>
          <description></description>
          <group groupid="group_21" role="maintainer"/>
          <repository name="staging_repository">
            <arch>x86_64</arch>
          </repository>
        </project>
  recorded_at: Thu, 21 Jul 2022 16:47:28 GMT
- request:
    method: put
    uri: http://backend:5352/source/target_project/target_package/_meta?user=tom
    body:
      encoding: UTF-8
      string: |
        <package name="target_package" project="target_project">
          <title>Antic Hay</title>
          <description>Aut sint iure consectetur.</description>
        </package>
    headers:
      Accept-Encoding:
      - gzip;q=1.0,deflate;q=0.6,identity;q=0.3
      Accept:
      - "*/*"
      User-Agent:
      - Ruby
  response:
    status:
      code: 200
      message: OK
    headers:
      Content-Type:
      - text/xml
      Cache-Control:
      - no-cache
      Connection:
      - close
      Content-Length:
      - '151'
    body:
      encoding: UTF-8
      string: |
        <package name="target_package" project="target_project">
          <title>Antic Hay</title>
          <description>Aut sint iure consectetur.</description>
        </package>
  recorded_at: Thu, 21 Jul 2022 16:47:28 GMT
- request:
    method: get
    uri: http://backend:5352/source/source_project/source_package
    body:
      encoding: US-ASCII
      string: ''
    headers:
      Accept-Encoding:
      - gzip;q=1.0,deflate;q=0.6,identity;q=0.3
      Accept:
      - "*/*"
      User-Agent:
      - Ruby
  response:
    status:
      code: 200
      message: OK
    headers:
      Content-Type:
      - text/xml
      Cache-Control:
      - no-cache
      Connection:
      - close
      Content-Length:
      - '89'
    body:
      encoding: UTF-8
      string: |
        <directory name="source_package" srcmd5="d41d8cd98f00b204e9800998ecf8427e">
        </directory>
  recorded_at: Thu, 21 Jul 2022 16:47:28 GMT
- request:
    method: post
    uri: http://backend:5352/source/source_project/source_package?cmd=diff&expand=1&filelimit=10000&opackage=target_package&oproject=target_project&tarlimit=10000&view=xml&withissues=1
    body:
      encoding: UTF-8
      string: ''
    headers:
      Content-Type:
      - application/octet-stream
      Accept-Encoding:
      - gzip;q=1.0,deflate;q=0.6,identity;q=0.3
      Accept:
      - "*/*"
      User-Agent:
      - Ruby
  response:
    status:
      code: 200
      message: OK
    headers:
      Content-Type:
      - text/xml
      Cache-Control:
      - no-cache
      Connection:
      - close
      Content-Length:
      - '329'
    body:
      encoding: UTF-8
      string: |
        <sourcediff key="56112c360cbd3d1626ec2896f6daaf6a">
          <old project="target_project" package="target_package" rev="30" srcmd5="d41d8cd98f00b204e9800998ecf8427e"/>
          <new project="source_project" package="source_package" rev="0" srcmd5="d41d8cd98f00b204e9800998ecf8427e"/>
          <files>
          </files>
          <issues>
          </issues>
        </sourcediff>
  recorded_at: Thu, 21 Jul 2022 16:47:29 GMT
- request:
    method: post
    uri: http://backend:5352/search/package/id?match=(linkinfo/@package=%22source_package%22%20and%20linkinfo/@project=%22source_project%22%20and%20@project=%22source_project%22)
    body:
      encoding: UTF-8
      string: ''
    headers:
      Content-Type:
      - application/octet-stream
      Accept-Encoding:
      - gzip;q=1.0,deflate;q=0.6,identity;q=0.3
      Accept:
      - "*/*"
      User-Agent:
      - Ruby
  response:
    status:
      code: 200
      message: OK
    headers:
      Content-Type:
      - text/xml
      Cache-Control:
      - no-cache
      Connection:
      - close
      Content-Length:
      - '27'
    body:
      encoding: UTF-8
      string: |
        <collection>
        </collection>
  recorded_at: Thu, 21 Jul 2022 16:47:29 GMT
- request:
    method: put
    uri: http://backend:5352/source/home:tom:Staging:A/target_package/_meta?user=tom
    body:
      encoding: UTF-8
      string: |
        <package name="target_package" project="home:tom:Staging:A">
          <title>Endless Night</title>
          <description>Quasi velit accusantium sunt.</description>
        </package>
    headers:
      Accept-Encoding:
      - gzip;q=1.0,deflate;q=0.6,identity;q=0.3
      Accept:
      - "*/*"
      User-Agent:
      - Ruby
  response:
    status:
      code: 200
      message: OK
    headers:
      Content-Type:
      - text/xml
      Cache-Control:
      - no-cache
      Connection:
      - close
      Content-Length:
      - '162'
    body:
      encoding: UTF-8
      string: |
        <package name="target_package" project="home:tom:Staging:A">
          <title>Endless Night</title>
          <description>Quasi velit accusantium sunt.</description>
        </package>
  recorded_at: Thu, 21 Jul 2022 16:47:29 GMT
- request:
    method: post
    uri: http://backend:5352/source/home:tom:Staging:A/target_package?cmd=branch&noservice=1&opackage=source_package&oproject=source_project&user=tom
    body:
      encoding: UTF-8
      string: ''
    headers:
      Content-Type:
      - application/octet-stream
      Accept-Encoding:
      - gzip;q=1.0,deflate;q=0.6,identity;q=0.3
      Accept:
      - "*/*"
      User-Agent:
      - Ruby
  response:
    status:
      code: 200
      message: OK
    headers:
      Content-Type:
      - text/xml
      Cache-Control:
      - no-cache
      Connection:
      - close
      Content-Length:
      - '203'
    body:
      encoding: UTF-8
      string: |
        <revision rev="1" vrev="1">
          <srcmd5>8e451641a827df5f4f409d1d543fdb7b</srcmd5>
          <version>unknown</version>
          <time>1658422049</time>
          <user>tom</user>
          <comment></comment>
          <requestid/>
        </revision>
  recorded_at: Thu, 21 Jul 2022 16:47:29 GMT
- request:
    method: put
    uri: http://backend:5352/source/home:tom:Staging:A/target_package/_meta?user=tom
    body:
      encoding: UTF-8
      string: |
        <package name="target_package" project="home:tom:Staging:A">
          <title>Endless Night</title>
          <description>Quasi velit accusantium sunt.</description>
        </package>
    headers:
      Accept-Encoding:
      - gzip;q=1.0,deflate;q=0.6,identity;q=0.3
      Accept:
      - "*/*"
      User-Agent:
      - Ruby
  response:
    status:
      code: 200
      message: OK
    headers:
      Content-Type:
      - text/xml
      Cache-Control:
      - no-cache
      Connection:
      - close
      Content-Length:
      - '162'
    body:
      encoding: UTF-8
      string: |
        <package name="target_package" project="home:tom:Staging:A">
          <title>Endless Night</title>
          <description>Quasi velit accusantium sunt.</description>
        </package>
  recorded_at: Thu, 21 Jul 2022 16:47:29 GMT
- request:
    method: get
    uri: http://backend:5352/source/home:tom:Staging:A/target_package
    body:
      encoding: US-ASCII
      string: ''
    headers:
      Accept-Encoding:
      - gzip;q=1.0,deflate;q=0.6,identity;q=0.3
      Accept:
      - "*/*"
      User-Agent:
      - Ruby
  response:
    status:
      code: 200
      message: OK
    headers:
      Content-Type:
      - text/xml
      Cache-Control:
      - no-cache
      Connection:
      - close
      Content-Length:
      - '434'
    body:
      encoding: UTF-8
      string: |
        <directory name="target_package" rev="1" vrev="1" srcmd5="8e451641a827df5f4f409d1d543fdb7b">
          <linkinfo project="source_project" package="source_package" srcmd5="d41d8cd98f00b204e9800998ecf8427e" baserev="d41d8cd98f00b204e9800998ecf8427e" xsrcmd5="7eae9f6b12a2579550692e1b40dfc7d6" lsrcmd5="8e451641a827df5f4f409d1d543fdb7b"/>
          <entry name="_link" md5="703fd7abfeaa0a7804702191c078ab66" size="147" mtime="1658419310"/>
        </directory>
  recorded_at: Thu, 21 Jul 2022 16:47:29 GMT
- request:
    method: get
    uri: http://backend:5352/source/home:tom:Staging:A/target_package?view=info
    body:
      encoding: US-ASCII
      string: ''
    headers:
      Accept-Encoding:
      - gzip;q=1.0,deflate;q=0.6,identity;q=0.3
      Accept:
      - "*/*"
      User-Agent:
      - Ruby
  response:
    status:
      code: 200
      message: OK
    headers:
      Content-Type:
      - text/xml
      Cache-Control:
      - no-cache
      Connection:
      - close
      Content-Length:
      - '337'
    body:
      encoding: UTF-8
      string: |
        <sourceinfo package="target_package" rev="1" vrev="1" srcmd5="7eae9f6b12a2579550692e1b40dfc7d6" lsrcmd5="8e451641a827df5f4f409d1d543fdb7b" verifymd5="d41d8cd98f00b204e9800998ecf8427e">
          <error>bad build configuration, no build type defined or detected</error>
          <linked project="source_project" package="source_package"/>
        </sourceinfo>
  recorded_at: Thu, 21 Jul 2022 16:47:29 GMT
- request:
    method: get
    uri: http://backend:5352/source/home:tom:Staging:A/target_package
    body:
      encoding: US-ASCII
      string: ''
    headers:
      Accept-Encoding:
      - gzip;q=1.0,deflate;q=0.6,identity;q=0.3
      Accept:
      - "*/*"
      User-Agent:
      - Ruby
  response:
    status:
      code: 200
      message: OK
    headers:
      Content-Type:
      - text/xml
      Cache-Control:
      - no-cache
      Connection:
      - close
      Content-Length:
      - '434'
    body:
      encoding: UTF-8
      string: |
        <directory name="target_package" rev="1" vrev="1" srcmd5="8e451641a827df5f4f409d1d543fdb7b">
          <linkinfo project="source_project" package="source_package" srcmd5="d41d8cd98f00b204e9800998ecf8427e" baserev="d41d8cd98f00b204e9800998ecf8427e" xsrcmd5="7eae9f6b12a2579550692e1b40dfc7d6" lsrcmd5="8e451641a827df5f4f409d1d543fdb7b"/>
          <entry name="_link" md5="703fd7abfeaa0a7804702191c078ab66" size="147" mtime="1658419310"/>
        </directory>
  recorded_at: Thu, 21 Jul 2022 16:47:29 GMT
- request:
    method: post
    uri: http://backend:5352/source/home:tom:Staging:A/target_package?cmd=diff&linkrev=base&onlyissues=1&orev=0&view=xml
    body:
      encoding: UTF-8
      string: ''
    headers:
      Content-Type:
      - application/octet-stream
      Accept-Encoding:
      - gzip;q=1.0,deflate;q=0.6,identity;q=0.3
      Accept:
      - "*/*"
      User-Agent:
      - Ruby
  response:
    status:
      code: 200
      message: OK
    headers:
      Content-Type:
      - text/xml
      Content-Length:
      - '326'
      Cache-Control:
      - no-cache
      Connection:
      - close
    body:
      encoding: UTF-8
      string: |
        <sourcediff key="5dfe55c12f42686a4baa4848578c0c31">
          <old project="home:tom:Staging:A" package="target_package" rev="0" srcmd5="d41d8cd98f00b204e9800998ecf8427e"/>
          <new project="home:tom:Staging:A" package="target_package" rev="1" srcmd5="8e451641a827df5f4f409d1d543fdb7b"/>
          <files/>
          <issues>
          </issues>
        </sourcediff>
  recorded_at: Thu, 21 Jul 2022 16:47:29 GMT
- request:
    method: post
    uri: http://backend:5352/source/home:tom:Staging:A/target_package?cmd=linkdiff&linkrev=base&onlyissues=1&view=xml
    body:
      encoding: UTF-8
      string: ''
    headers:
      Content-Type:
      - application/octet-stream
      Accept-Encoding:
      - gzip;q=1.0,deflate;q=0.6,identity;q=0.3
      Accept:
      - "*/*"
      User-Agent:
      - Ruby
  response:
    status:
      code: 200
      message: OK
    headers:
      Content-Type:
      - text/xml
      Content-Length:
      - '384'
      Cache-Control:
      - no-cache
      Connection:
      - close
    body:
      encoding: UTF-8
      string: |
        <sourcediff key="e2aa173bdc5146fd8267ec8952bfb1a1">
          <old project="source_project" package="source_package" rev="d41d8cd98f00b204e9800998ecf8427e" srcmd5="d41d8cd98f00b204e9800998ecf8427e"/>
          <new project="home:tom:Staging:A" package="target_package" rev="7eae9f6b12a2579550692e1b40dfc7d6" srcmd5="7eae9f6b12a2579550692e1b40dfc7d6"/>
          <files/>
          <issues>
          </issues>
        </sourcediff>
  recorded_at: Thu, 21 Jul 2022 16:47:29 GMT
- request:
    method: put
    uri: http://backend:5352/source/home:tom/_project/_staging_workflow?user=tom
    body:
      encoding: UTF-8
      string: |
        <workflow project="home:tom" managers="group_21">
          <staging_project name="home:tom:Staging:A"/>
          <staging_project name="home:tom:Staging:B"/>
        </workflow>
    headers:
      Accept-Encoding:
      - gzip;q=1.0,deflate;q=0.6,identity;q=0.3
      Accept:
      - "*/*"
      User-Agent:
      - Ruby
  response:
    status:
      code: 200
      message: OK
    headers:
      Content-Type:
      - text/xml
      Cache-Control:
      - no-cache
      Connection:
      - close
      Content-Length:
      - '167'
    body:
      encoding: UTF-8
      string: |
        <revision rev="270">
          <srcmd5>43915dfb0725f5f94cb4d5aa1902f64c</srcmd5>
          <time>1658422049</time>
          <user>tom</user>
          <comment></comment>
          <requestid/>
        </revision>
  recorded_at: Thu, 21 Jul 2022 16:47:29 GMT
- request:
    method: put
    uri: http://backend:5352/source/home:tom:Staging:A/_meta?user=tom
    body:
      encoding: UTF-8
      string: |
        <project name="home:tom:Staging:A">
          <title/>
          <description/>
          <group groupid="group_21" role="maintainer"/>
          <repository name="staging_repository">
            <arch>x86_64</arch>
          </repository>
        </project>
    headers:
      Accept-Encoding:
      - gzip;q=1.0,deflate;q=0.6,identity;q=0.3
      Accept:
      - "*/*"
      User-Agent:
      - Ruby
  response:
    status:
      code: 200
      message: OK
    headers:
      Content-Type:
      - text/xml
      Cache-Control:
      - no-cache
      Connection:
      - close
      Content-Length:
      - '224'
    body:
      encoding: UTF-8
      string: |
        <project name="home:tom:Staging:A">
          <title></title>
          <description></description>
          <group groupid="group_21" role="maintainer"/>
          <repository name="staging_repository">
            <arch>x86_64</arch>
          </repository>
        </project>
  recorded_at: Thu, 21 Jul 2022 16:47:29 GMT
- request:
    method: put
    uri: http://backend:5352/source/home:tom/_project/_staging_workflow?user=user_55
    body:
      encoding: UTF-8
      string: |
        <workflow project="home:tom" managers="group_21">
          <staging_project name="home:tom:Staging:A"/>
          <staging_project name="home:tom:Staging:B"/>
        </workflow>
    headers:
      Accept-Encoding:
      - gzip;q=1.0,deflate;q=0.6,identity;q=0.3
      Accept:
      - "*/*"
      User-Agent:
      - Ruby
  response:
    status:
      code: 200
      message: OK
    headers:
      Content-Type:
      - text/xml
      Cache-Control:
      - no-cache
      Connection:
      - close
      Content-Length:
      - '171'
    body:
      encoding: UTF-8
      string: |
        <revision rev="271">
          <srcmd5>43915dfb0725f5f94cb4d5aa1902f64c</srcmd5>
          <time>1658422049</time>
          <user>user_55</user>
          <comment></comment>
          <requestid/>
        </revision>
  recorded_at: Thu, 21 Jul 2022 16:47:29 GMT
- request:
    method: put
    uri: http://backend:5352/source/home:tom:Staging:A/_meta?user=tom
    body:
      encoding: UTF-8
      string: |
        <project name="home:tom:Staging:A">
          <title/>
          <description/>
          <group groupid="group_21" role="maintainer"/>
          <build>
            <disable/>
          </build>
          <repository name="staging_repository">
            <arch>x86_64</arch>
          </repository>
        </project>
    headers:
      Accept-Encoding:
      - gzip;q=1.0,deflate;q=0.6,identity;q=0.3
      Accept:
      - "*/*"
      User-Agent:
      - Ruby
  response:
    status:
      code: 200
      message: OK
    headers:
      Content-Type:
      - text/xml
      Cache-Control:
      - no-cache
      Connection:
      - close
      Content-Length:
      - '260'
    body:
      encoding: UTF-8
      string: |
        <project name="home:tom:Staging:A">
          <title></title>
          <description></description>
          <group groupid="group_21" role="maintainer"/>
          <build>
            <disable/>
          </build>
          <repository name="staging_repository">
            <arch>x86_64</arch>
          </repository>
        </project>
  recorded_at: Thu, 21 Jul 2022 16:47:29 GMT
- request:
    method: get
    uri: http://backend:5352/source/source_project/source_package?expand=1
    body:
      encoding: US-ASCII
      string: ''
    headers:
      Accept-Encoding:
      - gzip;q=1.0,deflate;q=0.6,identity;q=0.3
      Accept:
      - "*/*"
      User-Agent:
      - Ruby
  response:
    status:
      code: 200
      message: OK
    headers:
      Content-Type:
      - text/xml
      Cache-Control:
      - no-cache
      Connection:
      - close
      Content-Length:
      - '89'
    body:
      encoding: UTF-8
      string: |
        <directory name="source_package" srcmd5="d41d8cd98f00b204e9800998ecf8427e">
        </directory>
  recorded_at: Thu, 21 Jul 2022 16:47:29 GMT
- request:
    method: get
    uri: http://backend:5352/source/source_project/source_package?expand=1
    body:
      encoding: US-ASCII
      string: ''
    headers:
      Accept-Encoding:
      - gzip;q=1.0,deflate;q=0.6,identity;q=0.3
      Accept:
      - "*/*"
      User-Agent:
      - Ruby
  response:
    status:
      code: 200
      message: OK
    headers:
      Content-Type:
      - text/xml
      Cache-Control:
      - no-cache
      Connection:
      - close
      Content-Length:
      - '89'
    body:
      encoding: UTF-8
      string: |
        <directory name="source_package" srcmd5="d41d8cd98f00b204e9800998ecf8427e">
        </directory>
  recorded_at: Thu, 21 Jul 2022 16:47:29 GMT
- request:
    method: post
    uri: http://backend:5352/source/target_project/target_package_2?cmd=copy&comment=Request%20for%20package%20target_package_2&expand=1&keeplink=1&noservice=1&opackage=source_package&oproject=source_project&requestid=1&user=tom&withacceptinfo=1
    body:
      encoding: UTF-8
      string: ''
    headers:
      Content-Type:
      - application/octet-stream
      Accept-Encoding:
      - gzip;q=1.0,deflate;q=0.6,identity;q=0.3
      Accept:
      - "*/*"
      User-Agent:
      - Ruby
  response:
    status:
      code: 200
      message: OK
    headers:
      Content-Type:
      - text/xml
      Cache-Control:
      - no-cache
      Connection:
      - close
      Content-Length:
      - '363'
    body:
      encoding: UTF-8
      string: |
        <revision rev="47" vrev="47">
          <srcmd5>d41d8cd98f00b204e9800998ecf8427e</srcmd5>
          <version>unknown</version>
          <time>1658422049</time>
          <user>tom</user>
          <comment>Request for package target_package_2</comment>
          <requestid>1</requestid>
          <acceptinfo rev="47" srcmd5="d41d8cd98f00b204e9800998ecf8427e" osrcmd5="d41d8cd98f00b204e9800998ecf8427e"/>
        </revision>
  recorded_at: Thu, 21 Jul 2022 16:47:29 GMT
- request:
    method: put
    uri: http://backend:5352/source/target_project/target_package_2/_meta?user=tom
    body:
      encoding: UTF-8
      string: |
        <package name="target_package_2" project="target_project">
          <title>A Many-Splendoured Thing</title>
          <description>Nostrum quaerat et minus.</description>
        </package>
    headers:
      Accept-Encoding:
      - gzip;q=1.0,deflate;q=0.6,identity;q=0.3
      Accept:
      - "*/*"
      User-Agent:
      - Ruby
  response:
    status:
      code: 200
      message: OK
    headers:
      Content-Type:
      - text/xml
      Cache-Control:
      - no-cache
      Connection:
      - close
      Content-Length:
      - '167'
    body:
      encoding: UTF-8
      string: |
        <package name="target_package_2" project="target_project">
          <title>A Many-Splendoured Thing</title>
          <description>Nostrum quaerat et minus.</description>
        </package>
  recorded_at: Thu, 21 Jul 2022 16:47:29 GMT
- request:
    method: get
    uri: http://backend:5352/source/target_project/target_package_2
    body:
      encoding: US-ASCII
      string: ''
    headers:
      Accept-Encoding:
      - gzip;q=1.0,deflate;q=0.6,identity;q=0.3
      Accept:
      - "*/*"
      User-Agent:
      - Ruby
  response:
    status:
      code: 200
      message: OK
    headers:
      Content-Type:
      - text/xml
      Cache-Control:
      - no-cache
      Connection:
      - close
      Content-Length:
      - '110'
    body:
      encoding: UTF-8
      string: |
        <directory name="target_package_2" rev="47" vrev="47" srcmd5="d41d8cd98f00b204e9800998ecf8427e">
        </directory>
  recorded_at: Thu, 21 Jul 2022 16:47:29 GMT
- request:
    method: get
    uri: http://backend:5352/source/target_project/target_package_2?view=info
    body:
      encoding: US-ASCII
      string: ''
    headers:
      Accept-Encoding:
      - gzip;q=1.0,deflate;q=0.6,identity;q=0.3
      Accept:
      - "*/*"
      User-Agent:
      - Ruby
  response:
    status:
      code: 200
      message: OK
    headers:
      Content-Type:
      - text/xml
      Cache-Control:
      - no-cache
      Connection:
      - close
      Content-Length:
      - '151'
    body:
      encoding: UTF-8
      string: |
        <sourceinfo package="target_package_2" rev="47" vrev="47" srcmd5="d41d8cd98f00b204e9800998ecf8427e">
          <error>no source uploaded</error>
        </sourceinfo>
  recorded_at: Thu, 21 Jul 2022 16:47:29 GMT
- request:
    method: get
    uri: http://backend:5352/source/target_project/target_package_2
    body:
      encoding: US-ASCII
      string: ''
    headers:
      Accept-Encoding:
      - gzip;q=1.0,deflate;q=0.6,identity;q=0.3
      Accept:
      - "*/*"
      User-Agent:
      - Ruby
  response:
    status:
      code: 200
      message: OK
    headers:
      Content-Type:
      - text/xml
      Cache-Control:
      - no-cache
      Connection:
      - close
      Content-Length:
      - '110'
    body:
      encoding: UTF-8
      string: |
        <directory name="target_package_2" rev="47" vrev="47" srcmd5="d41d8cd98f00b204e9800998ecf8427e">
        </directory>
  recorded_at: Thu, 21 Jul 2022 16:47:29 GMT
- request:
    method: post
    uri: http://backend:5352/source/target_project/target_package_2?cmd=diff&linkrev=base&onlyissues=1&orev=0&view=xml
    body:
      encoding: UTF-8
      string: ''
    headers:
      Content-Type:
      - application/octet-stream
      Accept-Encoding:
      - gzip;q=1.0,deflate;q=0.6,identity;q=0.3
      Accept:
      - "*/*"
      User-Agent:
      - Ruby
  response:
    status:
      code: 200
      message: OK
    headers:
      Content-Type:
      - text/xml
      Cache-Control:
      - no-cache
      Connection:
      - close
      Content-Length:
      - '300'
    body:
      encoding: UTF-8
      string: |
        <sourcediff key="edfaff47238b85695523e9319c5d3f30">
          <old project="target_project" package="target_package_2" rev="0" srcmd5="d41d8cd98f00b204e9800998ecf8427e"/>
          <new project="target_project" package="target_package_2" rev="47" srcmd5="d41d8cd98f00b204e9800998ecf8427e"/>
          <files/>
        </sourcediff>
  recorded_at: Thu, 21 Jul 2022 16:47:29 GMT
- request:
    method: delete
    uri: http://backend:5352/source/home:tom:Staging:A/target_package_2?comment&user=tom
    body:
      encoding: US-ASCII
      string: ''
    headers:
      Accept-Encoding:
      - gzip;q=1.0,deflate;q=0.6,identity;q=0.3
      Accept:
      - "*/*"
      User-Agent:
      - Ruby
  response:
    status:
      code: 200
      message: OK
    headers:
      Content-Type:
      - text/xml
      Cache-Control:
      - no-cache
      Connection:
      - close
      Content-Length:
      - '21'
    body:
      encoding: UTF-8
      string: '<status code="ok" />

'
  recorded_at: Thu, 21 Jul 2022 16:47:29 GMT
- request:
    method: get
    uri: http://backend:5352/source/source_project/source_package?expand=1
    body:
      encoding: US-ASCII
      string: ''
    headers:
      Accept-Encoding:
      - gzip;q=1.0,deflate;q=0.6,identity;q=0.3
      Accept:
      - "*/*"
      User-Agent:
      - Ruby
  response:
    status:
      code: 200
      message: OK
    headers:
      Content-Type:
      - text/xml
      Cache-Control:
      - no-cache
      Connection:
      - close
      Content-Length:
      - '89'
    body:
      encoding: UTF-8
      string: |
        <directory name="source_package" srcmd5="d41d8cd98f00b204e9800998ecf8427e">
        </directory>
  recorded_at: Thu, 21 Jul 2022 16:47:29 GMT
- request:
    method: get
    uri: http://backend:5352/source/source_project/source_package?expand=1
    body:
      encoding: US-ASCII
      string: ''
    headers:
      Accept-Encoding:
      - gzip;q=1.0,deflate;q=0.6,identity;q=0.3
      Accept:
      - "*/*"
      User-Agent:
      - Ruby
  response:
    status:
      code: 200
      message: OK
    headers:
      Content-Type:
      - text/xml
      Cache-Control:
      - no-cache
      Connection:
      - close
      Content-Length:
      - '89'
    body:
      encoding: UTF-8
      string: |
        <directory name="source_package" srcmd5="d41d8cd98f00b204e9800998ecf8427e">
        </directory>
  recorded_at: Thu, 21 Jul 2022 16:47:29 GMT
- request:
    method: post
    uri: http://backend:5352/source/target_project/target_package?cmd=copy&comment=Request%20for%20package%20target_package&expand=1&keeplink=1&noservice=1&opackage=source_package&oproject=source_project&requestid=2&user=tom&withacceptinfo=1
    body:
      encoding: UTF-8
      string: ''
    headers:
      Content-Type:
      - application/octet-stream
      Accept-Encoding:
      - gzip;q=1.0,deflate;q=0.6,identity;q=0.3
      Accept:
      - "*/*"
      User-Agent:
      - Ruby
  response:
    status:
      code: 200
      message: OK
    headers:
      Content-Type:
      - text/xml
      Cache-Control:
      - no-cache
      Connection:
      - close
      Content-Length:
      - '361'
    body:
      encoding: UTF-8
      string: |
        <revision rev="31" vrev="31">
          <srcmd5>d41d8cd98f00b204e9800998ecf8427e</srcmd5>
          <version>unknown</version>
          <time>1658422049</time>
          <user>tom</user>
          <comment>Request for package target_package</comment>
          <requestid>2</requestid>
          <acceptinfo rev="31" srcmd5="d41d8cd98f00b204e9800998ecf8427e" osrcmd5="d41d8cd98f00b204e9800998ecf8427e"/>
        </revision>
  recorded_at: Thu, 21 Jul 2022 16:47:29 GMT
- request:
    method: put
    uri: http://backend:5352/source/target_project/target_package/_meta?user=tom
    body:
      encoding: UTF-8
      string: |
        <package name="target_package" project="target_project">
          <title>Antic Hay</title>
          <description>Aut sint iure consectetur.</description>
        </package>
    headers:
      Accept-Encoding:
      - gzip;q=1.0,deflate;q=0.6,identity;q=0.3
      Accept:
      - "*/*"
      User-Agent:
      - Ruby
  response:
    status:
      code: 200
      message: OK
    headers:
      Content-Type:
      - text/xml
      Cache-Control:
      - no-cache
      Connection:
      - close
      Content-Length:
      - '151'
    body:
      encoding: UTF-8
      string: |
        <package name="target_package" project="target_project">
          <title>Antic Hay</title>
          <description>Aut sint iure consectetur.</description>
        </package>
  recorded_at: Thu, 21 Jul 2022 16:47:29 GMT
- request:
    method: get
    uri: http://backend:5352/source/target_project/target_package
    body:
      encoding: US-ASCII
      string: ''
    headers:
      Accept-Encoding:
      - gzip;q=1.0,deflate;q=0.6,identity;q=0.3
      Accept:
      - "*/*"
      User-Agent:
      - Ruby
  response:
    status:
      code: 200
      message: OK
    headers:
      Content-Type:
      - text/xml
      Cache-Control:
      - no-cache
      Connection:
      - close
      Content-Length:
      - '108'
    body:
      encoding: UTF-8
      string: |
        <directory name="target_package" rev="31" vrev="31" srcmd5="d41d8cd98f00b204e9800998ecf8427e">
        </directory>
  recorded_at: Thu, 21 Jul 2022 16:47:29 GMT
- request:
    method: get
    uri: http://backend:5352/source/target_project/target_package?view=info
    body:
      encoding: US-ASCII
      string: ''
    headers:
      Accept-Encoding:
      - gzip;q=1.0,deflate;q=0.6,identity;q=0.3
      Accept:
      - "*/*"
      User-Agent:
      - Ruby
  response:
    status:
      code: 200
      message: OK
    headers:
      Content-Type:
      - text/xml
      Cache-Control:
      - no-cache
      Connection:
      - close
      Content-Length:
      - '149'
    body:
      encoding: UTF-8
      string: |
        <sourceinfo package="target_package" rev="31" vrev="31" srcmd5="d41d8cd98f00b204e9800998ecf8427e">
          <error>no source uploaded</error>
        </sourceinfo>
  recorded_at: Thu, 21 Jul 2022 16:47:29 GMT
- request:
    method: get
    uri: http://backend:5352/source/target_project/target_package
    body:
      encoding: US-ASCII
      string: ''
    headers:
      Accept-Encoding:
      - gzip;q=1.0,deflate;q=0.6,identity;q=0.3
      Accept:
      - "*/*"
      User-Agent:
      - Ruby
  response:
    status:
      code: 200
      message: OK
    headers:
      Content-Type:
      - text/xml
      Cache-Control:
      - no-cache
      Connection:
      - close
      Content-Length:
      - '108'
    body:
      encoding: UTF-8
      string: |
        <directory name="target_package" rev="31" vrev="31" srcmd5="d41d8cd98f00b204e9800998ecf8427e">
        </directory>
  recorded_at: Thu, 21 Jul 2022 16:47:29 GMT
- request:
    method: post
    uri: http://backend:5352/source/target_project/target_package?cmd=diff&linkrev=base&onlyissues=1&orev=0&view=xml
    body:
      encoding: UTF-8
      string: ''
    headers:
      Content-Type:
      - application/octet-stream
      Accept-Encoding:
      - gzip;q=1.0,deflate;q=0.6,identity;q=0.3
      Accept:
      - "*/*"
      User-Agent:
      - Ruby
  response:
    status:
      code: 200
      message: OK
    headers:
      Content-Type:
      - text/xml
      Cache-Control:
      - no-cache
      Connection:
      - close
      Content-Length:
      - '296'
    body:
      encoding: UTF-8
      string: |
        <sourcediff key="a94e8be040b6ef6d47f8a9ced4154329">
          <old project="target_project" package="target_package" rev="0" srcmd5="d41d8cd98f00b204e9800998ecf8427e"/>
          <new project="target_project" package="target_package" rev="31" srcmd5="d41d8cd98f00b204e9800998ecf8427e"/>
          <files/>
        </sourcediff>
  recorded_at: Thu, 21 Jul 2022 16:47:29 GMT
- request:
    method: delete
    uri: http://backend:5352/source/home:tom:Staging:A/target_package?comment&user=tom
    body:
      encoding: US-ASCII
      string: ''
    headers:
      Accept-Encoding:
      - gzip;q=1.0,deflate;q=0.6,identity;q=0.3
      Accept:
      - "*/*"
      User-Agent:
      - Ruby
  response:
    status:
      code: 200
      message: OK
    headers:
      Content-Type:
      - text/xml
      Cache-Control:
      - no-cache
      Connection:
      - close
      Content-Length:
      - '21'
    body:
      encoding: UTF-8
      string: '<status code="ok" />

'
  recorded_at: Thu, 21 Jul 2022 16:47:29 GMT
recorded_with: VCR 6.1.0
