---
http_interactions:
- request:
    method: put
    uri: http://backend:5352/source/home:Iggy/_meta?user=Iggy
    body:
      encoding: UTF-8
      string: |
        <project name="home:Iggy">
          <title/>
          <description/>
          <person userid="Iggy" role="maintainer"/>
        </project>
    headers:
      Accept-Encoding:
      - gzip;q=1.0,deflate;q=0.6,identity;q=0.3
      Accept:
      - "*/*"
      User-Agent:
      - Ruby
  response:
    status:
      code: 200
      message: OK
    headers:
      Content-Type:
      - text/xml
      Cache-Control:
      - no-cache
      Connection:
      - close
      Content-Length:
      - '130'
    body:
      encoding: UTF-8
      string: |
        <project name="home:Iggy">
          <title></title>
          <description></description>
          <person userid="Iggy" role="maintainer"/>
        </project>
  recorded_at: Mon, 05 Jun 2023 12:44:20 GMT
- request:
    method: put
    uri: http://backend:5352/source/foo_project/_meta?user=user_71
    body:
      encoding: UTF-8
      string: |
        <project name="foo_project">
          <title>A Glass of Blessings</title>
          <description/>
          <person userid="Iggy" role="maintainer"/>
        </project>
    headers:
      Accept-Encoding:
      - gzip;q=1.0,deflate;q=0.6,identity;q=0.3
      Accept:
      - "*/*"
      User-Agent:
      - Ruby
  response:
    status:
      code: 200
      message: OK
    headers:
      Content-Type:
      - text/xml
      Cache-Control:
      - no-cache
      Connection:
      - close
      Content-Length:
      - '152'
    body:
      encoding: UTF-8
      string: |
        <project name="foo_project">
          <title>A Glass of Blessings</title>
          <description></description>
          <person userid="Iggy" role="maintainer"/>
        </project>
  recorded_at: Mon, 05 Jun 2023 12:44:20 GMT
- request:
    method: put
    uri: http://backend:5352/source/foo_project/bar_package/_meta?user=user_72
    body:
      encoding: UTF-8
      string: |
        <package name="bar_package" project="foo_project">
          <title>The Wealth of Nations</title>
          <description>Dolore ea ex optio.</description>
        </package>
    headers:
      Accept-Encoding:
      - gzip;q=1.0,deflate;q=0.6,identity;q=0.3
      Accept:
      - "*/*"
      User-Agent:
      - Ruby
  response:
    status:
      code: 200
      message: OK
    headers:
      Content-Type:
      - text/xml
      Cache-Control:
      - no-cache
      Connection:
      - close
      Content-Length:
      - '150'
    body:
      encoding: UTF-8
      string: |
        <package name="bar_package" project="foo_project">
          <title>The Wealth of Nations</title>
          <description>Dolore ea ex optio.</description>
        </package>
  recorded_at: Mon, 05 Jun 2023 12:44:20 GMT
- request:
    method: put
    uri: http://backend:5352/source/foo_project/bar_package/_config
    body:
      encoding: UTF-8
      string: Voluptate necessitatibus eaque. Ad reprehenderit ex. Voluptatem necessitatibus
        blanditiis.
    headers:
      Accept-Encoding:
      - gzip;q=1.0,deflate;q=0.6,identity;q=0.3
      Accept:
      - "*/*"
      User-Agent:
      - Ruby
  response:
    status:
      code: 200
      message: OK
    headers:
      Content-Type:
      - text/xml
      Cache-Control:
      - no-cache
      Connection:
      - close
      Content-Length:
      - '209'
    body:
      encoding: UTF-8
      string: |
        <revision rev="77" vrev="77">
          <srcmd5>2ecdfcf9f40c43419d96d61dcc3bd29d</srcmd5>
          <version>unknown</version>
          <time>1685969060</time>
          <user>unknown</user>
          <comment></comment>
          <requestid/>
        </revision>
  recorded_at: Mon, 05 Jun 2023 12:44:20 GMT
- request:
    method: put
    uri: http://backend:5352/source/foo_project/bar_package/somefile.txt
    body:
      encoding: UTF-8
      string: Blanditiis nihil veritatis. Officia sed est. Id ad harum.
    headers:
      Accept-Encoding:
      - gzip;q=1.0,deflate;q=0.6,identity;q=0.3
      Accept:
      - "*/*"
      User-Agent:
      - Ruby
  response:
    status:
      code: 200
      message: OK
    headers:
      Content-Type:
      - text/xml
      Cache-Control:
      - no-cache
      Connection:
      - close
      Content-Length:
      - '209'
    body:
      encoding: UTF-8
      string: |
        <revision rev="78" vrev="78">
          <srcmd5>88a74b79de920ab94a258c8cb342f612</srcmd5>
          <version>unknown</version>
          <time>1685969060</time>
          <user>unknown</user>
          <comment></comment>
          <requestid/>
        </revision>
  recorded_at: Mon, 05 Jun 2023 12:44:20 GMT
- request:
    method: post
    uri: http://backend:5352/search/package/id?match=(linkinfo/@package=%22bar_package%22%20and%20linkinfo/@project=%22foo_project%22%20and%20@project=%22foo_project%22)
    body:
      encoding: UTF-8
      string: ''
    headers:
      Content-Type:
      - application/octet-stream
      Accept-Encoding:
      - gzip;q=1.0,deflate;q=0.6,identity;q=0.3
      Accept:
      - "*/*"
      User-Agent:
      - Ruby
  response:
    status:
      code: 200
      message: OK
    headers:
      Content-Type:
      - text/xml
      Cache-Control:
      - no-cache
      Connection:
      - close
      Content-Length:
      - '27'
    body:
      encoding: UTF-8
      string: |
        <collection>
        </collection>
  recorded_at: Mon, 05 Jun 2023 12:44:20 GMT
- request:
    method: put
    uri: http://backend:5352/source/home:Iggy/bar_package-123456789/_meta?user=Iggy
    body:
      encoding: UTF-8
      string: |
        <package name="bar_package-123456789" project="home:Iggy">
          <title>The Wealth of Nations</title>
          <description>Dolore ea ex optio.</description>
        </package>
    headers:
      Accept-Encoding:
      - gzip;q=1.0,deflate;q=0.6,identity;q=0.3
      Accept:
      - "*/*"
      User-Agent:
      - Ruby
  response:
    status:
      code: 200
      message: OK
    headers:
      Content-Type:
      - text/xml
      Cache-Control:
      - no-cache
      Connection:
      - close
      Content-Length:
      - '158'
    body:
      encoding: UTF-8
      string: |
        <package name="bar_package-123456789" project="home:Iggy">
          <title>The Wealth of Nations</title>
          <description>Dolore ea ex optio.</description>
        </package>
  recorded_at: Mon, 05 Jun 2023 12:44:20 GMT
- request:
    method: post
    uri: http://backend:5352/source/home:Iggy/bar_package-123456789?cmd=branch&noservice=1&opackage=bar_package&oproject=foo_project&user=Iggy
    body:
      encoding: UTF-8
      string: ''
    headers:
      Content-Type:
      - application/octet-stream
      Accept-Encoding:
      - gzip;q=1.0,deflate;q=0.6,identity;q=0.3
      Accept:
      - "*/*"
      User-Agent:
      - Ruby
  response:
    status:
      code: 200
      message: OK
    headers:
      Content-Type:
      - text/xml
      Cache-Control:
      - no-cache
      Connection:
      - close
      Content-Length:
      - '206'
    body:
      encoding: UTF-8
      string: |
        <revision rev="15" vrev="15">
          <srcmd5>b9ec50c731a73cdc3458c9e2b358a57a</srcmd5>
          <version>unknown</version>
          <time>1685969060</time>
          <user>Iggy</user>
          <comment></comment>
          <requestid/>
        </revision>
  recorded_at: Mon, 05 Jun 2023 12:44:20 GMT
- request:
    method: put
    uri: http://backend:5352/source/home:Iggy/bar_package-123456789/_meta?user=Iggy
    body:
      encoding: UTF-8
      string: |
        <package name="bar_package-123456789" project="home:Iggy">
          <title>The Wealth of Nations</title>
          <description>Dolore ea ex optio.</description>
        </package>
    headers:
      Accept-Encoding:
      - gzip;q=1.0,deflate;q=0.6,identity;q=0.3
      Accept:
      - "*/*"
      User-Agent:
      - Ruby
  response:
    status:
      code: 200
      message: OK
    headers:
      Content-Type:
      - text/xml
      Cache-Control:
      - no-cache
      Connection:
      - close
      Content-Length:
      - '158'
    body:
      encoding: UTF-8
      string: |
        <package name="bar_package-123456789" project="home:Iggy">
          <title>The Wealth of Nations</title>
          <description>Dolore ea ex optio.</description>
        </package>
  recorded_at: Mon, 05 Jun 2023 12:44:20 GMT
- request:
    method: get
    uri: http://backend:5352/source/home:Iggy/bar_package-123456789
    body:
      encoding: US-ASCII
      string: ''
    headers:
      Accept-Encoding:
      - gzip;q=1.0,deflate;q=0.6,identity;q=0.3
      Accept:
      - "*/*"
      User-Agent:
      - Ruby
  response:
    status:
      code: 200
      message: OK
    headers:
      Content-Type:
      - text/xml
      Cache-Control:
      - no-cache
      Connection:
      - close
      Content-Length:
      - '733'
    body:
      encoding: UTF-8
      string: |
        <directory name="bar_package-123456789" rev="15" vrev="15" srcmd5="b9ec50c731a73cdc3458c9e2b358a57a">
          <linkinfo project="foo_project" package="bar_package" srcmd5="88a74b79de920ab94a258c8cb342f612" baserev="88a74b79de920ab94a258c8cb342f612" xsrcmd5="91de500cafcf7ea4dad4bae4d4aadcaf" lsrcmd5="b9ec50c731a73cdc3458c9e2b358a57a"/>
          <entry name="_branch_request" md5="aea524cf047993d430e69b477e07f3df" size="114" mtime="1685969043"/>
          <entry name="_config" md5="a114307d786ce6fd627efebc3bdde071" size="90" mtime="1685969060"/>
          <entry name="_link" md5="ef823ff139e81f78867ae093817a6361" size="141" mtime="1685969060"/>
          <entry name="somefile.txt" md5="29353424bf81383b565c15ff3523b650" size="57" mtime="1685969060"/>
        </directory>
  recorded_at: Mon, 05 Jun 2023 12:44:20 GMT
- request:
    method: get
    uri: http://backend:5352/source/home:Iggy/bar_package-123456789?view=info
    body:
      encoding: US-ASCII
      string: ''
    headers:
      Accept-Encoding:
      - gzip;q=1.0,deflate;q=0.6,identity;q=0.3
      Accept:
      - "*/*"
      User-Agent:
      - Ruby
  response:
    status:
      code: 200
      message: OK
    headers:
      Content-Type:
      - text/xml
      Cache-Control:
      - no-cache
      Connection:
      - close
      Content-Length:
      - '340'
    body:
      encoding: UTF-8
      string: |
        <sourceinfo package="bar_package-123456789" rev="15" vrev="93" srcmd5="91de500cafcf7ea4dad4bae4d4aadcaf" lsrcmd5="b9ec50c731a73cdc3458c9e2b358a57a" verifymd5="88a74b79de920ab94a258c8cb342f612">
          <error>bad build configuration, no build type defined or detected</error>
          <linked project="foo_project" package="bar_package"/>
        </sourceinfo>
  recorded_at: Mon, 05 Jun 2023 12:44:20 GMT
- request:
    method: get
    uri: http://backend:5352/source/home:Iggy/bar_package-123456789
    body:
      encoding: US-ASCII
      string: ''
    headers:
      Accept-Encoding:
      - gzip;q=1.0,deflate;q=0.6,identity;q=0.3
      Accept:
      - "*/*"
      User-Agent:
      - Ruby
  response:
    status:
      code: 200
      message: OK
    headers:
      Content-Type:
      - text/xml
      Cache-Control:
      - no-cache
      Connection:
      - close
      Content-Length:
      - '733'
    body:
      encoding: UTF-8
      string: |
        <directory name="bar_package-123456789" rev="15" vrev="15" srcmd5="b9ec50c731a73cdc3458c9e2b358a57a">
          <linkinfo project="foo_project" package="bar_package" srcmd5="88a74b79de920ab94a258c8cb342f612" baserev="88a74b79de920ab94a258c8cb342f612" xsrcmd5="91de500cafcf7ea4dad4bae4d4aadcaf" lsrcmd5="b9ec50c731a73cdc3458c9e2b358a57a"/>
          <entry name="_branch_request" md5="aea524cf047993d430e69b477e07f3df" size="114" mtime="1685969043"/>
          <entry name="_config" md5="a114307d786ce6fd627efebc3bdde071" size="90" mtime="1685969060"/>
          <entry name="_link" md5="ef823ff139e81f78867ae093817a6361" size="141" mtime="1685969060"/>
          <entry name="somefile.txt" md5="29353424bf81383b565c15ff3523b650" size="57" mtime="1685969060"/>
        </directory>
  recorded_at: Mon, 05 Jun 2023 12:44:20 GMT
- request:
    method: post
    uri: http://backend:5352/source/home:Iggy/bar_package-123456789?cmd=diff&linkrev=base&onlyissues=1&orev=0&view=xml
    body:
      encoding: UTF-8
      string: ''
    headers:
      Content-Type:
      - application/octet-stream
      Accept-Encoding:
      - gzip;q=1.0,deflate;q=0.6,identity;q=0.3
      Accept:
      - "*/*"
      User-Agent:
      - Ruby
  response:
    status:
      code: 200
      message: OK
    headers:
      Content-Type:
      - text/xml
      Cache-Control:
      - no-cache
      Connection:
      - close
      Content-Length:
      - '323'
    body:
      encoding: UTF-8
      string: |
        <sourcediff key="eca0c9e3f6a7335cd722992614689018">
          <old project="home:Iggy" package="bar_package-123456789" rev="0" srcmd5="d41d8cd98f00b204e9800998ecf8427e"/>
          <new project="home:Iggy" package="bar_package-123456789" rev="15" srcmd5="b9ec50c731a73cdc3458c9e2b358a57a"/>
          <files/>
          <issues>
          </issues>
        </sourcediff>
  recorded_at: Mon, 05 Jun 2023 12:44:20 GMT
- request:
    method: post
    uri: http://backend:5352/source/home:Iggy/bar_package-123456789?cmd=linkdiff&linkrev=base&onlyissues=1&view=xml
    body:
      encoding: UTF-8
      string: ''
    headers:
      Content-Type:
      - application/octet-stream
      Accept-Encoding:
      - gzip;q=1.0,deflate;q=0.6,identity;q=0.3
      Accept:
      - "*/*"
      User-Agent:
      - Ruby
  response:
    status:
      code: 200
      message: OK
    headers:
      Content-Type:
      - text/xml
      Cache-Control:
      - no-cache
      Connection:
      - close
      Content-Length:
      - '376'
    body:
      encoding: UTF-8
      string: |
        <sourcediff key="56b70b9a7d4c93513a9600c4bbc63954">
          <old project="foo_project" package="bar_package" rev="88a74b79de920ab94a258c8cb342f612" srcmd5="88a74b79de920ab94a258c8cb342f612"/>
          <new project="home:Iggy" package="bar_package-123456789" rev="91de500cafcf7ea4dad4bae4d4aadcaf" srcmd5="91de500cafcf7ea4dad4bae4d4aadcaf"/>
          <files/>
          <issues>
          </issues>
        </sourcediff>
  recorded_at: Mon, 05 Jun 2023 12:44:20 GMT
- request:
    method: put
    uri: http://backend:5352/source/home:Iggy/_meta?user=Iggy
    body:
      encoding: UTF-8
      string: |
        <project name="home:Iggy">
          <title/>
          <description/>
          <person userid="Iggy" role="maintainer"/>
          <repository name="openSUSE_Tumbleweed">
            <arch>x86_64</arch>
          </repository>
          <repository name="Unicorn_123">
            <arch>x86_64</arch>
            <arch>i586</arch>
            <arch>ppc</arch>
            <arch>aarch64</arch>
          </repository>
        </project>
    headers:
      Accept-Encoding:
      - gzip;q=1.0,deflate;q=0.6,identity;q=0.3
      Accept:
      - "*/*"
      User-Agent:
      - Ruby
  response:
    status:
      code: 200
      message: OK
    headers:
      Content-Type:
      - text/xml
      Cache-Control:
      - no-cache
      Connection:
      - close
      Content-Length:
      - '354'
    body:
      encoding: UTF-8
      string: |
        <project name="home:Iggy">
          <title></title>
          <description></description>
          <person userid="Iggy" role="maintainer"/>
          <repository name="openSUSE_Tumbleweed">
            <arch>x86_64</arch>
          </repository>
          <repository name="Unicorn_123">
            <arch>x86_64</arch>
            <arch>i586</arch>
            <arch>ppc</arch>
            <arch>aarch64</arch>
          </repository>
        </project>
  recorded_at: Mon, 05 Jun 2023 12:44:20 GMT
- request:
    method: put
    uri: http://backend:5352/source/home:Iggy/bar_package-123456789/_branch_request?user=Iggy
    body:
      encoding: UTF-8
      string: '{"action":"opened","pull_request":{"head":{"repo":{"full_name":"reponame"},"sha":"123456789"}}}'
    headers:
      Accept-Encoding:
      - gzip;q=1.0,deflate;q=0.6,identity;q=0.3
      Accept:
      - "*/*"
      User-Agent:
      - Ruby
  response:
    status:
      code: 200
      message: OK
    headers:
      Content-Type:
      - text/xml
      Cache-Control:
      - no-cache
      Connection:
      - close
      Content-Length:
      - '206'
    body:
      encoding: UTF-8
      string: |
        <revision rev="16" vrev="16">
          <srcmd5>4039c402d655b479397a0c57ac580232</srcmd5>
          <version>unknown</version>
          <time>1685969060</time>
          <user>Iggy</user>
          <comment></comment>
          <requestid/>
        </revision>
  recorded_at: Mon, 05 Jun 2023 12:44:20 GMT
- request:
    method: put
    uri: http://backend:5352/source/home:Iggy/bar_package-123456789/_meta?user=Iggy
    body:
      encoding: UTF-8
      string: |
        <package name="bar_package-123456789" project="home:Iggy">
          <title>The Wealth of Nations</title>
          <description>Dolore ea ex optio.</description>
        </package>
    headers:
      Accept-Encoding:
      - gzip;q=1.0,deflate;q=0.6,identity;q=0.3
      Accept:
      - "*/*"
      User-Agent:
      - Ruby
  response:
    status:
      code: 200
      message: OK
    headers:
      Content-Type:
      - text/xml
      Cache-Control:
      - no-cache
      Connection:
      - close
      Content-Length:
      - '158'
    body:
      encoding: UTF-8
      string: |
        <package name="bar_package-123456789" project="home:Iggy">
          <title>The Wealth of Nations</title>
          <description>Dolore ea ex optio.</description>
        </package>
  recorded_at: Mon, 05 Jun 2023 12:44:20 GMT
- request:
    method: get
    uri: http://backend:5352/source/home:Iggy/bar_package-123456789
    body:
      encoding: US-ASCII
      string: ''
    headers:
      Accept-Encoding:
      - gzip;q=1.0,deflate;q=0.6,identity;q=0.3
      Accept:
      - "*/*"
      User-Agent:
      - Ruby
  response:
    status:
      code: 200
      message: OK
    headers:
      Content-Type:
      - text/xml
      Cache-Control:
      - no-cache
      Connection:
      - close
      Content-Length:
      - '732'
    body:
      encoding: UTF-8
      string: |
        <directory name="bar_package-123456789" rev="16" vrev="16" srcmd5="4039c402d655b479397a0c57ac580232">
          <linkinfo project="foo_project" package="bar_package" srcmd5="88a74b79de920ab94a258c8cb342f612" baserev="88a74b79de920ab94a258c8cb342f612" xsrcmd5="4b82af7bea588fc429613e71ba0eee97" lsrcmd5="4039c402d655b479397a0c57ac580232"/>
          <entry name="_branch_request" md5="a0ae3e8c1598e691c7662a4b258bd481" size="95" mtime="1685969060"/>
          <entry name="_config" md5="a114307d786ce6fd627efebc3bdde071" size="90" mtime="1685969060"/>
          <entry name="_link" md5="ef823ff139e81f78867ae093817a6361" size="141" mtime="1685969060"/>
          <entry name="somefile.txt" md5="29353424bf81383b565c15ff3523b650" size="57" mtime="1685969060"/>
        </directory>
  recorded_at: Mon, 05 Jun 2023 12:44:21 GMT
- request:
    method: get
    uri: http://backend:5352/source/home:Iggy/bar_package-123456789?view=info
    body:
      encoding: US-ASCII
      string: ''
    headers:
      Accept-Encoding:
      - gzip;q=1.0,deflate;q=0.6,identity;q=0.3
      Accept:
      - "*/*"
      User-Agent:
      - Ruby
  response:
    status:
      code: 200
      message: OK
    headers:
      Content-Type:
      - text/xml
      Cache-Control:
      - no-cache
      Connection:
      - close
      Content-Length:
      - '340'
    body:
      encoding: UTF-8
      string: |
        <sourceinfo package="bar_package-123456789" rev="16" vrev="94" srcmd5="4b82af7bea588fc429613e71ba0eee97" lsrcmd5="4039c402d655b479397a0c57ac580232" verifymd5="f6e58344c167ffa94ae6d2fae584f5ce">
          <error>bad build configuration, no build type defined or detected</error>
          <linked project="foo_project" package="bar_package"/>
        </sourceinfo>
  recorded_at: Mon, 05 Jun 2023 12:44:21 GMT
- request:
    method: get
    uri: http://backend:5352/source/home:Iggy/bar_package-123456789
    body:
      encoding: US-ASCII
      string: ''
    headers:
      Accept-Encoding:
      - gzip;q=1.0,deflate;q=0.6,identity;q=0.3
      Accept:
      - "*/*"
      User-Agent:
      - Ruby
  response:
    status:
      code: 200
      message: OK
    headers:
      Content-Type:
      - text/xml
      Cache-Control:
      - no-cache
      Connection:
      - close
      Content-Length:
      - '732'
    body:
      encoding: UTF-8
      string: |
        <directory name="bar_package-123456789" rev="16" vrev="16" srcmd5="4039c402d655b479397a0c57ac580232">
          <linkinfo project="foo_project" package="bar_package" srcmd5="88a74b79de920ab94a258c8cb342f612" baserev="88a74b79de920ab94a258c8cb342f612" xsrcmd5="4b82af7bea588fc429613e71ba0eee97" lsrcmd5="4039c402d655b479397a0c57ac580232"/>
          <entry name="_branch_request" md5="a0ae3e8c1598e691c7662a4b258bd481" size="95" mtime="1685969060"/>
          <entry name="_config" md5="a114307d786ce6fd627efebc3bdde071" size="90" mtime="1685969060"/>
          <entry name="_link" md5="ef823ff139e81f78867ae093817a6361" size="141" mtime="1685969060"/>
          <entry name="somefile.txt" md5="29353424bf81383b565c15ff3523b650" size="57" mtime="1685969060"/>
        </directory>
  recorded_at: Mon, 05 Jun 2023 12:44:21 GMT
- request:
    method: post
    uri: http://backend:5352/source/home:Iggy/bar_package-123456789?cmd=diff&linkrev=base&onlyissues=1&orev=0&view=xml
    body:
      encoding: UTF-8
      string: ''
    headers:
      Content-Type:
      - application/octet-stream
      Accept-Encoding:
      - gzip;q=1.0,deflate;q=0.6,identity;q=0.3
      Accept:
      - "*/*"
      User-Agent:
      - Ruby
  response:
    status:
      code: 200
      message: OK
    headers:
      Content-Type:
      - text/xml
      Cache-Control:
      - no-cache
      Connection:
      - close
      Content-Length:
      - '323'
    body:
      encoding: UTF-8
      string: |
        <sourcediff key="3fe34880b2e4e5d2329988c717166ea1">
          <old project="home:Iggy" package="bar_package-123456789" rev="0" srcmd5="d41d8cd98f00b204e9800998ecf8427e"/>
          <new project="home:Iggy" package="bar_package-123456789" rev="16" srcmd5="4039c402d655b479397a0c57ac580232"/>
          <files/>
          <issues>
          </issues>
        </sourcediff>
  recorded_at: Mon, 05 Jun 2023 12:44:21 GMT
- request:
    method: post
    uri: http://backend:5352/source/home:Iggy/bar_package-123456789?cmd=linkdiff&linkrev=base&onlyissues=1&view=xml
    body:
      encoding: UTF-8
      string: ''
    headers:
      Content-Type:
      - application/octet-stream
      Accept-Encoding:
      - gzip;q=1.0,deflate;q=0.6,identity;q=0.3
      Accept:
      - "*/*"
      User-Agent:
      - Ruby
  response:
    status:
      code: 200
      message: OK
    headers:
      Content-Type:
      - text/xml
      Cache-Control:
      - no-cache
      Connection:
      - close
      Content-Length:
      - '376'
    body:
      encoding: UTF-8
      string: |
        <sourcediff key="f2116c81eb4f0a3357ca2646eddc0e0c">
          <old project="foo_project" package="bar_package" rev="88a74b79de920ab94a258c8cb342f612" srcmd5="88a74b79de920ab94a258c8cb342f612"/>
          <new project="home:Iggy" package="bar_package-123456789" rev="4b82af7bea588fc429613e71ba0eee97" srcmd5="4b82af7bea588fc429613e71ba0eee97"/>
          <files/>
          <issues>
          </issues>
        </sourcediff>
  recorded_at: Mon, 05 Jun 2023 12:44:21 GMT
recorded_with: VCR 6.1.0
