---
http_interactions:
- request:
    method: put
    uri: http://backend:5352/source/home:Iggy/_meta?user=Iggy
    body:
      encoding: UTF-8
      string: |
        <project name="home:Iggy">
          <title/>
          <description/>
          <person userid="Iggy" role="maintainer"/>
        </project>
    headers:
      Accept-Encoding:
      - gzip;q=1.0,deflate;q=0.6,identity;q=0.3
      Accept:
      - "*/*"
      User-Agent:
      - Ruby
  response:
    status:
      code: 200
      message: OK
    headers:
      Content-Type:
      - text/xml
      Cache-Control:
      - no-cache
      Connection:
      - close
      Content-Length:
      - '130'
    body:
      encoding: UTF-8
      string: |
        <project name="home:Iggy">
          <title></title>
          <description></description>
          <person userid="Iggy" role="maintainer"/>
        </project>
  recorded_at: Thu, 20 Jan 2022 10:32:49 GMT
- request:
    method: put
    uri: http://backend:5352/source/foo_project/_meta?user=user_296
    body:
      encoding: UTF-8
      string: |
        <project name="foo_project">
          <title>Terrible Swift Sword</title>
          <description/>
          <person userid="Iggy" role="maintainer"/>
        </project>
    headers:
      Accept-Encoding:
      - gzip;q=1.0,deflate;q=0.6,identity;q=0.3
      Accept:
      - "*/*"
      User-Agent:
      - Ruby
  response:
    status:
      code: 200
      message: OK
    headers:
      Content-Type:
      - text/xml
      Cache-Control:
      - no-cache
      Connection:
      - close
      Content-Length:
      - '152'
    body:
      encoding: UTF-8
      string: |
        <project name="foo_project">
          <title>Terrible Swift Sword</title>
          <description></description>
          <person userid="Iggy" role="maintainer"/>
        </project>
  recorded_at: Thu, 20 Jan 2022 10:32:49 GMT
- request:
    method: put
    uri: http://backend:5352/source/foo_project/bar_package/_meta?user=user_297
    body:
      encoding: UTF-8
      string: |
        <package name="bar_package" project="foo_project">
          <title>Infinite Jest</title>
          <description>Aut totam asperiores quia.</description>
        </package>
    headers:
      Accept-Encoding:
      - gzip;q=1.0,deflate;q=0.6,identity;q=0.3
      Accept:
      - "*/*"
      User-Agent:
      - Ruby
  response:
    status:
      code: 200
      message: OK
    headers:
      Content-Type:
      - text/xml
      Cache-Control:
      - no-cache
      Connection:
      - close
      Content-Length:
      - '149'
    body:
      encoding: UTF-8
      string: |
        <package name="bar_package" project="foo_project">
          <title>Infinite Jest</title>
          <description>Aut totam asperiores quia.</description>
        </package>
  recorded_at: Thu, 20 Jan 2022 10:32:49 GMT
- request:
    method: put
    uri: http://backend:5352/source/foo_project/bar_package/_config
    body:
      encoding: UTF-8
      string: Eaque quos ipsa. Incidunt veritatis alias. Ipsam reprehenderit et.
    headers:
      Accept-Encoding:
      - gzip;q=1.0,deflate;q=0.6,identity;q=0.3
      Accept:
      - "*/*"
      User-Agent:
      - Ruby
  response:
    status:
      code: 200
      message: OK
    headers:
      Content-Type:
      - text/xml
      Cache-Control:
      - no-cache
      Connection:
      - close
      Content-Length:
      - '213'
    body:
      encoding: UTF-8
      string: |
        <revision rev="1683" vrev="1683">
          <srcmd5>ee48fc025cd36e2462ba52be7ae276c2</srcmd5>
          <version>unknown</version>
          <time>1642674769</time>
          <user>unknown</user>
          <comment></comment>
          <requestid/>
        </revision>
  recorded_at: Thu, 20 Jan 2022 10:32:49 GMT
- request:
    method: put
    uri: http://backend:5352/source/foo_project/bar_package/somefile.txt
    body:
      encoding: UTF-8
      string: Corrupti modi quas. Quo magni qui. Ad eligendi hic.
    headers:
      Accept-Encoding:
      - gzip;q=1.0,deflate;q=0.6,identity;q=0.3
      Accept:
      - "*/*"
      User-Agent:
      - Ruby
  response:
    status:
      code: 200
      message: OK
    headers:
      Content-Type:
      - text/xml
      Cache-Control:
      - no-cache
      Connection:
      - close
      Content-Length:
      - '213'
    body:
      encoding: UTF-8
      string: |
        <revision rev="1684" vrev="1684">
          <srcmd5>a15809dc418999eebe3a033dade917dc</srcmd5>
          <version>unknown</version>
          <time>1642674769</time>
          <user>unknown</user>
          <comment></comment>
          <requestid/>
        </revision>
  recorded_at: Thu, 20 Jan 2022 10:32:49 GMT
- request:
    method: post
    uri: http://backend:5352/search/package/id?match=(linkinfo/@package=%22bar_package%22%20and%20linkinfo/@project=%22foo_project%22%20and%20@project=%22foo_project%22)
    body:
      encoding: UTF-8
      string: ''
    headers:
      Content-Type:
      - application/octet-stream
      Accept-Encoding:
      - gzip;q=1.0,deflate;q=0.6,identity;q=0.3
      Accept:
      - "*/*"
      User-Agent:
      - Ruby
  response:
    status:
      code: 200
      message: OK
    headers:
      Content-Type:
      - text/xml
      Cache-Control:
      - no-cache
      Connection:
      - close
      Content-Length:
      - '27'
    body:
      encoding: UTF-8
      string: |
        <collection>
        </collection>
  recorded_at: Thu, 20 Jan 2022 10:32:49 GMT
- request:
    method: put
    uri: http://backend:5352/source/home:Iggy/bar_package-123456789/_meta?user=Iggy
    body:
      encoding: UTF-8
      string: |
        <package name="bar_package-123456789" project="home:Iggy">
          <title>Infinite Jest</title>
          <description>Aut totam asperiores quia.</description>
        </package>
    headers:
      Accept-Encoding:
      - gzip;q=1.0,deflate;q=0.6,identity;q=0.3
      Accept:
      - "*/*"
      User-Agent:
      - Ruby
  response:
    status:
      code: 200
      message: OK
    headers:
      Content-Type:
      - text/xml
      Cache-Control:
      - no-cache
      Connection:
      - close
      Content-Length:
      - '157'
    body:
      encoding: UTF-8
      string: |
        <package name="bar_package-123456789" project="home:Iggy">
          <title>Infinite Jest</title>
          <description>Aut totam asperiores quia.</description>
        </package>
  recorded_at: Thu, 20 Jan 2022 10:32:49 GMT
- request:
    method: post
    uri: http://backend:5352/source/home:Iggy/bar_package-123456789?cmd=branch&noservice=1&opackage=bar_package&oproject=foo_project&user=Iggy
    body:
      encoding: UTF-8
      string: ''
    headers:
      Content-Type:
      - application/octet-stream
      Accept-Encoding:
      - gzip;q=1.0,deflate;q=0.6,identity;q=0.3
      Accept:
      - "*/*"
      User-Agent:
      - Ruby
  response:
    status:
      code: 200
      message: OK
    headers:
      Content-Type:
      - text/xml
      Cache-Control:
      - no-cache
      Connection:
      - close
      Content-Length:
      - '208'
    body:
      encoding: UTF-8
      string: |
        <revision rev="115" vrev="115">
          <srcmd5>407a636c2e3dc12f01df329afaaf291d</srcmd5>
          <version>unknown</version>
          <time>1642674769</time>
          <user>Iggy</user>
          <comment></comment>
          <requestid/>
        </revision>
  recorded_at: Thu, 20 Jan 2022 10:32:49 GMT
- request:
    method: put
    uri: http://backend:5352/source/home:Iggy/bar_package-123456789/_meta?user=Iggy
    body:
      encoding: UTF-8
      string: |
        <package name="bar_package-123456789" project="home:Iggy">
          <title>Infinite Jest</title>
          <description>Aut totam asperiores quia.</description>
        </package>
    headers:
      Accept-Encoding:
      - gzip;q=1.0,deflate;q=0.6,identity;q=0.3
      Accept:
      - "*/*"
      User-Agent:
      - Ruby
  response:
    status:
      code: 200
      message: OK
    headers:
      Content-Type:
      - text/xml
      Cache-Control:
      - no-cache
      Connection:
      - close
      Content-Length:
      - '157'
    body:
      encoding: UTF-8
      string: |
        <package name="bar_package-123456789" project="home:Iggy">
          <title>Infinite Jest</title>
          <description>Aut totam asperiores quia.</description>
        </package>
  recorded_at: Thu, 20 Jan 2022 10:32:49 GMT
- request:
    method: get
    uri: http://backend:5352/source/home:Iggy/bar_package-123456789
    body:
      encoding: US-ASCII
      string: ''
    headers:
      Accept-Encoding:
      - gzip;q=1.0,deflate;q=0.6,identity;q=0.3
      Accept:
      - "*/*"
      User-Agent:
      - Ruby
  response:
    status:
      code: 200
      message: OK
    headers:
      Content-Type:
      - text/xml
      Cache-Control:
      - no-cache
      Connection:
      - close
      Content-Length:
      - '735'
    body:
      encoding: UTF-8
      string: |
        <directory name="bar_package-123456789" rev="115" vrev="115" srcmd5="407a636c2e3dc12f01df329afaaf291d">
          <linkinfo project="foo_project" package="bar_package" srcmd5="a15809dc418999eebe3a033dade917dc" baserev="a15809dc418999eebe3a033dade917dc" xsrcmd5="e366eaafbb452055fc43faf85046cfdd" lsrcmd5="407a636c2e3dc12f01df329afaaf291d"/>
          <entry name="_branch_request" md5="aea524cf047993d430e69b477e07f3df" size="114" mtime="1642597680"/>
          <entry name="_config" md5="ba9737b9ca9b52b0fd326e975c49d7c9" size="66" mtime="1642674769"/>
          <entry name="_link" md5="e74d0362de7535993ff2ddd390acdee4" size="141" mtime="1642674769"/>
          <entry name="somefile.txt" md5="97b299a35dfe151a1571a91551d2c484" size="51" mtime="1642674769"/>
        </directory>
  recorded_at: Thu, 20 Jan 2022 10:32:49 GMT
- request:
    method: get
    uri: http://backend:5352/source/home:Iggy/bar_package-123456789?view=info
    body:
      encoding: US-ASCII
      string: ''
    headers:
      Accept-Encoding:
      - gzip;q=1.0,deflate;q=0.6,identity;q=0.3
      Accept:
      - "*/*"
      User-Agent:
      - Ruby
  response:
    status:
      code: 200
      message: OK
    headers:
      Content-Type:
      - text/xml
      Cache-Control:
      - no-cache
      Connection:
      - close
      Content-Length:
      - '343'
    body:
      encoding: UTF-8
      string: |
        <sourceinfo package="bar_package-123456789" rev="115" vrev="1799" srcmd5="e366eaafbb452055fc43faf85046cfdd" lsrcmd5="407a636c2e3dc12f01df329afaaf291d" verifymd5="a15809dc418999eebe3a033dade917dc">
          <error>bad build configuration, no build type defined or detected</error>
          <linked project="foo_project" package="bar_package"/>
        </sourceinfo>
  recorded_at: Thu, 20 Jan 2022 10:32:49 GMT
- request:
    method: get
    uri: http://backend:5352/source/home:Iggy/bar_package-123456789
    body:
      encoding: US-ASCII
      string: ''
    headers:
      Accept-Encoding:
      - gzip;q=1.0,deflate;q=0.6,identity;q=0.3
      Accept:
      - "*/*"
      User-Agent:
      - Ruby
  response:
    status:
      code: 200
      message: OK
    headers:
      Content-Type:
      - text/xml
      Cache-Control:
      - no-cache
      Connection:
      - close
      Content-Length:
      - '735'
    body:
      encoding: UTF-8
      string: |
        <directory name="bar_package-123456789" rev="115" vrev="115" srcmd5="407a636c2e3dc12f01df329afaaf291d">
          <linkinfo project="foo_project" package="bar_package" srcmd5="a15809dc418999eebe3a033dade917dc" baserev="a15809dc418999eebe3a033dade917dc" xsrcmd5="e366eaafbb452055fc43faf85046cfdd" lsrcmd5="407a636c2e3dc12f01df329afaaf291d"/>
          <entry name="_branch_request" md5="aea524cf047993d430e69b477e07f3df" size="114" mtime="1642597680"/>
          <entry name="_config" md5="ba9737b9ca9b52b0fd326e975c49d7c9" size="66" mtime="1642674769"/>
          <entry name="_link" md5="e74d0362de7535993ff2ddd390acdee4" size="141" mtime="1642674769"/>
          <entry name="somefile.txt" md5="97b299a35dfe151a1571a91551d2c484" size="51" mtime="1642674769"/>
        </directory>
  recorded_at: Thu, 20 Jan 2022 10:32:49 GMT
- request:
    method: post
    uri: http://backend:5352/source/home:Iggy/bar_package-123456789?cmd=diff&linkrev=base&onlyissues=1&orev=0&view=xml
    body:
      encoding: UTF-8
      string: ''
    headers:
      Content-Type:
      - application/octet-stream
      Accept-Encoding:
      - gzip;q=1.0,deflate;q=0.6,identity;q=0.3
      Accept:
      - "*/*"
      User-Agent:
      - Ruby
  response:
    status:
      code: 200
      message: OK
    headers:
      Content-Type:
      - text/xml
      Cache-Control:
      - no-cache
      Connection:
      - close
      Content-Length:
      - '324'
    body:
      encoding: UTF-8
      string: |
        <sourcediff key="d582797706fb2517449bf4dc803ef760">
          <old project="home:Iggy" package="bar_package-123456789" rev="0" srcmd5="d41d8cd98f00b204e9800998ecf8427e"/>
          <new project="home:Iggy" package="bar_package-123456789" rev="115" srcmd5="407a636c2e3dc12f01df329afaaf291d"/>
          <files/>
          <issues>
          </issues>
        </sourcediff>
  recorded_at: Thu, 20 Jan 2022 10:32:49 GMT
- request:
    method: post
    uri: http://backend:5352/source/home:Iggy/bar_package-123456789?cmd=linkdiff&linkrev=base&onlyissues=1&view=xml
    body:
      encoding: UTF-8
      string: ''
    headers:
      Content-Type:
      - application/octet-stream
      Accept-Encoding:
      - gzip;q=1.0,deflate;q=0.6,identity;q=0.3
      Accept:
      - "*/*"
      User-Agent:
      - Ruby
  response:
    status:
      code: 200
      message: OK
    headers:
      Content-Type:
      - text/xml
      Cache-Control:
      - no-cache
      Connection:
      - close
      Content-Length:
      - '376'
    body:
      encoding: UTF-8
      string: |
        <sourcediff key="ee6bbf1e6bce3e767f38ae096ddb37d6">
          <old project="foo_project" package="bar_package" rev="a15809dc418999eebe3a033dade917dc" srcmd5="a15809dc418999eebe3a033dade917dc"/>
          <new project="home:Iggy" package="bar_package-123456789" rev="e366eaafbb452055fc43faf85046cfdd" srcmd5="e366eaafbb452055fc43faf85046cfdd"/>
          <files/>
          <issues>
          </issues>
        </sourcediff>
  recorded_at: Thu, 20 Jan 2022 10:32:50 GMT
- request:
    method: put
    uri: http://backend:5352/source/home:Iggy/_meta?user=Iggy
    body:
      encoding: UTF-8
      string: |
        <project name="home:Iggy">
          <title/>
          <description/>
          <person userid="Iggy" role="maintainer"/>
          <repository name="openSUSE_Tumbleweed">
            <arch>x86_64</arch>
          </repository>
          <repository name="Unicorn_123">
            <arch>x86_64</arch>
            <arch>i586</arch>
            <arch>ppc</arch>
            <arch>aarch64</arch>
          </repository>
        </project>
    headers:
      Accept-Encoding:
      - gzip;q=1.0,deflate;q=0.6,identity;q=0.3
      Accept:
      - "*/*"
      User-Agent:
      - Ruby
  response:
    status:
      code: 200
      message: OK
    headers:
      Content-Type:
      - text/xml
      Cache-Control:
      - no-cache
      Connection:
      - close
      Content-Length:
      - '354'
    body:
      encoding: UTF-8
      string: |
        <project name="home:Iggy">
          <title></title>
          <description></description>
          <person userid="Iggy" role="maintainer"/>
          <repository name="openSUSE_Tumbleweed">
            <arch>x86_64</arch>
          </repository>
          <repository name="Unicorn_123">
            <arch>x86_64</arch>
            <arch>i586</arch>
            <arch>ppc</arch>
            <arch>aarch64</arch>
          </repository>
        </project>
  recorded_at: Thu, 20 Jan 2022 10:32:50 GMT
- request:
    method: put
    uri: http://backend:5352/source/home:Iggy/bar_package-123456789/_branch_request?user=Iggy
    body:
      encoding: UTF-8
      string: '{"action":"opened","pull_request":{"head":{"repo":{"full_name":"reponame"},"sha":"123456789"}}}'
    headers:
      Accept-Encoding:
      - gzip;q=1.0,deflate;q=0.6,identity;q=0.3
      Accept:
      - "*/*"
      User-Agent:
      - Ruby
  response:
    status:
      code: 200
      message: OK
    headers:
      Content-Type:
      - text/xml
      Cache-Control:
      - no-cache
      Connection:
      - close
      Content-Length:
      - '208'
    body:
      encoding: UTF-8
      string: |
        <revision rev="116" vrev="116">
          <srcmd5>c01528be1f650b917d8b68cac4e77b53</srcmd5>
          <version>unknown</version>
          <time>1642674770</time>
          <user>Iggy</user>
          <comment></comment>
          <requestid/>
        </revision>
  recorded_at: Thu, 20 Jan 2022 10:32:50 GMT
- request:
    method: put
    uri: http://backend:5352/source/home:Iggy/bar_package-123456789/_meta?user=Iggy
    body:
      encoding: UTF-8
      string: |
        <package name="bar_package-123456789" project="home:Iggy">
          <title>Infinite Jest</title>
          <description>Aut totam asperiores quia.</description>
        </package>
    headers:
      Accept-Encoding:
      - gzip;q=1.0,deflate;q=0.6,identity;q=0.3
      Accept:
      - "*/*"
      User-Agent:
      - Ruby
  response:
    status:
      code: 200
      message: OK
    headers:
      Content-Type:
      - text/xml
      Cache-Control:
      - no-cache
      Connection:
      - close
      Content-Length:
      - '157'
    body:
      encoding: UTF-8
      string: |
        <package name="bar_package-123456789" project="home:Iggy">
          <title>Infinite Jest</title>
          <description>Aut totam asperiores quia.</description>
        </package>
  recorded_at: Thu, 20 Jan 2022 10:32:50 GMT
- request:
    method: get
    uri: http://backend:5352/source/home:Iggy/bar_package-123456789
    body:
      encoding: US-ASCII
      string: ''
    headers:
      Accept-Encoding:
      - gzip;q=1.0,deflate;q=0.6,identity;q=0.3
      Accept:
      - "*/*"
      User-Agent:
      - Ruby
  response:
    status:
      code: 200
      message: OK
    headers:
      Content-Type:
      - text/xml
      Cache-Control:
      - no-cache
      Connection:
      - close
      Content-Length:
      - '811'
    body:
      encoding: UTF-8
      string: |
        <directory name="bar_package-123456789" rev="116" vrev="116" srcmd5="c01528be1f650b917d8b68cac4e77b53">
          <linkinfo project="foo_project" package="bar_package" srcmd5="a15809dc418999eebe3a033dade917dc" baserev="a15809dc418999eebe3a033dade917dc" xsrcmd5="f4ff3e6ee85e3a91117100ec3b222964" lsrcmd5="c01528be1f650b917d8b68cac4e77b53"/>
          <serviceinfo code="succeeded" xsrcmd5="8e9189131cc337dd5837d3a0443f3b21"/>
          <entry name="_branch_request" md5="a0ae3e8c1598e691c7662a4b258bd481" size="95" mtime="1642596971"/>
          <entry name="_config" md5="ba9737b9ca9b52b0fd326e975c49d7c9" size="66" mtime="1642674769"/>
          <entry name="_link" md5="e74d0362de7535993ff2ddd390acdee4" size="141" mtime="1642674769"/>
          <entry name="somefile.txt" md5="97b299a35dfe151a1571a91551d2c484" size="51" mtime="1642674769"/>
        </directory>
  recorded_at: Thu, 20 Jan 2022 10:32:50 GMT
- request:
    method: get
    uri: http://backend:5352/source/home:Iggy/bar_package-123456789?view=info
    body:
      encoding: US-ASCII
      string: ''
    headers:
      Accept-Encoding:
      - gzip;q=1.0,deflate;q=0.6,identity;q=0.3
      Accept:
      - "*/*"
      User-Agent:
      - Ruby
  response:
    status:
      code: 200
      message: OK
    headers:
      Content-Type:
      - text/xml
      Cache-Control:
      - no-cache
      Connection:
      - close
      Content-Length:
      - '343'
    body:
      encoding: UTF-8
      string: |
        <sourceinfo package="bar_package-123456789" rev="116" vrev="1800" srcmd5="84440de59ea40fb5d9d106c616254fb2" lsrcmd5="8e9189131cc337dd5837d3a0443f3b21" verifymd5="bd84322aa3724c02910ed147e5cca8c8">
          <error>bad build configuration, no build type defined or detected</error>
          <linked project="foo_project" package="bar_package"/>
        </sourceinfo>
  recorded_at: Thu, 20 Jan 2022 10:32:50 GMT
- request:
    method: get
    uri: http://backend:5352/source/home:Iggy/bar_package-123456789
    body:
      encoding: US-ASCII
      string: ''
    headers:
      Accept-Encoding:
      - gzip;q=1.0,deflate;q=0.6,identity;q=0.3
      Accept:
      - "*/*"
      User-Agent:
      - Ruby
  response:
    status:
      code: 200
      message: OK
    headers:
      Content-Type:
      - text/xml
      Cache-Control:
      - no-cache
      Connection:
      - close
      Content-Length:
      - '811'
    body:
      encoding: UTF-8
      string: |
        <directory name="bar_package-123456789" rev="116" vrev="116" srcmd5="c01528be1f650b917d8b68cac4e77b53">
          <linkinfo project="foo_project" package="bar_package" srcmd5="a15809dc418999eebe3a033dade917dc" baserev="a15809dc418999eebe3a033dade917dc" xsrcmd5="f4ff3e6ee85e3a91117100ec3b222964" lsrcmd5="c01528be1f650b917d8b68cac4e77b53"/>
          <serviceinfo code="succeeded" xsrcmd5="8e9189131cc337dd5837d3a0443f3b21"/>
          <entry name="_branch_request" md5="a0ae3e8c1598e691c7662a4b258bd481" size="95" mtime="1642596971"/>
          <entry name="_config" md5="ba9737b9ca9b52b0fd326e975c49d7c9" size="66" mtime="1642674769"/>
          <entry name="_link" md5="e74d0362de7535993ff2ddd390acdee4" size="141" mtime="1642674769"/>
          <entry name="somefile.txt" md5="97b299a35dfe151a1571a91551d2c484" size="51" mtime="1642674769"/>
        </directory>
  recorded_at: Thu, 20 Jan 2022 10:32:50 GMT
- request:
    method: post
    uri: http://backend:5352/source/home:Iggy/bar_package-123456789?cmd=diff&linkrev=base&onlyissues=1&orev=0&view=xml
    body:
      encoding: UTF-8
      string: ''
    headers:
      Content-Type:
      - application/octet-stream
      Accept-Encoding:
      - gzip;q=1.0,deflate;q=0.6,identity;q=0.3
      Accept:
      - "*/*"
      User-Agent:
      - Ruby
  response:
    status:
      code: 200
      message: OK
    headers:
      Content-Type:
      - text/xml
      Cache-Control:
      - no-cache
      Connection:
      - close
      Content-Length:
      - '324'
    body:
      encoding: UTF-8
      string: |
        <sourcediff key="55b4c1044196b84785874f3e7c6cc097">
          <old project="home:Iggy" package="bar_package-123456789" rev="0" srcmd5="d41d8cd98f00b204e9800998ecf8427e"/>
          <new project="home:Iggy" package="bar_package-123456789" rev="116" srcmd5="c01528be1f650b917d8b68cac4e77b53"/>
          <files/>
          <issues>
          </issues>
        </sourcediff>
  recorded_at: Thu, 20 Jan 2022 10:32:50 GMT
- request:
    method: post
    uri: http://backend:5352/source/home:Iggy/bar_package-123456789?cmd=linkdiff&linkrev=base&onlyissues=1&view=xml
    body:
      encoding: UTF-8
      string: ''
    headers:
      Content-Type:
      - application/octet-stream
      Accept-Encoding:
      - gzip;q=1.0,deflate;q=0.6,identity;q=0.3
      Accept:
      - "*/*"
      User-Agent:
      - Ruby
  response:
    status:
      code: 200
      message: OK
    headers:
      Content-Type:
      - text/xml
      Cache-Control:
      - no-cache
      Connection:
      - close
      Content-Length:
      - '376'
    body:
      encoding: UTF-8
      string: |
        <sourcediff key="19869a0c4e029619fede2a0b969df4a9">
          <old project="foo_project" package="bar_package" rev="a15809dc418999eebe3a033dade917dc" srcmd5="a15809dc418999eebe3a033dade917dc"/>
          <new project="home:Iggy" package="bar_package-123456789" rev="84440de59ea40fb5d9d106c616254fb2" srcmd5="84440de59ea40fb5d9d106c616254fb2"/>
          <files/>
          <issues>
          </issues>
        </sourcediff>
  recorded_at: Thu, 20 Jan 2022 10:32:50 GMT
- request:
    method: get
    uri: http://backend:5352/source/home:Iggy/bar_package-123456789
    body:
      encoding: US-ASCII
      string: ''
    headers:
      Accept-Encoding:
      - gzip;q=1.0,deflate;q=0.6,identity;q=0.3
      Accept:
      - "*/*"
      User-Agent:
      - Ruby
  response:
    status:
      code: 200
      message: OK
    headers:
      Content-Type:
      - text/xml
      Cache-Control:
      - no-cache
      Connection:
      - close
      Content-Length:
      - '811'
    body:
      encoding: UTF-8
      string: |
        <directory name="bar_package-123456789" rev="116" vrev="116" srcmd5="c01528be1f650b917d8b68cac4e77b53">
          <linkinfo project="foo_project" package="bar_package" srcmd5="a15809dc418999eebe3a033dade917dc" baserev="a15809dc418999eebe3a033dade917dc" xsrcmd5="f4ff3e6ee85e3a91117100ec3b222964" lsrcmd5="c01528be1f650b917d8b68cac4e77b53"/>
          <serviceinfo code="succeeded" xsrcmd5="8e9189131cc337dd5837d3a0443f3b21"/>
          <entry name="_branch_request" md5="a0ae3e8c1598e691c7662a4b258bd481" size="95" mtime="1642596971"/>
          <entry name="_config" md5="ba9737b9ca9b52b0fd326e975c49d7c9" size="66" mtime="1642674769"/>
          <entry name="_link" md5="e74d0362de7535993ff2ddd390acdee4" size="141" mtime="1642674769"/>
          <entry name="somefile.txt" md5="97b299a35dfe151a1571a91551d2c484" size="51" mtime="1642674769"/>
        </directory>
  recorded_at: Thu, 20 Jan 2022 10:32:50 GMT
- request:
    method: get
    uri: http://backend:5352/source/home:Iggy/bar_package-123456789
    body:
      encoding: US-ASCII
      string: ''
    headers:
      Accept-Encoding:
      - gzip;q=1.0,deflate;q=0.6,identity;q=0.3
      Accept:
      - "*/*"
      User-Agent:
      - Ruby
  response:
    status:
      code: 200
      message: OK
    headers:
      Content-Type:
      - text/xml
      Cache-Control:
      - no-cache
      Connection:
      - close
      Content-Length:
      - '811'
    body:
      encoding: UTF-8
      string: |
        <directory name="bar_package-123456789" rev="116" vrev="116" srcmd5="c01528be1f650b917d8b68cac4e77b53">
          <linkinfo project="foo_project" package="bar_package" srcmd5="a15809dc418999eebe3a033dade917dc" baserev="a15809dc418999eebe3a033dade917dc" xsrcmd5="f4ff3e6ee85e3a91117100ec3b222964" lsrcmd5="c01528be1f650b917d8b68cac4e77b53"/>
          <serviceinfo code="succeeded" xsrcmd5="8e9189131cc337dd5837d3a0443f3b21"/>
          <entry name="_branch_request" md5="a0ae3e8c1598e691c7662a4b258bd481" size="95" mtime="1642596971"/>
          <entry name="_config" md5="ba9737b9ca9b52b0fd326e975c49d7c9" size="66" mtime="1642674769"/>
          <entry name="_link" md5="e74d0362de7535993ff2ddd390acdee4" size="141" mtime="1642674769"/>
          <entry name="somefile.txt" md5="97b299a35dfe151a1571a91551d2c484" size="51" mtime="1642674769"/>
        </directory>
  recorded_at: Thu, 20 Jan 2022 10:32:50 GMT
- request:
    method: get
    uri: http://backend:5352/source/home:Iggy/bar_package-123456789
    body:
      encoding: US-ASCII
      string: ''
    headers:
      Accept-Encoding:
      - gzip;q=1.0,deflate;q=0.6,identity;q=0.3
      Accept:
      - "*/*"
      User-Agent:
      - Ruby
  response:
    status:
      code: 200
      message: OK
    headers:
      Content-Type:
      - text/xml
      Cache-Control:
      - no-cache
      Connection:
      - close
      Content-Length:
      - '811'
    body:
      encoding: UTF-8
      string: |
        <directory name="bar_package-123456789" rev="116" vrev="116" srcmd5="c01528be1f650b917d8b68cac4e77b53">
          <linkinfo project="foo_project" package="bar_package" srcmd5="a15809dc418999eebe3a033dade917dc" baserev="a15809dc418999eebe3a033dade917dc" xsrcmd5="f4ff3e6ee85e3a91117100ec3b222964" lsrcmd5="c01528be1f650b917d8b68cac4e77b53"/>
          <serviceinfo code="succeeded" xsrcmd5="8e9189131cc337dd5837d3a0443f3b21"/>
          <entry name="_branch_request" md5="a0ae3e8c1598e691c7662a4b258bd481" size="95" mtime="1642596971"/>
          <entry name="_config" md5="ba9737b9ca9b52b0fd326e975c49d7c9" size="66" mtime="1642674769"/>
          <entry name="_link" md5="e74d0362de7535993ff2ddd390acdee4" size="141" mtime="1642674769"/>
          <entry name="somefile.txt" md5="97b299a35dfe151a1571a91551d2c484" size="51" mtime="1642674769"/>
        </directory>
  recorded_at: Thu, 20 Jan 2022 10:32:50 GMT
- request:
    method: get
    uri: http://backend:5352/source/home:Iggy/bar_package-123456789
    body:
      encoding: US-ASCII
      string: ''
    headers:
      Accept-Encoding:
      - gzip;q=1.0,deflate;q=0.6,identity;q=0.3
      Accept:
      - "*/*"
      User-Agent:
      - Ruby
  response:
    status:
      code: 200
      message: OK
    headers:
      Content-Type:
      - text/xml
      Cache-Control:
      - no-cache
      Connection:
      - close
      Content-Length:
      - '811'
    body:
      encoding: UTF-8
      string: |
        <directory name="bar_package-123456789" rev="116" vrev="116" srcmd5="c01528be1f650b917d8b68cac4e77b53">
          <linkinfo project="foo_project" package="bar_package" srcmd5="a15809dc418999eebe3a033dade917dc" baserev="a15809dc418999eebe3a033dade917dc" xsrcmd5="f4ff3e6ee85e3a91117100ec3b222964" lsrcmd5="c01528be1f650b917d8b68cac4e77b53"/>
          <serviceinfo code="succeeded" xsrcmd5="8e9189131cc337dd5837d3a0443f3b21"/>
          <entry name="_branch_request" md5="a0ae3e8c1598e691c7662a4b258bd481" size="95" mtime="1642596971"/>
          <entry name="_config" md5="ba9737b9ca9b52b0fd326e975c49d7c9" size="66" mtime="1642674769"/>
          <entry name="_link" md5="e74d0362de7535993ff2ddd390acdee4" size="141" mtime="1642674769"/>
          <entry name="somefile.txt" md5="97b299a35dfe151a1571a91551d2c484" size="51" mtime="1642674769"/>
        </directory>
  recorded_at: Thu, 20 Jan 2022 10:32:50 GMT
- request:
    method: get
    uri: http://backend:5352/source/home:Iggy/bar_package-123456789
    body:
      encoding: US-ASCII
      string: ''
    headers:
      Accept-Encoding:
      - gzip;q=1.0,deflate;q=0.6,identity;q=0.3
      Accept:
      - "*/*"
      User-Agent:
      - Ruby
  response:
    status:
      code: 200
      message: OK
    headers:
      Content-Type:
      - text/xml
      Cache-Control:
      - no-cache
      Connection:
      - close
      Content-Length:
      - '811'
    body:
      encoding: UTF-8
      string: |
        <directory name="bar_package-123456789" rev="116" vrev="116" srcmd5="c01528be1f650b917d8b68cac4e77b53">
          <linkinfo project="foo_project" package="bar_package" srcmd5="a15809dc418999eebe3a033dade917dc" baserev="a15809dc418999eebe3a033dade917dc" xsrcmd5="f4ff3e6ee85e3a91117100ec3b222964" lsrcmd5="c01528be1f650b917d8b68cac4e77b53"/>
          <serviceinfo code="succeeded" xsrcmd5="8e9189131cc337dd5837d3a0443f3b21"/>
          <entry name="_branch_request" md5="a0ae3e8c1598e691c7662a4b258bd481" size="95" mtime="1642596971"/>
          <entry name="_config" md5="ba9737b9ca9b52b0fd326e975c49d7c9" size="66" mtime="1642674769"/>
          <entry name="_link" md5="e74d0362de7535993ff2ddd390acdee4" size="141" mtime="1642674769"/>
          <entry name="somefile.txt" md5="97b299a35dfe151a1571a91551d2c484" size="51" mtime="1642674769"/>
        </directory>
  recorded_at: Thu, 20 Jan 2022 10:32:50 GMT
- request:
    method: get
    uri: http://backend:5352/source/home:Iggy/bar_package-123456789
    body:
      encoding: US-ASCII
      string: ''
    headers:
      Accept-Encoding:
      - gzip;q=1.0,deflate;q=0.6,identity;q=0.3
      Accept:
      - "*/*"
      User-Agent:
      - Ruby
  response:
    status:
      code: 200
      message: OK
    headers:
      Content-Type:
      - text/xml
      Cache-Control:
      - no-cache
      Connection:
      - close
      Content-Length:
      - '811'
    body:
      encoding: UTF-8
      string: |
        <directory name="bar_package-123456789" rev="116" vrev="116" srcmd5="c01528be1f650b917d8b68cac4e77b53">
          <linkinfo project="foo_project" package="bar_package" srcmd5="a15809dc418999eebe3a033dade917dc" baserev="a15809dc418999eebe3a033dade917dc" xsrcmd5="f4ff3e6ee85e3a91117100ec3b222964" lsrcmd5="c01528be1f650b917d8b68cac4e77b53"/>
          <serviceinfo code="succeeded" xsrcmd5="8e9189131cc337dd5837d3a0443f3b21"/>
          <entry name="_branch_request" md5="a0ae3e8c1598e691c7662a4b258bd481" size="95" mtime="1642596971"/>
          <entry name="_config" md5="ba9737b9ca9b52b0fd326e975c49d7c9" size="66" mtime="1642674769"/>
          <entry name="_link" md5="e74d0362de7535993ff2ddd390acdee4" size="141" mtime="1642674769"/>
          <entry name="somefile.txt" md5="97b299a35dfe151a1571a91551d2c484" size="51" mtime="1642674769"/>
        </directory>
  recorded_at: Thu, 20 Jan 2022 10:32:50 GMT
- request:
    method: get
    uri: http://backend:5352/source/home:Iggy/bar_package-123456789
    body:
      encoding: US-ASCII
      string: ''
    headers:
      Accept-Encoding:
      - gzip;q=1.0,deflate;q=0.6,identity;q=0.3
      Accept:
      - "*/*"
      User-Agent:
      - Ruby
  response:
    status:
      code: 200
      message: OK
    headers:
      Content-Type:
      - text/xml
      Cache-Control:
      - no-cache
      Connection:
      - close
      Content-Length:
      - '811'
    body:
      encoding: UTF-8
      string: |
        <directory name="bar_package-123456789" rev="116" vrev="116" srcmd5="c01528be1f650b917d8b68cac4e77b53">
          <linkinfo project="foo_project" package="bar_package" srcmd5="a15809dc418999eebe3a033dade917dc" baserev="a15809dc418999eebe3a033dade917dc" xsrcmd5="f4ff3e6ee85e3a91117100ec3b222964" lsrcmd5="c01528be1f650b917d8b68cac4e77b53"/>
          <serviceinfo code="succeeded" xsrcmd5="8e9189131cc337dd5837d3a0443f3b21"/>
          <entry name="_branch_request" md5="a0ae3e8c1598e691c7662a4b258bd481" size="95" mtime="1642596971"/>
          <entry name="_config" md5="ba9737b9ca9b52b0fd326e975c49d7c9" size="66" mtime="1642674769"/>
          <entry name="_link" md5="e74d0362de7535993ff2ddd390acdee4" size="141" mtime="1642674769"/>
          <entry name="somefile.txt" md5="97b299a35dfe151a1571a91551d2c484" size="51" mtime="1642674769"/>
        </directory>
  recorded_at: Thu, 20 Jan 2022 10:32:50 GMT
- request:
    method: get
    uri: http://backend:5352/source/home:Iggy/bar_package-123456789
    body:
      encoding: US-ASCII
      string: ''
    headers:
      Accept-Encoding:
      - gzip;q=1.0,deflate;q=0.6,identity;q=0.3
      Accept:
      - "*/*"
      User-Agent:
      - Ruby
  response:
    status:
      code: 200
      message: OK
    headers:
      Content-Type:
      - text/xml
      Cache-Control:
      - no-cache
      Connection:
      - close
      Content-Length:
      - '811'
    body:
      encoding: UTF-8
      string: |
        <directory name="bar_package-123456789" rev="116" vrev="116" srcmd5="c01528be1f650b917d8b68cac4e77b53">
          <linkinfo project="foo_project" package="bar_package" srcmd5="a15809dc418999eebe3a033dade917dc" baserev="a15809dc418999eebe3a033dade917dc" xsrcmd5="f4ff3e6ee85e3a91117100ec3b222964" lsrcmd5="c01528be1f650b917d8b68cac4e77b53"/>
          <serviceinfo code="succeeded" xsrcmd5="8e9189131cc337dd5837d3a0443f3b21"/>
          <entry name="_branch_request" md5="a0ae3e8c1598e691c7662a4b258bd481" size="95" mtime="1642596971"/>
          <entry name="_config" md5="ba9737b9ca9b52b0fd326e975c49d7c9" size="66" mtime="1642674769"/>
          <entry name="_link" md5="e74d0362de7535993ff2ddd390acdee4" size="141" mtime="1642674769"/>
          <entry name="somefile.txt" md5="97b299a35dfe151a1571a91551d2c484" size="51" mtime="1642674769"/>
        </directory>
  recorded_at: Thu, 20 Jan 2022 10:32:50 GMT
- request:
    method: get
    uri: http://backend:5352/source/home:Iggy/bar_package-123456789
    body:
      encoding: US-ASCII
      string: ''
    headers:
      Accept-Encoding:
      - gzip;q=1.0,deflate;q=0.6,identity;q=0.3
      Accept:
      - "*/*"
      User-Agent:
      - Ruby
  response:
    status:
      code: 200
      message: OK
    headers:
      Content-Type:
      - text/xml
      Cache-Control:
      - no-cache
      Connection:
      - close
      Content-Length:
      - '811'
    body:
      encoding: UTF-8
      string: |
        <directory name="bar_package-123456789" rev="116" vrev="116" srcmd5="c01528be1f650b917d8b68cac4e77b53">
          <linkinfo project="foo_project" package="bar_package" srcmd5="a15809dc418999eebe3a033dade917dc" baserev="a15809dc418999eebe3a033dade917dc" xsrcmd5="f4ff3e6ee85e3a91117100ec3b222964" lsrcmd5="c01528be1f650b917d8b68cac4e77b53"/>
          <serviceinfo code="succeeded" xsrcmd5="8e9189131cc337dd5837d3a0443f3b21"/>
          <entry name="_branch_request" md5="a0ae3e8c1598e691c7662a4b258bd481" size="95" mtime="1642596971"/>
          <entry name="_config" md5="ba9737b9ca9b52b0fd326e975c49d7c9" size="66" mtime="1642674769"/>
          <entry name="_link" md5="e74d0362de7535993ff2ddd390acdee4" size="141" mtime="1642674769"/>
          <entry name="somefile.txt" md5="97b299a35dfe151a1571a91551d2c484" size="51" mtime="1642674769"/>
        </directory>
  recorded_at: Thu, 20 Jan 2022 10:32:50 GMT
- request:
    method: get
    uri: http://backend:5352/source/home:Iggy/bar_package-123456789
    body:
      encoding: US-ASCII
      string: ''
    headers:
      Accept-Encoding:
      - gzip;q=1.0,deflate;q=0.6,identity;q=0.3
      Accept:
      - "*/*"
      User-Agent:
      - Ruby
  response:
    status:
      code: 200
      message: OK
    headers:
      Content-Type:
      - text/xml
      Cache-Control:
      - no-cache
      Connection:
      - close
      Content-Length:
      - '811'
    body:
      encoding: UTF-8
      string: |
        <directory name="bar_package-123456789" rev="116" vrev="116" srcmd5="c01528be1f650b917d8b68cac4e77b53">
          <linkinfo project="foo_project" package="bar_package" srcmd5="a15809dc418999eebe3a033dade917dc" baserev="a15809dc418999eebe3a033dade917dc" xsrcmd5="f4ff3e6ee85e3a91117100ec3b222964" lsrcmd5="c01528be1f650b917d8b68cac4e77b53"/>
          <serviceinfo code="succeeded" xsrcmd5="8e9189131cc337dd5837d3a0443f3b21"/>
          <entry name="_branch_request" md5="a0ae3e8c1598e691c7662a4b258bd481" size="95" mtime="1642596971"/>
          <entry name="_config" md5="ba9737b9ca9b52b0fd326e975c49d7c9" size="66" mtime="1642674769"/>
          <entry name="_link" md5="e74d0362de7535993ff2ddd390acdee4" size="141" mtime="1642674769"/>
          <entry name="somefile.txt" md5="97b299a35dfe151a1571a91551d2c484" size="51" mtime="1642674769"/>
        </directory>
  recorded_at: Thu, 20 Jan 2022 10:32:50 GMT
recorded_with: VCR 6.0.0
