---
http_interactions:
- request:
    method: put
    uri: http://backend:5352/source/home:Iggy/_meta?user=Iggy
    body:
      encoding: UTF-8
      string: |
        <project name="home:Iggy">
          <title/>
          <description/>
          <person userid="Iggy" role="maintainer"/>
        </project>
    headers:
      Accept-Encoding:
      - gzip;q=1.0,deflate;q=0.6,identity;q=0.3
      Accept:
      - "*/*"
      User-Agent:
      - Ruby
  response:
    status:
      code: 200
      message: OK
    headers:
      Content-Type:
      - text/xml
      Cache-Control:
      - no-cache
      Connection:
      - close
      Content-Length:
      - '130'
    body:
      encoding: UTF-8
      string: |
        <project name="home:Iggy">
          <title></title>
          <description></description>
          <person userid="Iggy" role="maintainer"/>
        </project>
  recorded_at: Mon, 05 Jun 2023 12:44:22 GMT
- request:
    method: put
    uri: http://backend:5352/source/foo_project/_meta?user=user_75
    body:
      encoding: UTF-8
      string: |
        <project name="foo_project">
          <title>The Soldier's Art</title>
          <description/>
          <person userid="Iggy" role="maintainer"/>
        </project>
    headers:
      Accept-Encoding:
      - gzip;q=1.0,deflate;q=0.6,identity;q=0.3
      Accept:
      - "*/*"
      User-Agent:
      - Ruby
  response:
    status:
      code: 200
      message: OK
    headers:
      Content-Type:
      - text/xml
      Cache-Control:
      - no-cache
      Connection:
      - close
      Content-Length:
      - '149'
    body:
      encoding: UTF-8
      string: |
        <project name="foo_project">
          <title>The Soldier's Art</title>
          <description></description>
          <person userid="Iggy" role="maintainer"/>
        </project>
  recorded_at: Mon, 05 Jun 2023 12:44:22 GMT
- request:
    method: put
    uri: http://backend:5352/source/foo_project/bar_package/_meta?user=user_76
    body:
      encoding: UTF-8
      string: |
        <package name="bar_package" project="foo_project">
          <title>Taming a Sea Horse</title>
          <description>Ea veritatis ad voluptates.</description>
        </package>
    headers:
      Accept-Encoding:
      - gzip;q=1.0,deflate;q=0.6,identity;q=0.3
      Accept:
      - "*/*"
      User-Agent:
      - Ruby
  response:
    status:
      code: 200
      message: OK
    headers:
      Content-Type:
      - text/xml
      Cache-Control:
      - no-cache
      Connection:
      - close
      Content-Length:
      - '155'
    body:
      encoding: UTF-8
      string: |
        <package name="bar_package" project="foo_project">
          <title>Taming a Sea Horse</title>
          <description>Ea veritatis ad voluptates.</description>
        </package>
  recorded_at: Mon, 05 Jun 2023 12:44:22 GMT
- request:
    method: put
    uri: http://backend:5352/source/foo_project/bar_package/_config
    body:
      encoding: UTF-8
      string: Fugit dolore molestias. Similique blanditiis id. Sit aliquam libero.
    headers:
      Accept-Encoding:
      - gzip;q=1.0,deflate;q=0.6,identity;q=0.3
      Accept:
      - "*/*"
      User-Agent:
      - Ruby
  response:
    status:
      code: 200
      message: OK
    headers:
      Content-Type:
      - text/xml
      Cache-Control:
      - no-cache
      Connection:
      - close
      Content-Length:
      - '209'
    body:
      encoding: UTF-8
      string: |
        <revision rev="81" vrev="81">
          <srcmd5>6b8d0af9ca65f98c0ae0e78fcf843a36</srcmd5>
          <version>unknown</version>
          <time>1685969062</time>
          <user>unknown</user>
          <comment></comment>
          <requestid/>
        </revision>
  recorded_at: Mon, 05 Jun 2023 12:44:22 GMT
- request:
    method: put
    uri: http://backend:5352/source/foo_project/bar_package/somefile.txt
    body:
      encoding: UTF-8
      string: Doloribus numquam aut. Voluptatibus aut ducimus. Nostrum qui perspiciatis.
    headers:
      Accept-Encoding:
      - gzip;q=1.0,deflate;q=0.6,identity;q=0.3
      Accept:
      - "*/*"
      User-Agent:
      - Ruby
  response:
    status:
      code: 200
      message: OK
    headers:
      Content-Type:
      - text/xml
      Cache-Control:
      - no-cache
      Connection:
      - close
      Content-Length:
      - '209'
    body:
      encoding: UTF-8
      string: |
        <revision rev="82" vrev="82">
          <srcmd5>5cda538ad6229238adc392124d69f2ce</srcmd5>
          <version>unknown</version>
          <time>1685969062</time>
          <user>unknown</user>
          <comment></comment>
          <requestid/>
        </revision>
  recorded_at: Mon, 05 Jun 2023 12:44:22 GMT
- request:
    method: post
    uri: http://backend:5352/search/package/id?match=(linkinfo/@package=%22bar_package%22%20and%20linkinfo/@project=%22foo_project%22%20and%20@project=%22foo_project%22)
    body:
      encoding: UTF-8
      string: ''
    headers:
      Content-Type:
      - application/octet-stream
      Accept-Encoding:
      - gzip;q=1.0,deflate;q=0.6,identity;q=0.3
      Accept:
      - "*/*"
      User-Agent:
      - Ruby
  response:
    status:
      code: 200
      message: OK
    headers:
      Content-Type:
      - text/xml
      Cache-Control:
      - no-cache
      Connection:
      - close
      Content-Length:
      - '27'
    body:
      encoding: UTF-8
      string: |
        <collection>
        </collection>
  recorded_at: Mon, 05 Jun 2023 12:44:22 GMT
- request:
    method: put
    uri: http://backend:5352/source/home:Iggy/bar_package-123456789/_meta?user=Iggy
    body:
      encoding: UTF-8
      string: |
        <package name="bar_package-123456789" project="home:Iggy">
          <title>Taming a Sea Horse</title>
          <description>Ea veritatis ad voluptates.</description>
        </package>
    headers:
      Accept-Encoding:
      - gzip;q=1.0,deflate;q=0.6,identity;q=0.3
      Accept:
      - "*/*"
      User-Agent:
      - Ruby
  response:
    status:
      code: 200
      message: OK
    headers:
      Content-Type:
      - text/xml
      Cache-Control:
      - no-cache
      Connection:
      - close
      Content-Length:
      - '163'
    body:
      encoding: UTF-8
      string: |
        <package name="bar_package-123456789" project="home:Iggy">
          <title>Taming a Sea Horse</title>
          <description>Ea veritatis ad voluptates.</description>
        </package>
  recorded_at: Mon, 05 Jun 2023 12:44:22 GMT
- request:
    method: post
    uri: http://backend:5352/source/home:Iggy/bar_package-123456789?cmd=branch&noservice=1&opackage=bar_package&oproject=foo_project&user=Iggy
    body:
      encoding: UTF-8
      string: ''
    headers:
      Content-Type:
      - application/octet-stream
      Accept-Encoding:
      - gzip;q=1.0,deflate;q=0.6,identity;q=0.3
      Accept:
      - "*/*"
      User-Agent:
      - Ruby
  response:
    status:
      code: 200
      message: OK
    headers:
      Content-Type:
      - text/xml
      Cache-Control:
      - no-cache
      Connection:
      - close
      Content-Length:
      - '206'
    body:
      encoding: UTF-8
      string: |
        <revision rev="19" vrev="19">
          <srcmd5>5e5458a5d51f057ce4f57695c0702fa4</srcmd5>
          <version>unknown</version>
          <time>1685969062</time>
          <user>Iggy</user>
          <comment></comment>
          <requestid/>
        </revision>
  recorded_at: Mon, 05 Jun 2023 12:44:22 GMT
- request:
    method: put
    uri: http://backend:5352/source/home:Iggy/bar_package-123456789/_meta?user=Iggy
    body:
      encoding: UTF-8
      string: |
        <package name="bar_package-123456789" project="home:Iggy">
          <title>Taming a Sea Horse</title>
          <description>Ea veritatis ad voluptates.</description>
        </package>
    headers:
      Accept-Encoding:
      - gzip;q=1.0,deflate;q=0.6,identity;q=0.3
      Accept:
      - "*/*"
      User-Agent:
      - Ruby
  response:
    status:
      code: 200
      message: OK
    headers:
      Content-Type:
      - text/xml
      Cache-Control:
      - no-cache
      Connection:
      - close
      Content-Length:
      - '163'
    body:
      encoding: UTF-8
      string: |
        <package name="bar_package-123456789" project="home:Iggy">
          <title>Taming a Sea Horse</title>
          <description>Ea veritatis ad voluptates.</description>
        </package>
  recorded_at: Mon, 05 Jun 2023 12:44:22 GMT
- request:
    method: get
    uri: http://backend:5352/source/home:Iggy/bar_package-123456789
    body:
      encoding: US-ASCII
      string: ''
    headers:
      Accept-Encoding:
      - gzip;q=1.0,deflate;q=0.6,identity;q=0.3
      Accept:
      - "*/*"
      User-Agent:
      - Ruby
  response:
    status:
      code: 200
      message: OK
    headers:
      Content-Type:
      - text/xml
      Cache-Control:
      - no-cache
      Connection:
      - close
      Content-Length:
      - '733'
    body:
      encoding: UTF-8
      string: |
        <directory name="bar_package-123456789" rev="19" vrev="19" srcmd5="5e5458a5d51f057ce4f57695c0702fa4">
          <linkinfo project="foo_project" package="bar_package" srcmd5="5cda538ad6229238adc392124d69f2ce" baserev="5cda538ad6229238adc392124d69f2ce" xsrcmd5="b6f38a4a740afb34a59ac1b2661e2353" lsrcmd5="5e5458a5d51f057ce4f57695c0702fa4"/>
          <entry name="_branch_request" md5="aea524cf047993d430e69b477e07f3df" size="114" mtime="1685969043"/>
          <entry name="_config" md5="2edd26684cc783cb30ad1c8400ec37ec" size="68" mtime="1685969062"/>
          <entry name="_link" md5="49bf24e49f0e0ddb3477d91a5662df55" size="141" mtime="1685969062"/>
          <entry name="somefile.txt" md5="7d160315e1fb6307efad1671c9477c2f" size="74" mtime="1685969062"/>
        </directory>
  recorded_at: Mon, 05 Jun 2023 12:44:22 GMT
- request:
    method: get
    uri: http://backend:5352/source/home:Iggy/bar_package-123456789?view=info
    body:
      encoding: US-ASCII
      string: ''
    headers:
      Accept-Encoding:
      - gzip;q=1.0,deflate;q=0.6,identity;q=0.3
      Accept:
      - "*/*"
      User-Agent:
      - Ruby
  response:
    status:
      code: 200
      message: OK
    headers:
      Content-Type:
      - text/xml
      Cache-Control:
      - no-cache
      Connection:
      - close
      Content-Length:
      - '341'
    body:
      encoding: UTF-8
      string: |
        <sourceinfo package="bar_package-123456789" rev="19" vrev="101" srcmd5="b6f38a4a740afb34a59ac1b2661e2353" lsrcmd5="5e5458a5d51f057ce4f57695c0702fa4" verifymd5="5cda538ad6229238adc392124d69f2ce">
          <error>bad build configuration, no build type defined or detected</error>
          <linked project="foo_project" package="bar_package"/>
        </sourceinfo>
  recorded_at: Mon, 05 Jun 2023 12:44:22 GMT
- request:
    method: get
    uri: http://backend:5352/source/home:Iggy/bar_package-123456789
    body:
      encoding: US-ASCII
      string: ''
    headers:
      Accept-Encoding:
      - gzip;q=1.0,deflate;q=0.6,identity;q=0.3
      Accept:
      - "*/*"
      User-Agent:
      - Ruby
  response:
    status:
      code: 200
      message: OK
    headers:
      Content-Type:
      - text/xml
      Cache-Control:
      - no-cache
      Connection:
      - close
      Content-Length:
      - '733'
    body:
      encoding: UTF-8
      string: |
        <directory name="bar_package-123456789" rev="19" vrev="19" srcmd5="5e5458a5d51f057ce4f57695c0702fa4">
          <linkinfo project="foo_project" package="bar_package" srcmd5="5cda538ad6229238adc392124d69f2ce" baserev="5cda538ad6229238adc392124d69f2ce" xsrcmd5="b6f38a4a740afb34a59ac1b2661e2353" lsrcmd5="5e5458a5d51f057ce4f57695c0702fa4"/>
          <entry name="_branch_request" md5="aea524cf047993d430e69b477e07f3df" size="114" mtime="1685969043"/>
          <entry name="_config" md5="2edd26684cc783cb30ad1c8400ec37ec" size="68" mtime="1685969062"/>
          <entry name="_link" md5="49bf24e49f0e0ddb3477d91a5662df55" size="141" mtime="1685969062"/>
          <entry name="somefile.txt" md5="7d160315e1fb6307efad1671c9477c2f" size="74" mtime="1685969062"/>
        </directory>
  recorded_at: Mon, 05 Jun 2023 12:44:22 GMT
- request:
    method: post
    uri: http://backend:5352/source/home:Iggy/bar_package-123456789?cmd=diff&linkrev=base&onlyissues=1&orev=0&view=xml
    body:
      encoding: UTF-8
      string: ''
    headers:
      Content-Type:
      - application/octet-stream
      Accept-Encoding:
      - gzip;q=1.0,deflate;q=0.6,identity;q=0.3
      Accept:
      - "*/*"
      User-Agent:
      - Ruby
  response:
    status:
      code: 200
      message: OK
    headers:
      Content-Type:
      - text/xml
      Cache-Control:
      - no-cache
      Connection:
      - close
      Content-Length:
      - '323'
    body:
      encoding: UTF-8
      string: |
        <sourcediff key="75a05d57abcf0f003693b8bbfbdabb5c">
          <old project="home:Iggy" package="bar_package-123456789" rev="0" srcmd5="d41d8cd98f00b204e9800998ecf8427e"/>
          <new project="home:Iggy" package="bar_package-123456789" rev="19" srcmd5="5e5458a5d51f057ce4f57695c0702fa4"/>
          <files/>
          <issues>
          </issues>
        </sourcediff>
  recorded_at: Mon, 05 Jun 2023 12:44:22 GMT
- request:
    method: post
    uri: http://backend:5352/source/home:Iggy/bar_package-123456789?cmd=linkdiff&linkrev=base&onlyissues=1&view=xml
    body:
      encoding: UTF-8
      string: ''
    headers:
      Content-Type:
      - application/octet-stream
      Accept-Encoding:
      - gzip;q=1.0,deflate;q=0.6,identity;q=0.3
      Accept:
      - "*/*"
      User-Agent:
      - Ruby
  response:
    status:
      code: 200
      message: OK
    headers:
      Content-Type:
      - text/xml
      Cache-Control:
      - no-cache
      Connection:
      - close
      Content-Length:
      - '376'
    body:
      encoding: UTF-8
      string: |
        <sourcediff key="42ab4440fbe56a7498cf67677b57dc9b">
          <old project="foo_project" package="bar_package" rev="5cda538ad6229238adc392124d69f2ce" srcmd5="5cda538ad6229238adc392124d69f2ce"/>
          <new project="home:Iggy" package="bar_package-123456789" rev="b6f38a4a740afb34a59ac1b2661e2353" srcmd5="b6f38a4a740afb34a59ac1b2661e2353"/>
          <files/>
          <issues>
          </issues>
        </sourcediff>
  recorded_at: Mon, 05 Jun 2023 12:44:22 GMT
- request:
    method: put
    uri: http://backend:5352/source/home:Iggy/_meta?user=Iggy
    body:
      encoding: UTF-8
      string: |
        <project name="home:Iggy">
          <title/>
          <description/>
          <person userid="Iggy" role="maintainer"/>
          <repository name="openSUSE_Tumbleweed">
            <arch>x86_64</arch>
          </repository>
          <repository name="Unicorn_123">
            <arch>x86_64</arch>
            <arch>i586</arch>
            <arch>ppc</arch>
            <arch>aarch64</arch>
          </repository>
        </project>
    headers:
      Accept-Encoding:
      - gzip;q=1.0,deflate;q=0.6,identity;q=0.3
      Accept:
      - "*/*"
      User-Agent:
      - Ruby
  response:
    status:
      code: 200
      message: OK
    headers:
      Content-Type:
      - text/xml
      Cache-Control:
      - no-cache
      Connection:
      - close
      Content-Length:
      - '354'
    body:
      encoding: UTF-8
      string: |
        <project name="home:Iggy">
          <title></title>
          <description></description>
          <person userid="Iggy" role="maintainer"/>
          <repository name="openSUSE_Tumbleweed">
            <arch>x86_64</arch>
          </repository>
          <repository name="Unicorn_123">
            <arch>x86_64</arch>
            <arch>i586</arch>
            <arch>ppc</arch>
            <arch>aarch64</arch>
          </repository>
        </project>
  recorded_at: Mon, 05 Jun 2023 12:44:22 GMT
- request:
    method: put
    uri: http://backend:5352/source/home:Iggy/bar_package-123456789/_branch_request?user=Iggy
    body:
      encoding: UTF-8
      string: '{"action":"opened","pull_request":{"head":{"repo":{"full_name":"reponame"},"sha":"123456789"}}}'
    headers:
      Accept-Encoding:
      - gzip;q=1.0,deflate;q=0.6,identity;q=0.3
      Accept:
      - "*/*"
      User-Agent:
      - Ruby
  response:
    status:
      code: 200
      message: OK
    headers:
      Content-Type:
      - text/xml
      Cache-Control:
      - no-cache
      Connection:
      - close
      Content-Length:
      - '206'
    body:
      encoding: UTF-8
      string: |
        <revision rev="20" vrev="20">
          <srcmd5>25df772fb228a9d90dce59f9a67ba5d8</srcmd5>
          <version>unknown</version>
          <time>1685969063</time>
          <user>Iggy</user>
          <comment></comment>
          <requestid/>
        </revision>
  recorded_at: Mon, 05 Jun 2023 12:44:23 GMT
- request:
    method: put
    uri: http://backend:5352/source/home:Iggy/bar_package-123456789/_meta?user=Iggy
    body:
      encoding: UTF-8
      string: |
        <package name="bar_package-123456789" project="home:Iggy">
          <title>Taming a Sea Horse</title>
          <description>Ea veritatis ad voluptates.</description>
        </package>
    headers:
      Accept-Encoding:
      - gzip;q=1.0,deflate;q=0.6,identity;q=0.3
      Accept:
      - "*/*"
      User-Agent:
      - Ruby
  response:
    status:
      code: 200
      message: OK
    headers:
      Content-Type:
      - text/xml
      Cache-Control:
      - no-cache
      Connection:
      - close
      Content-Length:
      - '163'
    body:
      encoding: UTF-8
      string: |
        <package name="bar_package-123456789" project="home:Iggy">
          <title>Taming a Sea Horse</title>
          <description>Ea veritatis ad voluptates.</description>
        </package>
  recorded_at: Mon, 05 Jun 2023 12:44:23 GMT
- request:
    method: get
    uri: http://backend:5352/source/home:Iggy/bar_package-123456789
    body:
      encoding: US-ASCII
      string: ''
    headers:
      Accept-Encoding:
      - gzip;q=1.0,deflate;q=0.6,identity;q=0.3
      Accept:
      - "*/*"
      User-Agent:
      - Ruby
  response:
    status:
      code: 200
      message: OK
    headers:
      Content-Type:
      - text/xml
      Cache-Control:
      - no-cache
      Connection:
      - close
      Content-Length:
      - '732'
    body:
      encoding: UTF-8
      string: |
        <directory name="bar_package-123456789" rev="20" vrev="20" srcmd5="25df772fb228a9d90dce59f9a67ba5d8">
          <linkinfo project="foo_project" package="bar_package" srcmd5="5cda538ad6229238adc392124d69f2ce" baserev="5cda538ad6229238adc392124d69f2ce" xsrcmd5="e28b59f0182483162a98cf46d015e61a" lsrcmd5="25df772fb228a9d90dce59f9a67ba5d8"/>
          <entry name="_branch_request" md5="a0ae3e8c1598e691c7662a4b258bd481" size="95" mtime="1685969060"/>
          <entry name="_config" md5="2edd26684cc783cb30ad1c8400ec37ec" size="68" mtime="1685969062"/>
          <entry name="_link" md5="49bf24e49f0e0ddb3477d91a5662df55" size="141" mtime="1685969062"/>
          <entry name="somefile.txt" md5="7d160315e1fb6307efad1671c9477c2f" size="74" mtime="1685969062"/>
        </directory>
  recorded_at: Mon, 05 Jun 2023 12:44:23 GMT
- request:
    method: get
    uri: http://backend:5352/source/home:Iggy/bar_package-123456789?view=info
    body:
      encoding: US-ASCII
      string: ''
    headers:
      Accept-Encoding:
      - gzip;q=1.0,deflate;q=0.6,identity;q=0.3
      Accept:
      - "*/*"
      User-Agent:
      - Ruby
  response:
    status:
      code: 200
      message: OK
    headers:
      Content-Type:
      - text/xml
      Cache-Control:
      - no-cache
      Connection:
      - close
      Content-Length:
      - '341'
    body:
      encoding: UTF-8
      string: |
        <sourceinfo package="bar_package-123456789" rev="20" vrev="102" srcmd5="e28b59f0182483162a98cf46d015e61a" lsrcmd5="25df772fb228a9d90dce59f9a67ba5d8" verifymd5="a5a2610ea5c90832db0c479d99c9cbfa">
          <error>bad build configuration, no build type defined or detected</error>
          <linked project="foo_project" package="bar_package"/>
        </sourceinfo>
  recorded_at: Mon, 05 Jun 2023 12:44:23 GMT
- request:
    method: get
    uri: http://backend:5352/source/home:Iggy/bar_package-123456789
    body:
      encoding: US-ASCII
      string: ''
    headers:
      Accept-Encoding:
      - gzip;q=1.0,deflate;q=0.6,identity;q=0.3
      Accept:
      - "*/*"
      User-Agent:
      - Ruby
  response:
    status:
      code: 200
      message: OK
    headers:
      Content-Type:
      - text/xml
      Cache-Control:
      - no-cache
      Connection:
      - close
      Content-Length:
      - '732'
    body:
      encoding: UTF-8
      string: |
        <directory name="bar_package-123456789" rev="20" vrev="20" srcmd5="25df772fb228a9d90dce59f9a67ba5d8">
          <linkinfo project="foo_project" package="bar_package" srcmd5="5cda538ad6229238adc392124d69f2ce" baserev="5cda538ad6229238adc392124d69f2ce" xsrcmd5="e28b59f0182483162a98cf46d015e61a" lsrcmd5="25df772fb228a9d90dce59f9a67ba5d8"/>
          <entry name="_branch_request" md5="a0ae3e8c1598e691c7662a4b258bd481" size="95" mtime="1685969060"/>
          <entry name="_config" md5="2edd26684cc783cb30ad1c8400ec37ec" size="68" mtime="1685969062"/>
          <entry name="_link" md5="49bf24e49f0e0ddb3477d91a5662df55" size="141" mtime="1685969062"/>
          <entry name="somefile.txt" md5="7d160315e1fb6307efad1671c9477c2f" size="74" mtime="1685969062"/>
        </directory>
  recorded_at: Mon, 05 Jun 2023 12:44:23 GMT
- request:
    method: post
    uri: http://backend:5352/source/home:Iggy/bar_package-123456789?cmd=diff&linkrev=base&onlyissues=1&orev=0&view=xml
    body:
      encoding: UTF-8
      string: ''
    headers:
      Content-Type:
      - application/octet-stream
      Accept-Encoding:
      - gzip;q=1.0,deflate;q=0.6,identity;q=0.3
      Accept:
      - "*/*"
      User-Agent:
      - Ruby
  response:
    status:
      code: 200
      message: OK
    headers:
      Content-Type:
      - text/xml
      Cache-Control:
      - no-cache
      Connection:
      - close
      Content-Length:
      - '323'
    body:
      encoding: UTF-8
      string: |
        <sourcediff key="d22f23c3290726db8d875dda0ba04b1b">
          <old project="home:Iggy" package="bar_package-123456789" rev="0" srcmd5="d41d8cd98f00b204e9800998ecf8427e"/>
          <new project="home:Iggy" package="bar_package-123456789" rev="20" srcmd5="25df772fb228a9d90dce59f9a67ba5d8"/>
          <files/>
          <issues>
          </issues>
        </sourcediff>
  recorded_at: Mon, 05 Jun 2023 12:44:23 GMT
- request:
    method: post
    uri: http://backend:5352/source/home:Iggy/bar_package-123456789?cmd=linkdiff&linkrev=base&onlyissues=1&view=xml
    body:
      encoding: UTF-8
      string: ''
    headers:
      Content-Type:
      - application/octet-stream
      Accept-Encoding:
      - gzip;q=1.0,deflate;q=0.6,identity;q=0.3
      Accept:
      - "*/*"
      User-Agent:
      - Ruby
  response:
    status:
      code: 200
      message: OK
    headers:
      Content-Type:
      - text/xml
      Cache-Control:
      - no-cache
      Connection:
      - close
      Content-Length:
      - '376'
    body:
      encoding: UTF-8
      string: |
        <sourcediff key="0bc9ded6ba2b5c2eba7616bdb99b9b3e">
          <old project="foo_project" package="bar_package" rev="5cda538ad6229238adc392124d69f2ce" srcmd5="5cda538ad6229238adc392124d69f2ce"/>
          <new project="home:Iggy" package="bar_package-123456789" rev="e28b59f0182483162a98cf46d015e61a" srcmd5="e28b59f0182483162a98cf46d015e61a"/>
          <files/>
          <issues>
          </issues>
        </sourcediff>
  recorded_at: Mon, 05 Jun 2023 12:44:23 GMT
recorded_with: VCR 6.1.0
