---
http_interactions:
- request:
    method: put
    uri: http://backend:5352/source/home:tom/_meta?user=tom
    body:
      encoding: UTF-8
      string: |
        <project name="home:tom">
          <title/>
          <description/>
          <person userid="tom" role="maintainer"/>
        </project>
    headers:
      Accept-Encoding:
      - gzip;q=1.0,deflate;q=0.6,identity;q=0.3
      Accept:
      - "*/*"
      User-Agent:
      - Ruby
  response:
    status:
      code: 200
      message: OK
    headers:
      Content-Type:
      - text/xml
      Cache-Control:
      - no-cache
      Connection:
      - close
      Content-Length:
      - '128'
    body:
      encoding: UTF-8
      string: |
        <project name="home:tom">
          <title></title>
          <description></description>
          <person userid="tom" role="maintainer"/>
        </project>
  recorded_at: Mon, 31 Jan 2022 13:31:29 GMT
- request:
    method: put
    uri: http://backend:5352/source/home:tom/package_with_one_file/_meta?user=tom
    body:
      encoding: UTF-8
      string: |
        <package name="package_with_one_file" project="home:tom">
          <title>Dulce et Decorum Est</title>
          <description>Corrupti quis dolor reprehenderit.</description>
        </package>
    headers:
      Accept-Encoding:
      - gzip;q=1.0,deflate;q=0.6,identity;q=0.3
      Accept:
      - "*/*"
      User-Agent:
      - Ruby
  response:
    status:
      code: 200
      message: OK
    headers:
      Content-Type:
      - text/xml
      Cache-Control:
      - no-cache
      Connection:
      - close
      Content-Length:
      - '171'
    body:
      encoding: UTF-8
      string: |
        <package name="package_with_one_file" project="home:tom">
          <title>Dulce et Decorum Est</title>
          <description>Corrupti quis dolor reprehenderit.</description>
        </package>
  recorded_at: Mon, 31 Jan 2022 13:31:29 GMT
- request:
    method: put
    uri: http://backend:5352/source/home:tom/package_with_one_file/_service
    body:
      encoding: UTF-8
      string: "<services/>"
    headers:
      Accept-Encoding:
      - gzip;q=1.0,deflate;q=0.6,identity;q=0.3
      Accept:
      - "*/*"
      User-Agent:
      - Ruby
  response:
    status:
      code: 200
      message: OK
    headers:
      Content-Type:
      - text/xml
      Cache-Control:
      - no-cache
      Connection:
      - close
      Content-Length:
      - '207'
    body:
      encoding: UTF-8
      string: |
        <revision rev="1" vrev="1">
          <srcmd5>3aa6f0a366464f6678c6842d9802cdd1</srcmd5>
          <version>unknown</version>
          <time>1643635889</time>
          <user>unknown</user>
          <comment></comment>
          <requestid/>
        </revision>
  recorded_at: Mon, 31 Jan 2022 13:31:29 GMT
- request:
    method: get
    uri: http://backend:5352/source/home:tom/package_with_one_file
    body:
      encoding: US-ASCII
      string: ''
    headers:
      Accept-Encoding:
      - gzip;q=1.0,deflate;q=0.6,identity;q=0.3
      Accept:
      - "*/*"
      User-Agent:
      - Ruby
  response:
    status:
      code: 200
      message: OK
    headers:
      Content-Type:
      - text/xml
      Cache-Control:
      - no-cache
      Connection:
      - close
      Content-Length:
      - '240'
    body:
      encoding: UTF-8
      string: |
        <directory name="package_with_one_file" rev="1" vrev="1" srcmd5="3aa6f0a366464f6678c6842d9802cdd1">
          <serviceinfo code="running"/>
          <entry name="_service" md5="53b4f5c97c7a2122b964e5182c8325a2" size="11" mtime="1643635889"/>
        </directory>
  recorded_at: Mon, 31 Jan 2022 13:31:29 GMT
- request:
    method: get
    uri: http://backend:5352/source/home:tom/package_with_one_file?expand=1
    body:
      encoding: US-ASCII
      string: ''
    headers:
      Accept-Encoding:
      - gzip;q=1.0,deflate;q=0.6,identity;q=0.3
      Accept:
      - "*/*"
      User-Agent:
      - Ruby
  response:
    status:
      code: 200
      message: OK
    headers:
      Content-Type:
      - text/xml
      Cache-Control:
      - no-cache
      Connection:
      - close
      Content-Length:
      - '285'
    body:
      encoding: UTF-8
      string: |
        <directory name="package_with_one_file" rev="1" vrev="1" srcmd5="bb5a0e800164c58640d2ea211a183d72">
          <serviceinfo code="succeeded" lsrcmd5="3aa6f0a366464f6678c6842d9802cdd1"/>
          <entry name="_service" md5="53b4f5c97c7a2122b964e5182c8325a2" size="11" mtime="1643635889"/>
        </directory>
  recorded_at: Mon, 31 Jan 2022 13:31:29 GMT
recorded_with: VCR 6.0.0
