---
http_interactions:
- request:
    method: put
    uri: http://backend:5352/source/home:madam_submitter/_meta?user=madam_submitter
    body:
      encoding: UTF-8
      string: |
        <project name="home:madam_submitter">
          <title/>
          <description/>
          <person userid="madam_submitter" role="maintainer"/>
        </project>
    headers:
      Accept-Encoding:
      - gzip;q=1.0,deflate;q=0.6,identity;q=0.3
      Accept:
      - "*/*"
      User-Agent:
      - Ruby
  response:
    status:
      code: 200
      message: OK
    headers:
      Content-Type:
      - text/xml
      Cache-Control:
      - no-cache
      Connection:
      - close
      Content-Length:
      - '152'
    body:
      encoding: UTF-8
      string: |
        <project name="home:madam_submitter">
          <title></title>
          <description></description>
          <person userid="madam_submitter" role="maintainer"/>
        </project>
  recorded_at: Wed, 22 Feb 2023 18:11:34 GMT
- request:
    method: put
    uri: http://backend:5352/source/home:madam_submitter/Quebec/_meta?user=madam_submitter
    body:
      encoding: UTF-8
      string: |
        <package name="Quebec" project="home:madam_submitter">
          <title>Death Be Not Proud</title>
          <description>Necessitatibus mollitia voluptas dolor.</description>
        </package>
    headers:
      Accept-Encoding:
      - gzip;q=1.0,deflate;q=0.6,identity;q=0.3
      Accept:
      - "*/*"
      User-Agent:
      - Ruby
  response:
    status:
      code: 200
      message: OK
    headers:
      Content-Type:
      - text/xml
      Cache-Control:
      - no-cache
      Connection:
      - close
      Content-Length:
      - '171'
    body:
      encoding: UTF-8
      string: |
        <package name="Quebec" project="home:madam_submitter">
          <title>Death Be Not Proud</title>
          <description>Necessitatibus mollitia voluptas dolor.</description>
        </package>
  recorded_at: Wed, 22 Feb 2023 18:11:44 GMT
- request:
    method: put
    uri: http://backend:5352/source/home:madam_submitter/Quebec/_config
    body:
      encoding: UTF-8
      string: Autem libero eos. Perferendis praesentium aspernatur. Ipsa modi inventore.
    headers:
      Accept-Encoding:
      - gzip;q=1.0,deflate;q=0.6,identity;q=0.3
      Accept:
      - "*/*"
      User-Agent:
      - Ruby
  response:
    status:
      code: 200
      message: OK
    headers:
      Content-Type:
      - text/xml
      Cache-Control:
      - no-cache
      Connection:
      - close
      Content-Length:
      - '209'
    body:
      encoding: UTF-8
      string: |
        <revision rev="19" vrev="19">
          <srcmd5>5ea83fad2c141a99219a0a897d194f70</srcmd5>
          <version>unknown</version>
          <time>1677089504</time>
          <user>unknown</user>
          <comment></comment>
          <requestid/>
        </revision>
  recorded_at: Wed, 22 Feb 2023 18:11:44 GMT
- request:
    method: put
    uri: http://backend:5352/source/home:madam_submitter/Quebec/somefile.txt
    body:
      encoding: UTF-8
      string: Quis quos sit. Eos non temporibus. Enim beatae blanditiis.
    headers:
      Accept-Encoding:
      - gzip;q=1.0,deflate;q=0.6,identity;q=0.3
      Accept:
      - "*/*"
      User-Agent:
      - Ruby
  response:
    status:
      code: 200
      message: OK
    headers:
      Content-Type:
      - text/xml
      Cache-Control:
      - no-cache
      Connection:
      - close
      Content-Length:
      - '209'
    body:
      encoding: UTF-8
      string: |
        <revision rev="20" vrev="20">
          <srcmd5>e414927bf2743c5efbaf4b31fdf525d2</srcmd5>
          <version>unknown</version>
          <time>1677089504</time>
          <user>unknown</user>
          <comment></comment>
          <requestid/>
        </revision>
  recorded_at: Wed, 22 Feb 2023 18:11:44 GMT
- request:
    method: put
    uri: http://backend:5352/source/home:mr_receiver/_meta?user=mr_receiver
    body:
      encoding: UTF-8
      string: |
        <project name="home:mr_receiver">
          <title/>
          <description/>
          <person userid="mr_receiver" role="maintainer"/>
        </project>
    headers:
      Accept-Encoding:
      - gzip;q=1.0,deflate;q=0.6,identity;q=0.3
      Accept:
      - "*/*"
      User-Agent:
      - Ruby
  response:
    status:
      code: 200
      message: OK
    headers:
      Content-Type:
      - text/xml
      Cache-Control:
      - no-cache
      Connection:
      - close
      Content-Length:
      - '144'
    body:
      encoding: UTF-8
      string: |
        <project name="home:mr_receiver">
          <title></title>
          <description></description>
          <person userid="mr_receiver" role="maintainer"/>
        </project>
  recorded_at: Wed, 22 Feb 2023 18:11:44 GMT
- request:
    method: put
    uri: http://backend:5352/source/home:mr_receiver/Quebec/_meta?user=madam_submitter
    body:
      encoding: UTF-8
      string: |
        <package name="Quebec" project="home:mr_receiver">
          <title>The Other Side of Silence</title>
          <description>A neque velit voluptatem.</description>
        </package>
    headers:
      Accept-Encoding:
      - gzip;q=1.0,deflate;q=0.6,identity;q=0.3
      Accept:
      - "*/*"
      User-Agent:
      - Ruby
  response:
    status:
      code: 200
      message: OK
    headers:
      Content-Type:
      - text/xml
      Cache-Control:
      - no-cache
      Connection:
      - close
      Content-Length:
      - '160'
    body:
      encoding: UTF-8
      string: |
        <package name="Quebec" project="home:mr_receiver">
          <title>The Other Side of Silence</title>
          <description>A neque velit voluptatem.</description>
        </package>
  recorded_at: Wed, 22 Feb 2023 18:11:44 GMT
- request:
    method: put
    uri: http://backend:5352/source/home:mr_receiver/Quebec/_config
    body:
      encoding: UTF-8
      string: Est perferendis delectus. Ullam iste repudiandae. Debitis illo ut.
    headers:
      Accept-Encoding:
      - gzip;q=1.0,deflate;q=0.6,identity;q=0.3
      Accept:
      - "*/*"
      User-Agent:
      - Ruby
  response:
    status:
      code: 200
      message: OK
    headers:
      Content-Type:
      - text/xml
      Cache-Control:
      - no-cache
      Connection:
      - close
      Content-Length:
      - '209'
    body:
      encoding: UTF-8
      string: |
        <revision rev="11" vrev="11">
          <srcmd5>d277d309a099e4ab3c4156b3b182791f</srcmd5>
          <version>unknown</version>
          <time>1677089504</time>
          <user>unknown</user>
          <comment></comment>
          <requestid/>
        </revision>
  recorded_at: Wed, 22 Feb 2023 18:11:44 GMT
- request:
    method: put
    uri: http://backend:5352/source/home:mr_receiver/Quebec/somefile.txt
    body:
      encoding: UTF-8
      string: Quo autem voluptas. Libero animi in. Ratione qui et.
    headers:
      Accept-Encoding:
      - gzip;q=1.0,deflate;q=0.6,identity;q=0.3
      Accept:
      - "*/*"
      User-Agent:
      - Ruby
  response:
    status:
      code: 200
      message: OK
    headers:
      Content-Type:
      - text/xml
      Cache-Control:
      - no-cache
      Connection:
      - close
      Content-Length:
      - '209'
    body:
      encoding: UTF-8
      string: |
        <revision rev="12" vrev="12">
          <srcmd5>08207ccec2a39f1777a5dca1f3b863b9</srcmd5>
          <version>unknown</version>
          <time>1677089504</time>
          <user>unknown</user>
          <comment></comment>
          <requestid/>
        </revision>
  recorded_at: Wed, 22 Feb 2023 18:11:44 GMT
- request:
    method: post
    uri: http://backend:5352/search/package/id?match=(linkinfo/@package=%22Quebec%22%20and%20linkinfo/@project=%22home:madam_submitter%22%20and%20@project=%22home:madam_submitter%22)
    body:
      encoding: UTF-8
      string: ''
    headers:
      Content-Type:
      - application/octet-stream
      Accept-Encoding:
      - gzip;q=1.0,deflate;q=0.6,identity;q=0.3
      Accept:
      - "*/*"
      User-Agent:
      - Ruby
  response:
    status:
      code: 200
      message: OK
    headers:
      Content-Type:
      - text/xml
      Cache-Control:
      - no-cache
      Connection:
      - close
      Content-Length:
      - '92'
    body:
      encoding: UTF-8
      string: |
        <collection>
          <package name="Quebec_branch" project="home:madam_submitter"/>
        </collection>
  recorded_at: Wed, 22 Feb 2023 18:11:44 GMT
- request:
    method: put
    uri: http://backend:5352/source/home:madam_submitter/Quebec_branch/_meta?user=madam_submitter
    body:
      encoding: UTF-8
      string: |
        <package name="Quebec_branch" project="home:madam_submitter">
          <title>Death Be Not Proud</title>
          <description>Necessitatibus mollitia voluptas dolor.</description>
        </package>
    headers:
      Accept-Encoding:
      - gzip;q=1.0,deflate;q=0.6,identity;q=0.3
      Accept:
      - "*/*"
      User-Agent:
      - Ruby
  response:
    status:
      code: 200
      message: OK
    headers:
      Content-Type:
      - text/xml
      Cache-Control:
      - no-cache
      Connection:
      - close
      Content-Length:
      - '178'
    body:
      encoding: UTF-8
      string: |
        <package name="Quebec_branch" project="home:madam_submitter">
          <title>Death Be Not Proud</title>
          <description>Necessitatibus mollitia voluptas dolor.</description>
        </package>
  recorded_at: Wed, 22 Feb 2023 18:11:44 GMT
- request:
    method: post
    uri: http://backend:5352/source/home:madam_submitter/Quebec_branch?cmd=branch&noservice=1&opackage=Quebec&oproject=home:madam_submitter&user=madam_submitter
    body:
      encoding: UTF-8
      string: ''
    headers:
      Content-Type:
      - application/octet-stream
      Accept-Encoding:
      - gzip;q=1.0,deflate;q=0.6,identity;q=0.3
      Accept:
      - "*/*"
      User-Agent:
      - Ruby
  response:
    status:
      code: 200
      message: OK
    headers:
      Content-Type:
      - text/xml
      Cache-Control:
      - no-cache
      Connection:
      - close
      Content-Length:
      - '215'
    body:
      encoding: UTF-8
      string: |
        <revision rev="7" vrev="7">
          <srcmd5>5cab870af101e7a08107d1f2abb76e94</srcmd5>
          <version>unknown</version>
          <time>1677089504</time>
          <user>madam_submitter</user>
          <comment></comment>
          <requestid/>
        </revision>
  recorded_at: Wed, 22 Feb 2023 18:11:44 GMT
- request:
    method: put
    uri: http://backend:5352/source/home:madam_submitter/Quebec_branch/_meta?user=madam_submitter
    body:
      encoding: UTF-8
      string: |
        <package name="Quebec_branch" project="home:madam_submitter">
          <title>Death Be Not Proud</title>
          <description>Necessitatibus mollitia voluptas dolor.</description>
        </package>
    headers:
      Accept-Encoding:
      - gzip;q=1.0,deflate;q=0.6,identity;q=0.3
      Accept:
      - "*/*"
      User-Agent:
      - Ruby
  response:
    status:
      code: 200
      message: OK
    headers:
      Content-Type:
      - text/xml
      Cache-Control:
      - no-cache
      Connection:
      - close
      Content-Length:
      - '178'
    body:
      encoding: UTF-8
      string: |
        <package name="Quebec_branch" project="home:madam_submitter">
          <title>Death Be Not Proud</title>
          <description>Necessitatibus mollitia voluptas dolor.</description>
        </package>
  recorded_at: Wed, 22 Feb 2023 18:11:44 GMT
- request:
    method: get
    uri: http://backend:5352/source/home:madam_submitter/Quebec_branch
    body:
      encoding: US-ASCII
      string: ''
    headers:
      Accept-Encoding:
      - gzip;q=1.0,deflate;q=0.6,identity;q=0.3
      Accept:
      - "*/*"
      User-Agent:
      - Ruby
  response:
    status:
      code: 200
      message: OK
    headers:
      Content-Type:
      - text/xml
      Cache-Control:
      - no-cache
      Connection:
      - close
      Content-Length:
      - '624'
    body:
      encoding: UTF-8
      string: |
        <directory name="Quebec_branch" rev="7" vrev="7" srcmd5="5cab870af101e7a08107d1f2abb76e94">
          <linkinfo project="home:madam_submitter" package="Quebec" srcmd5="e414927bf2743c5efbaf4b31fdf525d2" baserev="e414927bf2743c5efbaf4b31fdf525d2" xsrcmd5="3b81a13df4e54ecc1fe05c3a8ff21345" lsrcmd5="5cab870af101e7a08107d1f2abb76e94"/>
          <entry name="_config" md5="d9a6910d72687fa4f2487f7e6f865524" size="74" mtime="1677089504"/>
          <entry name="_link" md5="189f2fe0ee1712f096a1c7043468a712" size="114" mtime="1677089504"/>
          <entry name="somefile.txt" md5="17d687b5a63b461c2e1e61817934d5c7" size="58" mtime="1677089504"/>
        </directory>
  recorded_at: Wed, 22 Feb 2023 18:11:44 GMT
- request:
    method: get
    uri: http://backend:5352/source/home:madam_submitter/Quebec_branch?view=info
    body:
      encoding: US-ASCII
      string: ''
    headers:
      Accept-Encoding:
      - gzip;q=1.0,deflate;q=0.6,identity;q=0.3
      Accept:
      - "*/*"
      User-Agent:
      - Ruby
  response:
    status:
      code: 200
      message: OK
    headers:
      Content-Type:
      - text/xml
      Cache-Control:
      - no-cache
      Connection:
      - close
      Content-Length:
      - '335'
    body:
      encoding: UTF-8
      string: |
        <sourceinfo package="Quebec_branch" rev="7" vrev="27" srcmd5="3b81a13df4e54ecc1fe05c3a8ff21345" lsrcmd5="5cab870af101e7a08107d1f2abb76e94" verifymd5="e414927bf2743c5efbaf4b31fdf525d2">
          <error>bad build configuration, no build type defined or detected</error>
          <linked project="home:madam_submitter" package="Quebec"/>
        </sourceinfo>
  recorded_at: Wed, 22 Feb 2023 18:11:44 GMT
- request:
    method: get
    uri: http://backend:5352/source/home:madam_submitter/Quebec_branch
    body:
      encoding: US-ASCII
      string: ''
    headers:
      Accept-Encoding:
      - gzip;q=1.0,deflate;q=0.6,identity;q=0.3
      Accept:
      - "*/*"
      User-Agent:
      - Ruby
  response:
    status:
      code: 200
      message: OK
    headers:
      Content-Type:
      - text/xml
      Cache-Control:
      - no-cache
      Connection:
      - close
      Content-Length:
      - '624'
    body:
      encoding: UTF-8
      string: |
        <directory name="Quebec_branch" rev="7" vrev="7" srcmd5="5cab870af101e7a08107d1f2abb76e94">
          <linkinfo project="home:madam_submitter" package="Quebec" srcmd5="e414927bf2743c5efbaf4b31fdf525d2" baserev="e414927bf2743c5efbaf4b31fdf525d2" xsrcmd5="3b81a13df4e54ecc1fe05c3a8ff21345" lsrcmd5="5cab870af101e7a08107d1f2abb76e94"/>
          <entry name="_config" md5="d9a6910d72687fa4f2487f7e6f865524" size="74" mtime="1677089504"/>
          <entry name="_link" md5="189f2fe0ee1712f096a1c7043468a712" size="114" mtime="1677089504"/>
          <entry name="somefile.txt" md5="17d687b5a63b461c2e1e61817934d5c7" size="58" mtime="1677089504"/>
        </directory>
  recorded_at: Wed, 22 Feb 2023 18:11:44 GMT
- request:
    method: post
    uri: http://backend:5352/source/home:madam_submitter/Quebec_branch?cmd=diff&linkrev=base&onlyissues=1&orev=0&view=xml
    body:
      encoding: UTF-8
      string: ''
    headers:
      Content-Type:
      - application/octet-stream
      Accept-Encoding:
      - gzip;q=1.0,deflate;q=0.6,identity;q=0.3
      Accept:
      - "*/*"
      User-Agent:
      - Ruby
  response:
    status:
      code: 200
      message: OK
    headers:
      Content-Type:
      - text/xml
      Cache-Control:
      - no-cache
      Connection:
      - close
      Content-Length:
      - '328'
    body:
      encoding: UTF-8
      string: |
        <sourcediff key="c1244000a95428f1b885116cee323b9f">
          <old project="home:madam_submitter" package="Quebec_branch" rev="0" srcmd5="d41d8cd98f00b204e9800998ecf8427e"/>
          <new project="home:madam_submitter" package="Quebec_branch" rev="7" srcmd5="5cab870af101e7a08107d1f2abb76e94"/>
          <files/>
          <issues>
          </issues>
        </sourcediff>
  recorded_at: Wed, 22 Feb 2023 18:11:44 GMT
- request:
    method: post
    uri: http://backend:5352/source/home:madam_submitter/Quebec_branch?cmd=linkdiff&linkrev=base&onlyissues=1&view=xml
    body:
      encoding: UTF-8
      string: ''
    headers:
      Content-Type:
      - application/octet-stream
      Accept-Encoding:
      - gzip;q=1.0,deflate;q=0.6,identity;q=0.3
      Accept:
      - "*/*"
      User-Agent:
      - Ruby
  response:
    status:
      code: 200
      message: OK
    headers:
      Content-Type:
      - text/xml
      Cache-Control:
      - no-cache
      Connection:
      - close
      Content-Length:
      - '383'
    body:
      encoding: UTF-8
      string: |
        <sourcediff key="e6b64d75fc552d5840e68262fbf5e3ca">
          <old project="home:madam_submitter" package="Quebec" rev="e414927bf2743c5efbaf4b31fdf525d2" srcmd5="e414927bf2743c5efbaf4b31fdf525d2"/>
          <new project="home:madam_submitter" package="Quebec_branch" rev="3b81a13df4e54ecc1fe05c3a8ff21345" srcmd5="3b81a13df4e54ecc1fe05c3a8ff21345"/>
          <files/>
          <issues>
          </issues>
        </sourcediff>
  recorded_at: Wed, 22 Feb 2023 18:11:44 GMT
- request:
    method: put
    uri: http://backend:5352/source/home:madam_submitter/_meta?user=madam_submitter
    body:
      encoding: UTF-8
      string: |
        <project name="home:madam_submitter">
          <title/>
          <description/>
          <person userid="madam_submitter" role="maintainer"/>
        </project>
    headers:
      Accept-Encoding:
      - gzip;q=1.0,deflate;q=0.6,identity;q=0.3
      Accept:
      - "*/*"
      User-Agent:
      - Ruby
  response:
    status:
      code: 200
      message: OK
    headers:
      Content-Type:
      - text/xml
      Cache-Control:
      - no-cache
      Connection:
      - close
      Content-Length:
      - '152'
    body:
      encoding: UTF-8
      string: |
        <project name="home:madam_submitter">
          <title></title>
          <description></description>
          <person userid="madam_submitter" role="maintainer"/>
        </project>
  recorded_at: Wed, 22 Feb 2023 18:11:44 GMT
- request:
    method: put
    uri: http://backend:5352/source/home:madam_submitter/Quebec_branch/new_file?user=madam_submitter
    body:
      encoding: UTF-8
      string: I am a new file
    headers:
      Accept-Encoding:
      - gzip;q=1.0,deflate;q=0.6,identity;q=0.3
      Accept:
      - "*/*"
      User-Agent:
      - Ruby
  response:
    status:
      code: 200
      message: OK
    headers:
      Content-Type:
      - text/xml
      Cache-Control:
      - no-cache
      Connection:
      - close
      Content-Length:
      - '215'
    body:
      encoding: UTF-8
      string: |
        <revision rev="8" vrev="8">
          <srcmd5>4b4b8e8ae3ed82710a39ff383c2e1f6c</srcmd5>
          <version>unknown</version>
          <time>1677089504</time>
          <user>madam_submitter</user>
          <comment></comment>
          <requestid/>
        </revision>
  recorded_at: Wed, 22 Feb 2023 18:11:44 GMT
- request:
    method: put
    uri: http://backend:5352/source/home:madam_submitter/Quebec_branch/_meta?user=madam_submitter
    body:
      encoding: UTF-8
      string: |
        <package name="Quebec_branch" project="home:madam_submitter">
          <title>Death Be Not Proud</title>
          <description>Necessitatibus mollitia voluptas dolor.</description>
        </package>
    headers:
      Accept-Encoding:
      - gzip;q=1.0,deflate;q=0.6,identity;q=0.3
      Accept:
      - "*/*"
      User-Agent:
      - Ruby
  response:
    status:
      code: 200
      message: OK
    headers:
      Content-Type:
      - text/xml
      Cache-Control:
      - no-cache
      Connection:
      - close
      Content-Length:
      - '178'
    body:
      encoding: UTF-8
      string: |
        <package name="Quebec_branch" project="home:madam_submitter">
          <title>Death Be Not Proud</title>
          <description>Necessitatibus mollitia voluptas dolor.</description>
        </package>
  recorded_at: Wed, 22 Feb 2023 18:11:44 GMT
- request:
    method: get
    uri: http://backend:5352/source/home:madam_submitter/Quebec_branch
    body:
      encoding: US-ASCII
      string: ''
    headers:
      Accept-Encoding:
      - gzip;q=1.0,deflate;q=0.6,identity;q=0.3
      Accept:
      - "*/*"
      User-Agent:
      - Ruby
  response:
    status:
      code: 200
      message: OK
    headers:
      Content-Type:
      - text/xml
      Cache-Control:
      - no-cache
      Connection:
      - close
      Content-Length:
      - '719'
    body:
      encoding: UTF-8
      string: |
        <directory name="Quebec_branch" rev="8" vrev="8" srcmd5="4b4b8e8ae3ed82710a39ff383c2e1f6c">
          <linkinfo project="home:madam_submitter" package="Quebec" srcmd5="e414927bf2743c5efbaf4b31fdf525d2" baserev="e414927bf2743c5efbaf4b31fdf525d2" xsrcmd5="79420fcb8aa08dd3716c7c55f92cb1ed" lsrcmd5="4b4b8e8ae3ed82710a39ff383c2e1f6c"/>
          <entry name="_config" md5="d9a6910d72687fa4f2487f7e6f865524" size="74" mtime="1677089504"/>
          <entry name="_link" md5="189f2fe0ee1712f096a1c7043468a712" size="114" mtime="1677089504"/>
          <entry name="new_file" md5="a451b9bbe42ff6529f209b4d184236fe" size="15" mtime="1677067300"/>
          <entry name="somefile.txt" md5="17d687b5a63b461c2e1e61817934d5c7" size="58" mtime="1677089504"/>
        </directory>
  recorded_at: Wed, 22 Feb 2023 18:11:44 GMT
- request:
    method: get
    uri: http://backend:5352/source/home:madam_submitter/Quebec_branch?view=info
    body:
      encoding: US-ASCII
      string: ''
    headers:
      Accept-Encoding:
      - gzip;q=1.0,deflate;q=0.6,identity;q=0.3
      Accept:
      - "*/*"
      User-Agent:
      - Ruby
  response:
    status:
      code: 200
      message: OK
    headers:
      Content-Type:
      - text/xml
      Cache-Control:
      - no-cache
      Connection:
      - close
      Content-Length:
      - '335'
    body:
      encoding: UTF-8
      string: |
        <sourceinfo package="Quebec_branch" rev="8" vrev="28" srcmd5="79420fcb8aa08dd3716c7c55f92cb1ed" lsrcmd5="4b4b8e8ae3ed82710a39ff383c2e1f6c" verifymd5="54d03615e235190bed325c762f9067c7">
          <error>bad build configuration, no build type defined or detected</error>
          <linked project="home:madam_submitter" package="Quebec"/>
        </sourceinfo>
  recorded_at: Wed, 22 Feb 2023 18:11:44 GMT
- request:
    method: get
    uri: http://backend:5352/source/home:madam_submitter/Quebec_branch
    body:
      encoding: US-ASCII
      string: ''
    headers:
      Accept-Encoding:
      - gzip;q=1.0,deflate;q=0.6,identity;q=0.3
      Accept:
      - "*/*"
      User-Agent:
      - Ruby
  response:
    status:
      code: 200
      message: OK
    headers:
      Content-Type:
      - text/xml
      Cache-Control:
      - no-cache
      Connection:
      - close
      Content-Length:
      - '719'
    body:
      encoding: UTF-8
      string: |
        <directory name="Quebec_branch" rev="8" vrev="8" srcmd5="4b4b8e8ae3ed82710a39ff383c2e1f6c">
          <linkinfo project="home:madam_submitter" package="Quebec" srcmd5="e414927bf2743c5efbaf4b31fdf525d2" baserev="e414927bf2743c5efbaf4b31fdf525d2" xsrcmd5="79420fcb8aa08dd3716c7c55f92cb1ed" lsrcmd5="4b4b8e8ae3ed82710a39ff383c2e1f6c"/>
          <entry name="_config" md5="d9a6910d72687fa4f2487f7e6f865524" size="74" mtime="1677089504"/>
          <entry name="_link" md5="189f2fe0ee1712f096a1c7043468a712" size="114" mtime="1677089504"/>
          <entry name="new_file" md5="a451b9bbe42ff6529f209b4d184236fe" size="15" mtime="1677067300"/>
          <entry name="somefile.txt" md5="17d687b5a63b461c2e1e61817934d5c7" size="58" mtime="1677089504"/>
        </directory>
  recorded_at: Wed, 22 Feb 2023 18:11:44 GMT
- request:
    method: post
    uri: http://backend:5352/source/home:madam_submitter/Quebec_branch?cmd=diff&linkrev=base&onlyissues=1&orev=0&view=xml
    body:
      encoding: UTF-8
      string: ''
    headers:
      Content-Type:
      - application/octet-stream
      Accept-Encoding:
      - gzip;q=1.0,deflate;q=0.6,identity;q=0.3
      Accept:
      - "*/*"
      User-Agent:
      - Ruby
  response:
    status:
      code: 200
      message: OK
    headers:
      Content-Type:
      - text/xml
      Cache-Control:
      - no-cache
      Connection:
      - close
      Content-Length:
      - '328'
    body:
      encoding: UTF-8
      string: |
        <sourcediff key="410b15841c0552ec205f26376025a632">
          <old project="home:madam_submitter" package="Quebec_branch" rev="0" srcmd5="d41d8cd98f00b204e9800998ecf8427e"/>
          <new project="home:madam_submitter" package="Quebec_branch" rev="8" srcmd5="4b4b8e8ae3ed82710a39ff383c2e1f6c"/>
          <files/>
          <issues>
          </issues>
        </sourcediff>
  recorded_at: Wed, 22 Feb 2023 18:11:44 GMT
- request:
    method: post
    uri: http://backend:5352/source/home:madam_submitter/Quebec_branch?cmd=linkdiff&linkrev=base&onlyissues=1&view=xml
    body:
      encoding: UTF-8
      string: ''
    headers:
      Content-Type:
      - application/octet-stream
      Accept-Encoding:
      - gzip;q=1.0,deflate;q=0.6,identity;q=0.3
      Accept:
      - "*/*"
      User-Agent:
      - Ruby
  response:
    status:
      code: 200
      message: OK
    headers:
      Content-Type:
      - text/xml
      Cache-Control:
      - no-cache
      Connection:
      - close
      Content-Length:
      - '383'
    body:
      encoding: UTF-8
      string: |
        <sourcediff key="74b55ec960d32808681e9d165b65d8f1">
          <old project="home:madam_submitter" package="Quebec" rev="e414927bf2743c5efbaf4b31fdf525d2" srcmd5="e414927bf2743c5efbaf4b31fdf525d2"/>
          <new project="home:madam_submitter" package="Quebec_branch" rev="79420fcb8aa08dd3716c7c55f92cb1ed" srcmd5="79420fcb8aa08dd3716c7c55f92cb1ed"/>
          <files/>
          <issues>
          </issues>
        </sourcediff>
  recorded_at: Wed, 22 Feb 2023 18:11:44 GMT
- request:
    method: get
    uri: http://backend:5352/source/home:madam_submitter/Quebec?view=info
    body:
      encoding: US-ASCII
      string: ''
    headers:
      X-Request-Id:
      - 7d72ab24-1e82-4505-a991-c5eecf1ab635
      Accept-Encoding:
      - gzip;q=1.0,deflate;q=0.6,identity;q=0.3
      Accept:
      - "*/*"
      User-Agent:
      - Ruby
  response:
    status:
      code: 200
      message: OK
    headers:
      Content-Type:
      - text/xml
      Cache-Control:
      - no-cache
      Connection:
      - close
      Content-Length:
      - '226'
    body:
      encoding: UTF-8
      string: |
        <sourceinfo package="Quebec" rev="20" vrev="20" srcmd5="e414927bf2743c5efbaf4b31fdf525d2" verifymd5="e414927bf2743c5efbaf4b31fdf525d2">
          <error>bad build configuration, no build type defined or detected</error>
        </sourceinfo>
  recorded_at: Wed, 22 Feb 2023 18:11:44 GMT
- request:
    method: get
    uri: http://backend:5352/source/home:madam_submitter/Quebec
    body:
      encoding: US-ASCII
      string: ''
    headers:
      X-Request-Id:
      - 7d72ab24-1e82-4505-a991-c5eecf1ab635
      Accept-Encoding:
      - gzip;q=1.0,deflate;q=0.6,identity;q=0.3
      Accept:
      - "*/*"
      User-Agent:
      - Ruby
  response:
    status:
      code: 200
      message: OK
    headers:
      Content-Type:
      - text/xml
      Cache-Control:
      - no-cache
      Connection:
      - close
      Content-Length:
      - '293'
    body:
      encoding: UTF-8
      string: |
        <directory name="Quebec" rev="20" vrev="20" srcmd5="e414927bf2743c5efbaf4b31fdf525d2">
          <entry name="_config" md5="d9a6910d72687fa4f2487f7e6f865524" size="74" mtime="1677089504"/>
          <entry name="somefile.txt" md5="17d687b5a63b461c2e1e61817934d5c7" size="58" mtime="1677089504"/>
        </directory>
  recorded_at: Wed, 22 Feb 2023 18:11:44 GMT
- request:
    method: post
    uri: http://backend:5352/source/home:madam_submitter/Quebec?cmd=diff&linkrev=base&onlyissues=1&orev=0&view=xml
    body:
      encoding: UTF-8
      string: ''
    headers:
      Content-Type:
      - application/octet-stream
      Accept-Encoding:
      - gzip;q=1.0,deflate;q=0.6,identity;q=0.3
      Accept:
      - "*/*"
      User-Agent:
      - Ruby
  response:
    status:
      code: 200
      message: OK
    headers:
      Content-Type:
      - text/xml
      Cache-Control:
      - no-cache
      Connection:
      - close
      Content-Length:
      - '315'
    body:
      encoding: UTF-8
      string: |
        <sourcediff key="70b3a013b52203e13ea696119636edfd">
          <old project="home:madam_submitter" package="Quebec" rev="0" srcmd5="d41d8cd98f00b204e9800998ecf8427e"/>
          <new project="home:madam_submitter" package="Quebec" rev="20" srcmd5="e414927bf2743c5efbaf4b31fdf525d2"/>
          <files/>
          <issues>
          </issues>
        </sourcediff>
  recorded_at: Wed, 22 Feb 2023 18:11:44 GMT
- request:
    method: get
    uri: http://backend:5352/source/home:madam_submitter/Quebec_branch
    body:
      encoding: US-ASCII
      string: ''
    headers:
      X-Request-Id:
      - 7d72ab24-1e82-4505-a991-c5eecf1ab635
      Accept-Encoding:
      - gzip;q=1.0,deflate;q=0.6,identity;q=0.3
      Accept:
      - "*/*"
      User-Agent:
      - Ruby
  response:
    status:
      code: 200
      message: OK
    headers:
      Content-Type:
      - text/xml
      Cache-Control:
      - no-cache
      Connection:
      - close
      Content-Length:
      - '719'
    body:
      encoding: UTF-8
      string: |
        <directory name="Quebec_branch" rev="8" vrev="8" srcmd5="4b4b8e8ae3ed82710a39ff383c2e1f6c">
          <linkinfo project="home:madam_submitter" package="Quebec" srcmd5="e414927bf2743c5efbaf4b31fdf525d2" baserev="e414927bf2743c5efbaf4b31fdf525d2" xsrcmd5="79420fcb8aa08dd3716c7c55f92cb1ed" lsrcmd5="4b4b8e8ae3ed82710a39ff383c2e1f6c"/>
          <entry name="_config" md5="d9a6910d72687fa4f2487f7e6f865524" size="74" mtime="1677089504"/>
          <entry name="_link" md5="189f2fe0ee1712f096a1c7043468a712" size="114" mtime="1677089504"/>
          <entry name="new_file" md5="a451b9bbe42ff6529f209b4d184236fe" size="15" mtime="1677067300"/>
          <entry name="somefile.txt" md5="17d687b5a63b461c2e1e61817934d5c7" size="58" mtime="1677089504"/>
        </directory>
  recorded_at: Wed, 22 Feb 2023 18:11:44 GMT
- request:
    method: get
    uri: http://backend:5352/source/home:madam_submitter/Quebec_branch?expand=1&rev=8
    body:
      encoding: US-ASCII
      string: ''
    headers:
      Accept-Encoding:
      - gzip;q=1.0,deflate;q=0.6,identity;q=0.3
      Accept:
      - "*/*"
      User-Agent:
      - Ruby
  response:
    status:
      code: 200
      message: OK
    headers:
      Content-Type:
      - text/xml
      Cache-Control:
      - no-cache
      Connection:
      - close
      Content-Length:
      - '615'
    body:
      encoding: UTF-8
      string: |
        <directory name="Quebec_branch" rev="79420fcb8aa08dd3716c7c55f92cb1ed" vrev="28" srcmd5="79420fcb8aa08dd3716c7c55f92cb1ed">
          <linkinfo project="home:madam_submitter" package="Quebec" srcmd5="e414927bf2743c5efbaf4b31fdf525d2" baserev="e414927bf2743c5efbaf4b31fdf525d2" lsrcmd5="4b4b8e8ae3ed82710a39ff383c2e1f6c"/>
          <entry name="_config" md5="d9a6910d72687fa4f2487f7e6f865524" size="74" mtime="1677089504"/>
          <entry name="new_file" md5="a451b9bbe42ff6529f209b4d184236fe" size="15" mtime="1677067300"/>
          <entry name="somefile.txt" md5="17d687b5a63b461c2e1e61817934d5c7" size="58" mtime="1677089504"/>
        </directory>
  recorded_at: Wed, 22 Feb 2023 18:11:44 GMT
- request:
    method: get
    uri: http://backend:5352/source/home:madam_submitter/Quebec_branch/_history?deleted=1&meta=1&rev=8
    body:
      encoding: US-ASCII
      string: ''
    headers:
      X-Request-Id:
      - 7d72ab24-1e82-4505-a991-c5eecf1ab635
      Accept-Encoding:
      - gzip;q=1.0,deflate;q=0.6,identity;q=0.3
      Accept:
      - "*/*"
      User-Agent:
      - Ruby
  response:
    status:
      code: 200
      message: OK
    headers:
      Content-Type:
      - text/xml
      Cache-Control:
      - no-cache
      Connection:
      - close
      Content-Length:
      - '31'
    body:
      encoding: UTF-8
      string: |
        <revisionlist>
        </revisionlist>
  recorded_at: Wed, 22 Feb 2023 18:11:44 GMT
- request:
    method: get
    uri: http://backend:5352/source/home:madam_submitter/Quebec_branch
    body:
      encoding: US-ASCII
      string: ''
    headers:
      X-Request-Id:
      - 7d72ab24-1e82-4505-a991-c5eecf1ab635
      Accept-Encoding:
      - gzip;q=1.0,deflate;q=0.6,identity;q=0.3
      Accept:
      - "*/*"
      User-Agent:
      - Ruby
  response:
    status:
      code: 200
      message: OK
    headers:
      Content-Type:
      - text/xml
      Cache-Control:
      - no-cache
      Connection:
      - close
      Content-Length:
      - '719'
    body:
      encoding: UTF-8
      string: |
        <directory name="Quebec_branch" rev="8" vrev="8" srcmd5="4b4b8e8ae3ed82710a39ff383c2e1f6c">
          <linkinfo project="home:madam_submitter" package="Quebec" srcmd5="e414927bf2743c5efbaf4b31fdf525d2" baserev="e414927bf2743c5efbaf4b31fdf525d2" xsrcmd5="79420fcb8aa08dd3716c7c55f92cb1ed" lsrcmd5="4b4b8e8ae3ed82710a39ff383c2e1f6c"/>
          <entry name="_config" md5="d9a6910d72687fa4f2487f7e6f865524" size="74" mtime="1677089504"/>
          <entry name="_link" md5="189f2fe0ee1712f096a1c7043468a712" size="114" mtime="1677089504"/>
          <entry name="new_file" md5="a451b9bbe42ff6529f209b4d184236fe" size="15" mtime="1677067300"/>
          <entry name="somefile.txt" md5="17d687b5a63b461c2e1e61817934d5c7" size="58" mtime="1677089504"/>
        </directory>
  recorded_at: Wed, 22 Feb 2023 18:11:44 GMT
- request:
    method: get
    uri: http://backend:5352/source/home:madam_submitter/Quebec_branch
    body:
      encoding: US-ASCII
      string: ''
    headers:
      X-Request-Id:
      - 7d72ab24-1e82-4505-a991-c5eecf1ab635
      Accept-Encoding:
      - gzip;q=1.0,deflate;q=0.6,identity;q=0.3
      Accept:
      - "*/*"
      User-Agent:
      - Ruby
  response:
    status:
      code: 200
      message: OK
    headers:
      Content-Type:
      - text/xml
      Cache-Control:
      - no-cache
      Connection:
      - close
      Content-Length:
      - '719'
    body:
      encoding: UTF-8
      string: |
        <directory name="Quebec_branch" rev="8" vrev="8" srcmd5="4b4b8e8ae3ed82710a39ff383c2e1f6c">
          <linkinfo project="home:madam_submitter" package="Quebec" srcmd5="e414927bf2743c5efbaf4b31fdf525d2" baserev="e414927bf2743c5efbaf4b31fdf525d2" xsrcmd5="79420fcb8aa08dd3716c7c55f92cb1ed" lsrcmd5="4b4b8e8ae3ed82710a39ff383c2e1f6c"/>
          <entry name="_config" md5="d9a6910d72687fa4f2487f7e6f865524" size="74" mtime="1677089504"/>
          <entry name="_link" md5="189f2fe0ee1712f096a1c7043468a712" size="114" mtime="1677089504"/>
          <entry name="new_file" md5="a451b9bbe42ff6529f209b4d184236fe" size="15" mtime="1677067300"/>
          <entry name="somefile.txt" md5="17d687b5a63b461c2e1e61817934d5c7" size="58" mtime="1677089504"/>
        </directory>
  recorded_at: Wed, 22 Feb 2023 18:11:44 GMT
- request:
    method: get
    uri: http://backend:5352/source/home:madam_submitter/Quebec_branch/_history?deleted=1&meta=1
    body:
      encoding: US-ASCII
      string: ''
    headers:
      X-Request-Id:
      - 7d72ab24-1e82-4505-a991-c5eecf1ab635
      Accept-Encoding:
      - gzip;q=1.0,deflate;q=0.6,identity;q=0.3
      Accept:
      - "*/*"
      User-Agent:
      - Ruby
  response:
    status:
      code: 200
      message: OK
    headers:
      Content-Type:
      - text/xml
      Cache-Control:
      - no-cache
      Connection:
      - close
      Content-Length:
      - '31'
    body:
      encoding: UTF-8
      string: |
        <revisionlist>
        </revisionlist>
  recorded_at: Wed, 22 Feb 2023 18:11:45 GMT
- request:
    method: get
    uri: http://backend:5352/build/home:madam_submitter/_result?lastbuild=1&locallink=1&multibuild=1&package=Quebec_branch&view=status
    body:
      encoding: US-ASCII
      string: ''
    headers:
      X-Request-Id:
      - 3a6fc559-4139-4944-86cf-e83eccd4d030
      Accept-Encoding:
      - gzip;q=1.0,deflate;q=0.6,identity;q=0.3
      Accept:
      - "*/*"
      User-Agent:
      - Ruby
  response:
    status:
      code: 200
      message: OK
    headers:
      Content-Type:
      - text/xml
      Cache-Control:
      - no-cache
      Connection:
      - close
      Content-Length:
      - '55'
    body:
      encoding: UTF-8
      string: '<resultlist state="00000000000000000000000000000000"/>

'
  recorded_at: Wed, 22 Feb 2023 18:11:45 GMT
- request:
    method: get
    uri: http://backend:5352/build/home:madam_submitter/_result?lastbuild=1&locallink=1&multibuild=1&package=Quebec_branch&view=status
    body:
      encoding: US-ASCII
      string: ''
    headers:
      X-Request-Id:
      - 22d2075b-2d44-416c-b686-4e69f4eb512c
      Accept-Encoding:
      - gzip;q=1.0,deflate;q=0.6,identity;q=0.3
      Accept:
      - "*/*"
      User-Agent:
      - Ruby
  response:
    status:
      code: 200
      message: OK
    headers:
      Content-Type:
      - text/xml
      Cache-Control:
      - no-cache
      Connection:
      - close
      Content-Length:
      - '55'
    body:
      encoding: UTF-8
      string: '<resultlist state="00000000000000000000000000000000"/>

'
  recorded_at: Wed, 22 Feb 2023 18:11:45 GMT
- request:
    method: get
    uri: http://backend:5352/build/home:madam_submitter/_result?package=Quebec_branch&view=status
    body:
      encoding: US-ASCII
      string: ''
    headers:
      X-Request-Id:
      - e4115492-c6b2-4ffd-98c5-1fa6e47bd874
      Accept-Encoding:
      - gzip;q=1.0,deflate;q=0.6,identity;q=0.3
      Accept:
      - "*/*"
      User-Agent:
      - Ruby
  response:
    status:
      code: 200
      message: OK
    headers:
      Content-Type:
      - text/xml
      Cache-Control:
      - no-cache
      Connection:
      - close
      Content-Length:
      - '55'
    body:
      encoding: UTF-8
      string: '<resultlist state="00000000000000000000000000000000"/>

'
  recorded_at: Wed, 22 Feb 2023 18:11:45 GMT
- request:
    method: get
    uri: http://backend:5352/source/home:madam_submitter/Quebec_branch
    body:
      encoding: US-ASCII
      string: ''
    headers:
      X-Request-Id:
      - fc93b32b-27a1-4f7a-965d-65128d8edacb
      Accept-Encoding:
      - gzip;q=1.0,deflate;q=0.6,identity;q=0.3
      Accept:
      - "*/*"
      User-Agent:
      - Ruby
  response:
    status:
      code: 200
      message: OK
    headers:
      Content-Type:
      - text/xml
      Cache-Control:
      - no-cache
      Connection:
      - close
      Content-Length:
      - '719'
    body:
      encoding: UTF-8
      string: |
        <directory name="Quebec_branch" rev="8" vrev="8" srcmd5="4b4b8e8ae3ed82710a39ff383c2e1f6c">
          <linkinfo project="home:madam_submitter" package="Quebec" srcmd5="e414927bf2743c5efbaf4b31fdf525d2" baserev="e414927bf2743c5efbaf4b31fdf525d2" xsrcmd5="79420fcb8aa08dd3716c7c55f92cb1ed" lsrcmd5="4b4b8e8ae3ed82710a39ff383c2e1f6c"/>
          <entry name="_config" md5="d9a6910d72687fa4f2487f7e6f865524" size="74" mtime="1677089504"/>
          <entry name="_link" md5="189f2fe0ee1712f096a1c7043468a712" size="114" mtime="1677089504"/>
          <entry name="new_file" md5="a451b9bbe42ff6529f209b4d184236fe" size="15" mtime="1677067300"/>
          <entry name="somefile.txt" md5="17d687b5a63b461c2e1e61817934d5c7" size="58" mtime="1677089504"/>
        </directory>
  recorded_at: Wed, 22 Feb 2023 18:11:45 GMT
- request:
    method: get
    uri: http://backend:5352/source/home:madam_submitter/Quebec_branch
    body:
      encoding: US-ASCII
      string: ''
    headers:
      X-Request-Id:
      - 71448ba2-2ec9-408b-aa4c-eeccea4493be
      Accept-Encoding:
      - gzip;q=1.0,deflate;q=0.6,identity;q=0.3
      Accept:
      - "*/*"
      User-Agent:
      - Ruby
  response:
    status:
      code: 200
      message: OK
    headers:
      Content-Type:
      - text/xml
      Cache-Control:
      - no-cache
      Connection:
      - close
      Content-Length:
      - '719'
    body:
      encoding: UTF-8
      string: |
        <directory name="Quebec_branch" rev="8" vrev="8" srcmd5="4b4b8e8ae3ed82710a39ff383c2e1f6c">
          <linkinfo project="home:madam_submitter" package="Quebec" srcmd5="e414927bf2743c5efbaf4b31fdf525d2" baserev="e414927bf2743c5efbaf4b31fdf525d2" xsrcmd5="79420fcb8aa08dd3716c7c55f92cb1ed" lsrcmd5="4b4b8e8ae3ed82710a39ff383c2e1f6c"/>
          <entry name="_config" md5="d9a6910d72687fa4f2487f7e6f865524" size="74" mtime="1677089504"/>
          <entry name="_link" md5="189f2fe0ee1712f096a1c7043468a712" size="114" mtime="1677089504"/>
          <entry name="new_file" md5="a451b9bbe42ff6529f209b4d184236fe" size="15" mtime="1677067300"/>
          <entry name="somefile.txt" md5="17d687b5a63b461c2e1e61817934d5c7" size="58" mtime="1677089504"/>
        </directory>
  recorded_at: Wed, 22 Feb 2023 18:11:46 GMT
- request:
    method: post
    uri: http://backend:5352/source/home:madam_submitter/Quebec_branch?cmd=diff&expand=1&nodiff=1&opackage=Quebec&oproject=home:madam_submitter&rev=8
    body:
      encoding: UTF-8
      string: ''
    headers:
      Content-Type:
      - application/octet-stream
      X-Request-Id:
      - 71448ba2-2ec9-408b-aa4c-eeccea4493be
      Accept-Encoding:
      - gzip;q=1.0,deflate;q=0.6,identity;q=0.3
      Accept:
      - "*/*"
      User-Agent:
      - Ruby
  response:
    status:
      code: 200
      message: OK
    headers:
      Content-Type:
      - text/plain
      Cache-Control:
      - no-cache
      Connection:
      - close
      Content-Length:
      - '102'
    body:
      encoding: UTF-8
      string: |2

        new:
        ----
          new_file

        other changes:
        --------------

        ++++++ new_file (new)
        --- new_file
        +++ new_file
  recorded_at: Wed, 22 Feb 2023 18:11:46 GMT
- request:
    method: get
    uri: http://backend:5352/source/home:madam_submitter/Quebec_branch?expand=1&rev=8
    body:
      encoding: US-ASCII
      string: ''
    headers:
      X-Request-Id:
      - 71448ba2-2ec9-408b-aa4c-eeccea4493be
      Accept-Encoding:
      - gzip;q=1.0,deflate;q=0.6,identity;q=0.3
      Accept:
      - "*/*"
      User-Agent:
      - Ruby
  response:
    status:
      code: 200
      message: OK
    headers:
      Content-Type:
      - text/xml
      Cache-Control:
      - no-cache
      Connection:
      - close
      Content-Length:
      - '615'
    body:
      encoding: UTF-8
      string: |
        <directory name="Quebec_branch" rev="79420fcb8aa08dd3716c7c55f92cb1ed" vrev="28" srcmd5="79420fcb8aa08dd3716c7c55f92cb1ed">
          <linkinfo project="home:madam_submitter" package="Quebec" srcmd5="e414927bf2743c5efbaf4b31fdf525d2" baserev="e414927bf2743c5efbaf4b31fdf525d2" lsrcmd5="4b4b8e8ae3ed82710a39ff383c2e1f6c"/>
          <entry name="_config" md5="d9a6910d72687fa4f2487f7e6f865524" size="74" mtime="1677089504"/>
          <entry name="new_file" md5="a451b9bbe42ff6529f209b4d184236fe" size="15" mtime="1677067300"/>
          <entry name="somefile.txt" md5="17d687b5a63b461c2e1e61817934d5c7" size="58" mtime="1677089504"/>
        </directory>
  recorded_at: Wed, 22 Feb 2023 18:11:46 GMT
- request:
    method: get
    uri: http://backend:5352/source/home:madam_submitter/Quebec_branch
    body:
      encoding: US-ASCII
      string: ''
    headers:
      X-Request-Id:
      - 71448ba2-2ec9-408b-aa4c-eeccea4493be
      Accept-Encoding:
      - gzip;q=1.0,deflate;q=0.6,identity;q=0.3
      Accept:
      - "*/*"
      User-Agent:
      - Ruby
  response:
    status:
      code: 200
      message: OK
    headers:
      Content-Type:
      - text/xml
      Cache-Control:
      - no-cache
      Connection:
      - close
      Content-Length:
      - '719'
    body:
      encoding: UTF-8
      string: |
        <directory name="Quebec_branch" rev="8" vrev="8" srcmd5="4b4b8e8ae3ed82710a39ff383c2e1f6c">
          <linkinfo project="home:madam_submitter" package="Quebec" srcmd5="e414927bf2743c5efbaf4b31fdf525d2" baserev="e414927bf2743c5efbaf4b31fdf525d2" xsrcmd5="79420fcb8aa08dd3716c7c55f92cb1ed" lsrcmd5="4b4b8e8ae3ed82710a39ff383c2e1f6c"/>
          <entry name="_config" md5="d9a6910d72687fa4f2487f7e6f865524" size="74" mtime="1677089504"/>
          <entry name="_link" md5="189f2fe0ee1712f096a1c7043468a712" size="114" mtime="1677089504"/>
          <entry name="new_file" md5="a451b9bbe42ff6529f209b4d184236fe" size="15" mtime="1677067300"/>
          <entry name="somefile.txt" md5="17d687b5a63b461c2e1e61817934d5c7" size="58" mtime="1677089504"/>
        </directory>
  recorded_at: Wed, 22 Feb 2023 18:11:46 GMT
- request:
    method: post
    uri: http://backend:5352/source/home:madam_submitter/Quebec_branch?cmd=diff&expand=1&filelimit=10000&opackage=Quebec&oproject=home:madam_submitter&rev=8&tarlimit=10000&view=xml&withissues=1
    body:
      encoding: UTF-8
      string: ''
    headers:
      Content-Type:
      - application/octet-stream
      X-Request-Id:
      - 71448ba2-2ec9-408b-aa4c-eeccea4493be
      Accept-Encoding:
      - gzip;q=1.0,deflate;q=0.6,identity;q=0.3
      Accept:
      - "*/*"
      User-Agent:
      - Ruby
  response:
    status:
      code: 200
      message: OK
    headers:
      Content-Type:
      - text/xml
      Cache-Control:
      - no-cache
      Connection:
      - close
      Content-Length:
      - '538'
    body:
      encoding: UTF-8
      string: |
        <sourcediff key="0c8acfb49e55d5a2901c597ac0d3d4db">
          <old project="home:madam_submitter" package="Quebec" rev="20" srcmd5="e414927bf2743c5efbaf4b31fdf525d2"/>
          <new project="home:madam_submitter" package="Quebec_branch" rev="8" srcmd5="79420fcb8aa08dd3716c7c55f92cb1ed"/>
          <files>
            <file state="added">
              <new name="new_file" md5="a451b9bbe42ff6529f209b4d184236fe" size="15"/>
              <diff lines="3">@@ -0,0 +1,1 @@
        +I am a new file
        \ No newline at end of file
        </diff>
            </file>
          </files>
          <issues>
          </issues>
        </sourcediff>
  recorded_at: Wed, 22 Feb 2023 18:11:46 GMT
- request:
    method: get
    uri: http://backend:5352/source/home:madam_submitter/Quebec
    body:
      encoding: US-ASCII
      string: ''
    headers:
      X-Request-Id:
      - fc75ee8f-4db3-40ab-a5e6-aebac430f7b1
      Accept-Encoding:
      - gzip;q=1.0,deflate;q=0.6,identity;q=0.3
      Accept:
      - "*/*"
      User-Agent:
      - Ruby
  response:
    status:
      code: 200
      message: OK
    headers:
      Content-Type:
      - text/xml
      Cache-Control:
      - no-cache
      Connection:
      - close
      Content-Length:
      - '293'
    body:
      encoding: UTF-8
      string: |
        <directory name="Quebec" rev="20" vrev="20" srcmd5="e414927bf2743c5efbaf4b31fdf525d2">
          <entry name="_config" md5="d9a6910d72687fa4f2487f7e6f865524" size="74" mtime="1677089504"/>
          <entry name="somefile.txt" md5="17d687b5a63b461c2e1e61817934d5c7" size="58" mtime="1677089504"/>
        </directory>
  recorded_at: Wed, 22 Feb 2023 18:11:46 GMT
- request:
    method: get
    uri: http://backend:5352/source/home:madam_submitter/Quebec_branch
    body:
      encoding: US-ASCII
      string: ''
    headers:
      X-Request-Id:
      - fda2bc08-393c-49e7-8a44-e8897557e6f8
      Accept-Encoding:
      - gzip;q=1.0,deflate;q=0.6,identity;q=0.3
      Accept:
      - "*/*"
      User-Agent:
      - Ruby
  response:
    status:
      code: 200
      message: OK
    headers:
      Content-Type:
      - text/xml
      Cache-Control:
      - no-cache
      Connection:
      - close
      Content-Length:
      - '719'
    body:
      encoding: UTF-8
      string: |
        <directory name="Quebec_branch" rev="8" vrev="8" srcmd5="4b4b8e8ae3ed82710a39ff383c2e1f6c">
          <linkinfo project="home:madam_submitter" package="Quebec" srcmd5="e414927bf2743c5efbaf4b31fdf525d2" baserev="e414927bf2743c5efbaf4b31fdf525d2" xsrcmd5="79420fcb8aa08dd3716c7c55f92cb1ed" lsrcmd5="4b4b8e8ae3ed82710a39ff383c2e1f6c"/>
          <entry name="_config" md5="d9a6910d72687fa4f2487f7e6f865524" size="74" mtime="1677089504"/>
          <entry name="_link" md5="189f2fe0ee1712f096a1c7043468a712" size="114" mtime="1677089504"/>
          <entry name="new_file" md5="a451b9bbe42ff6529f209b4d184236fe" size="15" mtime="1677067300"/>
          <entry name="somefile.txt" md5="17d687b5a63b461c2e1e61817934d5c7" size="58" mtime="1677089504"/>
        </directory>
  recorded_at: Wed, 22 Feb 2023 18:11:46 GMT
- request:
    method: post
    uri: http://backend:5352/source/home:madam_submitter/Quebec_branch?cacheonly=1&cmd=diff&expand=1&filelimit=10000&opackage=Quebec&oproject=home:madam_submitter&rev=8&tarlimit=10000&view=xml&withissues=1
    body:
      encoding: UTF-8
      string: ''
    headers:
      Content-Type:
      - application/octet-stream
      X-Request-Id:
      - fda2bc08-393c-49e7-8a44-e8897557e6f8
      Accept-Encoding:
      - gzip;q=1.0,deflate;q=0.6,identity;q=0.3
      Accept:
      - "*/*"
      User-Agent:
      - Ruby
  response:
    status:
      code: 200
      message: OK
    headers:
      Content-Type:
      - text/xml
      Content-Length:
      - '538'
      Cache-Control:
      - no-cache
      Connection:
      - close
    body:
      encoding: UTF-8
      string: |
        <sourcediff key="0c8acfb49e55d5a2901c597ac0d3d4db">
          <old project="home:madam_submitter" package="Quebec" rev="20" srcmd5="e414927bf2743c5efbaf4b31fdf525d2"/>
          <new project="home:madam_submitter" package="Quebec_branch" rev="8" srcmd5="79420fcb8aa08dd3716c7c55f92cb1ed"/>
          <files>
            <file state="added">
              <new name="new_file" md5="a451b9bbe42ff6529f209b4d184236fe" size="15"/>
              <diff lines="3">@@ -0,0 +1,1 @@
        +I am a new file
        \ No newline at end of file
        </diff>
            </file>
          </files>
          <issues>
          </issues>
        </sourcediff>
  recorded_at: Wed, 22 Feb 2023 18:11:46 GMT
- request:
    method: get
    uri: http://backend:5352/source/home:madam_submitter/Quebec
    body:
      encoding: US-ASCII
      string: ''
    headers:
      X-Request-Id:
      - fda2bc08-393c-49e7-8a44-e8897557e6f8
      Accept-Encoding:
      - gzip;q=1.0,deflate;q=0.6,identity;q=0.3
      Accept:
      - "*/*"
      User-Agent:
      - Ruby
  response:
    status:
      code: 200
      message: OK
    headers:
      Content-Type:
      - text/xml
      Cache-Control:
      - no-cache
      Connection:
      - close
      Content-Length:
      - '293'
    body:
      encoding: UTF-8
      string: |
        <directory name="Quebec" rev="20" vrev="20" srcmd5="e414927bf2743c5efbaf4b31fdf525d2">
          <entry name="_config" md5="d9a6910d72687fa4f2487f7e6f865524" size="74" mtime="1677089504"/>
          <entry name="somefile.txt" md5="17d687b5a63b461c2e1e61817934d5c7" size="58" mtime="1677089504"/>
        </directory>
  recorded_at: Wed, 22 Feb 2023 18:11:46 GMT
- request:
    method: get
    uri: http://backend:5352/build/home:madam_submitter/_result?package=Quebec_branch&view=status
    body:
      encoding: US-ASCII
      string: ''
    headers:
      X-Request-Id:
      - a19b520a-e2bc-431b-bcbb-10c9b341b7a0
      Accept-Encoding:
      - gzip;q=1.0,deflate;q=0.6,identity;q=0.3
      Accept:
      - "*/*"
      User-Agent:
      - Ruby
  response:
    status:
      code: 200
      message: OK
    headers:
      Content-Type:
      - text/xml
      Cache-Control:
      - no-cache
      Connection:
      - close
      Content-Length:
      - '55'
    body:
      encoding: UTF-8
      string: '<resultlist state="00000000000000000000000000000000"/>

'
  recorded_at: Wed, 22 Feb 2023 18:11:46 GMT
recorded_with: VCR 6.1.0
