---
http_interactions:
- request:
    method: put
    uri: http://backend:5352/source/home:Iggy/_meta?user=Iggy
    body:
      encoding: UTF-8
      string: |
        <project name="home:Iggy">
          <title/>
          <description/>
          <person userid="Iggy" role="maintainer"/>
        </project>
    headers:
      Accept-Encoding:
      - gzip;q=1.0,deflate;q=0.6,identity;q=0.3
      Accept:
      - "*/*"
      User-Agent:
      - Ruby
  response:
    status:
      code: 200
      message: OK
    headers:
      Content-Type:
      - text/xml
      Cache-Control:
      - no-cache
      Connection:
      - close
      Content-Length:
      - '130'
    body:
      encoding: UTF-8
      string: |
        <project name="home:Iggy">
          <title></title>
          <description></description>
          <person userid="Iggy" role="maintainer"/>
        </project>
  recorded_at: Mon, 05 Jun 2023 12:44:33 GMT
- request:
    method: put
    uri: http://backend:5352/source/foo_project/_meta?user=user_95
    body:
      encoding: UTF-8
      string: |
        <project name="foo_project">
          <title>A Scanner Darkly</title>
          <description/>
          <person userid="Iggy" role="maintainer"/>
        </project>
    headers:
      Accept-Encoding:
      - gzip;q=1.0,deflate;q=0.6,identity;q=0.3
      Accept:
      - "*/*"
      User-Agent:
      - Ruby
  response:
    status:
      code: 200
      message: OK
    headers:
      Content-Type:
      - text/xml
      Cache-Control:
      - no-cache
      Connection:
      - close
      Content-Length:
      - '148'
    body:
      encoding: UTF-8
      string: |
        <project name="foo_project">
          <title>A Scanner Darkly</title>
          <description></description>
          <person userid="Iggy" role="maintainer"/>
        </project>
  recorded_at: Mon, 05 Jun 2023 12:44:33 GMT
- request:
    method: put
    uri: http://backend:5352/source/foo_project/bar_package/_meta?user=user_96
    body:
      encoding: UTF-8
      string: |
        <package name="bar_package" project="foo_project">
          <title>Cover Her Face</title>
          <description>Saepe sint fugiat ut.</description>
        </package>
    headers:
      Accept-Encoding:
      - gzip;q=1.0,deflate;q=0.6,identity;q=0.3
      Accept:
      - "*/*"
      User-Agent:
      - Ruby
  response:
    status:
      code: 200
      message: OK
    headers:
      Content-Type:
      - text/xml
      Cache-Control:
      - no-cache
      Connection:
      - close
      Content-Length:
      - '145'
    body:
      encoding: UTF-8
      string: |
        <package name="bar_package" project="foo_project">
          <title>Cover Her Face</title>
          <description>Saepe sint fugiat ut.</description>
        </package>
  recorded_at: Mon, 05 Jun 2023 12:44:33 GMT
- request:
    method: put
    uri: http://backend:5352/source/foo_project/bar_package/_config
    body:
      encoding: UTF-8
      string: Non odit soluta. Voluptate nulla voluptatibus. Quis doloremque sint.
    headers:
      Accept-Encoding:
      - gzip;q=1.0,deflate;q=0.6,identity;q=0.3
      Accept:
      - "*/*"
      User-Agent:
      - Ruby
  response:
    status:
      code: 200
      message: OK
    headers:
      Content-Type:
      - text/xml
      Cache-Control:
      - no-cache
      Connection:
      - close
      Content-Length:
      - '211'
    body:
      encoding: UTF-8
      string: |
        <revision rev="101" vrev="101">
          <srcmd5>b5d7d14041576692505ac108ce0ef099</srcmd5>
          <version>unknown</version>
          <time>1685969073</time>
          <user>unknown</user>
          <comment></comment>
          <requestid/>
        </revision>
  recorded_at: Mon, 05 Jun 2023 12:44:33 GMT
- request:
    method: put
    uri: http://backend:5352/source/foo_project/bar_package/somefile.txt
    body:
      encoding: UTF-8
      string: Necessitatibus sed et. Recusandae nam est. Id et quo.
    headers:
      Accept-Encoding:
      - gzip;q=1.0,deflate;q=0.6,identity;q=0.3
      Accept:
      - "*/*"
      User-Agent:
      - Ruby
  response:
    status:
      code: 200
      message: OK
    headers:
      Content-Type:
      - text/xml
      Cache-Control:
      - no-cache
      Connection:
      - close
      Content-Length:
      - '211'
    body:
      encoding: UTF-8
      string: |
        <revision rev="102" vrev="102">
          <srcmd5>0129eee6c230dacb54d2976b56d10481</srcmd5>
          <version>unknown</version>
          <time>1685969073</time>
          <user>unknown</user>
          <comment></comment>
          <requestid/>
        </revision>
  recorded_at: Mon, 05 Jun 2023 12:44:33 GMT
- request:
    method: post
    uri: http://backend:5352/search/package/id?match=(linkinfo/@package=%22bar_package%22%20and%20linkinfo/@project=%22foo_project%22%20and%20@project=%22foo_project%22)
    body:
      encoding: UTF-8
      string: ''
    headers:
      Content-Type:
      - application/octet-stream
      Accept-Encoding:
      - gzip;q=1.0,deflate;q=0.6,identity;q=0.3
      Accept:
      - "*/*"
      User-Agent:
      - Ruby
  response:
    status:
      code: 200
      message: OK
    headers:
      Content-Type:
      - text/xml
      Cache-Control:
      - no-cache
      Connection:
      - close
      Content-Length:
      - '27'
    body:
      encoding: UTF-8
      string: |
        <collection>
        </collection>
  recorded_at: Mon, 05 Jun 2023 12:44:33 GMT
- request:
    method: put
    uri: http://backend:5352/source/home:Iggy/bar_package-release_abc/_meta?user=Iggy
    body:
      encoding: UTF-8
      string: |
        <package name="bar_package-release_abc" project="home:Iggy">
          <title>Cover Her Face</title>
          <description>Saepe sint fugiat ut.</description>
        </package>
    headers:
      Accept-Encoding:
      - gzip;q=1.0,deflate;q=0.6,identity;q=0.3
      Accept:
      - "*/*"
      User-Agent:
      - Ruby
  response:
    status:
      code: 200
      message: OK
    headers:
      Content-Type:
      - text/xml
      Cache-Control:
      - no-cache
      Connection:
      - close
      Content-Length:
      - '155'
    body:
      encoding: UTF-8
      string: |
        <package name="bar_package-release_abc" project="home:Iggy">
          <title>Cover Her Face</title>
          <description>Saepe sint fugiat ut.</description>
        </package>
  recorded_at: Mon, 05 Jun 2023 12:44:33 GMT
- request:
    method: post
    uri: http://backend:5352/source/home:Iggy/bar_package-release_abc?cmd=branch&noservice=1&opackage=bar_package&oproject=foo_project&user=Iggy
    body:
      encoding: UTF-8
      string: ''
    headers:
      Content-Type:
      - application/octet-stream
      Accept-Encoding:
      - gzip;q=1.0,deflate;q=0.6,identity;q=0.3
      Accept:
      - "*/*"
      User-Agent:
      - Ruby
  response:
    status:
      code: 200
      message: OK
    headers:
      Content-Type:
      - text/xml
      Cache-Control:
      - no-cache
      Connection:
      - close
      Content-Length:
      - '204'
    body:
      encoding: UTF-8
      string: |
        <revision rev="9" vrev="9">
          <srcmd5>e17dde836249ebafc02e3978de9834ea</srcmd5>
          <version>unknown</version>
          <time>1685969073</time>
          <user>Iggy</user>
          <comment></comment>
          <requestid/>
        </revision>
  recorded_at: Mon, 05 Jun 2023 12:44:33 GMT
- request:
    method: put
    uri: http://backend:5352/source/home:Iggy/bar_package-release_abc/_meta?user=Iggy
    body:
      encoding: UTF-8
      string: |
        <package name="bar_package-release_abc" project="home:Iggy">
          <title>Cover Her Face</title>
          <description>Saepe sint fugiat ut.</description>
        </package>
    headers:
      Accept-Encoding:
      - gzip;q=1.0,deflate;q=0.6,identity;q=0.3
      Accept:
      - "*/*"
      User-Agent:
      - Ruby
  response:
    status:
      code: 200
      message: OK
    headers:
      Content-Type:
      - text/xml
      Cache-Control:
      - no-cache
      Connection:
      - close
      Content-Length:
      - '155'
    body:
      encoding: UTF-8
      string: |
        <package name="bar_package-release_abc" project="home:Iggy">
          <title>Cover Her Face</title>
          <description>Saepe sint fugiat ut.</description>
        </package>
  recorded_at: Mon, 05 Jun 2023 12:44:33 GMT
- request:
    method: get
    uri: http://backend:5352/source/home:Iggy/bar_package-release_abc
    body:
      encoding: US-ASCII
      string: ''
    headers:
      Accept-Encoding:
      - gzip;q=1.0,deflate;q=0.6,identity;q=0.3
      Accept:
      - "*/*"
      User-Agent:
      - Ruby
  response:
    status:
      code: 200
      message: OK
    headers:
      Content-Type:
      - text/xml
      Cache-Control:
      - no-cache
      Connection:
      - close
      Content-Length:
      - '733'
    body:
      encoding: UTF-8
      string: |
        <directory name="bar_package-release_abc" rev="9" vrev="9" srcmd5="e17dde836249ebafc02e3978de9834ea">
          <linkinfo project="foo_project" package="bar_package" srcmd5="0129eee6c230dacb54d2976b56d10481" baserev="0129eee6c230dacb54d2976b56d10481" xsrcmd5="259a8b0a1a77ad59331fec862fb8aa61" lsrcmd5="e17dde836249ebafc02e3978de9834ea"/>
          <entry name="_branch_request" md5="aea524cf047993d430e69b477e07f3df" size="114" mtime="1685969043"/>
          <entry name="_config" md5="d493482f2d0f523843e0c0f62216bbf9" size="68" mtime="1685969073"/>
          <entry name="_link" md5="45e4d9d0f76f62008519083497b2d530" size="141" mtime="1685969073"/>
          <entry name="somefile.txt" md5="f309a1c5e5ac84751d3cc4c86581820e" size="53" mtime="1685969073"/>
        </directory>
  recorded_at: Mon, 05 Jun 2023 12:44:33 GMT
- request:
    method: get
    uri: http://backend:5352/source/home:Iggy/bar_package-release_abc?view=info
    body:
      encoding: US-ASCII
      string: ''
    headers:
      Accept-Encoding:
      - gzip;q=1.0,deflate;q=0.6,identity;q=0.3
      Accept:
      - "*/*"
      User-Agent:
      - Ruby
  response:
    status:
      code: 200
      message: OK
    headers:
      Content-Type:
      - text/xml
      Cache-Control:
      - no-cache
      Connection:
      - close
      Content-Length:
      - '342'
    body:
      encoding: UTF-8
      string: |
        <sourceinfo package="bar_package-release_abc" rev="9" vrev="111" srcmd5="259a8b0a1a77ad59331fec862fb8aa61" lsrcmd5="e17dde836249ebafc02e3978de9834ea" verifymd5="0129eee6c230dacb54d2976b56d10481">
          <error>bad build configuration, no build type defined or detected</error>
          <linked project="foo_project" package="bar_package"/>
        </sourceinfo>
  recorded_at: Mon, 05 Jun 2023 12:44:33 GMT
- request:
    method: get
    uri: http://backend:5352/source/home:Iggy/bar_package-release_abc
    body:
      encoding: US-ASCII
      string: ''
    headers:
      Accept-Encoding:
      - gzip;q=1.0,deflate;q=0.6,identity;q=0.3
      Accept:
      - "*/*"
      User-Agent:
      - Ruby
  response:
    status:
      code: 200
      message: OK
    headers:
      Content-Type:
      - text/xml
      Cache-Control:
      - no-cache
      Connection:
      - close
      Content-Length:
      - '733'
    body:
      encoding: UTF-8
      string: |
        <directory name="bar_package-release_abc" rev="9" vrev="9" srcmd5="e17dde836249ebafc02e3978de9834ea">
          <linkinfo project="foo_project" package="bar_package" srcmd5="0129eee6c230dacb54d2976b56d10481" baserev="0129eee6c230dacb54d2976b56d10481" xsrcmd5="259a8b0a1a77ad59331fec862fb8aa61" lsrcmd5="e17dde836249ebafc02e3978de9834ea"/>
          <entry name="_branch_request" md5="aea524cf047993d430e69b477e07f3df" size="114" mtime="1685969043"/>
          <entry name="_config" md5="d493482f2d0f523843e0c0f62216bbf9" size="68" mtime="1685969073"/>
          <entry name="_link" md5="45e4d9d0f76f62008519083497b2d530" size="141" mtime="1685969073"/>
          <entry name="somefile.txt" md5="f309a1c5e5ac84751d3cc4c86581820e" size="53" mtime="1685969073"/>
        </directory>
  recorded_at: Mon, 05 Jun 2023 12:44:33 GMT
- request:
    method: post
    uri: http://backend:5352/source/home:Iggy/bar_package-release_abc?cmd=diff&linkrev=base&onlyissues=1&orev=0&view=xml
    body:
      encoding: UTF-8
      string: ''
    headers:
      Content-Type:
      - application/octet-stream
      Accept-Encoding:
      - gzip;q=1.0,deflate;q=0.6,identity;q=0.3
      Accept:
      - "*/*"
      User-Agent:
      - Ruby
  response:
    status:
      code: 200
      message: OK
    headers:
      Content-Type:
      - text/xml
      Cache-Control:
      - no-cache
      Connection:
      - close
      Content-Length:
      - '326'
    body:
      encoding: UTF-8
      string: |
        <sourcediff key="41487f0d21c5209435c31d23b33e35c6">
          <old project="home:Iggy" package="bar_package-release_abc" rev="0" srcmd5="d41d8cd98f00b204e9800998ecf8427e"/>
          <new project="home:Iggy" package="bar_package-release_abc" rev="9" srcmd5="e17dde836249ebafc02e3978de9834ea"/>
          <files/>
          <issues>
          </issues>
        </sourcediff>
  recorded_at: Mon, 05 Jun 2023 12:44:33 GMT
- request:
    method: post
    uri: http://backend:5352/source/home:Iggy/bar_package-release_abc?cmd=linkdiff&linkrev=base&onlyissues=1&view=xml
    body:
      encoding: UTF-8
      string: ''
    headers:
      Content-Type:
      - application/octet-stream
      Accept-Encoding:
      - gzip;q=1.0,deflate;q=0.6,identity;q=0.3
      Accept:
      - "*/*"
      User-Agent:
      - Ruby
  response:
    status:
      code: 200
      message: OK
    headers:
      Content-Type:
      - text/xml
      Cache-Control:
      - no-cache
      Connection:
      - close
      Content-Length:
      - '378'
    body:
      encoding: UTF-8
      string: |
        <sourcediff key="3547cc5fce5f8cdd9c6a174473a62de5">
          <old project="foo_project" package="bar_package" rev="0129eee6c230dacb54d2976b56d10481" srcmd5="0129eee6c230dacb54d2976b56d10481"/>
          <new project="home:Iggy" package="bar_package-release_abc" rev="259a8b0a1a77ad59331fec862fb8aa61" srcmd5="259a8b0a1a77ad59331fec862fb8aa61"/>
          <files/>
          <issues>
          </issues>
        </sourcediff>
  recorded_at: Mon, 05 Jun 2023 12:44:33 GMT
- request:
    method: put
    uri: http://backend:5352/source/home:Iggy/_meta?user=Iggy
    body:
      encoding: UTF-8
      string: |
        <project name="home:Iggy">
          <title/>
          <description/>
          <person userid="Iggy" role="maintainer"/>
          <repository name="openSUSE_Tumbleweed">
            <arch>x86_64</arch>
          </repository>
          <repository name="Unicorn_123">
            <arch>x86_64</arch>
            <arch>i586</arch>
            <arch>ppc</arch>
            <arch>aarch64</arch>
          </repository>
        </project>
    headers:
      Accept-Encoding:
      - gzip;q=1.0,deflate;q=0.6,identity;q=0.3
      Accept:
      - "*/*"
      User-Agent:
      - Ruby
  response:
    status:
      code: 200
      message: OK
    headers:
      Content-Type:
      - text/xml
      Cache-Control:
      - no-cache
      Connection:
      - close
      Content-Length:
      - '354'
    body:
      encoding: UTF-8
      string: |
        <project name="home:Iggy">
          <title></title>
          <description></description>
          <person userid="Iggy" role="maintainer"/>
          <repository name="openSUSE_Tumbleweed">
            <arch>x86_64</arch>
          </repository>
          <repository name="Unicorn_123">
            <arch>x86_64</arch>
            <arch>i586</arch>
            <arch>ppc</arch>
            <arch>aarch64</arch>
          </repository>
        </project>
  recorded_at: Mon, 05 Jun 2023 12:44:33 GMT
- request:
    method: put
    uri: http://backend:5352/source/home:Iggy/bar_package-release_abc/_branch_request?user=Iggy
    body:
      encoding: UTF-8
      string: '{"action":"opened","pull_request":{"head":{"repo":{"full_name":"openSUSE/open-build-service"},"sha":"123456789012345"}}}'
    headers:
      Accept-Encoding:
      - gzip;q=1.0,deflate;q=0.6,identity;q=0.3
      Accept:
      - "*/*"
      User-Agent:
      - Ruby
  response:
    status:
      code: 200
      message: OK
    headers:
      Content-Type:
      - text/xml
      Cache-Control:
      - no-cache
      Connection:
      - close
      Content-Length:
      - '206'
    body:
      encoding: UTF-8
      string: |
        <revision rev="10" vrev="10">
          <srcmd5>ee5c32740f02374bbeab897f9526fc17</srcmd5>
          <version>unknown</version>
          <time>1685969073</time>
          <user>Iggy</user>
          <comment></comment>
          <requestid/>
        </revision>
  recorded_at: Mon, 05 Jun 2023 12:44:33 GMT
- request:
    method: put
    uri: http://backend:5352/source/home:Iggy/bar_package-release_abc/_meta?user=Iggy
    body:
      encoding: UTF-8
      string: |
        <package name="bar_package-release_abc" project="home:Iggy">
          <title>Cover Her Face</title>
          <description>Saepe sint fugiat ut.</description>
        </package>
    headers:
      Accept-Encoding:
      - gzip;q=1.0,deflate;q=0.6,identity;q=0.3
      Accept:
      - "*/*"
      User-Agent:
      - Ruby
  response:
    status:
      code: 200
      message: OK
    headers:
      Content-Type:
      - text/xml
      Cache-Control:
      - no-cache
      Connection:
      - close
      Content-Length:
      - '155'
    body:
      encoding: UTF-8
      string: |
        <package name="bar_package-release_abc" project="home:Iggy">
          <title>Cover Her Face</title>
          <description>Saepe sint fugiat ut.</description>
        </package>
  recorded_at: Mon, 05 Jun 2023 12:44:33 GMT
- request:
    method: get
    uri: http://backend:5352/source/home:Iggy/bar_package-release_abc
    body:
      encoding: US-ASCII
      string: ''
    headers:
      Accept-Encoding:
      - gzip;q=1.0,deflate;q=0.6,identity;q=0.3
      Accept:
      - "*/*"
      User-Agent:
      - Ruby
  response:
    status:
      code: 200
      message: OK
    headers:
      Content-Type:
      - text/xml
      Cache-Control:
      - no-cache
      Connection:
      - close
      Content-Length:
      - '735'
    body:
      encoding: UTF-8
      string: |
        <directory name="bar_package-release_abc" rev="10" vrev="10" srcmd5="ee5c32740f02374bbeab897f9526fc17">
          <linkinfo project="foo_project" package="bar_package" srcmd5="0129eee6c230dacb54d2976b56d10481" baserev="0129eee6c230dacb54d2976b56d10481" xsrcmd5="d491e1f44c5a98c0a58bedaf721106cb" lsrcmd5="ee5c32740f02374bbeab897f9526fc17"/>
          <entry name="_branch_request" md5="8ccc2896b48bb83bb375eaf0b342764a" size="120" mtime="1685969068"/>
          <entry name="_config" md5="d493482f2d0f523843e0c0f62216bbf9" size="68" mtime="1685969073"/>
          <entry name="_link" md5="45e4d9d0f76f62008519083497b2d530" size="141" mtime="1685969073"/>
          <entry name="somefile.txt" md5="f309a1c5e5ac84751d3cc4c86581820e" size="53" mtime="1685969073"/>
        </directory>
  recorded_at: Mon, 05 Jun 2023 12:44:33 GMT
- request:
    method: get
    uri: http://backend:5352/source/home:Iggy/bar_package-release_abc?view=info
    body:
      encoding: US-ASCII
      string: ''
    headers:
      Accept-Encoding:
      - gzip;q=1.0,deflate;q=0.6,identity;q=0.3
      Accept:
      - "*/*"
      User-Agent:
      - Ruby
  response:
    status:
      code: 200
      message: OK
    headers:
      Content-Type:
      - text/xml
      Cache-Control:
      - no-cache
      Connection:
      - close
      Content-Length:
      - '343'
    body:
      encoding: UTF-8
      string: |
        <sourceinfo package="bar_package-release_abc" rev="10" vrev="112" srcmd5="d491e1f44c5a98c0a58bedaf721106cb" lsrcmd5="ee5c32740f02374bbeab897f9526fc17" verifymd5="466f2797499f323cd60b0d801a86a4ba">
          <error>bad build configuration, no build type defined or detected</error>
          <linked project="foo_project" package="bar_package"/>
        </sourceinfo>
  recorded_at: Mon, 05 Jun 2023 12:44:33 GMT
- request:
    method: get
    uri: http://backend:5352/source/home:Iggy/bar_package-release_abc
    body:
      encoding: US-ASCII
      string: ''
    headers:
      Accept-Encoding:
      - gzip;q=1.0,deflate;q=0.6,identity;q=0.3
      Accept:
      - "*/*"
      User-Agent:
      - Ruby
  response:
    status:
      code: 200
      message: OK
    headers:
      Content-Type:
      - text/xml
      Cache-Control:
      - no-cache
      Connection:
      - close
      Content-Length:
      - '735'
    body:
      encoding: UTF-8
      string: |
        <directory name="bar_package-release_abc" rev="10" vrev="10" srcmd5="ee5c32740f02374bbeab897f9526fc17">
          <linkinfo project="foo_project" package="bar_package" srcmd5="0129eee6c230dacb54d2976b56d10481" baserev="0129eee6c230dacb54d2976b56d10481" xsrcmd5="d491e1f44c5a98c0a58bedaf721106cb" lsrcmd5="ee5c32740f02374bbeab897f9526fc17"/>
          <entry name="_branch_request" md5="8ccc2896b48bb83bb375eaf0b342764a" size="120" mtime="1685969068"/>
          <entry name="_config" md5="d493482f2d0f523843e0c0f62216bbf9" size="68" mtime="1685969073"/>
          <entry name="_link" md5="45e4d9d0f76f62008519083497b2d530" size="141" mtime="1685969073"/>
          <entry name="somefile.txt" md5="f309a1c5e5ac84751d3cc4c86581820e" size="53" mtime="1685969073"/>
        </directory>
  recorded_at: Mon, 05 Jun 2023 12:44:33 GMT
- request:
    method: post
    uri: http://backend:5352/source/home:Iggy/bar_package-release_abc?cmd=diff&linkrev=base&onlyissues=1&orev=0&view=xml
    body:
      encoding: UTF-8
      string: ''
    headers:
      Content-Type:
      - application/octet-stream
      Accept-Encoding:
      - gzip;q=1.0,deflate;q=0.6,identity;q=0.3
      Accept:
      - "*/*"
      User-Agent:
      - Ruby
  response:
    status:
      code: 200
      message: OK
    headers:
      Content-Type:
      - text/xml
      Cache-Control:
      - no-cache
      Connection:
      - close
      Content-Length:
      - '327'
    body:
      encoding: UTF-8
      string: |
        <sourcediff key="556d8c45c00502fa3c9cd41fab533a5c">
          <old project="home:Iggy" package="bar_package-release_abc" rev="0" srcmd5="d41d8cd98f00b204e9800998ecf8427e"/>
          <new project="home:Iggy" package="bar_package-release_abc" rev="10" srcmd5="ee5c32740f02374bbeab897f9526fc17"/>
          <files/>
          <issues>
          </issues>
        </sourcediff>
  recorded_at: Mon, 05 Jun 2023 12:44:33 GMT
- request:
    method: post
    uri: http://backend:5352/source/home:Iggy/bar_package-release_abc?cmd=linkdiff&linkrev=base&onlyissues=1&view=xml
    body:
      encoding: UTF-8
      string: ''
    headers:
      Content-Type:
      - application/octet-stream
      Accept-Encoding:
      - gzip;q=1.0,deflate;q=0.6,identity;q=0.3
      Accept:
      - "*/*"
      User-Agent:
      - Ruby
  response:
    status:
      code: 200
      message: OK
    headers:
      Content-Type:
      - text/xml
      Cache-Control:
      - no-cache
      Connection:
      - close
      Content-Length:
      - '378'
    body:
      encoding: UTF-8
      string: |
        <sourcediff key="21f1742275dc6883d7a07187c4340902">
          <old project="foo_project" package="bar_package" rev="0129eee6c230dacb54d2976b56d10481" srcmd5="0129eee6c230dacb54d2976b56d10481"/>
          <new project="home:Iggy" package="bar_package-release_abc" rev="d491e1f44c5a98c0a58bedaf721106cb" srcmd5="d491e1f44c5a98c0a58bedaf721106cb"/>
          <files/>
          <issues>
          </issues>
        </sourcediff>
  recorded_at: Mon, 05 Jun 2023 12:44:33 GMT
recorded_with: VCR 6.1.0
