---
http_interactions:
- request:
    method: put
    uri: http://backend:5352/source/home:tom/_meta?user=tom
    body:
      encoding: UTF-8
      string: |
        <project name="home:tom">
          <title/>
          <description/>
          <person userid="tom" role="maintainer"/>
        </project>
    headers:
      Accept-Encoding:
      - gzip;q=1.0,deflate;q=0.6,identity;q=0.3
      Accept:
      - "*/*"
      User-Agent:
      - Ruby
  response:
    status:
      code: 200
      message: OK
    headers:
      Content-Type:
      - text/xml
      Cache-Control:
      - no-cache
      Connection:
      - close
      Content-Length:
      - '128'
    body:
      encoding: UTF-8
      string: |
        <project name="home:tom">
          <title></title>
          <description></description>
          <person userid="tom" role="maintainer"/>
        </project>
  recorded_at: Thu, 21 Jul 2022 16:47:45 GMT
- request:
    method: put
    uri: http://backend:5352/source/home:tom/_project/_staging_workflow?user=user_87
    body:
      encoding: UTF-8
      string: |
        <workflow project="home:tom" managers="group_38">
          <staging_project name="home:tom:Staging:A"/>
        </workflow>
    headers:
      Accept-Encoding:
      - gzip;q=1.0,deflate;q=0.6,identity;q=0.3
      Accept:
      - "*/*"
      User-Agent:
      - Ruby
  response:
    status:
      code: 200
      message: OK
    headers:
      Content-Type:
      - text/xml
      Cache-Control:
      - no-cache
      Connection:
      - close
      Content-Length:
      - '171'
    body:
      encoding: UTF-8
      string: |
        <revision rev="325">
          <srcmd5>d4f91ca16eeb0e66406ec8d50f7a1a84</srcmd5>
          <time>1658422065</time>
          <user>user_87</user>
          <comment></comment>
          <requestid/>
        </revision>
  recorded_at: Thu, 21 Jul 2022 16:47:45 GMT
- request:
    method: put
    uri: http://backend:5352/source/home:tom:Staging:A/_meta?user=user_87
    body:
      encoding: UTF-8
      string: |
        <project name="home:tom:Staging:A">
          <title/>
          <description/>
          <group groupid="group_38" role="maintainer"/>
        </project>
    headers:
      Accept-Encoding:
      - gzip;q=1.0,deflate;q=0.6,identity;q=0.3
      Accept:
      - "*/*"
      User-Agent:
      - Ruby
  response:
    status:
      code: 200
      message: OK
    headers:
      Content-Type:
      - text/xml
      Cache-Control:
      - no-cache
      Connection:
      - close
      Content-Length:
      - '143'
    body:
      encoding: UTF-8
      string: |
        <project name="home:tom:Staging:A">
          <title></title>
          <description></description>
          <group groupid="group_38" role="maintainer"/>
        </project>
  recorded_at: Thu, 21 Jul 2022 16:47:45 GMT
- request:
    method: put
    uri: http://backend:5352/source/home:tom/_project/_staging_workflow?user=user_87
    body:
      encoding: UTF-8
      string: |
        <workflow project="home:tom" managers="group_38">
          <staging_project name="home:tom:Staging:A"/>
          <staging_project name="home:tom:Staging:B"/>
        </workflow>
    headers:
      Accept-Encoding:
      - gzip;q=1.0,deflate;q=0.6,identity;q=0.3
      Accept:
      - "*/*"
      User-Agent:
      - Ruby
  response:
    status:
      code: 200
      message: OK
    headers:
      Content-Type:
      - text/xml
      Cache-Control:
      - no-cache
      Connection:
      - close
      Content-Length:
      - '171'
    body:
      encoding: UTF-8
      string: |
        <revision rev="326">
          <srcmd5>efa9f8d9f557caca90de3461b2503017</srcmd5>
          <time>1658422065</time>
          <user>user_87</user>
          <comment></comment>
          <requestid/>
        </revision>
  recorded_at: Thu, 21 Jul 2022 16:47:45 GMT
- request:
    method: put
    uri: http://backend:5352/source/home:tom:Staging:B/_meta?user=user_87
    body:
      encoding: UTF-8
      string: |
        <project name="home:tom:Staging:B">
          <title/>
          <description/>
          <group groupid="group_38" role="maintainer"/>
        </project>
    headers:
      Accept-Encoding:
      - gzip;q=1.0,deflate;q=0.6,identity;q=0.3
      Accept:
      - "*/*"
      User-Agent:
      - Ruby
  response:
    status:
      code: 200
      message: OK
    headers:
      Content-Type:
      - text/xml
      Cache-Control:
      - no-cache
      Connection:
      - close
      Content-Length:
      - '143'
    body:
      encoding: UTF-8
      string: |
        <project name="home:tom:Staging:B">
          <title></title>
          <description></description>
          <group groupid="group_38" role="maintainer"/>
        </project>
  recorded_at: Thu, 21 Jul 2022 16:47:45 GMT
- request:
    method: put
    uri: http://backend:5352/source/home:tom/_meta?user=user_87
    body:
      encoding: UTF-8
      string: |
        <project name="home:tom">
          <title/>
          <description/>
          <person userid="tom" role="maintainer"/>
          <group groupid="group_38" role="reviewer"/>
        </project>
    headers:
      Accept-Encoding:
      - gzip;q=1.0,deflate;q=0.6,identity;q=0.3
      Accept:
      - "*/*"
      User-Agent:
      - Ruby
  response:
    status:
      code: 200
      message: OK
    headers:
      Content-Type:
      - text/xml
      Cache-Control:
      - no-cache
      Connection:
      - close
      Content-Length:
      - '174'
    body:
      encoding: UTF-8
      string: |
        <project name="home:tom">
          <title></title>
          <description></description>
          <person userid="tom" role="maintainer"/>
          <group groupid="group_38" role="reviewer"/>
        </project>
  recorded_at: Thu, 21 Jul 2022 16:47:45 GMT
- request:
    method: put
    uri: http://backend:5352/source/home:tom/_project/_staging_workflow?user=user_87
    body:
      encoding: UTF-8
      string: |
        <workflow project="home:tom" managers="group_38">
          <staging_project name="home:tom:Staging:A"/>
          <staging_project name="home:tom:Staging:B"/>
          <staging_project name="home:tom:Staging:XYZ"/>
        </workflow>
    headers:
      Accept-Encoding:
      - gzip;q=1.0,deflate;q=0.6,identity;q=0.3
      Accept:
      - "*/*"
      User-Agent:
      - Ruby
  response:
    status:
      code: 200
      message: OK
    headers:
      Content-Type:
      - text/xml
      Cache-Control:
      - no-cache
      Connection:
      - close
      Content-Length:
      - '171'
    body:
      encoding: UTF-8
      string: |
        <revision rev="327">
          <srcmd5>f3a7be969a24cd003e2d208c6669a307</srcmd5>
          <time>1658422065</time>
          <user>user_87</user>
          <comment></comment>
          <requestid/>
        </revision>
  recorded_at: Thu, 21 Jul 2022 16:47:45 GMT
- request:
    method: put
    uri: http://backend:5352/source/home:tom:Staging:XYZ/_config?user=factory%20bot
    body:
      encoding: UTF-8
      string: 'Prefer: foo'
    headers:
      Accept-Encoding:
      - gzip;q=1.0,deflate;q=0.6,identity;q=0.3
      Accept:
      - "*/*"
      User-Agent:
      - Ruby
  response:
    status:
      code: 200
      message: OK
    headers:
      Content-Type:
      - text/xml
      Cache-Control:
      - no-cache
      Connection:
      - close
      Content-Length:
      - '21'
    body:
      encoding: UTF-8
      string: '<status code="ok" />

'
  recorded_at: Thu, 21 Jul 2022 16:47:45 GMT
- request:
    method: get
    uri: http://backend:5352/source/home:tom:Staging:XYZ/_config
    body:
      encoding: US-ASCII
      string: ''
    headers:
      Accept-Encoding:
      - gzip;q=1.0,deflate;q=0.6,identity;q=0.3
      Accept:
      - "*/*"
      User-Agent:
      - Ruby
  response:
    status:
      code: 200
      message: OK
    headers:
      Content-Type:
      - text/plain
      Cache-Control:
      - no-cache
      Connection:
      - close
      Content-Length:
      - '11'
    body:
      encoding: UTF-8
      string: 'Prefer: foo'
  recorded_at: Thu, 21 Jul 2022 16:47:45 GMT
- request:
    method: put
    uri: http://backend:5352/source/home:tom:Staging:XYZ/_meta?user=user_88
    body:
      encoding: UTF-8
      string: |
        <project name="home:tom:Staging:XYZ">
          <title>Have His Carcase</title>
          <description/>
          <group groupid="group_38" role="maintainer"/>
        </project>
    headers:
      Accept-Encoding:
      - gzip;q=1.0,deflate;q=0.6,identity;q=0.3
      Accept:
      - "*/*"
      User-Agent:
      - Ruby
  response:
    status:
      code: 200
      message: OK
    headers:
      Content-Type:
      - text/xml
      Cache-Control:
      - no-cache
      Connection:
      - close
      Content-Length:
      - '161'
    body:
      encoding: UTF-8
      string: |
        <project name="home:tom:Staging:XYZ">
          <title>Have His Carcase</title>
          <description></description>
          <group groupid="group_38" role="maintainer"/>
        </project>
  recorded_at: Thu, 21 Jul 2022 16:47:45 GMT
- request:
    method: put
    uri: http://backend:5352/source/home:tom:Staging:XYZ/package_with_file/_meta?user=user_89
    body:
      encoding: UTF-8
      string: |
        <package name="package_with_file" project="home:tom:Staging:XYZ">
          <title>The Millstone</title>
          <description>Dignissimos odio cupiditate perferendis.</description>
        </package>
    headers:
      Accept-Encoding:
      - gzip;q=1.0,deflate;q=0.6,identity;q=0.3
      Accept:
      - "*/*"
      User-Agent:
      - Ruby
  response:
    status:
      code: 200
      message: OK
    headers:
      Content-Type:
      - text/xml
      Cache-Control:
      - no-cache
      Connection:
      - close
      Content-Length:
      - '178'
    body:
      encoding: UTF-8
      string: |
        <package name="package_with_file" project="home:tom:Staging:XYZ">
          <title>The Millstone</title>
          <description>Dignissimos odio cupiditate perferendis.</description>
        </package>
  recorded_at: Thu, 21 Jul 2022 16:47:46 GMT
- request:
    method: put
    uri: http://backend:5352/source/home:tom:Staging:XYZ/package_with_file/_config
    body:
      encoding: UTF-8
      string: Ut quibusdam ea. Et quis alias. Distinctio beatae velit.
    headers:
      Accept-Encoding:
      - gzip;q=1.0,deflate;q=0.6,identity;q=0.3
      Accept:
      - "*/*"
      User-Agent:
      - Ruby
  response:
    status:
      code: 200
      message: OK
    headers:
      Content-Type:
      - text/xml
      Cache-Control:
      - no-cache
      Connection:
      - close
      Content-Length:
      - '207'
    body:
      encoding: UTF-8
      string: |
        <revision rev="7" vrev="7">
          <srcmd5>dfe9c7b82fd4c3299f09664523d5f322</srcmd5>
          <version>unknown</version>
          <time>1658422066</time>
          <user>unknown</user>
          <comment></comment>
          <requestid/>
        </revision>
  recorded_at: Thu, 21 Jul 2022 16:47:46 GMT
- request:
    method: put
    uri: http://backend:5352/source/home:tom:Staging:XYZ/package_with_file/somefile.txt
    body:
      encoding: UTF-8
      string: Consectetur eius aut. Cupiditate dolores reprehenderit. Vel nulla earum.
    headers:
      Accept-Encoding:
      - gzip;q=1.0,deflate;q=0.6,identity;q=0.3
      Accept:
      - "*/*"
      User-Agent:
      - Ruby
  response:
    status:
      code: 200
      message: OK
    headers:
      Content-Type:
      - text/xml
      Cache-Control:
      - no-cache
      Connection:
      - close
      Content-Length:
      - '207'
    body:
      encoding: UTF-8
      string: |
        <revision rev="8" vrev="8">
          <srcmd5>136a579bc423c5e206d8cac0e3752133</srcmd5>
          <version>unknown</version>
          <time>1658422066</time>
          <user>unknown</user>
          <comment></comment>
          <requestid/>
        </revision>
  recorded_at: Thu, 21 Jul 2022 16:47:46 GMT
- request:
    method: put
    uri: http://backend:5352/source/project_12/_meta?user=tom
    body:
      encoding: UTF-8
      string: |
        <project name="project_12">
          <title>The Lathe of Heaven</title>
          <description/>
        </project>
    headers:
      Accept-Encoding:
      - gzip;q=1.0,deflate;q=0.6,identity;q=0.3
      Accept:
      - "*/*"
      User-Agent:
      - Ruby
  response:
    status:
      code: 200
      message: OK
    headers:
      Content-Type:
      - text/xml
      Cache-Control:
      - no-cache
      Connection:
      - close
      Content-Length:
      - '106'
    body:
      encoding: UTF-8
      string: |
        <project name="project_12">
          <title>The Lathe of Heaven</title>
          <description></description>
        </project>
  recorded_at: Thu, 21 Jul 2022 16:47:46 GMT
- request:
    method: put
    uri: http://backend:5352/source/project_13/_meta?user=tom
    body:
      encoding: UTF-8
      string: |
        <project name="project_13">
          <title>Clouds of Witness</title>
          <description/>
        </project>
    headers:
      Accept-Encoding:
      - gzip;q=1.0,deflate;q=0.6,identity;q=0.3
      Accept:
      - "*/*"
      User-Agent:
      - Ruby
  response:
    status:
      code: 200
      message: OK
    headers:
      Content-Type:
      - text/xml
      Cache-Control:
      - no-cache
      Connection:
      - close
      Content-Length:
      - '104'
    body:
      encoding: UTF-8
      string: |
        <project name="project_13">
          <title>Clouds of Witness</title>
          <description></description>
        </project>
  recorded_at: Thu, 21 Jul 2022 16:47:46 GMT
- request:
    method: put
    uri: http://backend:5352/source/project_14/_meta?user=tom
    body:
      encoding: UTF-8
      string: |
        <project name="project_14">
          <title>Mother Night</title>
          <description/>
        </project>
    headers:
      Accept-Encoding:
      - gzip;q=1.0,deflate;q=0.6,identity;q=0.3
      Accept:
      - "*/*"
      User-Agent:
      - Ruby
  response:
    status:
      code: 200
      message: OK
    headers:
      Content-Type:
      - text/xml
      Cache-Control:
      - no-cache
      Connection:
      - close
      Content-Length:
      - '99'
    body:
      encoding: UTF-8
      string: |
        <project name="project_14">
          <title>Mother Night</title>
          <description></description>
        </project>
  recorded_at: Thu, 21 Jul 2022 16:47:46 GMT
- request:
    method: put
    uri: http://backend:5352/source/home:tom/_project/_staging_workflow?user=tom
    body:
      encoding: UTF-8
      string: |
        <workflow project="home:tom" managers="group_38">
          <staging_project name="home:tom:Staging:A"/>
          <staging_project name="home:tom:Staging:B"/>
          <staging_project name="home:tom:Staging:XYZ"/>
          <staging_project name="home:tom:new_project"/>
        </workflow>
    headers:
      Accept-Encoding:
      - gzip;q=1.0,deflate;q=0.6,identity;q=0.3
      Accept:
      - "*/*"
      User-Agent:
      - Ruby
  response:
    status:
      code: 200
      message: OK
    headers:
      Content-Type:
      - text/xml
      Cache-Control:
      - no-cache
      Connection:
      - close
      Content-Length:
      - '167'
    body:
      encoding: UTF-8
      string: |
        <revision rev="328">
          <srcmd5>1adecba8089b302ee91d7ab49a8c412c</srcmd5>
          <time>1658422066</time>
          <user>tom</user>
          <comment></comment>
          <requestid/>
        </revision>
  recorded_at: Thu, 21 Jul 2022 16:47:46 GMT
- request:
    method: put
    uri: http://backend:5352/source/home:tom/_project/_staging_workflow?user=tom
    body:
      encoding: UTF-8
      string: |
        <workflow project="home:tom" managers="group_38">
          <staging_project name="home:tom:Staging:A"/>
          <staging_project name="home:tom:Staging:B"/>
          <staging_project name="home:tom:Staging:XYZ"/>
          <staging_project name="home:tom:new_project"/>
        </workflow>
    headers:
      Accept-Encoding:
      - gzip;q=1.0,deflate;q=0.6,identity;q=0.3
      Accept:
      - "*/*"
      User-Agent:
      - Ruby
  response:
    status:
      code: 200
      message: OK
    headers:
      Content-Type:
      - text/xml
      Cache-Control:
      - no-cache
      Connection:
      - close
      Content-Length:
      - '167'
    body:
      encoding: UTF-8
      string: |
        <revision rev="329">
          <srcmd5>1adecba8089b302ee91d7ab49a8c412c</srcmd5>
          <time>1658422066</time>
          <user>tom</user>
          <comment></comment>
          <requestid/>
        </revision>
  recorded_at: Thu, 21 Jul 2022 16:47:46 GMT
- request:
    method: put
    uri: http://backend:5352/source/home:tom:new_project/_meta?user=tom
    body:
      encoding: UTF-8
      string: |
        <project name="home:tom:new_project">
          <title>Have His Carcase</title>
          <description/>
          <person userid="user_90" role="maintainer"/>
          <group groupid="group_38" role="maintainer"/>
          <group groupid="group_39" role="maintainer"/>
          <sourceaccess>
            <disable/>
          </sourceaccess>
          <repository name="staging_repository">
            <download arch="x86_64" url="http://suse.com" repotype="rpmmd"/>
            <path project="project_12" repository="repository_10"/>
            <path project="project_13" repository="repository_11"/>
            <path project="project_14" repository="repository_12"/>
            <arch>x86_64</arch>
          </repository>
        </project>
    headers:
      Accept-Encoding:
      - gzip;q=1.0,deflate;q=0.6,identity;q=0.3
      Accept:
      - "*/*"
      User-Agent:
      - Ruby
  response:
    status:
      code: 200
      message: OK
    headers:
      Content-Type:
      - text/xml
      Cache-Control:
      - no-cache
      Connection:
      - close
      Content-Length:
      - '636'
    body:
      encoding: UTF-8
      string: |
        <project name="home:tom:new_project">
          <title>Have His Carcase</title>
          <description></description>
          <person userid="user_90" role="maintainer"/>
          <group groupid="group_38" role="maintainer"/>
          <group groupid="group_39" role="maintainer"/>
          <sourceaccess>
            <disable/>
          </sourceaccess>
          <repository name="staging_repository">
            <download arch="x86_64" repotype="rpmmd" url="http://suse.com"/>
            <path project="project_12" repository="repository_10"/>
            <path project="project_13" repository="repository_11"/>
            <path project="project_14" repository="repository_12"/>
            <arch>x86_64</arch>
          </repository>
        </project>
  recorded_at: Thu, 21 Jul 2022 16:47:46 GMT
- request:
    method: put
    uri: http://backend:5352/source/home:tom:new_project/_config?comment=Copying%20project%20home:tom:Staging:XYZ&user=tom
    body:
      encoding: UTF-8
      string: 'Prefer: foo'
    headers:
      Accept-Encoding:
      - gzip;q=1.0,deflate;q=0.6,identity;q=0.3
      Accept:
      - "*/*"
      User-Agent:
      - Ruby
  response:
    status:
      code: 200
      message: OK
    headers:
      Content-Type:
      - text/xml
      Cache-Control:
      - no-cache
      Connection:
      - close
      Content-Length:
      - '21'
    body:
      encoding: UTF-8
      string: '<status code="ok" />

'
  recorded_at: Thu, 21 Jul 2022 16:47:46 GMT
- request:
    method: get
    uri: http://backend:5352/source/home:tom:new_project/_config
    body:
      encoding: US-ASCII
      string: ''
    headers:
      Accept-Encoding:
      - gzip;q=1.0,deflate;q=0.6,identity;q=0.3
      Accept:
      - "*/*"
      User-Agent:
      - Ruby
  response:
    status:
      code: 200
      message: OK
    headers:
      Content-Type:
      - text/plain
      Cache-Control:
      - no-cache
      Connection:
      - close
      Content-Length:
      - '11'
    body:
      encoding: UTF-8
      string: 'Prefer: foo'
  recorded_at: Thu, 21 Jul 2022 16:47:46 GMT
recorded_with: VCR 6.1.0
