---
http_interactions:
- request:
    method: put
    uri: http://backend:5352/source/home:Iggy/_meta?user=Iggy
    body:
      encoding: UTF-8
      string: |
        <project name="home:Iggy">
          <title/>
          <description/>
          <person userid="Iggy" role="maintainer"/>
        </project>
    headers:
      Accept-Encoding:
      - gzip;q=1.0,deflate;q=0.6,identity;q=0.3
      Accept:
      - "*/*"
      User-Agent:
      - Ruby
  response:
    status:
      code: 200
      message: OK
    headers:
      Content-Type:
      - text/xml
      Cache-Control:
      - no-cache
      Connection:
      - close
      Content-Length:
      - '130'
    body:
      encoding: UTF-8
      string: |
        <project name="home:Iggy">
          <title></title>
          <description></description>
          <person userid="Iggy" role="maintainer"/>
        </project>
  recorded_at: Wed, 02 Aug 2023 10:02:20 GMT
- request:
    method: put
    uri: http://backend:5352/source/foo_project/_meta?user=user_51
    body:
      encoding: UTF-8
      string: |
        <project name="foo_project">
          <title>The Violent Bear It Away</title>
          <description/>
          <person userid="Iggy" role="maintainer"/>
        </project>
    headers:
      Accept-Encoding:
      - gzip;q=1.0,deflate;q=0.6,identity;q=0.3
      Accept:
      - "*/*"
      User-Agent:
      - Ruby
  response:
    status:
      code: 200
      message: OK
    headers:
      Content-Type:
      - text/xml
      Cache-Control:
      - no-cache
      Connection:
      - close
      Content-Length:
      - '156'
    body:
      encoding: UTF-8
      string: |
        <project name="foo_project">
          <title>The Violent Bear It Away</title>
          <description></description>
          <person userid="Iggy" role="maintainer"/>
        </project>
  recorded_at: Wed, 02 Aug 2023 10:02:20 GMT
- request:
    method: put
    uri: http://backend:5352/source/foo_project/bar_package/_meta?user=user_52
    body:
      encoding: UTF-8
      string: |
        <package name="bar_package" project="foo_project">
          <title>The Glory and the Dream</title>
          <description>Quo tempore repellendus adipisci.</description>
        </package>
    headers:
      Accept-Encoding:
      - gzip;q=1.0,deflate;q=0.6,identity;q=0.3
      Accept:
      - "*/*"
      User-Agent:
      - Ruby
  response:
    status:
      code: 200
      message: OK
    headers:
      Content-Type:
      - text/xml
      Cache-Control:
      - no-cache
      Connection:
      - close
      Content-Length:
      - '166'
    body:
      encoding: UTF-8
      string: |
        <package name="bar_package" project="foo_project">
          <title>The Glory and the Dream</title>
          <description>Quo tempore repellendus adipisci.</description>
        </package>
  recorded_at: Wed, 02 Aug 2023 10:02:20 GMT
- request:
    method: put
    uri: http://backend:5352/source/foo_project/bar_package/_config
    body:
      encoding: UTF-8
      string: Quia fugit nostrum. Et consectetur hic. Sint tenetur nostrum.
    headers:
      Accept-Encoding:
      - gzip;q=1.0,deflate;q=0.6,identity;q=0.3
      Accept:
      - "*/*"
      User-Agent:
      - Ruby
  response:
    status:
      code: 200
      message: OK
    headers:
      Content-Type:
      - text/xml
      Cache-Control:
      - no-cache
      Connection:
      - close
      Content-Length:
      - '213'
    body:
      encoding: UTF-8
      string: |
        <revision rev="2071" vrev="2071">
          <srcmd5>ecdf9d229704f7e07ad4b8513b4cebf4</srcmd5>
          <version>unknown</version>
          <time>1690970540</time>
          <user>unknown</user>
          <comment></comment>
          <requestid/>
        </revision>
  recorded_at: Wed, 02 Aug 2023 10:02:20 GMT
- request:
    method: put
    uri: http://backend:5352/source/foo_project/bar_package/somefile.txt
    body:
      encoding: UTF-8
      string: Sunt quidem numquam. Voluptas rerum hic. Dolorem neque aut.
    headers:
      Accept-Encoding:
      - gzip;q=1.0,deflate;q=0.6,identity;q=0.3
      Accept:
      - "*/*"
      User-Agent:
      - Ruby
  response:
    status:
      code: 200
      message: OK
    headers:
      Content-Type:
      - text/xml
      Cache-Control:
      - no-cache
      Connection:
      - close
      Content-Length:
      - '213'
    body:
      encoding: UTF-8
      string: |
        <revision rev="2072" vrev="2072">
          <srcmd5>e3c3a43a44401e416a4a7544fe45c46c</srcmd5>
          <version>unknown</version>
          <time>1690970540</time>
          <user>unknown</user>
          <comment></comment>
          <requestid/>
        </revision>
  recorded_at: Wed, 02 Aug 2023 10:02:20 GMT
- request:
    method: post
    uri: http://backend:5352/source/foo_project/bar_package?cmd=waitservice
    body:
      encoding: UTF-8
      string: ''
    headers:
      Content-Type:
      - application/octet-stream
      Accept-Encoding:
      - gzip;q=1.0,deflate;q=0.6,identity;q=0.3
      Accept:
      - "*/*"
      User-Agent:
      - Ruby
  response:
    status:
      code: 200
      message: OK
    headers:
      Content-Type:
      - text/xml
      Cache-Control:
      - no-cache
      Connection:
      - close
      Content-Length:
      - '21'
    body:
      encoding: UTF-8
      string: '<status code="ok" />

'
  recorded_at: Wed, 02 Aug 2023 10:02:20 GMT
- request:
    method: post
    uri: http://backend:5352/search/package/id?match=(linkinfo/@package=%22bar_package%22%20and%20linkinfo/@project=%22foo_project%22%20and%20@project=%22foo_project%22)
    body:
      encoding: UTF-8
      string: ''
    headers:
      Content-Type:
      - application/octet-stream
      Accept-Encoding:
      - gzip;q=1.0,deflate;q=0.6,identity;q=0.3
      Accept:
      - "*/*"
      User-Agent:
      - Ruby
  response:
    status:
      code: 200
      message: OK
    headers:
      Content-Type:
      - text/xml
      Cache-Control:
      - no-cache
      Connection:
      - close
      Content-Length:
      - '27'
    body:
      encoding: UTF-8
      string: |
        <collection>
        </collection>
  recorded_at: Wed, 02 Aug 2023 10:02:20 GMT
- request:
    method: put
    uri: http://backend:5352/source/home:Iggy:openSUSE:open-build-service:PR-1/_meta?user=Iggy
    body:
      encoding: UTF-8
      string: |
        <project name="home:Iggy:openSUSE:open-build-service:PR-1">
          <title>Branch project for package bar_package</title>
          <description>This project was created for package bar_package via attribute OBS:Maintained</description>
          <person userid="Iggy" role="maintainer"/>
        </project>
    headers:
      Accept-Encoding:
      - gzip;q=1.0,deflate;q=0.6,identity;q=0.3
      Accept:
      - "*/*"
      User-Agent:
      - Ruby
  response:
    status:
      code: 200
      message: OK
    headers:
      Content-Type:
      - text/xml
      Cache-Control:
      - no-cache
      Connection:
      - close
      Content-Length:
      - '278'
    body:
      encoding: UTF-8
      string: |
        <project name="home:Iggy:openSUSE:open-build-service:PR-1">
          <title>Branch project for package bar_package</title>
          <description>This project was created for package bar_package via attribute OBS:Maintained</description>
          <person userid="Iggy" role="maintainer"/>
        </project>
  recorded_at: Wed, 02 Aug 2023 10:02:20 GMT
- request:
    method: put
    uri: http://backend:5352/source/home:Iggy:openSUSE:open-build-service:PR-1/bar_package/_meta?user=Iggy
    body:
      encoding: UTF-8
      string: |
        <package name="bar_package" project="home:Iggy:openSUSE:open-build-service:PR-1">
          <title>The Glory and the Dream</title>
          <description>Quo tempore repellendus adipisci.</description>
        </package>
    headers:
      Accept-Encoding:
      - gzip;q=1.0,deflate;q=0.6,identity;q=0.3
      Accept:
      - "*/*"
      User-Agent:
      - Ruby
  response:
    status:
      code: 200
      message: OK
    headers:
      Content-Type:
      - text/xml
      Cache-Control:
      - no-cache
      Connection:
      - close
      Content-Length:
      - '197'
    body:
      encoding: UTF-8
      string: |
        <package name="bar_package" project="home:Iggy:openSUSE:open-build-service:PR-1">
          <title>The Glory and the Dream</title>
          <description>Quo tempore repellendus adipisci.</description>
        </package>
  recorded_at: Wed, 02 Aug 2023 10:02:20 GMT
- request:
    method: post
    uri: http://backend:5352/source/home:Iggy:openSUSE:open-build-service:PR-1/bar_package?cmd=branch&noservice=1&opackage=bar_package&oproject=foo_project&user=Iggy
    body:
      encoding: UTF-8
      string: ''
    headers:
      Content-Type:
      - application/octet-stream
      Accept-Encoding:
      - gzip;q=1.0,deflate;q=0.6,identity;q=0.3
      Accept:
      - "*/*"
      User-Agent:
      - Ruby
  response:
    status:
      code: 200
      message: OK
    headers:
      Content-Type:
      - text/xml
      Cache-Control:
      - no-cache
      Connection:
      - close
      Content-Length:
      - '208'
    body:
      encoding: UTF-8
      string: |
        <revision rev="913" vrev="913">
          <srcmd5>d933c023654264df900868d884653152</srcmd5>
          <version>unknown</version>
          <time>1690970540</time>
          <user>Iggy</user>
          <comment></comment>
          <requestid/>
        </revision>
  recorded_at: Wed, 02 Aug 2023 10:02:20 GMT
- request:
    method: put
    uri: http://backend:5352/source/home:Iggy:openSUSE:open-build-service:PR-1/bar_package/_meta?user=Iggy
    body:
      encoding: UTF-8
      string: |
        <package name="bar_package" project="home:Iggy:openSUSE:open-build-service:PR-1">
          <title>The Glory and the Dream</title>
          <description>Quo tempore repellendus adipisci.</description>
        </package>
    headers:
      Accept-Encoding:
      - gzip;q=1.0,deflate;q=0.6,identity;q=0.3
      Accept:
      - "*/*"
      User-Agent:
      - Ruby
  response:
    status:
      code: 200
      message: OK
    headers:
      Content-Type:
      - text/xml
      Cache-Control:
      - no-cache
      Connection:
      - close
      Content-Length:
      - '197'
    body:
      encoding: UTF-8
      string: |
        <package name="bar_package" project="home:Iggy:openSUSE:open-build-service:PR-1">
          <title>The Glory and the Dream</title>
          <description>Quo tempore repellendus adipisci.</description>
        </package>
  recorded_at: Wed, 02 Aug 2023 10:02:20 GMT
- request:
    method: get
    uri: http://backend:5352/source/home:Iggy:openSUSE:open-build-service:PR-1/bar_package
    body:
      encoding: US-ASCII
      string: ''
    headers:
      Accept-Encoding:
      - gzip;q=1.0,deflate;q=0.6,identity;q=0.3
      Accept:
      - "*/*"
      User-Agent:
      - Ruby
  response:
    status:
      code: 200
      message: OK
    headers:
      Content-Type:
      - text/xml
      Cache-Control:
      - no-cache
      Connection:
      - close
      Content-Length:
      - '725'
    body:
      encoding: UTF-8
      string: |
        <directory name="bar_package" rev="913" vrev="913" srcmd5="d933c023654264df900868d884653152">
          <linkinfo project="foo_project" package="bar_package" srcmd5="e3c3a43a44401e416a4a7544fe45c46c" baserev="e3c3a43a44401e416a4a7544fe45c46c" xsrcmd5="b3f873b34f147790024ec6bbc92f9bfb" lsrcmd5="d933c023654264df900868d884653152"/>
          <entry name="_branch_request" md5="aea524cf047993d430e69b477e07f3df" size="114" mtime="1690882765"/>
          <entry name="_config" md5="b5c8fca5acb88cd3bcca04d68a43b639" size="61" mtime="1690970540"/>
          <entry name="_link" md5="ba8c1b0c511c77f6fa35c45e30efcd68" size="119" mtime="1690970540"/>
          <entry name="somefile.txt" md5="7da412480952ab39fc208614f2280df9" size="59" mtime="1690970540"/>
        </directory>
  recorded_at: Wed, 02 Aug 2023 10:02:20 GMT
- request:
    method: get
    uri: http://backend:5352/source/home:Iggy:openSUSE:open-build-service:PR-1/bar_package?view=info
    body:
      encoding: US-ASCII
      string: ''
    headers:
      Accept-Encoding:
      - gzip;q=1.0,deflate;q=0.6,identity;q=0.3
      Accept:
      - "*/*"
      User-Agent:
      - Ruby
  response:
    status:
      code: 200
      message: OK
    headers:
      Content-Type:
      - text/xml
      Cache-Control:
      - no-cache
      Connection:
      - close
      Content-Length:
      - '333'
    body:
      encoding: UTF-8
      string: |
        <sourceinfo package="bar_package" rev="913" vrev="2985" srcmd5="b3f873b34f147790024ec6bbc92f9bfb" lsrcmd5="d933c023654264df900868d884653152" verifymd5="e3c3a43a44401e416a4a7544fe45c46c">
          <error>bad build configuration, no build type defined or detected</error>
          <linked project="foo_project" package="bar_package"/>
        </sourceinfo>
  recorded_at: Wed, 02 Aug 2023 10:02:20 GMT
- request:
    method: get
    uri: http://backend:5352/source/home:Iggy:openSUSE:open-build-service:PR-1/bar_package
    body:
      encoding: US-ASCII
      string: ''
    headers:
      Accept-Encoding:
      - gzip;q=1.0,deflate;q=0.6,identity;q=0.3
      Accept:
      - "*/*"
      User-Agent:
      - Ruby
  response:
    status:
      code: 200
      message: OK
    headers:
      Content-Type:
      - text/xml
      Cache-Control:
      - no-cache
      Connection:
      - close
      Content-Length:
      - '725'
    body:
      encoding: UTF-8
      string: |
        <directory name="bar_package" rev="913" vrev="913" srcmd5="d933c023654264df900868d884653152">
          <linkinfo project="foo_project" package="bar_package" srcmd5="e3c3a43a44401e416a4a7544fe45c46c" baserev="e3c3a43a44401e416a4a7544fe45c46c" xsrcmd5="b3f873b34f147790024ec6bbc92f9bfb" lsrcmd5="d933c023654264df900868d884653152"/>
          <entry name="_branch_request" md5="aea524cf047993d430e69b477e07f3df" size="114" mtime="1690882765"/>
          <entry name="_config" md5="b5c8fca5acb88cd3bcca04d68a43b639" size="61" mtime="1690970540"/>
          <entry name="_link" md5="ba8c1b0c511c77f6fa35c45e30efcd68" size="119" mtime="1690970540"/>
          <entry name="somefile.txt" md5="7da412480952ab39fc208614f2280df9" size="59" mtime="1690970540"/>
        </directory>
  recorded_at: Wed, 02 Aug 2023 10:02:20 GMT
- request:
    method: post
    uri: http://backend:5352/source/home:Iggy:openSUSE:open-build-service:PR-1/bar_package?cmd=diff&linkrev=base&onlyissues=1&orev=0&view=xml
    body:
      encoding: UTF-8
      string: ''
    headers:
      Content-Type:
      - application/octet-stream
      Accept-Encoding:
      - gzip;q=1.0,deflate;q=0.6,identity;q=0.3
      Accept:
      - "*/*"
      User-Agent:
      - Ruby
  response:
    status:
      code: 200
      message: OK
    headers:
      Content-Type:
      - text/xml
      Cache-Control:
      - no-cache
      Connection:
      - close
      Content-Length:
      - '370'
    body:
      encoding: UTF-8
      string: |
        <sourcediff key="c094799735e59da4ad060a2c59bc9c2f">
          <old project="home:Iggy:openSUSE:open-build-service:PR-1" package="bar_package" rev="0" srcmd5="d41d8cd98f00b204e9800998ecf8427e"/>
          <new project="home:Iggy:openSUSE:open-build-service:PR-1" package="bar_package" rev="913" srcmd5="d933c023654264df900868d884653152"/>
          <files/>
          <issues>
          </issues>
        </sourcediff>
  recorded_at: Wed, 02 Aug 2023 10:02:20 GMT
- request:
    method: post
    uri: http://backend:5352/source/home:Iggy:openSUSE:open-build-service:PR-1/bar_package?cmd=linkdiff&linkrev=base&onlyissues=1&view=xml
    body:
      encoding: UTF-8
      string: ''
    headers:
      Content-Type:
      - application/octet-stream
      Accept-Encoding:
      - gzip;q=1.0,deflate;q=0.6,identity;q=0.3
      Accept:
      - "*/*"
      User-Agent:
      - Ruby
  response:
    status:
      code: 200
      message: OK
    headers:
      Content-Type:
      - text/xml
      Cache-Control:
      - no-cache
      Connection:
      - close
      Content-Length:
      - '376'
    body:
      encoding: UTF-8
      string: |
        <sourcediff key="5bcaaa6a2c282c2a9f52c7626a911452">
          <old project="foo_project" package="bar_package" rev="e3c3a43a44401e416a4a7544fe45c46c" srcmd5="e3c3a43a44401e416a4a7544fe45c46c"/>
          <new project="home:Iggy:openSUSE:open-build-service:PR-1" package="bar_package" rev="b3f873b34f147790024ec6bbc92f9bfb" srcmd5="b3f873b34f147790024ec6bbc92f9bfb"/>
          <files/>
        </sourcediff>
  recorded_at: Wed, 02 Aug 2023 10:02:20 GMT
- request:
    method: put
    uri: http://backend:5352/source/home:Iggy:openSUSE:open-build-service:PR-1/_meta?user=Iggy
    body:
      encoding: UTF-8
      string: |
        <project name="home:Iggy:openSUSE:open-build-service:PR-1">
          <title>Branch project for package bar_package</title>
          <description>This project was created for package bar_package via attribute OBS:Maintained</description>
          <person userid="Iggy" role="maintainer"/>
          <publish>
            <disable/>
          </publish>
          <repository name="openSUSE_Tumbleweed">
            <path project="foo_project" repository="openSUSE_Tumbleweed"/>
            <arch>x86_64</arch>
          </repository>
          <repository name="Unicorn_123">
            <path project="foo_project" repository="Unicorn_123"/>
            <arch>x86_64</arch>
            <arch>i586</arch>
            <arch>ppc</arch>
            <arch>aarch64</arch>
          </repository>
        </project>
    headers:
      Accept-Encoding:
      - gzip;q=1.0,deflate;q=0.6,identity;q=0.3
      Accept:
      - "*/*"
      User-Agent:
      - Ruby
  response:
    status:
      code: 200
      message: OK
    headers:
      Content-Type:
      - text/xml
      Cache-Control:
      - no-cache
      Connection:
      - close
      Content-Length:
      - '668'
    body:
      encoding: UTF-8
      string: |
        <project name="home:Iggy:openSUSE:open-build-service:PR-1">
          <title>Branch project for package bar_package</title>
          <description>This project was created for package bar_package via attribute OBS:Maintained</description>
          <person userid="Iggy" role="maintainer"/>
          <publish>
            <disable/>
          </publish>
          <repository name="openSUSE_Tumbleweed">
            <path project="foo_project" repository="openSUSE_Tumbleweed"/>
            <arch>x86_64</arch>
          </repository>
          <repository name="Unicorn_123">
            <path project="foo_project" repository="Unicorn_123"/>
            <arch>x86_64</arch>
            <arch>i586</arch>
            <arch>ppc</arch>
            <arch>aarch64</arch>
          </repository>
        </project>
  recorded_at: Wed, 02 Aug 2023 10:02:20 GMT
- request:
    method: put
    uri: http://backend:5352/source/home:Iggy:openSUSE:open-build-service:PR-1/bar_package/_branch_request?user=Iggy
    body:
      encoding: UTF-8
      string: '{"object_kind":null,"project":{"http_url":null},"object_attributes":{"source":{"default_branch":"123456789"}}}'
    headers:
      Accept-Encoding:
      - gzip;q=1.0,deflate;q=0.6,identity;q=0.3
      Accept:
      - "*/*"
      User-Agent:
      - Ruby
  response:
    status:
      code: 200
      message: OK
    headers:
      Content-Type:
      - text/xml
      Cache-Control:
      - no-cache
      Connection:
      - close
      Content-Length:
      - '208'
    body:
      encoding: UTF-8
      string: |
        <revision rev="914" vrev="914">
          <srcmd5>a2ebe8ae534395590d4cb8f18ba401be</srcmd5>
          <version>unknown</version>
          <time>1690970540</time>
          <user>Iggy</user>
          <comment></comment>
          <requestid/>
        </revision>
  recorded_at: Wed, 02 Aug 2023 10:02:20 GMT
- request:
    method: put
    uri: http://backend:5352/source/home:Iggy:openSUSE:open-build-service:PR-1/bar_package/_meta?user=Iggy
    body:
      encoding: UTF-8
      string: |
        <package name="bar_package" project="home:Iggy:openSUSE:open-build-service:PR-1">
          <title>The Glory and the Dream</title>
          <description>Quo tempore repellendus adipisci.</description>
        </package>
    headers:
      Accept-Encoding:
      - gzip;q=1.0,deflate;q=0.6,identity;q=0.3
      Accept:
      - "*/*"
      User-Agent:
      - Ruby
  response:
    status:
      code: 200
      message: OK
    headers:
      Content-Type:
      - text/xml
      Cache-Control:
      - no-cache
      Connection:
      - close
      Content-Length:
      - '197'
    body:
      encoding: UTF-8
      string: |
        <package name="bar_package" project="home:Iggy:openSUSE:open-build-service:PR-1">
          <title>The Glory and the Dream</title>
          <description>Quo tempore repellendus adipisci.</description>
        </package>
  recorded_at: Wed, 02 Aug 2023 10:02:20 GMT
- request:
    method: get
    uri: http://backend:5352/source/home:Iggy:openSUSE:open-build-service:PR-1/bar_package
    body:
      encoding: US-ASCII
      string: ''
    headers:
      Accept-Encoding:
      - gzip;q=1.0,deflate;q=0.6,identity;q=0.3
      Accept:
      - "*/*"
      User-Agent:
      - Ruby
  response:
    status:
      code: 200
      message: OK
    headers:
      Content-Type:
      - text/xml
      Cache-Control:
      - no-cache
      Connection:
      - close
      Content-Length:
      - '725'
    body:
      encoding: UTF-8
      string: |
        <directory name="bar_package" rev="914" vrev="914" srcmd5="a2ebe8ae534395590d4cb8f18ba401be">
          <linkinfo project="foo_project" package="bar_package" srcmd5="e3c3a43a44401e416a4a7544fe45c46c" baserev="e3c3a43a44401e416a4a7544fe45c46c" xsrcmd5="84c6fb3d5ad290297e4545d9cd4783a5" lsrcmd5="a2ebe8ae534395590d4cb8f18ba401be"/>
          <entry name="_branch_request" md5="1ecf0e682a06f24b71446f85ff3bd803" size="110" mtime="1690882763"/>
          <entry name="_config" md5="b5c8fca5acb88cd3bcca04d68a43b639" size="61" mtime="1690970540"/>
          <entry name="_link" md5="ba8c1b0c511c77f6fa35c45e30efcd68" size="119" mtime="1690970540"/>
          <entry name="somefile.txt" md5="7da412480952ab39fc208614f2280df9" size="59" mtime="1690970540"/>
        </directory>
  recorded_at: Wed, 02 Aug 2023 10:02:20 GMT
- request:
    method: get
    uri: http://backend:5352/source/home:Iggy:openSUSE:open-build-service:PR-1/bar_package?view=info
    body:
      encoding: US-ASCII
      string: ''
    headers:
      Accept-Encoding:
      - gzip;q=1.0,deflate;q=0.6,identity;q=0.3
      Accept:
      - "*/*"
      User-Agent:
      - Ruby
  response:
    status:
      code: 200
      message: OK
    headers:
      Content-Type:
      - text/xml
      Cache-Control:
      - no-cache
      Connection:
      - close
      Content-Length:
      - '333'
    body:
      encoding: UTF-8
      string: |
        <sourceinfo package="bar_package" rev="914" vrev="2986" srcmd5="84c6fb3d5ad290297e4545d9cd4783a5" lsrcmd5="a2ebe8ae534395590d4cb8f18ba401be" verifymd5="95b13b8219e5931e56b759c62000bc62">
          <error>bad build configuration, no build type defined or detected</error>
          <linked project="foo_project" package="bar_package"/>
        </sourceinfo>
  recorded_at: Wed, 02 Aug 2023 10:02:20 GMT
- request:
    method: get
    uri: http://backend:5352/source/home:Iggy:openSUSE:open-build-service:PR-1/bar_package
    body:
      encoding: US-ASCII
      string: ''
    headers:
      Accept-Encoding:
      - gzip;q=1.0,deflate;q=0.6,identity;q=0.3
      Accept:
      - "*/*"
      User-Agent:
      - Ruby
  response:
    status:
      code: 200
      message: OK
    headers:
      Content-Type:
      - text/xml
      Cache-Control:
      - no-cache
      Connection:
      - close
      Content-Length:
      - '725'
    body:
      encoding: UTF-8
      string: |
        <directory name="bar_package" rev="914" vrev="914" srcmd5="a2ebe8ae534395590d4cb8f18ba401be">
          <linkinfo project="foo_project" package="bar_package" srcmd5="e3c3a43a44401e416a4a7544fe45c46c" baserev="e3c3a43a44401e416a4a7544fe45c46c" xsrcmd5="84c6fb3d5ad290297e4545d9cd4783a5" lsrcmd5="a2ebe8ae534395590d4cb8f18ba401be"/>
          <entry name="_branch_request" md5="1ecf0e682a06f24b71446f85ff3bd803" size="110" mtime="1690882763"/>
          <entry name="_config" md5="b5c8fca5acb88cd3bcca04d68a43b639" size="61" mtime="1690970540"/>
          <entry name="_link" md5="ba8c1b0c511c77f6fa35c45e30efcd68" size="119" mtime="1690970540"/>
          <entry name="somefile.txt" md5="7da412480952ab39fc208614f2280df9" size="59" mtime="1690970540"/>
        </directory>
  recorded_at: Wed, 02 Aug 2023 10:02:20 GMT
- request:
    method: post
    uri: http://backend:5352/source/home:Iggy:openSUSE:open-build-service:PR-1/bar_package?cmd=diff&linkrev=base&onlyissues=1&orev=0&view=xml
    body:
      encoding: UTF-8
      string: ''
    headers:
      Content-Type:
      - application/octet-stream
      Accept-Encoding:
      - gzip;q=1.0,deflate;q=0.6,identity;q=0.3
      Accept:
      - "*/*"
      User-Agent:
      - Ruby
  response:
    status:
      code: 200
      message: OK
    headers:
      Content-Type:
      - text/xml
      Cache-Control:
      - no-cache
      Connection:
      - close
      Content-Length:
      - '370'
    body:
      encoding: UTF-8
      string: |
        <sourcediff key="232f39a6476c202e2f847fbe38d7e8d6">
          <old project="home:Iggy:openSUSE:open-build-service:PR-1" package="bar_package" rev="0" srcmd5="d41d8cd98f00b204e9800998ecf8427e"/>
          <new project="home:Iggy:openSUSE:open-build-service:PR-1" package="bar_package" rev="914" srcmd5="a2ebe8ae534395590d4cb8f18ba401be"/>
          <files/>
          <issues>
          </issues>
        </sourcediff>
  recorded_at: Wed, 02 Aug 2023 10:02:20 GMT
- request:
    method: post
    uri: http://backend:5352/source/home:Iggy:openSUSE:open-build-service:PR-1/bar_package?cmd=linkdiff&linkrev=base&onlyissues=1&view=xml
    body:
      encoding: UTF-8
      string: ''
    headers:
      Content-Type:
      - application/octet-stream
      Accept-Encoding:
      - gzip;q=1.0,deflate;q=0.6,identity;q=0.3
      Accept:
      - "*/*"
      User-Agent:
      - Ruby
  response:
    status:
      code: 200
      message: OK
    headers:
      Content-Type:
      - text/xml
      Cache-Control:
      - no-cache
      Connection:
      - close
      Content-Length:
      - '399'
    body:
      encoding: UTF-8
      string: |
        <sourcediff key="8d41c5b973f6bd5417d5c56e7d742eb9">
          <old project="foo_project" package="bar_package" rev="e3c3a43a44401e416a4a7544fe45c46c" srcmd5="e3c3a43a44401e416a4a7544fe45c46c"/>
          <new project="home:Iggy:openSUSE:open-build-service:PR-1" package="bar_package" rev="84c6fb3d5ad290297e4545d9cd4783a5" srcmd5="84c6fb3d5ad290297e4545d9cd4783a5"/>
          <files/>
          <issues>
          </issues>
        </sourcediff>
  recorded_at: Wed, 02 Aug 2023 10:02:20 GMT
recorded_with: VCR 6.2.0
