---
http_interactions:
- request:
    method: put
    uri: http://backend:5352/source/home:tom/_meta?user=tom
    body:
      encoding: UTF-8
      string: |
        <project name="home:tom">
          <title/>
          <description/>
          <person userid="tom" role="maintainer"/>
        </project>
    headers:
      Accept-Encoding:
      - gzip;q=1.0,deflate;q=0.6,identity;q=0.3
      Accept:
      - "*/*"
      User-Agent:
      - Ruby
  response:
    status:
      code: 200
      message: OK
    headers:
      Content-Type:
      - text/xml
      Cache-Control:
      - no-cache
      Connection:
      - close
      Content-Length:
      - '128'
    body:
      encoding: UTF-8
      string: |
        <project name="home:tom">
          <title></title>
          <description></description>
          <person userid="tom" role="maintainer"/>
        </project>
    http_version: null
  recorded_at: Fri, 15 May 2020 15:18:35 GMT
- request:
    method: put
    uri: http://backend:5352/source/home:tom/package_with_file/_meta?user=tom
    body:
      encoding: UTF-8
      string: |
        <package name="package_with_file" project="home:tom">
          <title>Jacob Have I Loved</title>
          <description>Exercitationem assumenda ut consequatur.</description>
        </package>
    headers:
      Accept-Encoding:
      - gzip;q=1.0,deflate;q=0.6,identity;q=0.3
      Accept:
      - "*/*"
      User-Agent:
      - Ruby
  response:
    status:
      code: 200
      message: OK
    headers:
      Content-Type:
      - text/xml
      Cache-Control:
      - no-cache
      Connection:
      - close
      Content-Length:
      - '171'
    body:
      encoding: UTF-8
      string: |
        <package name="package_with_file" project="home:tom">
          <title>Jacob Have I Loved</title>
          <description>Exercitationem assumenda ut consequatur.</description>
        </package>
    http_version: null
  recorded_at: Fri, 15 May 2020 15:18:35 GMT
- request:
    method: put
    uri: http://backend:5352/source/home:tom/package_with_file/_config
    body:
      encoding: UTF-8
      string: Accusamus pariatur tenetur. Exercitationem eaque ducimus. Beatae quam
        voluptatem.
    headers:
      Accept-Encoding:
      - gzip;q=1.0,deflate;q=0.6,identity;q=0.3
      Accept:
      - "*/*"
      User-Agent:
      - Ruby
  response:
    status:
      code: 200
      message: OK
    headers:
      Content-Type:
      - text/xml
      Cache-Control:
      - no-cache
      Connection:
      - close
      Content-Length:
      - '209'
    body:
      encoding: UTF-8
      string: |
        <revision rev="73" vrev="73">
          <srcmd5>21d3305877da598c232965e6c61c829d</srcmd5>
          <version>unknown</version>
          <time>1589555915</time>
          <user>unknown</user>
          <comment></comment>
          <requestid/>
        </revision>
    http_version: null
  recorded_at: Fri, 15 May 2020 15:18:35 GMT
- request:
    method: put
    uri: http://backend:5352/source/home:tom/package_with_file/somefile.txt
    body:
      encoding: UTF-8
      string: Ea ratione possimus. Vel veritatis et. Blanditiis exercitationem earum.
    headers:
      Accept-Encoding:
      - gzip;q=1.0,deflate;q=0.6,identity;q=0.3
      Accept:
      - "*/*"
      User-Agent:
      - Ruby
  response:
    status:
      code: 200
      message: OK
    headers:
      Content-Type:
      - text/xml
      Cache-Control:
      - no-cache
      Connection:
      - close
      Content-Length:
      - '209'
    body:
      encoding: UTF-8
      string: |
        <revision rev="74" vrev="74">
          <srcmd5>eaa8be55e1008135212f61dc9f82627e</srcmd5>
          <version>unknown</version>
          <time>1589555915</time>
          <user>unknown</user>
          <comment></comment>
          <requestid/>
        </revision>
    http_version: null
  recorded_at: Fri, 15 May 2020 15:18:35 GMT
- request:
    method: put
    uri: http://backend:5352/source/project_24/_meta?user=tom
    body:
      encoding: UTF-8
      string: |
        <project name="project_24">
          <title>I Know Why the Caged Bird Sings</title>
          <description/>
        </project>
    headers:
      Accept-Encoding:
      - gzip;q=1.0,deflate;q=0.6,identity;q=0.3
      Accept:
      - "*/*"
      User-Agent:
      - Ruby
  response:
    status:
      code: 200
      message: OK
    headers:
      Content-Type:
      - text/xml
      Cache-Control:
      - no-cache
      Connection:
      - close
      Content-Length:
      - '118'
    body:
      encoding: UTF-8
      string: |
        <project name="project_24">
          <title>I Know Why the Caged Bird Sings</title>
          <description></description>
        </project>
    http_version: null
  recorded_at: Fri, 15 May 2020 15:18:36 GMT
recorded_with: VCR 5.1.0
