---
http_interactions:
- request:
    method: put
    uri: http://backend:5352/source/home:Iggy/_meta?user=Iggy
    body:
      encoding: UTF-8
      string: |
        <project name="home:Iggy">
          <title/>
          <description/>
          <person userid="Iggy" role="maintainer"/>
        </project>
    headers:
      Accept-Encoding:
      - gzip;q=1.0,deflate;q=0.6,identity;q=0.3
      Accept:
      - "*/*"
      User-Agent:
      - Ruby
  response:
    status:
      code: 200
      message: OK
    headers:
      Content-Type:
      - text/xml
      Cache-Control:
      - no-cache
      Connection:
      - close
      Content-Length:
      - '130'
    body:
      encoding: UTF-8
      string: |
        <project name="home:Iggy">
          <title></title>
          <description></description>
          <person userid="Iggy" role="maintainer"/>
        </project>
  recorded_at: Mon, 05 Jun 2023 12:45:12 GMT
- request:
    method: put
    uri: http://backend:5352/source/foo_project/_meta?user=user_183
    body:
      encoding: UTF-8
      string: |
        <project name="foo_project">
          <title>The Little Foxes</title>
          <description/>
          <person userid="Iggy" role="maintainer"/>
        </project>
    headers:
      Accept-Encoding:
      - gzip;q=1.0,deflate;q=0.6,identity;q=0.3
      Accept:
      - "*/*"
      User-Agent:
      - Ruby
  response:
    status:
      code: 200
      message: OK
    headers:
      Content-Type:
      - text/xml
      Cache-Control:
      - no-cache
      Connection:
      - close
      Content-Length:
      - '148'
    body:
      encoding: UTF-8
      string: |
        <project name="foo_project">
          <title>The Little Foxes</title>
          <description></description>
          <person userid="Iggy" role="maintainer"/>
        </project>
  recorded_at: Mon, 05 Jun 2023 12:45:12 GMT
- request:
    method: put
    uri: http://backend:5352/source/foo_project/multibuild_package/_meta?user=user_184
    body:
      encoding: UTF-8
      string: |
        <package name="multibuild_package" project="foo_project">
          <title>Stranger in a Strange Land</title>
          <description>Vitae ut qui commodi.</description>
        </package>
    headers:
      Accept-Encoding:
      - gzip;q=1.0,deflate;q=0.6,identity;q=0.3
      Accept:
      - "*/*"
      User-Agent:
      - Ruby
  response:
    status:
      code: 200
      message: OK
    headers:
      Content-Type:
      - text/xml
      Cache-Control:
      - no-cache
      Connection:
      - close
      Content-Length:
      - '164'
    body:
      encoding: UTF-8
      string: |
        <package name="multibuild_package" project="foo_project">
          <title>Stranger in a Strange Land</title>
          <description>Vitae ut qui commodi.</description>
        </package>
  recorded_at: Mon, 05 Jun 2023 12:45:12 GMT
- request:
    method: put
    uri: http://backend:5352/source/foo_project/multibuild_package/_config
    body:
      encoding: UTF-8
      string: Tempore voluptate harum. Dolor qui quas. Sunt qui assumenda.
    headers:
      Accept-Encoding:
      - gzip;q=1.0,deflate;q=0.6,identity;q=0.3
      Accept:
      - "*/*"
      User-Agent:
      - Ruby
  response:
    status:
      code: 200
      message: OK
    headers:
      Content-Type:
      - text/xml
      Cache-Control:
      - no-cache
      Connection:
      - close
      Content-Length:
      - '207'
    body:
      encoding: UTF-8
      string: |
        <revision rev="7" vrev="7">
          <srcmd5>30129dfbc9569ecf7517800f36a7d46c</srcmd5>
          <version>unknown</version>
          <time>1685969112</time>
          <user>unknown</user>
          <comment></comment>
          <requestid/>
        </revision>
  recorded_at: Mon, 05 Jun 2023 12:45:12 GMT
- request:
    method: put
    uri: http://backend:5352/source/foo_project/multibuild_package/_multibuild
    body:
      encoding: UTF-8
      string: "<multibuild><flavor>flavor_a</flavor><flavor>flavor_b</flavor></multibuild>"
    headers:
      Accept-Encoding:
      - gzip;q=1.0,deflate;q=0.6,identity;q=0.3
      Accept:
      - "*/*"
      User-Agent:
      - Ruby
  response:
    status:
      code: 200
      message: OK
    headers:
      Content-Type:
      - text/xml
      Cache-Control:
      - no-cache
      Connection:
      - close
      Content-Length:
      - '207'
    body:
      encoding: UTF-8
      string: |
        <revision rev="8" vrev="8">
          <srcmd5>30129dfbc9569ecf7517800f36a7d46c</srcmd5>
          <version>unknown</version>
          <time>1685969112</time>
          <user>unknown</user>
          <comment></comment>
          <requestid/>
        </revision>
  recorded_at: Mon, 05 Jun 2023 12:45:12 GMT
- request:
    method: post
    uri: http://backend:5352/search/package/id?match=(linkinfo/@package=%22multibuild_package%22%20and%20linkinfo/@project=%22foo_project%22%20and%20@project=%22foo_project%22)
    body:
      encoding: UTF-8
      string: ''
    headers:
      Content-Type:
      - application/octet-stream
      Accept-Encoding:
      - gzip;q=1.0,deflate;q=0.6,identity;q=0.3
      Accept:
      - "*/*"
      User-Agent:
      - Ruby
  response:
    status:
      code: 200
      message: OK
    headers:
      Content-Type:
      - text/xml
      Cache-Control:
      - no-cache
      Connection:
      - close
      Content-Length:
      - '27'
    body:
      encoding: UTF-8
      string: |
        <collection>
        </collection>
  recorded_at: Mon, 05 Jun 2023 12:45:12 GMT
- request:
    method: put
    uri: http://backend:5352/source/home:Iggy:openSUSE:open-build-service:PR-1/_meta?user=Iggy
    body:
      encoding: UTF-8
      string: |
        <project name="home:Iggy:openSUSE:open-build-service:PR-1">
          <title>Branch project for package multibuild_package</title>
          <description>This project was created for package multibuild_package via attribute OBS:Maintained</description>
          <person userid="Iggy" role="maintainer"/>
        </project>
    headers:
      Accept-Encoding:
      - gzip;q=1.0,deflate;q=0.6,identity;q=0.3
      Accept:
      - "*/*"
      User-Agent:
      - Ruby
  response:
    status:
      code: 200
      message: OK
    headers:
      Content-Type:
      - text/xml
      Cache-Control:
      - no-cache
      Connection:
      - close
      Content-Length:
      - '292'
    body:
      encoding: UTF-8
      string: |
        <project name="home:Iggy:openSUSE:open-build-service:PR-1">
          <title>Branch project for package multibuild_package</title>
          <description>This project was created for package multibuild_package via attribute OBS:Maintained</description>
          <person userid="Iggy" role="maintainer"/>
        </project>
  recorded_at: Mon, 05 Jun 2023 12:45:12 GMT
- request:
    method: put
    uri: http://backend:5352/source/home:Iggy:openSUSE:open-build-service:PR-1/multibuild_package/_meta?user=Iggy
    body:
      encoding: UTF-8
      string: |
        <package name="multibuild_package" project="home:Iggy:openSUSE:open-build-service:PR-1">
          <title>Stranger in a Strange Land</title>
          <description>Vitae ut qui commodi.</description>
        </package>
    headers:
      Accept-Encoding:
      - gzip;q=1.0,deflate;q=0.6,identity;q=0.3
      Accept:
      - "*/*"
      User-Agent:
      - Ruby
  response:
    status:
      code: 200
      message: OK
    headers:
      Content-Type:
      - text/xml
      Cache-Control:
      - no-cache
      Connection:
      - close
      Content-Length:
      - '195'
    body:
      encoding: UTF-8
      string: |
        <package name="multibuild_package" project="home:Iggy:openSUSE:open-build-service:PR-1">
          <title>Stranger in a Strange Land</title>
          <description>Vitae ut qui commodi.</description>
        </package>
  recorded_at: Mon, 05 Jun 2023 12:45:12 GMT
- request:
    method: post
    uri: http://backend:5352/source/home:Iggy:openSUSE:open-build-service:PR-1/multibuild_package?cmd=branch&noservice=1&opackage=multibuild_package&oproject=foo_project&user=Iggy
    body:
      encoding: UTF-8
      string: ''
    headers:
      Content-Type:
      - application/octet-stream
      Accept-Encoding:
      - gzip;q=1.0,deflate;q=0.6,identity;q=0.3
      Accept:
      - "*/*"
      User-Agent:
      - Ruby
  response:
    status:
      code: 200
      message: OK
    headers:
      Content-Type:
      - text/xml
      Cache-Control:
      - no-cache
      Connection:
      - close
      Content-Length:
      - '204'
    body:
      encoding: UTF-8
      string: |
        <revision rev="7" vrev="7">
          <srcmd5>3c12d5f481216728850f2b310ce55e44</srcmd5>
          <version>unknown</version>
          <time>1685969112</time>
          <user>Iggy</user>
          <comment></comment>
          <requestid/>
        </revision>
  recorded_at: Mon, 05 Jun 2023 12:45:12 GMT
- request:
    method: put
    uri: http://backend:5352/source/home:Iggy:openSUSE:open-build-service:PR-1/multibuild_package/_meta?user=Iggy
    body:
      encoding: UTF-8
      string: |
        <package name="multibuild_package" project="home:Iggy:openSUSE:open-build-service:PR-1">
          <title>Stranger in a Strange Land</title>
          <description>Vitae ut qui commodi.</description>
        </package>
    headers:
      Accept-Encoding:
      - gzip;q=1.0,deflate;q=0.6,identity;q=0.3
      Accept:
      - "*/*"
      User-Agent:
      - Ruby
  response:
    status:
      code: 200
      message: OK
    headers:
      Content-Type:
      - text/xml
      Cache-Control:
      - no-cache
      Connection:
      - close
      Content-Length:
      - '195'
    body:
      encoding: UTF-8
      string: |
        <package name="multibuild_package" project="home:Iggy:openSUSE:open-build-service:PR-1">
          <title>Stranger in a Strange Land</title>
          <description>Vitae ut qui commodi.</description>
        </package>
  recorded_at: Mon, 05 Jun 2023 12:45:12 GMT
- request:
    method: get
    uri: http://backend:5352/source/home:Iggy:openSUSE:open-build-service:PR-1/multibuild_package
    body:
      encoding: US-ASCII
      string: ''
    headers:
      Accept-Encoding:
      - gzip;q=1.0,deflate;q=0.6,identity;q=0.3
      Accept:
      - "*/*"
      User-Agent:
      - Ruby
  response:
    status:
      code: 200
      message: OK
    headers:
      Content-Type:
      - text/xml
      Cache-Control:
      - no-cache
      Connection:
      - close
      Content-Length:
      - '631'
    body:
      encoding: UTF-8
      string: |
        <directory name="multibuild_package" rev="7" vrev="7" srcmd5="3c12d5f481216728850f2b310ce55e44">
          <linkinfo project="foo_project" package="multibuild_package" srcmd5="30129dfbc9569ecf7517800f36a7d46c" baserev="30129dfbc9569ecf7517800f36a7d46c" xsrcmd5="a0a29ac27b6fe0774f3c1b59d5f8848d" lsrcmd5="3c12d5f481216728850f2b310ce55e44"/>
          <entry name="_config" md5="f4cfec39c95572c4af611068db16d8a7" size="60" mtime="1685969112"/>
          <entry name="_link" md5="dac8596f74278f1a8a67b0f760168838" size="119" mtime="1685969112"/>
          <entry name="_multibuild" md5="eefca4c8b5fea7ee8342cc1dbf371e95" size="75" mtime="1685969109"/>
        </directory>
  recorded_at: Mon, 05 Jun 2023 12:45:12 GMT
- request:
    method: get
    uri: http://backend:5352/source/home:Iggy:openSUSE:open-build-service:PR-1/multibuild_package?view=info
    body:
      encoding: US-ASCII
      string: ''
    headers:
      Accept-Encoding:
      - gzip;q=1.0,deflate;q=0.6,identity;q=0.3
      Accept:
      - "*/*"
      User-Agent:
      - Ruby
  response:
    status:
      code: 200
      message: OK
    headers:
      Content-Type:
      - text/xml
      Cache-Control:
      - no-cache
      Connection:
      - close
      Content-Length:
      - '343'
    body:
      encoding: UTF-8
      string: |
        <sourceinfo package="multibuild_package" rev="7" vrev="15" srcmd5="a0a29ac27b6fe0774f3c1b59d5f8848d" lsrcmd5="3c12d5f481216728850f2b310ce55e44" verifymd5="30129dfbc9569ecf7517800f36a7d46c">
          <error>bad build configuration, no build type defined or detected</error>
          <linked project="foo_project" package="multibuild_package"/>
        </sourceinfo>
  recorded_at: Mon, 05 Jun 2023 12:45:12 GMT
- request:
    method: get
    uri: http://backend:5352/source/home:Iggy:openSUSE:open-build-service:PR-1/multibuild_package
    body:
      encoding: US-ASCII
      string: ''
    headers:
      Accept-Encoding:
      - gzip;q=1.0,deflate;q=0.6,identity;q=0.3
      Accept:
      - "*/*"
      User-Agent:
      - Ruby
  response:
    status:
      code: 200
      message: OK
    headers:
      Content-Type:
      - text/xml
      Cache-Control:
      - no-cache
      Connection:
      - close
      Content-Length:
      - '631'
    body:
      encoding: UTF-8
      string: |
        <directory name="multibuild_package" rev="7" vrev="7" srcmd5="3c12d5f481216728850f2b310ce55e44">
          <linkinfo project="foo_project" package="multibuild_package" srcmd5="30129dfbc9569ecf7517800f36a7d46c" baserev="30129dfbc9569ecf7517800f36a7d46c" xsrcmd5="a0a29ac27b6fe0774f3c1b59d5f8848d" lsrcmd5="3c12d5f481216728850f2b310ce55e44"/>
          <entry name="_config" md5="f4cfec39c95572c4af611068db16d8a7" size="60" mtime="1685969112"/>
          <entry name="_link" md5="dac8596f74278f1a8a67b0f760168838" size="119" mtime="1685969112"/>
          <entry name="_multibuild" md5="eefca4c8b5fea7ee8342cc1dbf371e95" size="75" mtime="1685969109"/>
        </directory>
  recorded_at: Mon, 05 Jun 2023 12:45:12 GMT
- request:
    method: post
    uri: http://backend:5352/source/home:Iggy:openSUSE:open-build-service:PR-1/multibuild_package?cmd=diff&linkrev=base&onlyissues=1&orev=0&view=xml
    body:
      encoding: UTF-8
      string: ''
    headers:
      Content-Type:
      - application/octet-stream
      Accept-Encoding:
      - gzip;q=1.0,deflate;q=0.6,identity;q=0.3
      Accept:
      - "*/*"
      User-Agent:
      - Ruby
  response:
    status:
      code: 200
      message: OK
    headers:
      Content-Type:
      - text/xml
      Cache-Control:
      - no-cache
      Connection:
      - close
      Content-Length:
      - '382'
    body:
      encoding: UTF-8
      string: |
        <sourcediff key="809b6a7b2aa6a5e76e449c6ba9220f5d">
          <old project="home:Iggy:openSUSE:open-build-service:PR-1" package="multibuild_package" rev="0" srcmd5="d41d8cd98f00b204e9800998ecf8427e"/>
          <new project="home:Iggy:openSUSE:open-build-service:PR-1" package="multibuild_package" rev="7" srcmd5="3c12d5f481216728850f2b310ce55e44"/>
          <files/>
          <issues>
          </issues>
        </sourcediff>
  recorded_at: Mon, 05 Jun 2023 12:45:12 GMT
- request:
    method: post
    uri: http://backend:5352/source/home:Iggy:openSUSE:open-build-service:PR-1/multibuild_package?cmd=linkdiff&linkrev=base&onlyissues=1&view=xml
    body:
      encoding: UTF-8
      string: ''
    headers:
      Content-Type:
      - application/octet-stream
      Accept-Encoding:
      - gzip;q=1.0,deflate;q=0.6,identity;q=0.3
      Accept:
      - "*/*"
      User-Agent:
      - Ruby
  response:
    status:
      code: 200
      message: OK
    headers:
      Content-Type:
      - text/xml
      Cache-Control:
      - no-cache
      Connection:
      - close
      Content-Length:
      - '390'
    body:
      encoding: UTF-8
      string: |
        <sourcediff key="7305ef725c6c2a677d838a3502d57e6c">
          <old project="foo_project" package="multibuild_package" rev="30129dfbc9569ecf7517800f36a7d46c" srcmd5="30129dfbc9569ecf7517800f36a7d46c"/>
          <new project="home:Iggy:openSUSE:open-build-service:PR-1" package="multibuild_package" rev="a0a29ac27b6fe0774f3c1b59d5f8848d" srcmd5="a0a29ac27b6fe0774f3c1b59d5f8848d"/>
          <files/>
        </sourcediff>
  recorded_at: Mon, 05 Jun 2023 12:45:12 GMT
- request:
    method: put
    uri: http://backend:5352/source/home:Iggy:openSUSE:open-build-service:PR-1/_meta?user=Iggy
    body:
      encoding: UTF-8
      string: |
        <project name="home:Iggy:openSUSE:open-build-service:PR-1">
          <title>Branch project for package multibuild_package</title>
          <description>This project was created for package multibuild_package via attribute OBS:Maintained</description>
          <person userid="Iggy" role="maintainer"/>
          <publish>
            <disable/>
          </publish>
          <repository name="openSUSE_Tumbleweed">
            <path project="foo_project" repository="openSUSE_Tumbleweed"/>
            <arch>x86_64</arch>
          </repository>
          <repository name="Unicorn_123">
            <path project="foo_project" repository="Unicorn_123"/>
            <arch>x86_64</arch>
            <arch>i586</arch>
            <arch>ppc</arch>
            <arch>aarch64</arch>
          </repository>
        </project>
    headers:
      Accept-Encoding:
      - gzip;q=1.0,deflate;q=0.6,identity;q=0.3
      Accept:
      - "*/*"
      User-Agent:
      - Ruby
  response:
    status:
      code: 200
      message: OK
    headers:
      Content-Type:
      - text/xml
      Cache-Control:
      - no-cache
      Connection:
      - close
      Content-Length:
      - '682'
    body:
      encoding: UTF-8
      string: |
        <project name="home:Iggy:openSUSE:open-build-service:PR-1">
          <title>Branch project for package multibuild_package</title>
          <description>This project was created for package multibuild_package via attribute OBS:Maintained</description>
          <person userid="Iggy" role="maintainer"/>
          <publish>
            <disable/>
          </publish>
          <repository name="openSUSE_Tumbleweed">
            <path project="foo_project" repository="openSUSE_Tumbleweed"/>
            <arch>x86_64</arch>
          </repository>
          <repository name="Unicorn_123">
            <path project="foo_project" repository="Unicorn_123"/>
            <arch>x86_64</arch>
            <arch>i586</arch>
            <arch>ppc</arch>
            <arch>aarch64</arch>
          </repository>
        </project>
  recorded_at: Mon, 05 Jun 2023 12:45:13 GMT
- request:
    method: put
    uri: http://backend:5352/source/home:Iggy:openSUSE:open-build-service:PR-1/multibuild_package/_branch_request?user=Iggy
    body:
      encoding: UTF-8
      string: '{"action":"opened","pull_request":{"head":{"repo":{"full_name":"reponame"},"sha":"123456789"}}}'
    headers:
      Accept-Encoding:
      - gzip;q=1.0,deflate;q=0.6,identity;q=0.3
      Accept:
      - "*/*"
      User-Agent:
      - Ruby
  response:
    status:
      code: 200
      message: OK
    headers:
      Content-Type:
      - text/xml
      Cache-Control:
      - no-cache
      Connection:
      - close
      Content-Length:
      - '204'
    body:
      encoding: UTF-8
      string: |
        <revision rev="8" vrev="8">
          <srcmd5>dcf49375e60ad4216ed462806d77be47</srcmd5>
          <version>unknown</version>
          <time>1685969113</time>
          <user>Iggy</user>
          <comment></comment>
          <requestid/>
        </revision>
  recorded_at: Mon, 05 Jun 2023 12:45:13 GMT
- request:
    method: put
    uri: http://backend:5352/source/home:Iggy:openSUSE:open-build-service:PR-1/multibuild_package/_meta?user=Iggy
    body:
      encoding: UTF-8
      string: |
        <package name="multibuild_package" project="home:Iggy:openSUSE:open-build-service:PR-1">
          <title>Stranger in a Strange Land</title>
          <description>Vitae ut qui commodi.</description>
        </package>
    headers:
      Accept-Encoding:
      - gzip;q=1.0,deflate;q=0.6,identity;q=0.3
      Accept:
      - "*/*"
      User-Agent:
      - Ruby
  response:
    status:
      code: 200
      message: OK
    headers:
      Content-Type:
      - text/xml
      Cache-Control:
      - no-cache
      Connection:
      - close
      Content-Length:
      - '195'
    body:
      encoding: UTF-8
      string: |
        <package name="multibuild_package" project="home:Iggy:openSUSE:open-build-service:PR-1">
          <title>Stranger in a Strange Land</title>
          <description>Vitae ut qui commodi.</description>
        </package>
  recorded_at: Mon, 05 Jun 2023 12:45:13 GMT
- request:
    method: get
    uri: http://backend:5352/source/home:Iggy:openSUSE:open-build-service:PR-1/multibuild_package
    body:
      encoding: US-ASCII
      string: ''
    headers:
      Accept-Encoding:
      - gzip;q=1.0,deflate;q=0.6,identity;q=0.3
      Accept:
      - "*/*"
      User-Agent:
      - Ruby
  response:
    status:
      code: 200
      message: OK
    headers:
      Content-Type:
      - text/xml
      Cache-Control:
      - no-cache
      Connection:
      - close
      Content-Length:
      - '733'
    body:
      encoding: UTF-8
      string: |
        <directory name="multibuild_package" rev="8" vrev="8" srcmd5="dcf49375e60ad4216ed462806d77be47">
          <linkinfo project="foo_project" package="multibuild_package" srcmd5="30129dfbc9569ecf7517800f36a7d46c" baserev="30129dfbc9569ecf7517800f36a7d46c" xsrcmd5="4eb475c2f82c8fc5244652cc7a5edec5" lsrcmd5="dcf49375e60ad4216ed462806d77be47"/>
          <entry name="_branch_request" md5="a0ae3e8c1598e691c7662a4b258bd481" size="95" mtime="1685969110"/>
          <entry name="_config" md5="f4cfec39c95572c4af611068db16d8a7" size="60" mtime="1685969112"/>
          <entry name="_link" md5="dac8596f74278f1a8a67b0f760168838" size="119" mtime="1685969112"/>
          <entry name="_multibuild" md5="eefca4c8b5fea7ee8342cc1dbf371e95" size="75" mtime="1685969109"/>
        </directory>
  recorded_at: Mon, 05 Jun 2023 12:45:13 GMT
- request:
    method: get
    uri: http://backend:5352/source/home:Iggy:openSUSE:open-build-service:PR-1/multibuild_package?view=info
    body:
      encoding: US-ASCII
      string: ''
    headers:
      Accept-Encoding:
      - gzip;q=1.0,deflate;q=0.6,identity;q=0.3
      Accept:
      - "*/*"
      User-Agent:
      - Ruby
  response:
    status:
      code: 200
      message: OK
    headers:
      Content-Type:
      - text/xml
      Cache-Control:
      - no-cache
      Connection:
      - close
      Content-Length:
      - '343'
    body:
      encoding: UTF-8
      string: |
        <sourceinfo package="multibuild_package" rev="8" vrev="16" srcmd5="4eb475c2f82c8fc5244652cc7a5edec5" lsrcmd5="dcf49375e60ad4216ed462806d77be47" verifymd5="a95a1b0107a09ad82f8d91d00d3cee65">
          <error>bad build configuration, no build type defined or detected</error>
          <linked project="foo_project" package="multibuild_package"/>
        </sourceinfo>
  recorded_at: Mon, 05 Jun 2023 12:45:13 GMT
- request:
    method: get
    uri: http://backend:5352/source/home:Iggy:openSUSE:open-build-service:PR-1/multibuild_package
    body:
      encoding: US-ASCII
      string: ''
    headers:
      Accept-Encoding:
      - gzip;q=1.0,deflate;q=0.6,identity;q=0.3
      Accept:
      - "*/*"
      User-Agent:
      - Ruby
  response:
    status:
      code: 200
      message: OK
    headers:
      Content-Type:
      - text/xml
      Cache-Control:
      - no-cache
      Connection:
      - close
      Content-Length:
      - '733'
    body:
      encoding: UTF-8
      string: |
        <directory name="multibuild_package" rev="8" vrev="8" srcmd5="dcf49375e60ad4216ed462806d77be47">
          <linkinfo project="foo_project" package="multibuild_package" srcmd5="30129dfbc9569ecf7517800f36a7d46c" baserev="30129dfbc9569ecf7517800f36a7d46c" xsrcmd5="4eb475c2f82c8fc5244652cc7a5edec5" lsrcmd5="dcf49375e60ad4216ed462806d77be47"/>
          <entry name="_branch_request" md5="a0ae3e8c1598e691c7662a4b258bd481" size="95" mtime="1685969110"/>
          <entry name="_config" md5="f4cfec39c95572c4af611068db16d8a7" size="60" mtime="1685969112"/>
          <entry name="_link" md5="dac8596f74278f1a8a67b0f760168838" size="119" mtime="1685969112"/>
          <entry name="_multibuild" md5="eefca4c8b5fea7ee8342cc1dbf371e95" size="75" mtime="1685969109"/>
        </directory>
  recorded_at: Mon, 05 Jun 2023 12:45:13 GMT
- request:
    method: post
    uri: http://backend:5352/source/home:Iggy:openSUSE:open-build-service:PR-1/multibuild_package?cmd=diff&linkrev=base&onlyissues=1&orev=0&view=xml
    body:
      encoding: UTF-8
      string: ''
    headers:
      Content-Type:
      - application/octet-stream
      Accept-Encoding:
      - gzip;q=1.0,deflate;q=0.6,identity;q=0.3
      Accept:
      - "*/*"
      User-Agent:
      - Ruby
  response:
    status:
      code: 200
      message: OK
    headers:
      Content-Type:
      - text/xml
      Cache-Control:
      - no-cache
      Connection:
      - close
      Content-Length:
      - '382'
    body:
      encoding: UTF-8
      string: |
        <sourcediff key="b8579a6075ced5aef7b9df22bc360480">
          <old project="home:Iggy:openSUSE:open-build-service:PR-1" package="multibuild_package" rev="0" srcmd5="d41d8cd98f00b204e9800998ecf8427e"/>
          <new project="home:Iggy:openSUSE:open-build-service:PR-1" package="multibuild_package" rev="8" srcmd5="dcf49375e60ad4216ed462806d77be47"/>
          <files/>
          <issues>
          </issues>
        </sourcediff>
  recorded_at: Mon, 05 Jun 2023 12:45:13 GMT
- request:
    method: post
    uri: http://backend:5352/source/home:Iggy:openSUSE:open-build-service:PR-1/multibuild_package?cmd=linkdiff&linkrev=base&onlyissues=1&view=xml
    body:
      encoding: UTF-8
      string: ''
    headers:
      Content-Type:
      - application/octet-stream
      Accept-Encoding:
      - gzip;q=1.0,deflate;q=0.6,identity;q=0.3
      Accept:
      - "*/*"
      User-Agent:
      - Ruby
  response:
    status:
      code: 200
      message: OK
    headers:
      Content-Type:
      - text/xml
      Cache-Control:
      - no-cache
      Connection:
      - close
      Content-Length:
      - '413'
    body:
      encoding: UTF-8
      string: |
        <sourcediff key="59a8ca96cc28a83243691c2de1ec2589">
          <old project="foo_project" package="multibuild_package" rev="30129dfbc9569ecf7517800f36a7d46c" srcmd5="30129dfbc9569ecf7517800f36a7d46c"/>
          <new project="home:Iggy:openSUSE:open-build-service:PR-1" package="multibuild_package" rev="4eb475c2f82c8fc5244652cc7a5edec5" srcmd5="4eb475c2f82c8fc5244652cc7a5edec5"/>
          <files/>
          <issues>
          </issues>
        </sourcediff>
  recorded_at: Mon, 05 Jun 2023 12:45:13 GMT
- request:
    method: get
    uri: http://backend:5352/source/home:Iggy:openSUSE:open-build-service:PR-1/multibuild_package/_branch_request
    body:
      encoding: US-ASCII
      string: ''
    headers:
      Accept-Encoding:
      - gzip;q=1.0,deflate;q=0.6,identity;q=0.3
      Accept:
      - "*/*"
      User-Agent:
      - Ruby
  response:
    status:
      code: 200
      message: OK
    headers:
      Content-Type:
      - application/octet-stream
      Content-Length:
      - '95'
      Cache-Control:
      - no-cache
      Connection:
      - close
    body:
      encoding: UTF-8
      string: '{"action":"opened","pull_request":{"head":{"repo":{"full_name":"reponame"},"sha":"123456789"}}}'
  recorded_at: Mon, 05 Jun 2023 12:45:13 GMT
recorded_with: VCR 6.1.0
