---
http_interactions:
- request:
    method: put
    uri: http://backend:5352/source/home:Iggy/_meta?user=Iggy
    body:
      encoding: UTF-8
      string: |
        <project name="home:Iggy">
          <title/>
          <description/>
          <person userid="Iggy" role="maintainer"/>
        </project>
    headers:
      Accept-Encoding:
      - gzip;q=1.0,deflate;q=0.6,identity;q=0.3
      Accept:
      - "*/*"
      User-Agent:
      - Ruby
  response:
    status:
      code: 200
      message: OK
    headers:
      Content-Type:
      - text/xml
      Cache-Control:
      - no-cache
      Connection:
      - close
      Content-Length:
      - '130'
    body:
      encoding: UTF-8
      string: |
        <project name="home:Iggy">
          <title></title>
          <description></description>
          <person userid="Iggy" role="maintainer"/>
        </project>
  recorded_at: Wed, 13 Mar 2024 16:32:05 GMT
- request:
    method: put
    uri: http://backend:5352/source/foo_scm_synced_project/_meta?user=user_27
    body:
      encoding: UTF-8
      string: |
        <project name="foo_scm_synced_project">
          <title>Clouds of Witness</title>
          <description/>
          <person userid="Iggy" role="maintainer"/>
        </project>
    headers:
      Accept-Encoding:
      - gzip;q=1.0,deflate;q=0.6,identity;q=0.3
      Accept:
      - "*/*"
      User-Agent:
      - Ruby
  response:
    status:
      code: 200
      message: OK
    headers:
      Content-Type:
      - text/xml
      Cache-Control:
      - no-cache
      Connection:
      - close
      Content-Length:
      - '160'
    body:
      encoding: UTF-8
      string: |
        <project name="foo_scm_synced_project">
          <title>Clouds of Witness</title>
          <description></description>
          <person userid="Iggy" role="maintainer"/>
        </project>
  recorded_at: Wed, 13 Mar 2024 16:32:06 GMT
- request:
    method: put
    uri: http://backend:5352/source/foo_scm_synced_project/bar_scm_synced_package/_meta?user=user_28
    body:
      encoding: UTF-8
      string: |
        <package name="bar_scm_synced_package" project="foo_scm_synced_project">
          <title>Where Angels Fear to Tread</title>
          <description>Laudantium veritatis ipsa nihil.</description>
        </package>
    headers:
      Accept-Encoding:
      - gzip;q=1.0,deflate;q=0.6,identity;q=0.3
      Accept:
      - "*/*"
      User-Agent:
      - Ruby
  response:
    status:
      code: 200
      message: OK
    headers:
      Content-Type:
      - text/xml
      Cache-Control:
      - no-cache
      Connection:
      - close
      Content-Length:
      - '190'
    body:
      encoding: UTF-8
      string: |
        <package name="bar_scm_synced_package" project="foo_scm_synced_project">
          <title>Where Angels Fear to Tread</title>
          <description>Laudantium veritatis ipsa nihil.</description>
        </package>
  recorded_at: Wed, 13 Mar 2024 16:32:06 GMT
- request:
    method: put
    uri: http://backend:5352/source/foo_scm_synced_project/bar_scm_synced_package/_config
    body:
      encoding: UTF-8
      string: Harum aut dolor. Tempore nobis nisi. Sit accusamus repudiandae.
    headers:
      Accept-Encoding:
      - gzip;q=1.0,deflate;q=0.6,identity;q=0.3
      Accept:
      - "*/*"
      User-Agent:
      - Ruby
  response:
    status:
      code: 200
      message: OK
    headers:
      Content-Type:
      - text/xml
      Cache-Control:
      - no-cache
      Connection:
      - close
      Content-Length:
      - '209'
    body:
      encoding: UTF-8
      string: |
        <revision rev="22" vrev="22">
          <srcmd5>395342cd13b9b9babf8f739aec5daeab</srcmd5>
          <version>unknown</version>
          <time>1710347526</time>
          <user>unknown</user>
          <comment></comment>
          <requestid/>
        </revision>
  recorded_at: Wed, 13 Mar 2024 16:32:06 GMT
- request:
    method: put
    uri: http://backend:5352/source/foo_scm_synced_project/bar_scm_synced_package/somefile.txt
    body:
      encoding: UTF-8
      string: Accusantium quasi omnis. Eveniet est ducimus. Fugit sunt expedita.
    headers:
      Accept-Encoding:
      - gzip;q=1.0,deflate;q=0.6,identity;q=0.3
      Accept:
      - "*/*"
      User-Agent:
      - Ruby
  response:
    status:
      code: 200
      message: OK
    headers:
      Content-Type:
      - text/xml
      Cache-Control:
      - no-cache
      Connection:
      - close
      Content-Length:
      - '209'
    body:
      encoding: UTF-8
      string: |
        <revision rev="23" vrev="23">
          <srcmd5>240b55c16ad2f308c278865d58caab21</srcmd5>
          <version>unknown</version>
          <time>1710347526</time>
          <user>unknown</user>
          <comment></comment>
          <requestid/>
        </revision>
  recorded_at: Wed, 13 Mar 2024 16:32:06 GMT
- request:
    method: post
    uri: http://backend:5352/source/foo_scm_synced_project/bar_scm_synced_package?cmd=waitservice
    body:
      encoding: UTF-8
      string: ''
    headers:
      Content-Type:
      - application/octet-stream
      Accept-Encoding:
      - gzip;q=1.0,deflate;q=0.6,identity;q=0.3
      Accept:
      - "*/*"
      User-Agent:
      - Ruby
  response:
    status:
      code: 200
      message: OK
    headers:
      Content-Type:
      - text/xml
      Cache-Control:
      - no-cache
      Connection:
      - close
      Content-Length:
      - '21'
    body:
      encoding: UTF-8
      string: '<status code="ok" />

'
  recorded_at: Wed, 13 Mar 2024 16:32:06 GMT
- request:
    method: put
    uri: http://backend:5352/source/home:Iggy:openSUSE:open-build-service:PR-1/_meta?user=Iggy
    body:
      encoding: UTF-8
      string: |
        <project name="home:Iggy:openSUSE:open-build-service:PR-1">
          <title>Branch project for package bar_scm_synced_package</title>
          <description>This project was created for package bar_scm_synced_package via attribute OBS:Maintained</description>
          <person userid="Iggy" role="maintainer"/>
        </project>
    headers:
      Accept-Encoding:
      - gzip;q=1.0,deflate;q=0.6,identity;q=0.3
      Accept:
      - "*/*"
      User-Agent:
      - Ruby
  response:
    status:
      code: 200
      message: OK
    headers:
      Content-Type:
      - text/xml
      Cache-Control:
      - no-cache
      Connection:
      - close
      Content-Length:
      - '300'
    body:
      encoding: UTF-8
      string: |
        <project name="home:Iggy:openSUSE:open-build-service:PR-1">
          <title>Branch project for package bar_scm_synced_package</title>
          <description>This project was created for package bar_scm_synced_package via attribute OBS:Maintained</description>
          <person userid="Iggy" role="maintainer"/>
        </project>
  recorded_at: Wed, 13 Mar 2024 16:32:06 GMT
- request:
    method: put
    uri: http://backend:5352/source/home:Iggy:openSUSE:open-build-service:PR-1/bar_scm_synced_package/_meta?user=Iggy
    body:
      encoding: UTF-8
      string: |
        <package name="bar_scm_synced_package" project="home:Iggy:openSUSE:open-build-service:PR-1">
          <title/>
          <description/>
          <scmsync>https://github.com/krauselukas/test_scmsync.git?subdir=bar_scm_synced_package#123456789</scmsync>
        </package>
    headers:
      Accept-Encoding:
      - gzip;q=1.0,deflate;q=0.6,identity;q=0.3
      Accept:
      - "*/*"
      User-Agent:
      - Ruby
  response:
    status:
      code: 200
      message: OK
    headers:
      Content-Type:
      - text/xml
      Cache-Control:
      - no-cache
      Connection:
      - close
      Content-Length:
      - '261'
    body:
      encoding: UTF-8
      string: |
        <package name="bar_scm_synced_package" project="home:Iggy:openSUSE:open-build-service:PR-1">
          <title></title>
          <description></description>
          <scmsync>https://github.com/krauselukas/test_scmsync.git?subdir=bar_scm_synced_package#123456789</scmsync>
        </package>
  recorded_at: Wed, 13 Mar 2024 16:32:06 GMT
- request:
    method: put
    uri: http://backend:5352/source/home:Iggy:openSUSE:open-build-service:PR-1/_meta?user=Iggy
    body:
      encoding: UTF-8
      string: |
        <project name="home:Iggy:openSUSE:open-build-service:PR-1">
          <title>Branch project for package bar_scm_synced_package</title>
          <description>This project was created for package bar_scm_synced_package via attribute OBS:Maintained</description>
          <person userid="Iggy" role="maintainer"/>
          <publish>
            <disable/>
          </publish>
          <repository name="openSUSE_Tumbleweed">
            <path project="foo_scm_synced_project" repository="openSUSE_Tumbleweed"/>
            <arch>x86_64</arch>
          </repository>
          <repository name="Unicorn_123">
            <path project="foo_scm_synced_project" repository="Unicorn_123"/>
            <arch>x86_64</arch>
            <arch>i586</arch>
            <arch>ppc</arch>
            <arch>aarch64</arch>
          </repository>
        </project>
    headers:
      Accept-Encoding:
      - gzip;q=1.0,deflate;q=0.6,identity;q=0.3
      Accept:
      - "*/*"
      User-Agent:
      - Ruby
  response:
    status:
      code: 200
      message: OK
    headers:
      Content-Type:
      - text/xml
      Cache-Control:
      - no-cache
      Connection:
      - close
      Content-Length:
      - '712'
    body:
      encoding: UTF-8
      string: |
        <project name="home:Iggy:openSUSE:open-build-service:PR-1">
          <title>Branch project for package bar_scm_synced_package</title>
          <description>This project was created for package bar_scm_synced_package via attribute OBS:Maintained</description>
          <person userid="Iggy" role="maintainer"/>
          <publish>
            <disable/>
          </publish>
          <repository name="openSUSE_Tumbleweed">
            <path project="foo_scm_synced_project" repository="openSUSE_Tumbleweed"/>
            <arch>x86_64</arch>
          </repository>
          <repository name="Unicorn_123">
            <path project="foo_scm_synced_project" repository="Unicorn_123"/>
            <arch>x86_64</arch>
            <arch>i586</arch>
            <arch>ppc</arch>
            <arch>aarch64</arch>
          </repository>
        </project>
  recorded_at: Wed, 13 Mar 2024 16:32:06 GMT
- request:
    method: get
    uri: http://backend:5352/source/home:Iggy:openSUSE:open-build-service:PR-1/bar_scm_synced_package/_branch_request
    body:
      encoding: US-ASCII
      string: ''
    headers:
      Accept-Encoding:
      - gzip;q=1.0,deflate;q=0.6,identity;q=0.3
      Accept:
      - "*/*"
      User-Agent:
      - Ruby
  response:
    status:
      code: 404
      message: _branch_request  no such file
    headers:
      Content-Type:
      - text/xml
      Cache-Control:
      - no-cache
      Connection:
      - close
      Content-Length:
      - '136'
    body:
      encoding: UTF-8
      string: |
        <status code="404">
          <summary>_branch_request: no such file</summary>
          <details>404 _branch_request: no such file</details>
        </status>
  recorded_at: Wed, 13 Mar 2024 16:32:06 GMT
recorded_with: VCR 6.2.0
