---
http_interactions:
- request:
    method: put
    uri: http://backend:5352/source/home:user_7/_meta?user=user_7
    body:
      encoding: UTF-8
      string: |
        <project name="home:user_7">
          <title/>
          <description/>
          <person userid="user_7" role="maintainer"/>
        </project>
    headers:
      Accept-Encoding:
      - gzip;q=1.0,deflate;q=0.6,identity;q=0.3
      Accept:
      - "*/*"
      User-Agent:
      - Ruby
  response:
    status:
      code: 200
      message: OK
    headers:
      Content-Type:
      - text/xml
      Cache-Control:
      - no-cache
      Connection:
      - close
      Content-Length:
      - '134'
    body:
      encoding: UTF-8
      string: |
        <project name="home:user_7">
          <title></title>
          <description></description>
          <person userid="user_7" role="maintainer"/>
        </project>
  recorded_at: Mon, 04 Sep 2023 14:15:41 GMT
- request:
    method: put
    uri: http://backend:5352/source/home:tom/_meta?user=tom
    body:
      encoding: UTF-8
      string: |
        <project name="home:tom">
          <title/>
          <description/>
          <person userid="tom" role="maintainer"/>
        </project>
    headers:
      Accept-Encoding:
      - gzip;q=1.0,deflate;q=0.6,identity;q=0.3
      Accept:
      - "*/*"
      User-Agent:
      - Ruby
  response:
    status:
      code: 200
      message: OK
    headers:
      Content-Type:
      - text/xml
      Cache-Control:
      - no-cache
      Connection:
      - close
      Content-Length:
      - '128'
    body:
      encoding: UTF-8
      string: |
        <project name="home:tom">
          <title></title>
          <description></description>
          <person userid="tom" role="maintainer"/>
        </project>
  recorded_at: Mon, 04 Sep 2023 14:15:43 GMT
- request:
    method: put
    uri: http://backend:5352/source/home:tom:branches:Update/_meta?user=tom
    body:
      encoding: UTF-8
      string: |
        <project name="home:tom:branches:Update">
          <title>Recalled to Life</title>
          <description/>
        </project>
    headers:
      Accept-Encoding:
      - gzip;q=1.0,deflate;q=0.6,identity;q=0.3
      Accept:
      - "*/*"
      User-Agent:
      - Ruby
  response:
    status:
      code: 200
      message: OK
    headers:
      Content-Type:
      - text/xml
      Cache-Control:
      - no-cache
      Connection:
      - close
      Content-Length:
      - '117'
    body:
      encoding: UTF-8
      string: |
        <project name="home:tom:branches:Update">
          <title>Recalled to Life</title>
          <description></description>
        </project>
  recorded_at: Mon, 04 Sep 2023 14:15:43 GMT
- request:
    method: put
    uri: http://backend:5352/source/home:tom:branches:Update/cacti.openSUSE_11.4_Update/_meta?user=tom
    body:
      encoding: UTF-8
      string: |
        <package name="cacti.openSUSE_11.4_Update" project="home:tom:branches:Update">
          <title>A Farewell to Arms</title>
          <description>Tenetur aut labore aspernatur.</description>
        </package>
    headers:
      Accept-Encoding:
      - gzip;q=1.0,deflate;q=0.6,identity;q=0.3
      Accept:
      - "*/*"
      User-Agent:
      - Ruby
  response:
    status:
      code: 200
      message: OK
    headers:
      Content-Type:
      - text/xml
      Cache-Control:
      - no-cache
      Connection:
      - close
      Content-Length:
      - '186'
    body:
      encoding: UTF-8
      string: |
        <package name="cacti.openSUSE_11.4_Update" project="home:tom:branches:Update">
          <title>A Farewell to Arms</title>
          <description>Tenetur aut labore aspernatur.</description>
        </package>
  recorded_at: Mon, 04 Sep 2023 14:15:43 GMT
- request:
    method: put
    uri: http://backend:5352/source/home:tom:branches:Update/cacti.openSUSE_11.4_Update/_config
    body:
      encoding: UTF-8
      string: Rem eum ea. In corporis nemo. Dolore est recusandae.
    headers:
      Accept-Encoding:
      - gzip;q=1.0,deflate;q=0.6,identity;q=0.3
      Accept:
      - "*/*"
      User-Agent:
      - Ruby
  response:
    status:
      code: 200
      message: OK
    headers:
      Content-Type:
      - text/xml
      Cache-Control:
      - no-cache
      Connection:
      - close
      Content-Length:
      - '209'
    body:
      encoding: UTF-8
      string: |
        <revision rev="35" vrev="35">
          <srcmd5>88e6daf22018d9c5ef509c63ffa469a6</srcmd5>
          <version>unknown</version>
          <time>1693836943</time>
          <user>unknown</user>
          <comment></comment>
          <requestid/>
        </revision>
  recorded_at: Mon, 04 Sep 2023 14:15:43 GMT
- request:
    method: put
    uri: http://backend:5352/source/home:tom:branches:Update/cacti.openSUSE_11.4_Update/DUMMY_FILE
    body:
      encoding: UTF-8
      string: boo#12345
    headers:
      Accept-Encoding:
      - gzip;q=1.0,deflate;q=0.6,identity;q=0.3
      Accept:
      - "*/*"
      User-Agent:
      - Ruby
  response:
    status:
      code: 200
      message: OK
    headers:
      Content-Type:
      - text/xml
      Cache-Control:
      - no-cache
      Connection:
      - close
      Content-Length:
      - '209'
    body:
      encoding: UTF-8
      string: |
        <revision rev="36" vrev="36">
          <srcmd5>88e6daf22018d9c5ef509c63ffa469a6</srcmd5>
          <version>unknown</version>
          <time>1693836943</time>
          <user>unknown</user>
          <comment></comment>
          <requestid/>
        </revision>
  recorded_at: Mon, 04 Sep 2023 14:15:43 GMT
- request:
    method: put
    uri: http://backend:5352/source/home:tom:branches:Update/cacti.openSUSE_11.5_Update/_meta?user=tom
    body:
      encoding: UTF-8
      string: |
        <package name="cacti.openSUSE_11.5_Update" project="home:tom:branches:Update">
          <title>The Moving Toyshop</title>
          <description>Vero est et beatae.</description>
        </package>
    headers:
      Accept-Encoding:
      - gzip;q=1.0,deflate;q=0.6,identity;q=0.3
      Accept:
      - "*/*"
      User-Agent:
      - Ruby
  response:
    status:
      code: 200
      message: OK
    headers:
      Content-Type:
      - text/xml
      Cache-Control:
      - no-cache
      Connection:
      - close
      Content-Length:
      - '175'
    body:
      encoding: UTF-8
      string: |
        <package name="cacti.openSUSE_11.5_Update" project="home:tom:branches:Update">
          <title>The Moving Toyshop</title>
          <description>Vero est et beatae.</description>
        </package>
  recorded_at: Mon, 04 Sep 2023 14:15:43 GMT
- request:
    method: put
    uri: http://backend:5352/source/home:tom:branches:Update/cacti.openSUSE_11.5_Update/_config
    body:
      encoding: UTF-8
      string: Minus quidem in. Ut enim occaecati. Eum provident nostrum.
    headers:
      Accept-Encoding:
      - gzip;q=1.0,deflate;q=0.6,identity;q=0.3
      Accept:
      - "*/*"
      User-Agent:
      - Ruby
  response:
    status:
      code: 200
      message: OK
    headers:
      Content-Type:
      - text/xml
      Cache-Control:
      - no-cache
      Connection:
      - close
      Content-Length:
      - '209'
    body:
      encoding: UTF-8
      string: |
        <revision rev="35" vrev="35">
          <srcmd5>4ca3a2e039f87ac8cfae429209ce880a</srcmd5>
          <version>unknown</version>
          <time>1693836943</time>
          <user>unknown</user>
          <comment></comment>
          <requestid/>
        </revision>
  recorded_at: Mon, 04 Sep 2023 14:15:43 GMT
- request:
    method: put
    uri: http://backend:5352/source/home:tom:branches:Update/cacti.openSUSE_11.5_Update/DUMMY_FILE
    body:
      encoding: UTF-8
      string: boo#12345
    headers:
      Accept-Encoding:
      - gzip;q=1.0,deflate;q=0.6,identity;q=0.3
      Accept:
      - "*/*"
      User-Agent:
      - Ruby
  response:
    status:
      code: 200
      message: OK
    headers:
      Content-Type:
      - text/xml
      Cache-Control:
      - no-cache
      Connection:
      - close
      Content-Length:
      - '209'
    body:
      encoding: UTF-8
      string: |
        <revision rev="36" vrev="36">
          <srcmd5>4ca3a2e039f87ac8cfae429209ce880a</srcmd5>
          <version>unknown</version>
          <time>1693836943</time>
          <user>unknown</user>
          <comment></comment>
          <requestid/>
        </revision>
  recorded_at: Mon, 04 Sep 2023 14:15:43 GMT
- request:
    method: put
    uri: http://backend:5352/source/home:tom:branches:Update/patchinfo/_meta?user=tom
    body:
      encoding: UTF-8
      string: |
        <package name="patchinfo" project="home:tom:branches:Update">
          <title>Patchinfo</title>
          <description>Collected packages for update</description>
          <build>
            <enable/>
          </build>
          <publish>
            <enable/>
          </publish>
          <useforbuild>
            <disable/>
          </useforbuild>
        </package>
    headers:
      Accept-Encoding:
      - gzip;q=1.0,deflate;q=0.6,identity;q=0.3
      Accept:
      - "*/*"
      User-Agent:
      - Ruby
  response:
    status:
      code: 200
      message: OK
    headers:
      Content-Type:
      - text/xml
      Cache-Control:
      - no-cache
      Connection:
      - close
      Content-Length:
      - '281'
    body:
      encoding: UTF-8
      string: |
        <package name="patchinfo" project="home:tom:branches:Update">
          <title>Patchinfo</title>
          <description>Collected packages for update</description>
          <build>
            <enable/>
          </build>
          <publish>
            <enable/>
          </publish>
          <useforbuild>
            <disable/>
          </useforbuild>
        </package>
  recorded_at: Mon, 04 Sep 2023 14:15:43 GMT
- request:
    method: put
    uri: http://backend:5352/source/home:tom:branches:Update/patchinfo/_patchinfo?comment=generated%20by%20createpatchinfo%20call&user=tom
    body:
      encoding: UTF-8
      string: |-
        <patchinfo>
          <category>recommended</category>
          <rating>low</rating>
          <packager>tom</packager>
          <summary/>
          <description/>
        </patchinfo>
    headers:
      Accept-Encoding:
      - gzip;q=1.0,deflate;q=0.6,identity;q=0.3
      Accept:
      - "*/*"
      User-Agent:
      - Ruby
  response:
    status:
      code: 200
      message: OK
    headers:
      Content-Type:
      - text/xml
      Cache-Control:
      - no-cache
      Connection:
      - close
      Content-Length:
      - '236'
    body:
      encoding: UTF-8
      string: |
        <revision rev="8" vrev="8">
          <srcmd5>e45d013f24b032bd54480cfc08ca5401</srcmd5>
          <version>unknown</version>
          <time>1693836943</time>
          <user>tom</user>
          <comment>generated by createpatchinfo call</comment>
          <requestid/>
        </revision>
  recorded_at: Mon, 04 Sep 2023 14:15:43 GMT
- request:
    method: put
    uri: http://backend:5352/source/home:tom:branches:Update/patchinfo/_meta?user=tom
    body:
      encoding: UTF-8
      string: |
        <package name="patchinfo" project="home:tom:branches:Update">
          <title>Patchinfo</title>
          <description>Collected packages for update</description>
          <build>
            <enable/>
          </build>
          <publish>
            <enable/>
          </publish>
          <useforbuild>
            <disable/>
          </useforbuild>
        </package>
    headers:
      Accept-Encoding:
      - gzip;q=1.0,deflate;q=0.6,identity;q=0.3
      Accept:
      - "*/*"
      User-Agent:
      - Ruby
  response:
    status:
      code: 200
      message: OK
    headers:
      Content-Type:
      - text/xml
      Cache-Control:
      - no-cache
      Connection:
      - close
      Content-Length:
      - '281'
    body:
      encoding: UTF-8
      string: |
        <package name="patchinfo" project="home:tom:branches:Update">
          <title>Patchinfo</title>
          <description>Collected packages for update</description>
          <build>
            <enable/>
          </build>
          <publish>
            <enable/>
          </publish>
          <useforbuild>
            <disable/>
          </useforbuild>
        </package>
  recorded_at: Mon, 04 Sep 2023 14:15:43 GMT
- request:
    method: get
    uri: http://backend:5352/source/home:tom:branches:Update/patchinfo
    body:
      encoding: US-ASCII
      string: ''
    headers:
      Accept-Encoding:
      - gzip;q=1.0,deflate;q=0.6,identity;q=0.3
      Accept:
      - "*/*"
      User-Agent:
      - Ruby
  response:
    status:
      code: 200
      message: OK
    headers:
      Content-Type:
      - text/xml
      Cache-Control:
      - no-cache
      Connection:
      - close
      Content-Length:
      - '199'
    body:
      encoding: UTF-8
      string: |
        <directory name="patchinfo" rev="8" vrev="8" srcmd5="e45d013f24b032bd54480cfc08ca5401">
          <entry name="_patchinfo" md5="1cbe44b4ca6b451510f27939bb59e0ec" size="139" mtime="1693836669"/>
        </directory>
  recorded_at: Mon, 04 Sep 2023 14:15:43 GMT
- request:
    method: get
    uri: http://backend:5352/source/home:tom:branches:Update/patchinfo?view=info
    body:
      encoding: US-ASCII
      string: ''
    headers:
      Accept-Encoding:
      - gzip;q=1.0,deflate;q=0.6,identity;q=0.3
      Accept:
      - "*/*"
      User-Agent:
      - Ruby
  response:
    status:
      code: 200
      message: OK
    headers:
      Content-Type:
      - text/xml
      Cache-Control:
      - no-cache
      Connection:
      - close
      Content-Length:
      - '185'
    body:
      encoding: UTF-8
      string: |
        <sourceinfo package="patchinfo" rev="8" vrev="8" srcmd5="e45d013f24b032bd54480cfc08ca5401" verifymd5="e45d013f24b032bd54480cfc08ca5401">
          <filename>_patchinfo</filename>
        </sourceinfo>
  recorded_at: Mon, 04 Sep 2023 14:15:43 GMT
- request:
    method: get
    uri: http://backend:5352/source/home:tom:branches:Update/patchinfo
    body:
      encoding: US-ASCII
      string: ''
    headers:
      Accept-Encoding:
      - gzip;q=1.0,deflate;q=0.6,identity;q=0.3
      Accept:
      - "*/*"
      User-Agent:
      - Ruby
  response:
    status:
      code: 200
      message: OK
    headers:
      Content-Type:
      - text/xml
      Cache-Control:
      - no-cache
      Connection:
      - close
      Content-Length:
      - '199'
    body:
      encoding: UTF-8
      string: |
        <directory name="patchinfo" rev="8" vrev="8" srcmd5="e45d013f24b032bd54480cfc08ca5401">
          <entry name="_patchinfo" md5="1cbe44b4ca6b451510f27939bb59e0ec" size="139" mtime="1693836669"/>
        </directory>
  recorded_at: Mon, 04 Sep 2023 14:15:43 GMT
- request:
    method: get
    uri: http://backend:5352/source/home:tom:branches:Update/patchinfo/_patchinfo
    body:
      encoding: US-ASCII
      string: ''
    headers:
      Accept-Encoding:
      - gzip;q=1.0,deflate;q=0.6,identity;q=0.3
      Accept:
      - "*/*"
      User-Agent:
      - Ruby
  response:
    status:
      code: 200
      message: OK
    headers:
      Content-Type:
      - application/octet-stream
      Content-Length:
      - '139'
      Cache-Control:
      - no-cache
      Connection:
      - close
    body:
      encoding: UTF-8
      string: |-
        <patchinfo>
          <category>recommended</category>
          <rating>low</rating>
          <packager>tom</packager>
          <summary/>
          <description/>
        </patchinfo>
  recorded_at: Mon, 04 Sep 2023 14:15:43 GMT
- request:
    method: put
    uri: http://backend:5352/source/openSUSE:11.4/_meta?user=user_7
    body:
      encoding: UTF-8
      string: |
        <project name="openSUSE:11.4">
          <title>The World, the Flesh and the Devil</title>
          <description/>
        </project>
    headers:
      Accept-Encoding:
      - gzip;q=1.0,deflate;q=0.6,identity;q=0.3
      Accept:
      - "*/*"
      User-Agent:
      - Ruby
  response:
    status:
      code: 200
      message: OK
    headers:
      Content-Type:
      - text/xml
      Cache-Control:
      - no-cache
      Connection:
      - close
      Content-Length:
      - '124'
    body:
      encoding: UTF-8
      string: |
        <project name="openSUSE:11.4">
          <title>The World, the Flesh and the Devil</title>
          <description></description>
        </project>
  recorded_at: Mon, 04 Sep 2023 14:15:43 GMT
- request:
    method: put
    uri: http://backend:5352/source/openSUSE:11.4/cacti/_meta?user=user_7
    body:
      encoding: UTF-8
      string: |
        <package name="cacti" project="openSUSE:11.4">
          <title>Paths of Glory</title>
          <description>Quia possimus voluptate non.</description>
        </package>
    headers:
      Accept-Encoding:
      - gzip;q=1.0,deflate;q=0.6,identity;q=0.3
      Accept:
      - "*/*"
      User-Agent:
      - Ruby
  response:
    status:
      code: 200
      message: OK
    headers:
      Content-Type:
      - text/xml
      Cache-Control:
      - no-cache
      Connection:
      - close
      Content-Length:
      - '148'
    body:
      encoding: UTF-8
      string: |
        <package name="cacti" project="openSUSE:11.4">
          <title>Paths of Glory</title>
          <description>Quia possimus voluptate non.</description>
        </package>
  recorded_at: Mon, 04 Sep 2023 14:15:43 GMT
- request:
    method: put
    uri: http://backend:5352/source/openSUSE:11.4/cacti/_config
    body:
      encoding: UTF-8
      string: At explicabo aspernatur. Ut aliquam cupiditate. Quis cumque in.
    headers:
      Accept-Encoding:
      - gzip;q=1.0,deflate;q=0.6,identity;q=0.3
      Accept:
      - "*/*"
      User-Agent:
      - Ruby
  response:
    status:
      code: 200
      message: OK
    headers:
      Content-Type:
      - text/xml
      Cache-Control:
      - no-cache
      Connection:
      - close
      Content-Length:
      - '209'
    body:
      encoding: UTF-8
      string: |
        <revision rev="35" vrev="35">
          <srcmd5>870bf62e1682d2d53af6947f3cbfe603</srcmd5>
          <version>unknown</version>
          <time>1693836944</time>
          <user>unknown</user>
          <comment></comment>
          <requestid/>
        </revision>
  recorded_at: Mon, 04 Sep 2023 14:15:44 GMT
- request:
    method: put
    uri: http://backend:5352/source/openSUSE:11.4/cacti/somefile.txt
    body:
      encoding: UTF-8
      string: Amet at ut. Ut possimus enim. Et aspernatur aut.
    headers:
      Accept-Encoding:
      - gzip;q=1.0,deflate;q=0.6,identity;q=0.3
      Accept:
      - "*/*"
      User-Agent:
      - Ruby
  response:
    status:
      code: 200
      message: OK
    headers:
      Content-Type:
      - text/xml
      Cache-Control:
      - no-cache
      Connection:
      - close
      Content-Length:
      - '209'
    body:
      encoding: UTF-8
      string: |
        <revision rev="36" vrev="36">
          <srcmd5>8a5c97e8e415c19137e5c398fc1ae941</srcmd5>
          <version>unknown</version>
          <time>1693836944</time>
          <user>unknown</user>
          <comment></comment>
          <requestid/>
        </revision>
  recorded_at: Mon, 04 Sep 2023 14:15:44 GMT
- request:
    method: put
    uri: http://backend:5352/source/openSUSE:11.4:Update/_meta?user=user_7
    body:
      encoding: UTF-8
      string: |
        <project name="openSUSE:11.4:Update" kind="maintenance_release">
          <title>The Golden Apples of the Sun</title>
          <description/>
        </project>
    headers:
      Accept-Encoding:
      - gzip;q=1.0,deflate;q=0.6,identity;q=0.3
      Accept:
      - "*/*"
      User-Agent:
      - Ruby
  response:
    status:
      code: 200
      message: OK
    headers:
      Content-Type:
      - text/xml
      Cache-Control:
      - no-cache
      Connection:
      - close
      Content-Length:
      - '152'
    body:
      encoding: UTF-8
      string: |
        <project name="openSUSE:11.4:Update" kind="maintenance_release">
          <title>The Golden Apples of the Sun</title>
          <description></description>
        </project>
  recorded_at: Mon, 04 Sep 2023 14:15:44 GMT
- request:
    method: put
    uri: http://backend:5352/source/openSUSE:11.4:Update/_project/_attribute?meta=1&user=user_7
    body:
      encoding: UTF-8
      string: |
        <attributes>
          <attribute name="Maintained" namespace="OBS"/>
        </attributes>
    headers:
      Accept-Encoding:
      - gzip;q=1.0,deflate;q=0.6,identity;q=0.3
      Accept:
      - "*/*"
      User-Agent:
      - Ruby
  response:
    status:
      code: 200
      message: OK
    headers:
      Content-Type:
      - text/xml
      Cache-Control:
      - no-cache
      Connection:
      - close
      Content-Length:
      - '169'
    body:
      encoding: UTF-8
      string: |
        <revision rev="53">
          <srcmd5>833d3036380827974de1339105a553ff</srcmd5>
          <time>1693836944</time>
          <user>user_7</user>
          <comment></comment>
          <requestid/>
        </revision>
  recorded_at: Mon, 04 Sep 2023 14:15:44 GMT
- request:
    method: put
    uri: http://backend:5352/source/openSUSE:11.4/_project/_attribute?meta=1&user=user_7
    body:
      encoding: UTF-8
      string: |
        <attributes>
          <attribute name="UpdateProject" namespace="OBS">
            <value>openSUSE:11.4:Update</value>
          </attribute>
        </attributes>
    headers:
      Accept-Encoding:
      - gzip;q=1.0,deflate;q=0.6,identity;q=0.3
      Accept:
      - "*/*"
      User-Agent:
      - Ruby
  response:
    status:
      code: 200
      message: OK
    headers:
      Content-Type:
      - text/xml
      Cache-Control:
      - no-cache
      Connection:
      - close
      Content-Length:
      - '169'
    body:
      encoding: UTF-8
      string: |
        <revision rev="36">
          <srcmd5>df5e3692711f5bf1ede76d18d63528bf</srcmd5>
          <time>1693836944</time>
          <user>user_7</user>
          <comment></comment>
          <requestid/>
        </revision>
  recorded_at: Mon, 04 Sep 2023 14:15:44 GMT
- request:
    method: put
    uri: http://backend:5352/source/openSUSE:11.4:Update/_meta?user=user_7
    body:
      encoding: UTF-8
      string: |
        <project name="openSUSE:11.4:Update" kind="maintenance_release">
          <title>The Golden Apples of the Sun</title>
          <description/>
          <link project="openSUSE:11.4"/>
        </project>
    headers:
      Accept-Encoding:
      - gzip;q=1.0,deflate;q=0.6,identity;q=0.3
      Accept:
      - "*/*"
      User-Agent:
      - Ruby
  response:
    status:
      code: 200
      message: OK
    headers:
      Content-Type:
      - text/xml
      Cache-Control:
      - no-cache
      Connection:
      - close
      Content-Length:
      - '186'
    body:
      encoding: UTF-8
      string: |
        <project name="openSUSE:11.4:Update" kind="maintenance_release">
          <title>The Golden Apples of the Sun</title>
          <description></description>
          <link project="openSUSE:11.4"/>
        </project>
  recorded_at: Mon, 04 Sep 2023 14:15:44 GMT
- request:
    method: put
    uri: http://backend:5352/source/openSUSE:11.5/_meta?user=user_7
    body:
      encoding: UTF-8
      string: |
        <project name="openSUSE:11.5">
          <title>From Here to Eternity</title>
          <description/>
        </project>
    headers:
      Accept-Encoding:
      - gzip;q=1.0,deflate;q=0.6,identity;q=0.3
      Accept:
      - "*/*"
      User-Agent:
      - Ruby
  response:
    status:
      code: 200
      message: OK
    headers:
      Content-Type:
      - text/xml
      Cache-Control:
      - no-cache
      Connection:
      - close
      Content-Length:
      - '111'
    body:
      encoding: UTF-8
      string: |
        <project name="openSUSE:11.5">
          <title>From Here to Eternity</title>
          <description></description>
        </project>
  recorded_at: Mon, 04 Sep 2023 14:15:44 GMT
- request:
    method: put
    uri: http://backend:5352/source/openSUSE:11.5/cacti/_meta?user=user_7
    body:
      encoding: UTF-8
      string: |
        <package name="cacti" project="openSUSE:11.5">
          <title>Rosemary Sutcliff</title>
          <description>Doloremque ad illo vel.</description>
        </package>
    headers:
      Accept-Encoding:
      - gzip;q=1.0,deflate;q=0.6,identity;q=0.3
      Accept:
      - "*/*"
      User-Agent:
      - Ruby
  response:
    status:
      code: 200
      message: OK
    headers:
      Content-Type:
      - text/xml
      Cache-Control:
      - no-cache
      Connection:
      - close
      Content-Length:
      - '146'
    body:
      encoding: UTF-8
      string: |
        <package name="cacti" project="openSUSE:11.5">
          <title>Rosemary Sutcliff</title>
          <description>Doloremque ad illo vel.</description>
        </package>
  recorded_at: Mon, 04 Sep 2023 14:15:44 GMT
- request:
    method: put
    uri: http://backend:5352/source/openSUSE:11.5/cacti/_config
    body:
      encoding: UTF-8
      string: Qui velit est. Porro molestiae sint. Magni deserunt vitae.
    headers:
      Accept-Encoding:
      - gzip;q=1.0,deflate;q=0.6,identity;q=0.3
      Accept:
      - "*/*"
      User-Agent:
      - Ruby
  response:
    status:
      code: 200
      message: OK
    headers:
      Content-Type:
      - text/xml
      Cache-Control:
      - no-cache
      Connection:
      - close
      Content-Length:
      - '209'
    body:
      encoding: UTF-8
      string: |
        <revision rev="35" vrev="35">
          <srcmd5>08b4e8d311238d880e1eba821ae60be8</srcmd5>
          <version>unknown</version>
          <time>1693836944</time>
          <user>unknown</user>
          <comment></comment>
          <requestid/>
        </revision>
  recorded_at: Mon, 04 Sep 2023 14:15:44 GMT
- request:
    method: put
    uri: http://backend:5352/source/openSUSE:11.5/cacti/somefile.txt
    body:
      encoding: UTF-8
      string: Doloribus earum quae. Fugiat distinctio in. Excepturi doloribus voluptate.
    headers:
      Accept-Encoding:
      - gzip;q=1.0,deflate;q=0.6,identity;q=0.3
      Accept:
      - "*/*"
      User-Agent:
      - Ruby
  response:
    status:
      code: 200
      message: OK
    headers:
      Content-Type:
      - text/xml
      Cache-Control:
      - no-cache
      Connection:
      - close
      Content-Length:
      - '209'
    body:
      encoding: UTF-8
      string: |
        <revision rev="36" vrev="36">
          <srcmd5>6368a59e0fea9dde0fb844aa3d3182dc</srcmd5>
          <version>unknown</version>
          <time>1693836944</time>
          <user>unknown</user>
          <comment></comment>
          <requestid/>
        </revision>
  recorded_at: Mon, 04 Sep 2023 14:15:44 GMT
- request:
    method: put
    uri: http://backend:5352/source/openSUSE:11.5:Update/_meta?user=user_7
    body:
      encoding: UTF-8
      string: |
        <project name="openSUSE:11.5:Update" kind="maintenance_release">
          <title>Nine Coaches Waiting</title>
          <description/>
        </project>
    headers:
      Accept-Encoding:
      - gzip;q=1.0,deflate;q=0.6,identity;q=0.3
      Accept:
      - "*/*"
      User-Agent:
      - Ruby
  response:
    status:
      code: 200
      message: OK
    headers:
      Content-Type:
      - text/xml
      Cache-Control:
      - no-cache
      Connection:
      - close
      Content-Length:
      - '144'
    body:
      encoding: UTF-8
      string: |
        <project name="openSUSE:11.5:Update" kind="maintenance_release">
          <title>Nine Coaches Waiting</title>
          <description></description>
        </project>
  recorded_at: Mon, 04 Sep 2023 14:15:44 GMT
- request:
    method: put
    uri: http://backend:5352/source/openSUSE:11.5:Update/_project/_attribute?meta=1&user=user_7
    body:
      encoding: UTF-8
      string: |
        <attributes>
          <attribute name="Maintained" namespace="OBS"/>
        </attributes>
    headers:
      Accept-Encoding:
      - gzip;q=1.0,deflate;q=0.6,identity;q=0.3
      Accept:
      - "*/*"
      User-Agent:
      - Ruby
  response:
    status:
      code: 200
      message: OK
    headers:
      Content-Type:
      - text/xml
      Cache-Control:
      - no-cache
      Connection:
      - close
      Content-Length:
      - '169'
    body:
      encoding: UTF-8
      string: |
        <revision rev="53">
          <srcmd5>152d7eb3dc8b5445be3727139b717210</srcmd5>
          <time>1693836944</time>
          <user>user_7</user>
          <comment></comment>
          <requestid/>
        </revision>
  recorded_at: Mon, 04 Sep 2023 14:15:44 GMT
- request:
    method: put
    uri: http://backend:5352/source/openSUSE:11.5/_project/_attribute?meta=1&user=user_7
    body:
      encoding: UTF-8
      string: |
        <attributes>
          <attribute name="UpdateProject" namespace="OBS">
            <value>openSUSE:11.5:Update</value>
          </attribute>
        </attributes>
    headers:
      Accept-Encoding:
      - gzip;q=1.0,deflate;q=0.6,identity;q=0.3
      Accept:
      - "*/*"
      User-Agent:
      - Ruby
  response:
    status:
      code: 200
      message: OK
    headers:
      Content-Type:
      - text/xml
      Cache-Control:
      - no-cache
      Connection:
      - close
      Content-Length:
      - '169'
    body:
      encoding: UTF-8
      string: |
        <revision rev="36">
          <srcmd5>1ed711e0e1be928b81cce9f7d8f792d3</srcmd5>
          <time>1693836944</time>
          <user>user_7</user>
          <comment></comment>
          <requestid/>
        </revision>
  recorded_at: Mon, 04 Sep 2023 14:15:44 GMT
- request:
    method: put
    uri: http://backend:5352/source/openSUSE:11.5:Update/_meta?user=user_7
    body:
      encoding: UTF-8
      string: |
        <project name="openSUSE:11.5:Update" kind="maintenance_release">
          <title>Nine Coaches Waiting</title>
          <description/>
          <link project="openSUSE:11.5"/>
        </project>
    headers:
      Accept-Encoding:
      - gzip;q=1.0,deflate;q=0.6,identity;q=0.3
      Accept:
      - "*/*"
      User-Agent:
      - Ruby
  response:
    status:
      code: 200
      message: OK
    headers:
      Content-Type:
      - text/xml
      Cache-Control:
      - no-cache
      Connection:
      - close
      Content-Length:
      - '178'
    body:
      encoding: UTF-8
      string: |
        <project name="openSUSE:11.5:Update" kind="maintenance_release">
          <title>Nine Coaches Waiting</title>
          <description></description>
          <link project="openSUSE:11.5"/>
        </project>
  recorded_at: Mon, 04 Sep 2023 14:15:45 GMT
- request:
    method: put
    uri: http://backend:5352/source/home:maintenance_coord/_meta?user=maintenance_coord
    body:
      encoding: UTF-8
      string: |
        <project name="home:maintenance_coord">
          <title/>
          <description/>
          <person userid="maintenance_coord" role="maintainer"/>
        </project>
    headers:
      Accept-Encoding:
      - gzip;q=1.0,deflate;q=0.6,identity;q=0.3
      Accept:
      - "*/*"
      User-Agent:
      - Ruby
  response:
    status:
      code: 200
      message: OK
    headers:
      Content-Type:
      - text/xml
      Cache-Control:
      - no-cache
      Connection:
      - close
      Content-Length:
      - '156'
    body:
      encoding: UTF-8
      string: |
        <project name="home:maintenance_coord">
          <title></title>
          <description></description>
          <person userid="maintenance_coord" role="maintainer"/>
        </project>
  recorded_at: Mon, 04 Sep 2023 14:15:45 GMT
- request:
    method: put
    uri: http://backend:5352/source/MaintenanceProject/_meta?user=user_7
    body:
      encoding: UTF-8
      string: |
        <project name="MaintenanceProject" kind="maintenance">
          <title>official maintenance space</title>
          <description/>
          <person userid="maintenance_coord" role="maintainer"/>
          <build>
            <disable/>
          </build>
        </project>
    headers:
      Accept-Encoding:
      - gzip;q=1.0,deflate;q=0.6,identity;q=0.3
      Accept:
      - "*/*"
      User-Agent:
      - Ruby
  response:
    status:
      code: 200
      message: OK
    headers:
      Content-Type:
      - text/xml
      Cache-Control:
      - no-cache
      Connection:
      - close
      Content-Length:
      - '233'
    body:
      encoding: UTF-8
      string: |
        <project name="MaintenanceProject" kind="maintenance">
          <title>official maintenance space</title>
          <description></description>
          <person userid="maintenance_coord" role="maintainer"/>
          <build>
            <disable/>
          </build>
        </project>
  recorded_at: Mon, 04 Sep 2023 14:15:45 GMT
- request:
    method: put
    uri: http://backend:5352/source/MaintenanceProject/_project/_attribute?meta=1&user=user_7
    body:
      encoding: UTF-8
      string: |
        <attributes>
          <attribute name="MaintenanceProject" namespace="OBS"/>
        </attributes>
    headers:
      Accept-Encoding:
      - gzip;q=1.0,deflate;q=0.6,identity;q=0.3
      Accept:
      - "*/*"
      User-Agent:
      - Ruby
  response:
    status:
      code: 200
      message: OK
    headers:
      Content-Type:
      - text/xml
      Cache-Control:
      - no-cache
      Connection:
      - close
      Content-Length:
      - '169'
    body:
      encoding: UTF-8
      string: |
        <revision rev="53">
          <srcmd5>b5ac59f5d2a72c7f98586b6c1dbf55de</srcmd5>
          <time>1693836945</time>
          <user>user_7</user>
          <comment></comment>
          <requestid/>
        </revision>
  recorded_at: Mon, 04 Sep 2023 14:15:45 GMT
- request:
    method: put
    uri: http://backend:5352/source/MaintenanceProject/_meta?user=user_7
    body:
      encoding: UTF-8
      string: |
        <project name="MaintenanceProject" kind="maintenance">
          <title>official maintenance space</title>
          <description/>
          <person userid="maintenance_coord" role="maintainer"/>
          <build>
            <disable/>
          </build>
        </project>
    headers:
      Accept-Encoding:
      - gzip;q=1.0,deflate;q=0.6,identity;q=0.3
      Accept:
      - "*/*"
      User-Agent:
      - Ruby
  response:
    status:
      code: 200
      message: OK
    headers:
      Content-Type:
      - text/xml
      Cache-Control:
      - no-cache
      Connection:
      - close
      Content-Length:
      - '233'
    body:
      encoding: UTF-8
      string: |
        <project name="MaintenanceProject" kind="maintenance">
          <title>official maintenance space</title>
          <description></description>
          <person userid="maintenance_coord" role="maintainer"/>
          <build>
            <disable/>
          </build>
        </project>
  recorded_at: Mon, 04 Sep 2023 14:15:45 GMT
- request:
    method: get
    uri: http://backend:5352/source/home:tom:branches:Update/cacti.openSUSE_11.4_Update
    body:
      encoding: US-ASCII
      string: ''
    headers:
      Accept-Encoding:
      - gzip;q=1.0,deflate;q=0.6,identity;q=0.3
      Accept:
      - "*/*"
      User-Agent:
      - Ruby
  response:
    status:
      code: 200
      message: OK
    headers:
      Content-Type:
      - text/xml
      Cache-Control:
      - no-cache
      Connection:
      - close
      Content-Length:
      - '310'
    body:
      encoding: UTF-8
      string: |
        <directory name="cacti.openSUSE_11.4_Update" rev="36" vrev="36" srcmd5="88e6daf22018d9c5ef509c63ffa469a6">
          <entry name="DUMMY_FILE" md5="87b43dcf63dc45ed2b813df3d31e6718" size="9" mtime="1693836447"/>
          <entry name="_config" md5="ee77fb81bf3e94c31c832662428260d0" size="52" mtime="1693836943"/>
        </directory>
  recorded_at: Mon, 04 Sep 2023 14:15:45 GMT
- request:
    method: get
    uri: http://backend:5352/source/home:tom:branches:Update/cacti.openSUSE_11.4_Update
    body:
      encoding: US-ASCII
      string: ''
    headers:
      Accept-Encoding:
      - gzip;q=1.0,deflate;q=0.6,identity;q=0.3
      Accept:
      - "*/*"
      User-Agent:
      - Ruby
  response:
    status:
      code: 200
      message: OK
    headers:
      Content-Type:
      - text/xml
      Cache-Control:
      - no-cache
      Connection:
      - close
      Content-Length:
      - '310'
    body:
      encoding: UTF-8
      string: |
        <directory name="cacti.openSUSE_11.4_Update" rev="36" vrev="36" srcmd5="88e6daf22018d9c5ef509c63ffa469a6">
          <entry name="DUMMY_FILE" md5="87b43dcf63dc45ed2b813df3d31e6718" size="9" mtime="1693836447"/>
          <entry name="_config" md5="ee77fb81bf3e94c31c832662428260d0" size="52" mtime="1693836943"/>
        </directory>
  recorded_at: Mon, 04 Sep 2023 14:15:45 GMT
- request:
    method: post
    uri: http://backend:5352/source/home:tom:branches:Update/cacti.openSUSE_11.4_Update?cmd=diff&expand=1&filelimit=10000&orev=0&rev=36&tarlimit=10000&view=xml&withissues=1
    body:
      encoding: UTF-8
      string: ''
    headers:
      Content-Type:
      - application/octet-stream
      Accept-Encoding:
      - gzip;q=1.0,deflate;q=0.6,identity;q=0.3
      Accept:
      - "*/*"
      User-Agent:
      - Ruby
  response:
    status:
      code: 200
      message: OK
    headers:
      Content-Type:
      - text/xml
      Cache-Control:
      - no-cache
      Connection:
      - close
      Content-Length:
      - '816'
    body:
      encoding: UTF-8
      string: |
        <sourcediff key="d3513b2a9bb2fc1d135746ef71c6bb2e">
          <old project="home:tom:branches:Update" package="cacti.openSUSE_11.4_Update" rev="0" srcmd5="d41d8cd98f00b204e9800998ecf8427e"/>
          <new project="home:tom:branches:Update" package="cacti.openSUSE_11.4_Update" rev="36" srcmd5="88e6daf22018d9c5ef509c63ffa469a6"/>
          <files>
            <file state="added">
              <new name="DUMMY_FILE" md5="87b43dcf63dc45ed2b813df3d31e6718" size="9"/>
              <diff lines="3">@@ -0,0 +1,1 @@
        +boo#12345
        \ No newline at end of file
        </diff>
            </file>
            <file state="added">
              <new name="_config" md5="ee77fb81bf3e94c31c832662428260d0" size="52"/>
              <diff lines="3">@@ -0,0 +1,1 @@
        +Rem eum ea. In corporis nemo. Dolore est recusandae.
        \ No newline at end of file
        </diff>
            </file>
          </files>
          <issues>
          </issues>
        </sourcediff>
  recorded_at: Mon, 04 Sep 2023 14:15:45 GMT
- request:
    method: get
    uri: http://backend:5352/source/home:tom:branches:Update/cacti.openSUSE_11.5_Update
    body:
      encoding: US-ASCII
      string: ''
    headers:
      Accept-Encoding:
      - gzip;q=1.0,deflate;q=0.6,identity;q=0.3
      Accept:
      - "*/*"
      User-Agent:
      - Ruby
  response:
    status:
      code: 200
      message: OK
    headers:
      Content-Type:
      - text/xml
      Cache-Control:
      - no-cache
      Connection:
      - close
      Content-Length:
      - '310'
    body:
      encoding: UTF-8
      string: |
        <directory name="cacti.openSUSE_11.5_Update" rev="36" vrev="36" srcmd5="4ca3a2e039f87ac8cfae429209ce880a">
          <entry name="DUMMY_FILE" md5="87b43dcf63dc45ed2b813df3d31e6718" size="9" mtime="1693836447"/>
          <entry name="_config" md5="3b211b5a6fcdb01ece828b2993d610d5" size="58" mtime="1693836943"/>
        </directory>
  recorded_at: Mon, 04 Sep 2023 14:15:45 GMT
- request:
    method: get
    uri: http://backend:5352/source/home:tom:branches:Update/cacti.openSUSE_11.5_Update
    body:
      encoding: US-ASCII
      string: ''
    headers:
      Accept-Encoding:
      - gzip;q=1.0,deflate;q=0.6,identity;q=0.3
      Accept:
      - "*/*"
      User-Agent:
      - Ruby
  response:
    status:
      code: 200
      message: OK
    headers:
      Content-Type:
      - text/xml
      Cache-Control:
      - no-cache
      Connection:
      - close
      Content-Length:
      - '310'
    body:
      encoding: UTF-8
      string: |
        <directory name="cacti.openSUSE_11.5_Update" rev="36" vrev="36" srcmd5="4ca3a2e039f87ac8cfae429209ce880a">
          <entry name="DUMMY_FILE" md5="87b43dcf63dc45ed2b813df3d31e6718" size="9" mtime="1693836447"/>
          <entry name="_config" md5="3b211b5a6fcdb01ece828b2993d610d5" size="58" mtime="1693836943"/>
        </directory>
  recorded_at: Mon, 04 Sep 2023 14:15:45 GMT
- request:
    method: post
    uri: http://backend:5352/source/home:tom:branches:Update/cacti.openSUSE_11.5_Update?cmd=diff&expand=1&filelimit=10000&orev=0&rev=36&tarlimit=10000&view=xml&withissues=1
    body:
      encoding: UTF-8
      string: ''
    headers:
      Content-Type:
      - application/octet-stream
      Accept-Encoding:
      - gzip;q=1.0,deflate;q=0.6,identity;q=0.3
      Accept:
      - "*/*"
      User-Agent:
      - Ruby
  response:
    status:
      code: 200
      message: OK
    headers:
      Content-Type:
      - text/xml
      Cache-Control:
      - no-cache
      Connection:
      - close
      Content-Length:
      - '822'
    body:
      encoding: UTF-8
      string: |
        <sourcediff key="a6b8b42fce77135038226fcd53615b88">
          <old project="home:tom:branches:Update" package="cacti.openSUSE_11.5_Update" rev="0" srcmd5="d41d8cd98f00b204e9800998ecf8427e"/>
          <new project="home:tom:branches:Update" package="cacti.openSUSE_11.5_Update" rev="36" srcmd5="4ca3a2e039f87ac8cfae429209ce880a"/>
          <files>
            <file state="added">
              <new name="DUMMY_FILE" md5="87b43dcf63dc45ed2b813df3d31e6718" size="9"/>
              <diff lines="3">@@ -0,0 +1,1 @@
        +boo#12345
        \ No newline at end of file
        </diff>
            </file>
            <file state="added">
              <new name="_config" md5="3b211b5a6fcdb01ece828b2993d610d5" size="58"/>
              <diff lines="3">@@ -0,0 +1,1 @@
        +Minus quidem in. Ut enim occaecati. Eum provident nostrum.
        \ No newline at end of file
        </diff>
            </file>
          </files>
          <issues>
          </issues>
        </sourcediff>
  recorded_at: Mon, 04 Sep 2023 14:15:45 GMT
- request:
    method: get
    uri: http://backend:5352/source/home:tom:branches:Update/patchinfo
    body:
      encoding: US-ASCII
      string: ''
    headers:
      Accept-Encoding:
      - gzip;q=1.0,deflate;q=0.6,identity;q=0.3
      Accept:
      - "*/*"
      User-Agent:
      - Ruby
  response:
    status:
      code: 200
      message: OK
    headers:
      Content-Type:
      - text/xml
      Cache-Control:
      - no-cache
      Connection:
      - close
      Content-Length:
      - '199'
    body:
      encoding: UTF-8
      string: |
        <directory name="patchinfo" rev="8" vrev="8" srcmd5="e45d013f24b032bd54480cfc08ca5401">
          <entry name="_patchinfo" md5="1cbe44b4ca6b451510f27939bb59e0ec" size="139" mtime="1693836669"/>
        </directory>
  recorded_at: Mon, 04 Sep 2023 14:15:45 GMT
- request:
    method: get
    uri: http://backend:5352/source/home:tom:branches:Update/patchinfo
    body:
      encoding: US-ASCII
      string: ''
    headers:
      Accept-Encoding:
      - gzip;q=1.0,deflate;q=0.6,identity;q=0.3
      Accept:
      - "*/*"
      User-Agent:
      - Ruby
  response:
    status:
      code: 200
      message: OK
    headers:
      Content-Type:
      - text/xml
      Cache-Control:
      - no-cache
      Connection:
      - close
      Content-Length:
      - '199'
    body:
      encoding: UTF-8
      string: |
        <directory name="patchinfo" rev="8" vrev="8" srcmd5="e45d013f24b032bd54480cfc08ca5401">
          <entry name="_patchinfo" md5="1cbe44b4ca6b451510f27939bb59e0ec" size="139" mtime="1693836669"/>
        </directory>
  recorded_at: Mon, 04 Sep 2023 14:15:45 GMT
- request:
    method: post
    uri: http://backend:5352/source/home:tom:branches:Update/patchinfo?cmd=diff&expand=1&filelimit=10000&orev=0&rev=8&tarlimit=10000&view=xml&withissues=1
    body:
      encoding: UTF-8
      string: ''
    headers:
      Content-Type:
      - application/octet-stream
      Accept-Encoding:
      - gzip;q=1.0,deflate;q=0.6,identity;q=0.3
      Accept:
      - "*/*"
      User-Agent:
      - Ruby
  response:
    status:
      code: 200
      message: OK
    headers:
      Content-Type:
      - text/xml
      Cache-Control:
      - no-cache
      Connection:
      - close
      Content-Length:
      - '737'
    body:
      encoding: UTF-8
      string: |
        <sourcediff key="47d65d0ed9e3184905455e648da6645e">
          <old project="home:tom:branches:Update" package="patchinfo" rev="0" srcmd5="d41d8cd98f00b204e9800998ecf8427e"/>
          <new project="home:tom:branches:Update" package="patchinfo" rev="8" srcmd5="e45d013f24b032bd54480cfc08ca5401"/>
          <files>
            <file state="added">
              <new name="_patchinfo" md5="1cbe44b4ca6b451510f27939bb59e0ec" size="139"/>
              <diff lines="9">@@ -0,0 +1,7 @@
        +&lt;patchinfo&gt;
        +  &lt;category&gt;recommended&lt;/category&gt;
        +  &lt;rating&gt;low&lt;/rating&gt;
        +  &lt;packager&gt;tom&lt;/packager&gt;
        +  &lt;summary/&gt;
        +  &lt;description/&gt;
        +&lt;/patchinfo&gt;
        \ No newline at end of file
        </diff>
            </file>
          </files>
          <issues>
          </issues>
        </sourcediff>
  recorded_at: Mon, 04 Sep 2023 14:15:45 GMT
- request:
    method: get
    uri: http://backend:5352/source/home:tom:branches:Update/cacti.openSUSE_11.4_Update
    body:
      encoding: US-ASCII
      string: ''
    headers:
      X-Request-Id:
      - 5c56bff0-10a1-4d54-8ff3-d4f3fcf82eb2
      Accept-Encoding:
      - gzip;q=1.0,deflate;q=0.6,identity;q=0.3
      Accept:
      - "*/*"
      User-Agent:
      - Ruby
  response:
    status:
      code: 200
      message: OK
    headers:
      Content-Type:
      - text/xml
      Cache-Control:
      - no-cache
      Connection:
      - close
      Content-Length:
      - '310'
    body:
      encoding: UTF-8
      string: |
        <directory name="cacti.openSUSE_11.4_Update" rev="36" vrev="36" srcmd5="88e6daf22018d9c5ef509c63ffa469a6">
          <entry name="DUMMY_FILE" md5="87b43dcf63dc45ed2b813df3d31e6718" size="9" mtime="1693836447"/>
          <entry name="_config" md5="ee77fb81bf3e94c31c832662428260d0" size="52" mtime="1693836943"/>
        </directory>
  recorded_at: Mon, 04 Sep 2023 14:15:45 GMT
- request:
    method: get
    uri: http://backend:5352/source/home:tom:branches:Update/cacti.openSUSE_11.4_Update
    body:
      encoding: US-ASCII
      string: ''
    headers:
      X-Request-Id:
      - 5c56bff0-10a1-4d54-8ff3-d4f3fcf82eb2
      Accept-Encoding:
      - gzip;q=1.0,deflate;q=0.6,identity;q=0.3
      Accept:
      - "*/*"
      User-Agent:
      - Ruby
  response:
    status:
      code: 200
      message: OK
    headers:
      Content-Type:
      - text/xml
      Cache-Control:
      - no-cache
      Connection:
      - close
      Content-Length:
      - '310'
    body:
      encoding: UTF-8
      string: |
        <directory name="cacti.openSUSE_11.4_Update" rev="36" vrev="36" srcmd5="88e6daf22018d9c5ef509c63ffa469a6">
          <entry name="DUMMY_FILE" md5="87b43dcf63dc45ed2b813df3d31e6718" size="9" mtime="1693836447"/>
          <entry name="_config" md5="ee77fb81bf3e94c31c832662428260d0" size="52" mtime="1693836943"/>
        </directory>
  recorded_at: Mon, 04 Sep 2023 14:15:46 GMT
- request:
    method: post
    uri: http://backend:5352/source/home:tom:branches:Update/cacti.openSUSE_11.4_Update?cmd=diff&expand=1&filelimit=10000&orev=0&rev=36&tarlimit=10000&view=xml&withissues=1
    body:
      encoding: UTF-8
      string: ''
    headers:
      Content-Type:
      - application/octet-stream
      X-Request-Id:
      - 5c56bff0-10a1-4d54-8ff3-d4f3fcf82eb2
      Accept-Encoding:
      - gzip;q=1.0,deflate;q=0.6,identity;q=0.3
      Accept:
      - "*/*"
      User-Agent:
      - Ruby
  response:
    status:
      code: 200
      message: OK
    headers:
      Content-Type:
      - text/xml
      Content-Length:
      - '816'
      Cache-Control:
      - no-cache
      Connection:
      - close
    body:
      encoding: UTF-8
      string: |
        <sourcediff key="d3513b2a9bb2fc1d135746ef71c6bb2e">
          <old project="home:tom:branches:Update" package="cacti.openSUSE_11.4_Update" rev="0" srcmd5="d41d8cd98f00b204e9800998ecf8427e"/>
          <new project="home:tom:branches:Update" package="cacti.openSUSE_11.4_Update" rev="36" srcmd5="88e6daf22018d9c5ef509c63ffa469a6"/>
          <files>
            <file state="added">
              <new name="DUMMY_FILE" md5="87b43dcf63dc45ed2b813df3d31e6718" size="9"/>
              <diff lines="3">@@ -0,0 +1,1 @@
        +boo#12345
        \ No newline at end of file
        </diff>
            </file>
            <file state="added">
              <new name="_config" md5="ee77fb81bf3e94c31c832662428260d0" size="52"/>
              <diff lines="3">@@ -0,0 +1,1 @@
        +Rem eum ea. In corporis nemo. Dolore est recusandae.
        \ No newline at end of file
        </diff>
            </file>
          </files>
          <issues>
          </issues>
        </sourcediff>
  recorded_at: Mon, 04 Sep 2023 14:15:46 GMT
- request:
    method: get
    uri: http://backend:5352/source/home:tom:branches:Update/cacti.openSUSE_11.4_Update
    body:
      encoding: US-ASCII
      string: ''
    headers:
      X-Request-Id:
      - d7f55dce-0fab-4116-8ed4-d793523956f0
      Accept-Encoding:
      - gzip;q=1.0,deflate;q=0.6,identity;q=0.3
      Accept:
      - "*/*"
      User-Agent:
      - Ruby
  response:
    status:
      code: 200
      message: OK
    headers:
      Content-Type:
      - text/xml
      Cache-Control:
      - no-cache
      Connection:
      - close
      Content-Length:
      - '310'
    body:
      encoding: UTF-8
      string: |
        <directory name="cacti.openSUSE_11.4_Update" rev="36" vrev="36" srcmd5="88e6daf22018d9c5ef509c63ffa469a6">
          <entry name="DUMMY_FILE" md5="87b43dcf63dc45ed2b813df3d31e6718" size="9" mtime="1693836447"/>
          <entry name="_config" md5="ee77fb81bf3e94c31c832662428260d0" size="52" mtime="1693836943"/>
        </directory>
  recorded_at: Mon, 04 Sep 2023 14:15:47 GMT
- request:
    method: get
    uri: http://backend:5352/source/home:tom:branches:Update/cacti.openSUSE_11.4_Update
    body:
      encoding: US-ASCII
      string: ''
    headers:
      X-Request-Id:
      - d7f55dce-0fab-4116-8ed4-d793523956f0
      Accept-Encoding:
      - gzip;q=1.0,deflate;q=0.6,identity;q=0.3
      Accept:
      - "*/*"
      User-Agent:
      - Ruby
  response:
    status:
      code: 200
      message: OK
    headers:
      Content-Type:
      - text/xml
      Cache-Control:
      - no-cache
      Connection:
      - close
      Content-Length:
      - '310'
    body:
      encoding: UTF-8
      string: |
        <directory name="cacti.openSUSE_11.4_Update" rev="36" vrev="36" srcmd5="88e6daf22018d9c5ef509c63ffa469a6">
          <entry name="DUMMY_FILE" md5="87b43dcf63dc45ed2b813df3d31e6718" size="9" mtime="1693836447"/>
          <entry name="_config" md5="ee77fb81bf3e94c31c832662428260d0" size="52" mtime="1693836943"/>
        </directory>
  recorded_at: Mon, 04 Sep 2023 14:15:47 GMT
- request:
    method: post
    uri: http://backend:5352/source/home:tom:branches:Update/cacti.openSUSE_11.4_Update?cmd=diff&expand=1&filelimit=10000&orev=0&rev=36&tarlimit=10000&view=xml&withissues=1
    body:
      encoding: UTF-8
      string: ''
    headers:
      Content-Type:
      - application/octet-stream
      X-Request-Id:
      - d7f55dce-0fab-4116-8ed4-d793523956f0
      Accept-Encoding:
      - gzip;q=1.0,deflate;q=0.6,identity;q=0.3
      Accept:
      - "*/*"
      User-Agent:
      - Ruby
  response:
    status:
      code: 200
      message: OK
    headers:
      Content-Type:
      - text/xml
      Content-Length:
      - '816'
      Cache-Control:
      - no-cache
      Connection:
      - close
    body:
      encoding: UTF-8
      string: |
        <sourcediff key="d3513b2a9bb2fc1d135746ef71c6bb2e">
          <old project="home:tom:branches:Update" package="cacti.openSUSE_11.4_Update" rev="0" srcmd5="d41d8cd98f00b204e9800998ecf8427e"/>
          <new project="home:tom:branches:Update" package="cacti.openSUSE_11.4_Update" rev="36" srcmd5="88e6daf22018d9c5ef509c63ffa469a6"/>
          <files>
            <file state="added">
              <new name="DUMMY_FILE" md5="87b43dcf63dc45ed2b813df3d31e6718" size="9"/>
              <diff lines="3">@@ -0,0 +1,1 @@
        +boo#12345
        \ No newline at end of file
        </diff>
            </file>
            <file state="added">
              <new name="_config" md5="ee77fb81bf3e94c31c832662428260d0" size="52"/>
              <diff lines="3">@@ -0,0 +1,1 @@
        +Rem eum ea. In corporis nemo. Dolore est recusandae.
        \ No newline at end of file
        </diff>
            </file>
          </files>
          <issues>
          </issues>
        </sourcediff>
  recorded_at: Mon, 04 Sep 2023 14:15:47 GMT
- request:
    method: get
    uri: http://backend:5352/source/home:tom:branches:Update/cacti.openSUSE_11.4_Update
    body:
      encoding: US-ASCII
      string: ''
    headers:
      X-Request-Id:
      - 59473105-b547-4207-91a0-ed90388e4a12
      Accept-Encoding:
      - gzip;q=1.0,deflate;q=0.6,identity;q=0.3
      Accept:
      - "*/*"
      User-Agent:
      - Ruby
  response:
    status:
      code: 200
      message: OK
    headers:
      Content-Type:
      - text/xml
      Cache-Control:
      - no-cache
      Connection:
      - close
      Content-Length:
      - '310'
    body:
      encoding: UTF-8
      string: |
        <directory name="cacti.openSUSE_11.4_Update" rev="36" vrev="36" srcmd5="88e6daf22018d9c5ef509c63ffa469a6">
          <entry name="DUMMY_FILE" md5="87b43dcf63dc45ed2b813df3d31e6718" size="9" mtime="1693836447"/>
          <entry name="_config" md5="ee77fb81bf3e94c31c832662428260d0" size="52" mtime="1693836943"/>
        </directory>
  recorded_at: Mon, 04 Sep 2023 14:15:48 GMT
- request:
    method: get
    uri: http://backend:5352/source/home:tom:branches:Update/cacti.openSUSE_11.4_Update?expand=1
    body:
      encoding: US-ASCII
      string: ''
    headers:
      X-Request-Id:
      - 59473105-b547-4207-91a0-ed90388e4a12
      Accept-Encoding:
      - gzip;q=1.0,deflate;q=0.6,identity;q=0.3
      Accept:
      - "*/*"
      User-Agent:
      - Ruby
  response:
    status:
      code: 200
      message: OK
    headers:
      Content-Type:
      - text/xml
      Cache-Control:
      - no-cache
      Connection:
      - close
      Content-Length:
      - '310'
    body:
      encoding: UTF-8
      string: |
        <directory name="cacti.openSUSE_11.4_Update" rev="36" vrev="36" srcmd5="88e6daf22018d9c5ef509c63ffa469a6">
          <entry name="DUMMY_FILE" md5="87b43dcf63dc45ed2b813df3d31e6718" size="9" mtime="1693836447"/>
          <entry name="_config" md5="ee77fb81bf3e94c31c832662428260d0" size="52" mtime="1693836943"/>
        </directory>
  recorded_at: Mon, 04 Sep 2023 14:15:48 GMT
- request:
    method: get
    uri: http://backend:5352/source/home:tom:branches:Update/cacti.openSUSE_11.5_Update
    body:
      encoding: US-ASCII
      string: ''
    headers:
      X-Request-Id:
      - 59473105-b547-4207-91a0-ed90388e4a12
      Accept-Encoding:
      - gzip;q=1.0,deflate;q=0.6,identity;q=0.3
      Accept:
      - "*/*"
      User-Agent:
      - Ruby
  response:
    status:
      code: 200
      message: OK
    headers:
      Content-Type:
      - text/xml
      Cache-Control:
      - no-cache
      Connection:
      - close
      Content-Length:
      - '310'
    body:
      encoding: UTF-8
      string: |
        <directory name="cacti.openSUSE_11.5_Update" rev="36" vrev="36" srcmd5="4ca3a2e039f87ac8cfae429209ce880a">
          <entry name="DUMMY_FILE" md5="87b43dcf63dc45ed2b813df3d31e6718" size="9" mtime="1693836447"/>
          <entry name="_config" md5="3b211b5a6fcdb01ece828b2993d610d5" size="58" mtime="1693836943"/>
        </directory>
  recorded_at: Mon, 04 Sep 2023 14:15:48 GMT
- request:
    method: get
    uri: http://backend:5352/source/home:tom:branches:Update/cacti.openSUSE_11.5_Update?expand=1
    body:
      encoding: US-ASCII
      string: ''
    headers:
      X-Request-Id:
      - 59473105-b547-4207-91a0-ed90388e4a12
      Accept-Encoding:
      - gzip;q=1.0,deflate;q=0.6,identity;q=0.3
      Accept:
      - "*/*"
      User-Agent:
      - Ruby
  response:
    status:
      code: 200
      message: OK
    headers:
      Content-Type:
      - text/xml
      Cache-Control:
      - no-cache
      Connection:
      - close
      Content-Length:
      - '310'
    body:
      encoding: UTF-8
      string: |
        <directory name="cacti.openSUSE_11.5_Update" rev="36" vrev="36" srcmd5="4ca3a2e039f87ac8cfae429209ce880a">
          <entry name="DUMMY_FILE" md5="87b43dcf63dc45ed2b813df3d31e6718" size="9" mtime="1693836447"/>
          <entry name="_config" md5="3b211b5a6fcdb01ece828b2993d610d5" size="58" mtime="1693836943"/>
        </directory>
  recorded_at: Mon, 04 Sep 2023 14:15:48 GMT
- request:
    method: get
    uri: http://backend:5352/source/home:tom:branches:Update/patchinfo
    body:
      encoding: US-ASCII
      string: ''
    headers:
      X-Request-Id:
      - 59473105-b547-4207-91a0-ed90388e4a12
      Accept-Encoding:
      - gzip;q=1.0,deflate;q=0.6,identity;q=0.3
      Accept:
      - "*/*"
      User-Agent:
      - Ruby
  response:
    status:
      code: 200
      message: OK
    headers:
      Content-Type:
      - text/xml
      Cache-Control:
      - no-cache
      Connection:
      - close
      Content-Length:
      - '199'
    body:
      encoding: UTF-8
      string: |
        <directory name="patchinfo" rev="8" vrev="8" srcmd5="e45d013f24b032bd54480cfc08ca5401">
          <entry name="_patchinfo" md5="1cbe44b4ca6b451510f27939bb59e0ec" size="139" mtime="1693836669"/>
        </directory>
  recorded_at: Mon, 04 Sep 2023 14:15:48 GMT
- request:
    method: get
    uri: http://backend:5352/source/home:tom:branches:Update/patchinfo?expand=1
    body:
      encoding: US-ASCII
      string: ''
    headers:
      X-Request-Id:
      - 59473105-b547-4207-91a0-ed90388e4a12
      Accept-Encoding:
      - gzip;q=1.0,deflate;q=0.6,identity;q=0.3
      Accept:
      - "*/*"
      User-Agent:
      - Ruby
  response:
    status:
      code: 200
      message: OK
    headers:
      Content-Type:
      - text/xml
      Cache-Control:
      - no-cache
      Connection:
      - close
      Content-Length:
      - '199'
    body:
      encoding: UTF-8
      string: |
        <directory name="patchinfo" rev="8" vrev="8" srcmd5="e45d013f24b032bd54480cfc08ca5401">
          <entry name="_patchinfo" md5="1cbe44b4ca6b451510f27939bb59e0ec" size="139" mtime="1693836669"/>
        </directory>
  recorded_at: Mon, 04 Sep 2023 14:15:48 GMT
- request:
    method: get
    uri: http://backend:5352/source/home:tom:branches:Update/cacti.openSUSE_11.4_Update?expand=1
    body:
      encoding: US-ASCII
      string: ''
    headers:
      X-Request-Id:
      - 59473105-b547-4207-91a0-ed90388e4a12
      Accept-Encoding:
      - gzip;q=1.0,deflate;q=0.6,identity;q=0.3
      Accept:
      - "*/*"
      User-Agent:
      - Ruby
  response:
    status:
      code: 200
      message: OK
    headers:
      Content-Type:
      - text/xml
      Cache-Control:
      - no-cache
      Connection:
      - close
      Content-Length:
      - '310'
    body:
      encoding: UTF-8
      string: |
        <directory name="cacti.openSUSE_11.4_Update" rev="36" vrev="36" srcmd5="88e6daf22018d9c5ef509c63ffa469a6">
          <entry name="DUMMY_FILE" md5="87b43dcf63dc45ed2b813df3d31e6718" size="9" mtime="1693836447"/>
          <entry name="_config" md5="ee77fb81bf3e94c31c832662428260d0" size="52" mtime="1693836943"/>
        </directory>
  recorded_at: Mon, 04 Sep 2023 14:15:48 GMT
- request:
    method: get
    uri: http://backend:5352/source/home:tom:branches:Update/cacti.openSUSE_11.5_Update?expand=1
    body:
      encoding: US-ASCII
      string: ''
    headers:
      X-Request-Id:
      - 59473105-b547-4207-91a0-ed90388e4a12
      Accept-Encoding:
      - gzip;q=1.0,deflate;q=0.6,identity;q=0.3
      Accept:
      - "*/*"
      User-Agent:
      - Ruby
  response:
    status:
      code: 200
      message: OK
    headers:
      Content-Type:
      - text/xml
      Cache-Control:
      - no-cache
      Connection:
      - close
      Content-Length:
      - '310'
    body:
      encoding: UTF-8
      string: |
        <directory name="cacti.openSUSE_11.5_Update" rev="36" vrev="36" srcmd5="4ca3a2e039f87ac8cfae429209ce880a">
          <entry name="DUMMY_FILE" md5="87b43dcf63dc45ed2b813df3d31e6718" size="9" mtime="1693836447"/>
          <entry name="_config" md5="3b211b5a6fcdb01ece828b2993d610d5" size="58" mtime="1693836943"/>
        </directory>
  recorded_at: Mon, 04 Sep 2023 14:15:48 GMT
- request:
    method: get
    uri: http://backend:5352/source/home:tom:branches:Update/patchinfo?expand=1
    body:
      encoding: US-ASCII
      string: ''
    headers:
      X-Request-Id:
      - 59473105-b547-4207-91a0-ed90388e4a12
      Accept-Encoding:
      - gzip;q=1.0,deflate;q=0.6,identity;q=0.3
      Accept:
      - "*/*"
      User-Agent:
      - Ruby
  response:
    status:
      code: 200
      message: OK
    headers:
      Content-Type:
      - text/xml
      Cache-Control:
      - no-cache
      Connection:
      - close
      Content-Length:
      - '199'
    body:
      encoding: UTF-8
      string: |
        <directory name="patchinfo" rev="8" vrev="8" srcmd5="e45d013f24b032bd54480cfc08ca5401">
          <entry name="_patchinfo" md5="1cbe44b4ca6b451510f27939bb59e0ec" size="139" mtime="1693836669"/>
        </directory>
  recorded_at: Mon, 04 Sep 2023 14:15:48 GMT
- request:
    method: put
    uri: http://backend:5352/source/MaintenanceProject:0/_meta?requestid=1&user=maintenance_coord
    body:
      encoding: UTF-8
      string: |
        <project name="MaintenanceProject:0" kind="maintenance_incident">
          <title/>
          <description/>
          <person userid="maintenance_coord" role="bugowner"/>
          <person userid="maintenance_coord" role="maintainer"/>
          <build>
            <disable/>
          </build>
          <publish>
            <disable/>
          </publish>
        </project>
    headers:
      X-Request-Id:
      - 59473105-b547-4207-91a0-ed90388e4a12
      Accept-Encoding:
      - gzip;q=1.0,deflate;q=0.6,identity;q=0.3
      Accept:
      - "*/*"
      User-Agent:
      - Ruby
  response:
    status:
      code: 200
      message: OK
    headers:
      Content-Type:
      - text/xml
      Cache-Control:
      - no-cache
      Connection:
      - close
      Content-Length:
      - '313'
    body:
      encoding: UTF-8
      string: |
        <project name="MaintenanceProject:0" kind="maintenance_incident">
          <title></title>
          <description></description>
          <person userid="maintenance_coord" role="bugowner"/>
          <person userid="maintenance_coord" role="maintainer"/>
          <build>
            <disable/>
          </build>
          <publish>
            <disable/>
          </publish>
        </project>
  recorded_at: Mon, 04 Sep 2023 14:15:48 GMT
- request:
    method: get
    uri: http://backend:5352/source/home:tom:branches:Update/cacti.openSUSE_11.4_Update
    body:
      encoding: US-ASCII
      string: ''
    headers:
      X-Request-Id:
      - 59473105-b547-4207-91a0-ed90388e4a12
      Accept-Encoding:
      - gzip;q=1.0,deflate;q=0.6,identity;q=0.3
      Accept:
      - "*/*"
      User-Agent:
      - Ruby
  response:
    status:
      code: 200
      message: OK
    headers:
      Content-Type:
      - text/xml
      Cache-Control:
      - no-cache
      Connection:
      - close
      Content-Length:
      - '310'
    body:
      encoding: UTF-8
      string: |
        <directory name="cacti.openSUSE_11.4_Update" rev="36" vrev="36" srcmd5="88e6daf22018d9c5ef509c63ffa469a6">
          <entry name="DUMMY_FILE" md5="87b43dcf63dc45ed2b813df3d31e6718" size="9" mtime="1693836447"/>
          <entry name="_config" md5="ee77fb81bf3e94c31c832662428260d0" size="52" mtime="1693836943"/>
        </directory>
  recorded_at: Mon, 04 Sep 2023 14:15:48 GMT
- request:
    method: get
    uri: http://backend:5352/source/openSUSE:11.4:Update/cacti.openSUSE_11.4_Update
    body:
      encoding: US-ASCII
      string: ''
    headers:
      Accept-Encoding:
      - gzip;q=1.0,deflate;q=0.6,identity;q=0.3
      Accept:
      - "*/*"
      User-Agent:
      - Ruby
  response:
    status:
      code: 404
      message: package 'cacti.openSUSE_11.4_Update' does not exist
    headers:
      Content-Type:
      - text/xml
      Cache-Control:
      - no-cache
      Connection:
      - close
      Content-Length:
      - '180'
    body:
      encoding: UTF-8
      string: |
        <status code="404">
          <summary>package 'cacti.openSUSE_11.4_Update' does not exist</summary>
          <details>404 package 'cacti.openSUSE_11.4_Update' does not exist</details>
        </status>
  recorded_at: Mon, 04 Sep 2023 14:15:48 GMT
- request:
    method: put
    uri: http://backend:5352/source/MaintenanceProject:0/cacti.openSUSE_11.4_Update.openSUSE_11.4_Update/_meta?user=maintenance_coord
    body:
      encoding: UTF-8
      string: |
        <package name="cacti.openSUSE_11.4_Update.openSUSE_11.4_Update" project="MaintenanceProject:0">
          <title/>
          <description/>
          <releasename>cacti.openSUSE_11.4_Update</releasename>
        </package>
    headers:
      Accept-Encoding:
      - gzip;q=1.0,deflate;q=0.6,identity;q=0.3
      Accept:
      - "*/*"
      User-Agent:
      - Ruby
  response:
    status:
      code: 200
      message: OK
    headers:
      Content-Type:
      - text/xml
      Cache-Control:
      - no-cache
      Connection:
      - close
      Content-Length:
      - '211'
    body:
      encoding: UTF-8
      string: |
        <package name="cacti.openSUSE_11.4_Update.openSUSE_11.4_Update" project="MaintenanceProject:0">
          <title></title>
          <description></description>
          <releasename>cacti.openSUSE_11.4_Update</releasename>
        </package>
  recorded_at: Mon, 04 Sep 2023 14:15:48 GMT
- request:
    method: post
    uri: http://backend:5352/source/MaintenanceProject:0/cacti.openSUSE_11.4_Update.openSUSE_11.4_Update?cmd=branch&missingok=1&noservice=1&opackage=cacti.openSUSE_11.4_Update&oproject=openSUSE:11.4:Update&user=maintenance_coord
    body:
      encoding: UTF-8
      string: ''
    headers:
      Content-Type:
      - application/octet-stream
      Accept-Encoding:
      - gzip;q=1.0,deflate;q=0.6,identity;q=0.3
      Accept:
      - "*/*"
      User-Agent:
      - Ruby
  response:
    status:
      code: 200
      message: OK
    headers:
      Content-Type:
      - text/xml
      Cache-Control:
      - no-cache
      Connection:
      - close
      Content-Length:
      - '219'
    body:
      encoding: UTF-8
      string: |
        <revision rev="15" vrev="15">
          <srcmd5>1062589906c6eb53389501c6582ca7fe</srcmd5>
          <version>unknown</version>
          <time>1693836948</time>
          <user>maintenance_coord</user>
          <comment></comment>
          <requestid/>
        </revision>
  recorded_at: Mon, 04 Sep 2023 14:15:48 GMT
- request:
    method: put
    uri: http://backend:5352/source/MaintenanceProject:0/cacti.openSUSE_11.4_Update.openSUSE_11.4_Update/_meta?user=maintenance_coord
    body:
      encoding: UTF-8
      string: |
        <package name="cacti.openSUSE_11.4_Update.openSUSE_11.4_Update" project="MaintenanceProject:0">
          <title/>
          <description/>
          <releasename>cacti.openSUSE_11.4_Update</releasename>
        </package>
    headers:
      Accept-Encoding:
      - gzip;q=1.0,deflate;q=0.6,identity;q=0.3
      Accept:
      - "*/*"
      User-Agent:
      - Ruby
  response:
    status:
      code: 200
      message: OK
    headers:
      Content-Type:
      - text/xml
      Cache-Control:
      - no-cache
      Connection:
      - close
      Content-Length:
      - '211'
    body:
      encoding: UTF-8
      string: |
        <package name="cacti.openSUSE_11.4_Update.openSUSE_11.4_Update" project="MaintenanceProject:0">
          <title></title>
          <description></description>
          <releasename>cacti.openSUSE_11.4_Update</releasename>
        </package>
  recorded_at: Mon, 04 Sep 2023 14:15:48 GMT
- request:
    method: get
    uri: http://backend:5352/source/MaintenanceProject:0/cacti.openSUSE_11.4_Update.openSUSE_11.4_Update
    body:
      encoding: US-ASCII
      string: ''
    headers:
      Accept-Encoding:
      - gzip;q=1.0,deflate;q=0.6,identity;q=0.3
      Accept:
      - "*/*"
      User-Agent:
      - Ruby
  response:
    status:
      code: 200
      message: OK
    headers:
      Content-Type:
      - text/xml
      Cache-Control:
      - no-cache
      Connection:
      - close
      Content-Length:
      - '504'
    body:
      encoding: UTF-8
      string: |
        <directory name="cacti.openSUSE_11.4_Update.openSUSE_11.4_Update" rev="15" vrev="15" srcmd5="1062589906c6eb53389501c6582ca7fe">
          <linkinfo project="openSUSE:11.4:Update" package="cacti.openSUSE_11.4_Update" srcmd5="d41d8cd98f00b204e9800998ecf8427e" baserev="d41d8cd98f00b204e9800998ecf8427e" missingok="true" xsrcmd5="c87739c700845785205cfcc81d12a272" lsrcmd5="1062589906c6eb53389501c6582ca7fe"/>
          <entry name="_link" md5="129fa54b79aba2ae80fb6bbf0e0603bb" size="182" mtime="1693836491"/>
        </directory>
  recorded_at: Mon, 04 Sep 2023 14:15:48 GMT
- request:
    method: get
    uri: http://backend:5352/source/MaintenanceProject:0/cacti.openSUSE_11.4_Update.openSUSE_11.4_Update?view=info
    body:
      encoding: US-ASCII
      string: ''
    headers:
      X-Request-Id:
      - 59473105-b547-4207-91a0-ed90388e4a12
      Accept-Encoding:
      - gzip;q=1.0,deflate;q=0.6,identity;q=0.3
      Accept:
      - "*/*"
      User-Agent:
      - Ruby
  response:
    status:
      code: 200
      message: OK
    headers:
      Content-Type:
      - text/xml
      Cache-Control:
      - no-cache
      Connection:
      - close
      Content-Length:
      - '463'
    body:
      encoding: UTF-8
      string: |
        <sourceinfo package="cacti.openSUSE_11.4_Update.openSUSE_11.4_Update" rev="15" vrev="15" srcmd5="c87739c700845785205cfcc81d12a272" lsrcmd5="1062589906c6eb53389501c6582ca7fe" verifymd5="d41d8cd98f00b204e9800998ecf8427e">
          <error>bad build configuration, no build type defined or detected</error>
          <linked project="openSUSE:11.4:Update" package="cacti.openSUSE_11.4_Update"/>
          <linked project="openSUSE:11.4" package="cacti.openSUSE_11.4_Update"/>
        </sourceinfo>
  recorded_at: Mon, 04 Sep 2023 14:15:48 GMT
- request:
    method: get
    uri: http://backend:5352/source/MaintenanceProject:0/cacti.openSUSE_11.4_Update.openSUSE_11.4_Update
    body:
      encoding: US-ASCII
      string: ''
    headers:
      X-Request-Id:
      - 59473105-b547-4207-91a0-ed90388e4a12
      Accept-Encoding:
      - gzip;q=1.0,deflate;q=0.6,identity;q=0.3
      Accept:
      - "*/*"
      User-Agent:
      - Ruby
  response:
    status:
      code: 200
      message: OK
    headers:
      Content-Type:
      - text/xml
      Cache-Control:
      - no-cache
      Connection:
      - close
      Content-Length:
      - '504'
    body:
      encoding: UTF-8
      string: |
        <directory name="cacti.openSUSE_11.4_Update.openSUSE_11.4_Update" rev="15" vrev="15" srcmd5="1062589906c6eb53389501c6582ca7fe">
          <linkinfo project="openSUSE:11.4:Update" package="cacti.openSUSE_11.4_Update" srcmd5="d41d8cd98f00b204e9800998ecf8427e" baserev="d41d8cd98f00b204e9800998ecf8427e" missingok="true" xsrcmd5="c87739c700845785205cfcc81d12a272" lsrcmd5="1062589906c6eb53389501c6582ca7fe"/>
          <entry name="_link" md5="129fa54b79aba2ae80fb6bbf0e0603bb" size="182" mtime="1693836491"/>
        </directory>
  recorded_at: Mon, 04 Sep 2023 14:15:48 GMT
- request:
    method: post
    uri: http://backend:5352/source/MaintenanceProject:0/cacti.openSUSE_11.4_Update.openSUSE_11.4_Update?cmd=diff&linkrev=base&onlyissues=1&orev=0&view=xml
    body:
      encoding: UTF-8
      string: ''
    headers:
      Content-Type:
      - application/octet-stream
      Accept-Encoding:
      - gzip;q=1.0,deflate;q=0.6,identity;q=0.3
      Accept:
      - "*/*"
      User-Agent:
      - Ruby
  response:
    status:
      code: 200
      message: OK
    headers:
      Content-Type:
      - text/xml
      Cache-Control:
      - no-cache
      Connection:
      - close
      Content-Length:
      - '397'
    body:
      encoding: UTF-8
      string: |
        <sourcediff key="f2d48eb25a55f78f0fcff36f15db40a4">
          <old project="MaintenanceProject:0" package="cacti.openSUSE_11.4_Update.openSUSE_11.4_Update" rev="0" srcmd5="d41d8cd98f00b204e9800998ecf8427e"/>
          <new project="MaintenanceProject:0" package="cacti.openSUSE_11.4_Update.openSUSE_11.4_Update" rev="15" srcmd5="1062589906c6eb53389501c6582ca7fe"/>
          <files/>
          <issues>
          </issues>
        </sourcediff>
  recorded_at: Mon, 04 Sep 2023 14:15:48 GMT
- request:
    method: post
    uri: http://backend:5352/source/MaintenanceProject:0/cacti.openSUSE_11.4_Update.openSUSE_11.4_Update?cmd=linkdiff&linkrev=base&onlyissues=1&view=xml
    body:
      encoding: UTF-8
      string: ''
    headers:
      Content-Type:
      - application/octet-stream
      Accept-Encoding:
      - gzip;q=1.0,deflate;q=0.6,identity;q=0.3
      Accept:
      - "*/*"
      User-Agent:
      - Ruby
  response:
    status:
      code: 200
      message: OK
    headers:
      Content-Type:
      - text/xml
      Content-Length:
      - '406'
      Cache-Control:
      - no-cache
      Connection:
      - close
    body:
      encoding: UTF-8
      string: |
        <sourcediff key="3f09f9148c955033898bce41ea49c5c5">
          <old project="openSUSE:11.4:Update" package="cacti.openSUSE_11.4_Update" rev="0" srcmd5="d41d8cd98f00b204e9800998ecf8427e"/>
          <new project="MaintenanceProject:0" package="cacti.openSUSE_11.4_Update.openSUSE_11.4_Update" rev="c87739c700845785205cfcc81d12a272" srcmd5="c87739c700845785205cfcc81d12a272"/>
          <files/>
          <issues>
          </issues>
        </sourcediff>
  recorded_at: Mon, 04 Sep 2023 14:15:48 GMT
- request:
    method: put
    uri: http://backend:5352/source/MaintenanceProject:0/cacti.openSUSE_11.4_Update.openSUSE_11.4_Update/_meta?user=maintenance_coord
    body:
      encoding: UTF-8
      string: |
        <package name="cacti.openSUSE_11.4_Update.openSUSE_11.4_Update" project="MaintenanceProject:0">
          <title/>
          <description/>
          <releasename>cacti.openSUSE_11.4_Update</releasename>
          <build>
            <enable repository="openSUSE_11.4_Update"/>
          </build>
        </package>
    headers:
      Accept-Encoding:
      - gzip;q=1.0,deflate;q=0.6,identity;q=0.3
      Accept:
      - "*/*"
      User-Agent:
      - Ruby
  response:
    status:
      code: 200
      message: OK
    headers:
      Content-Type:
      - text/xml
      Cache-Control:
      - no-cache
      Connection:
      - close
      Content-Length:
      - '280'
    body:
      encoding: UTF-8
      string: |
        <package name="cacti.openSUSE_11.4_Update.openSUSE_11.4_Update" project="MaintenanceProject:0">
          <title></title>
          <description></description>
          <releasename>cacti.openSUSE_11.4_Update</releasename>
          <build>
            <enable repository="openSUSE_11.4_Update"/>
          </build>
        </package>
  recorded_at: Mon, 04 Sep 2023 14:15:49 GMT
- request:
    method: get
    uri: http://backend:5352/source/MaintenanceProject:0/cacti.openSUSE_11.4_Update.openSUSE_11.4_Update
    body:
      encoding: US-ASCII
      string: ''
    headers:
      X-Request-Id:
      - 59473105-b547-4207-91a0-ed90388e4a12
      Accept-Encoding:
      - gzip;q=1.0,deflate;q=0.6,identity;q=0.3
      Accept:
      - "*/*"
      User-Agent:
      - Ruby
  response:
    status:
      code: 200
      message: OK
    headers:
      Content-Type:
      - text/xml
      Cache-Control:
      - no-cache
      Connection:
      - close
      Content-Length:
      - '504'
    body:
      encoding: UTF-8
      string: |
        <directory name="cacti.openSUSE_11.4_Update.openSUSE_11.4_Update" rev="15" vrev="15" srcmd5="1062589906c6eb53389501c6582ca7fe">
          <linkinfo project="openSUSE:11.4:Update" package="cacti.openSUSE_11.4_Update" srcmd5="d41d8cd98f00b204e9800998ecf8427e" baserev="d41d8cd98f00b204e9800998ecf8427e" missingok="true" xsrcmd5="c87739c700845785205cfcc81d12a272" lsrcmd5="1062589906c6eb53389501c6582ca7fe"/>
          <entry name="_link" md5="129fa54b79aba2ae80fb6bbf0e0603bb" size="182" mtime="1693836491"/>
        </directory>
  recorded_at: Mon, 04 Sep 2023 14:15:49 GMT
- request:
    method: put
    uri: http://backend:5352/source/MaintenanceProject:0/_meta?user=maintenance_coord
    body:
      encoding: UTF-8
      string: |
        <project name="MaintenanceProject:0" kind="maintenance_incident">
          <title/>
          <description/>
          <person userid="maintenance_coord" role="bugowner"/>
          <person userid="maintenance_coord" role="maintainer"/>
          <build>
            <disable/>
          </build>
          <publish>
            <disable/>
          </publish>
          <repository name="openSUSE_11.4_Update">
            <releasetarget project="openSUSE:11.4:Update" repository="repository_18" trigger="maintenance"/>
            <path project="openSUSE:11.4:Update" repository="repository_18"/>
            <arch>i586</arch>
          </repository>
        </project>
    headers:
      X-Request-Id:
      - 59473105-b547-4207-91a0-ed90388e4a12
      Accept-Encoding:
      - gzip;q=1.0,deflate;q=0.6,identity;q=0.3
      Accept:
      - "*/*"
      User-Agent:
      - Ruby
  response:
    status:
      code: 200
      message: OK
    headers:
      Content-Type:
      - text/xml
      Cache-Control:
      - no-cache
      Connection:
      - close
      Content-Length:
      - '565'
    body:
      encoding: UTF-8
      string: |
        <project name="MaintenanceProject:0" kind="maintenance_incident">
          <title></title>
          <description></description>
          <person userid="maintenance_coord" role="bugowner"/>
          <person userid="maintenance_coord" role="maintainer"/>
          <build>
            <disable/>
          </build>
          <publish>
            <disable/>
          </publish>
          <repository name="openSUSE_11.4_Update">
            <releasetarget project="openSUSE:11.4:Update" repository="repository_18" trigger="maintenance"/>
            <path project="openSUSE:11.4:Update" repository="repository_18"/>
            <arch>i586</arch>
          </repository>
        </project>
  recorded_at: Mon, 04 Sep 2023 14:15:49 GMT
- request:
    method: post
    uri: http://backend:5352/source/MaintenanceProject:0/cacti.openSUSE_11.4_Update.openSUSE_11.4_Update?cmd=copy&comment=Maintenance%20incident%20copy%20from%20project%20home:tom:branches:Update&expand=1&keeplink=1&opackage=cacti.openSUSE_11.4_Update&oproject=home:tom:branches:Update&requestid=1&user=maintenance_coord&withacceptinfo=1
    body:
      encoding: UTF-8
      string: ''
    headers:
      Content-Type:
      - application/octet-stream
      X-Request-Id:
      - 59473105-b547-4207-91a0-ed90388e4a12
      Accept-Encoding:
      - gzip;q=1.0,deflate;q=0.6,identity;q=0.3
      Accept:
      - "*/*"
      User-Agent:
      - Ruby
  response:
    status:
      code: 200
      message: OK
    headers:
      Content-Type:
      - text/xml
      Cache-Control:
      - no-cache
      Connection:
      - close
      Content-Length:
      - '491'
    body:
      encoding: UTF-8
      string: |
        <revision rev="16" vrev="16">
          <srcmd5>dec6cd7e8e71a84c07f2c7303c547406</srcmd5>
          <version>unknown</version>
          <time>1693836949</time>
          <user>maintenance_coord</user>
          <comment>Maintenance incident copy from project home:tom:branches:Update</comment>
          <requestid>1</requestid>
          <acceptinfo rev="16" srcmd5="dec6cd7e8e71a84c07f2c7303c547406" osrcmd5="1062589906c6eb53389501c6582ca7fe" xsrcmd5="015f9f50156e2b9c66a4804d840d60bc" oxsrcmd5="c87739c700845785205cfcc81d12a272"/>
        </revision>
  recorded_at: Mon, 04 Sep 2023 14:15:49 GMT
- request:
    method: put
    uri: http://backend:5352/source/MaintenanceProject:0/cacti.openSUSE_11.4_Update.openSUSE_11.4_Update/_meta?user=maintenance_coord
    body:
      encoding: UTF-8
      string: |
        <package name="cacti.openSUSE_11.4_Update.openSUSE_11.4_Update" project="MaintenanceProject:0">
          <title/>
          <description/>
          <releasename>cacti.openSUSE_11.4_Update</releasename>
          <build>
            <enable repository="openSUSE_11.4_Update"/>
          </build>
        </package>
    headers:
      Accept-Encoding:
      - gzip;q=1.0,deflate;q=0.6,identity;q=0.3
      Accept:
      - "*/*"
      User-Agent:
      - Ruby
  response:
    status:
      code: 200
      message: OK
    headers:
      Content-Type:
      - text/xml
      Cache-Control:
      - no-cache
      Connection:
      - close
      Content-Length:
      - '280'
    body:
      encoding: UTF-8
      string: |
        <package name="cacti.openSUSE_11.4_Update.openSUSE_11.4_Update" project="MaintenanceProject:0">
          <title></title>
          <description></description>
          <releasename>cacti.openSUSE_11.4_Update</releasename>
          <build>
            <enable repository="openSUSE_11.4_Update"/>
          </build>
        </package>
  recorded_at: Mon, 04 Sep 2023 14:15:49 GMT
- request:
    method: get
    uri: http://backend:5352/source/MaintenanceProject:0/cacti.openSUSE_11.4_Update.openSUSE_11.4_Update
    body:
      encoding: US-ASCII
      string: ''
    headers:
      Accept-Encoding:
      - gzip;q=1.0,deflate;q=0.6,identity;q=0.3
      Accept:
      - "*/*"
      User-Agent:
      - Ruby
  response:
    status:
      code: 200
      message: OK
    headers:
      Content-Type:
      - text/xml
      Cache-Control:
      - no-cache
      Connection:
      - close
      Content-Length:
      - '694'
    body:
      encoding: UTF-8
      string: |
        <directory name="cacti.openSUSE_11.4_Update.openSUSE_11.4_Update" rev="16" vrev="16" srcmd5="dec6cd7e8e71a84c07f2c7303c547406">
          <linkinfo project="openSUSE:11.4:Update" package="cacti.openSUSE_11.4_Update" srcmd5="d41d8cd98f00b204e9800998ecf8427e" baserev="d41d8cd98f00b204e9800998ecf8427e" missingok="true" xsrcmd5="015f9f50156e2b9c66a4804d840d60bc" lsrcmd5="dec6cd7e8e71a84c07f2c7303c547406"/>
          <entry name="DUMMY_FILE" md5="87b43dcf63dc45ed2b813df3d31e6718" size="9" mtime="1693836447"/>
          <entry name="_config" md5="ee77fb81bf3e94c31c832662428260d0" size="52" mtime="1693836943"/>
          <entry name="_link" md5="129fa54b79aba2ae80fb6bbf0e0603bb" size="182" mtime="1693836491"/>
        </directory>
  recorded_at: Mon, 04 Sep 2023 14:15:49 GMT
- request:
    method: get
    uri: http://backend:5352/source/MaintenanceProject:0/cacti.openSUSE_11.4_Update.openSUSE_11.4_Update?view=info
    body:
      encoding: US-ASCII
      string: ''
    headers:
      X-Request-Id:
      - 59473105-b547-4207-91a0-ed90388e4a12
      Accept-Encoding:
      - gzip;q=1.0,deflate;q=0.6,identity;q=0.3
      Accept:
      - "*/*"
      User-Agent:
      - Ruby
  response:
    status:
      code: 200
      message: OK
    headers:
      Content-Type:
      - text/xml
      Cache-Control:
      - no-cache
      Connection:
      - close
      Content-Length:
      - '463'
    body:
      encoding: UTF-8
      string: |
        <sourceinfo package="cacti.openSUSE_11.4_Update.openSUSE_11.4_Update" rev="16" vrev="16" srcmd5="015f9f50156e2b9c66a4804d840d60bc" lsrcmd5="dec6cd7e8e71a84c07f2c7303c547406" verifymd5="88e6daf22018d9c5ef509c63ffa469a6">
          <error>bad build configuration, no build type defined or detected</error>
          <linked project="openSUSE:11.4:Update" package="cacti.openSUSE_11.4_Update"/>
          <linked project="openSUSE:11.4" package="cacti.openSUSE_11.4_Update"/>
        </sourceinfo>
  recorded_at: Mon, 04 Sep 2023 14:15:49 GMT
- request:
    method: get
    uri: http://backend:5352/source/MaintenanceProject:0/cacti.openSUSE_11.4_Update.openSUSE_11.4_Update
    body:
      encoding: US-ASCII
      string: ''
    headers:
      X-Request-Id:
      - 59473105-b547-4207-91a0-ed90388e4a12
      Accept-Encoding:
      - gzip;q=1.0,deflate;q=0.6,identity;q=0.3
      Accept:
      - "*/*"
      User-Agent:
      - Ruby
  response:
    status:
      code: 200
      message: OK
    headers:
      Content-Type:
      - text/xml
      Cache-Control:
      - no-cache
      Connection:
      - close
      Content-Length:
      - '694'
    body:
      encoding: UTF-8
      string: |
        <directory name="cacti.openSUSE_11.4_Update.openSUSE_11.4_Update" rev="16" vrev="16" srcmd5="dec6cd7e8e71a84c07f2c7303c547406">
          <linkinfo project="openSUSE:11.4:Update" package="cacti.openSUSE_11.4_Update" srcmd5="d41d8cd98f00b204e9800998ecf8427e" baserev="d41d8cd98f00b204e9800998ecf8427e" missingok="true" xsrcmd5="015f9f50156e2b9c66a4804d840d60bc" lsrcmd5="dec6cd7e8e71a84c07f2c7303c547406"/>
          <entry name="DUMMY_FILE" md5="87b43dcf63dc45ed2b813df3d31e6718" size="9" mtime="1693836447"/>
          <entry name="_config" md5="ee77fb81bf3e94c31c832662428260d0" size="52" mtime="1693836943"/>
          <entry name="_link" md5="129fa54b79aba2ae80fb6bbf0e0603bb" size="182" mtime="1693836491"/>
        </directory>
  recorded_at: Mon, 04 Sep 2023 14:15:49 GMT
- request:
    method: post
    uri: http://backend:5352/source/MaintenanceProject:0/cacti.openSUSE_11.4_Update.openSUSE_11.4_Update?cmd=diff&linkrev=base&onlyissues=1&orev=0&view=xml
    body:
      encoding: UTF-8
      string: ''
    headers:
      Content-Type:
      - application/octet-stream
      Accept-Encoding:
      - gzip;q=1.0,deflate;q=0.6,identity;q=0.3
      Accept:
      - "*/*"
      User-Agent:
      - Ruby
  response:
    status:
      code: 200
      message: OK
    headers:
      Content-Type:
      - text/xml
      Cache-Control:
      - no-cache
      Connection:
      - close
      Content-Length:
      - '397'
    body:
      encoding: UTF-8
      string: |
        <sourcediff key="43f378622faea4352a06ee71e4ec12dd">
          <old project="MaintenanceProject:0" package="cacti.openSUSE_11.4_Update.openSUSE_11.4_Update" rev="0" srcmd5="d41d8cd98f00b204e9800998ecf8427e"/>
          <new project="MaintenanceProject:0" package="cacti.openSUSE_11.4_Update.openSUSE_11.4_Update" rev="16" srcmd5="dec6cd7e8e71a84c07f2c7303c547406"/>
          <files/>
          <issues>
          </issues>
        </sourcediff>
  recorded_at: Mon, 04 Sep 2023 14:15:49 GMT
- request:
    method: post
    uri: http://backend:5352/source/MaintenanceProject:0/cacti.openSUSE_11.4_Update.openSUSE_11.4_Update?cmd=linkdiff&linkrev=base&onlyissues=1&view=xml
    body:
      encoding: UTF-8
      string: ''
    headers:
      Content-Type:
      - application/octet-stream
      Accept-Encoding:
      - gzip;q=1.0,deflate;q=0.6,identity;q=0.3
      Accept:
      - "*/*"
      User-Agent:
      - Ruby
  response:
    status:
      code: 200
      message: OK
    headers:
      Content-Type:
      - text/xml
      Cache-Control:
      - no-cache
      Connection:
      - close
      Content-Length:
      - '406'
    body:
      encoding: UTF-8
      string: |
        <sourcediff key="c16c2a9b62f401c6452dec4163a1dcf0">
          <old project="openSUSE:11.4:Update" package="cacti.openSUSE_11.4_Update" rev="0" srcmd5="d41d8cd98f00b204e9800998ecf8427e"/>
          <new project="MaintenanceProject:0" package="cacti.openSUSE_11.4_Update.openSUSE_11.4_Update" rev="015f9f50156e2b9c66a4804d840d60bc" srcmd5="015f9f50156e2b9c66a4804d840d60bc"/>
          <files/>
          <issues>
          </issues>
        </sourcediff>
  recorded_at: Mon, 04 Sep 2023 14:15:49 GMT
- request:
    method: put
    uri: http://backend:5352/source/MaintenanceProject:0/_meta?comment=maintenance_incident%20request%201&requestid=1&user=maintenance_coord
    body:
      encoding: UTF-8
      string: |
        <project name="MaintenanceProject:0" kind="maintenance_incident">
          <title/>
          <description/>
          <person userid="maintenance_coord" role="bugowner"/>
          <person userid="maintenance_coord" role="maintainer"/>
          <build>
            <disable/>
          </build>
          <publish>
            <disable/>
          </publish>
          <repository name="openSUSE_11.4_Update">
            <releasetarget project="openSUSE:11.4:Update" repository="repository_18" trigger="maintenance"/>
            <path project="openSUSE:11.4:Update" repository="repository_18"/>
            <arch>i586</arch>
          </repository>
        </project>
    headers:
      X-Request-Id:
      - 59473105-b547-4207-91a0-ed90388e4a12
      Accept-Encoding:
      - gzip;q=1.0,deflate;q=0.6,identity;q=0.3
      Accept:
      - "*/*"
      User-Agent:
      - Ruby
  response:
    status:
      code: 200
      message: OK
    headers:
      Content-Type:
      - text/xml
      Cache-Control:
      - no-cache
      Connection:
      - close
      Content-Length:
      - '565'
    body:
      encoding: UTF-8
      string: |
        <project name="MaintenanceProject:0" kind="maintenance_incident">
          <title></title>
          <description></description>
          <person userid="maintenance_coord" role="bugowner"/>
          <person userid="maintenance_coord" role="maintainer"/>
          <build>
            <disable/>
          </build>
          <publish>
            <disable/>
          </publish>
          <repository name="openSUSE_11.4_Update">
            <releasetarget project="openSUSE:11.4:Update" repository="repository_18" trigger="maintenance"/>
            <path project="openSUSE:11.4:Update" repository="repository_18"/>
            <arch>i586</arch>
          </repository>
        </project>
  recorded_at: Mon, 04 Sep 2023 14:15:49 GMT
- request:
    method: put
    uri: http://backend:5352/source/MaintenanceProject:0/patchinfo/_meta?user=maintenance_coord
    body:
      encoding: UTF-8
      string: |
        <package name="patchinfo" project="MaintenanceProject:0">
          <title>Patchinfo</title>
          <description>Collected packages for update</description>
          <build>
            <enable/>
          </build>
          <publish>
            <enable/>
          </publish>
          <useforbuild>
            <disable/>
          </useforbuild>
        </package>
    headers:
      Accept-Encoding:
      - gzip;q=1.0,deflate;q=0.6,identity;q=0.3
      Accept:
      - "*/*"
      User-Agent:
      - Ruby
  response:
    status:
      code: 200
      message: OK
    headers:
      Content-Type:
      - text/xml
      Cache-Control:
      - no-cache
      Connection:
      - close
      Content-Length:
      - '277'
    body:
      encoding: UTF-8
      string: |
        <package name="patchinfo" project="MaintenanceProject:0">
          <title>Patchinfo</title>
          <description>Collected packages for update</description>
          <build>
            <enable/>
          </build>
          <publish>
            <enable/>
          </publish>
          <useforbuild>
            <disable/>
          </useforbuild>
        </package>
  recorded_at: Mon, 04 Sep 2023 14:15:49 GMT
- request:
    method: put
    uri: http://backend:5352/source/MaintenanceProject:0/patchinfo/_patchinfo?comment=generated%20by%20request%20id%201%20accept%20call&user=maintenance_coord
    body:
      encoding: UTF-8
      string: |-
        <patchinfo incident="0">
          <category>recommended</category>
          <rating>low</rating>
          <packager>user_8</packager>
          <summary>Est modi blanditiis. Sed ab asperiores. Officiis vel dicta.</summary>
          <description>Est modi blanditiis. Sed ab asperiores. Officiis vel dicta.</description>
        </patchinfo>
    headers:
      X-Request-Id:
      - 59473105-b547-4207-91a0-ed90388e4a12
      Accept-Encoding:
      - gzip;q=1.0,deflate;q=0.6,identity;q=0.3
      Accept:
      - "*/*"
      User-Agent:
      - Ruby
  response:
    status:
      code: 200
      message: OK
    headers:
      Content-Type:
      - text/xml
      Cache-Control:
      - no-cache
      Connection:
      - close
      Content-Length:
      - '256'
    body:
      encoding: UTF-8
      string: |
        <revision rev="11" vrev="11">
          <srcmd5>fb78f085cf7cbb6fa6174ebdac435465</srcmd5>
          <version>unknown</version>
          <time>1693836949</time>
          <user>maintenance_coord</user>
          <comment>generated by request id 1 accept call</comment>
          <requestid/>
        </revision>
  recorded_at: Mon, 04 Sep 2023 14:15:49 GMT
- request:
    method: put
    uri: http://backend:5352/source/MaintenanceProject:0/patchinfo/_meta?user=maintenance_coord
    body:
      encoding: UTF-8
      string: |
        <package name="patchinfo" project="MaintenanceProject:0">
          <title>Patchinfo</title>
          <description>Collected packages for update</description>
          <build>
            <enable/>
          </build>
          <publish>
            <enable/>
          </publish>
          <useforbuild>
            <disable/>
          </useforbuild>
        </package>
    headers:
      Accept-Encoding:
      - gzip;q=1.0,deflate;q=0.6,identity;q=0.3
      Accept:
      - "*/*"
      User-Agent:
      - Ruby
  response:
    status:
      code: 200
      message: OK
    headers:
      Content-Type:
      - text/xml
      Cache-Control:
      - no-cache
      Connection:
      - close
      Content-Length:
      - '277'
    body:
      encoding: UTF-8
      string: |
        <package name="patchinfo" project="MaintenanceProject:0">
          <title>Patchinfo</title>
          <description>Collected packages for update</description>
          <build>
            <enable/>
          </build>
          <publish>
            <enable/>
          </publish>
          <useforbuild>
            <disable/>
          </useforbuild>
        </package>
  recorded_at: Mon, 04 Sep 2023 14:15:49 GMT
- request:
    method: get
    uri: http://backend:5352/source/MaintenanceProject:0/patchinfo
    body:
      encoding: US-ASCII
      string: ''
    headers:
      Accept-Encoding:
      - gzip;q=1.0,deflate;q=0.6,identity;q=0.3
      Accept:
      - "*/*"
      User-Agent:
      - Ruby
  response:
    status:
      code: 200
      message: OK
    headers:
      Content-Type:
      - text/xml
      Cache-Control:
      - no-cache
      Connection:
      - close
      Content-Length:
      - '201'
    body:
      encoding: UTF-8
      string: |
        <directory name="patchinfo" rev="11" vrev="11" srcmd5="fb78f085cf7cbb6fa6174ebdac435465">
          <entry name="_patchinfo" md5="5b933eb1b05400e8f1b93fa07c35d242" size="295" mtime="1693836949"/>
        </directory>
  recorded_at: Mon, 04 Sep 2023 14:15:49 GMT
- request:
    method: get
    uri: http://backend:5352/source/MaintenanceProject:0/patchinfo?view=info
    body:
      encoding: US-ASCII
      string: ''
    headers:
      X-Request-Id:
      - 59473105-b547-4207-91a0-ed90388e4a12
      Accept-Encoding:
      - gzip;q=1.0,deflate;q=0.6,identity;q=0.3
      Accept:
      - "*/*"
      User-Agent:
      - Ruby
  response:
    status:
      code: 200
      message: OK
    headers:
      Content-Type:
      - text/xml
      Cache-Control:
      - no-cache
      Connection:
      - close
      Content-Length:
      - '187'
    body:
      encoding: UTF-8
      string: |
        <sourceinfo package="patchinfo" rev="11" vrev="11" srcmd5="fb78f085cf7cbb6fa6174ebdac435465" verifymd5="fb78f085cf7cbb6fa6174ebdac435465">
          <filename>_patchinfo</filename>
        </sourceinfo>
  recorded_at: Mon, 04 Sep 2023 14:15:49 GMT
- request:
    method: get
    uri: http://backend:5352/source/MaintenanceProject:0/patchinfo
    body:
      encoding: US-ASCII
      string: ''
    headers:
      X-Request-Id:
      - 59473105-b547-4207-91a0-ed90388e4a12
      Accept-Encoding:
      - gzip;q=1.0,deflate;q=0.6,identity;q=0.3
      Accept:
      - "*/*"
      User-Agent:
      - Ruby
  response:
    status:
      code: 200
      message: OK
    headers:
      Content-Type:
      - text/xml
      Cache-Control:
      - no-cache
      Connection:
      - close
      Content-Length:
      - '201'
    body:
      encoding: UTF-8
      string: |
        <directory name="patchinfo" rev="11" vrev="11" srcmd5="fb78f085cf7cbb6fa6174ebdac435465">
          <entry name="_patchinfo" md5="5b933eb1b05400e8f1b93fa07c35d242" size="295" mtime="1693836949"/>
        </directory>
  recorded_at: Mon, 04 Sep 2023 14:15:49 GMT
- request:
    method: get
    uri: http://backend:5352/source/MaintenanceProject:0/patchinfo/_patchinfo
    body:
      encoding: US-ASCII
      string: ''
    headers:
      Accept-Encoding:
      - gzip;q=1.0,deflate;q=0.6,identity;q=0.3
      Accept:
      - "*/*"
      User-Agent:
      - Ruby
  response:
    status:
      code: 200
      message: OK
    headers:
      Content-Type:
      - application/octet-stream
      Content-Length:
      - '295'
      Cache-Control:
      - no-cache
      Connection:
      - close
    body:
      encoding: UTF-8
      string: |-
        <patchinfo incident="0">
          <category>recommended</category>
          <rating>low</rating>
          <packager>user_8</packager>
          <summary>Est modi blanditiis. Sed ab asperiores. Officiis vel dicta.</summary>
          <description>Est modi blanditiis. Sed ab asperiores. Officiis vel dicta.</description>
        </patchinfo>
  recorded_at: Mon, 04 Sep 2023 14:15:49 GMT
- request:
    method: get
    uri: http://backend:5352/source/home:tom:branches:Update/cacti.openSUSE_11.5_Update
    body:
      encoding: US-ASCII
      string: ''
    headers:
      X-Request-Id:
      - 59473105-b547-4207-91a0-ed90388e4a12
      Accept-Encoding:
      - gzip;q=1.0,deflate;q=0.6,identity;q=0.3
      Accept:
      - "*/*"
      User-Agent:
      - Ruby
  response:
    status:
      code: 200
      message: OK
    headers:
      Content-Type:
      - text/xml
      Cache-Control:
      - no-cache
      Connection:
      - close
      Content-Length:
      - '310'
    body:
      encoding: UTF-8
      string: |
        <directory name="cacti.openSUSE_11.5_Update" rev="36" vrev="36" srcmd5="4ca3a2e039f87ac8cfae429209ce880a">
          <entry name="DUMMY_FILE" md5="87b43dcf63dc45ed2b813df3d31e6718" size="9" mtime="1693836447"/>
          <entry name="_config" md5="3b211b5a6fcdb01ece828b2993d610d5" size="58" mtime="1693836943"/>
        </directory>
  recorded_at: Mon, 04 Sep 2023 14:15:49 GMT
- request:
    method: get
    uri: http://backend:5352/source/openSUSE:11.5:Update/cacti.openSUSE_11.5_Update
    body:
      encoding: US-ASCII
      string: ''
    headers:
      Accept-Encoding:
      - gzip;q=1.0,deflate;q=0.6,identity;q=0.3
      Accept:
      - "*/*"
      User-Agent:
      - Ruby
  response:
    status:
      code: 404
      message: package 'cacti.openSUSE_11.5_Update' does not exist
    headers:
      Content-Type:
      - text/xml
      Cache-Control:
      - no-cache
      Connection:
      - close
      Content-Length:
      - '180'
    body:
      encoding: UTF-8
      string: |
        <status code="404">
          <summary>package 'cacti.openSUSE_11.5_Update' does not exist</summary>
          <details>404 package 'cacti.openSUSE_11.5_Update' does not exist</details>
        </status>
  recorded_at: Mon, 04 Sep 2023 14:15:49 GMT
- request:
    method: put
    uri: http://backend:5352/source/MaintenanceProject:0/cacti.openSUSE_11.5_Update.openSUSE_11.5_Update/_meta?user=maintenance_coord
    body:
      encoding: UTF-8
      string: |
        <package name="cacti.openSUSE_11.5_Update.openSUSE_11.5_Update" project="MaintenanceProject:0">
          <title/>
          <description/>
          <releasename>cacti.openSUSE_11.5_Update</releasename>
        </package>
    headers:
      Accept-Encoding:
      - gzip;q=1.0,deflate;q=0.6,identity;q=0.3
      Accept:
      - "*/*"
      User-Agent:
      - Ruby
  response:
    status:
      code: 200
      message: OK
    headers:
      Content-Type:
      - text/xml
      Cache-Control:
      - no-cache
      Connection:
      - close
      Content-Length:
      - '211'
    body:
      encoding: UTF-8
      string: |
        <package name="cacti.openSUSE_11.5_Update.openSUSE_11.5_Update" project="MaintenanceProject:0">
          <title></title>
          <description></description>
          <releasename>cacti.openSUSE_11.5_Update</releasename>
        </package>
  recorded_at: Mon, 04 Sep 2023 14:15:50 GMT
- request:
    method: post
    uri: http://backend:5352/source/MaintenanceProject:0/cacti.openSUSE_11.5_Update.openSUSE_11.5_Update?cmd=branch&missingok=1&noservice=1&opackage=cacti.openSUSE_11.5_Update&oproject=openSUSE:11.5:Update&user=maintenance_coord
    body:
      encoding: UTF-8
      string: ''
    headers:
      Content-Type:
      - application/octet-stream
      Accept-Encoding:
      - gzip;q=1.0,deflate;q=0.6,identity;q=0.3
      Accept:
      - "*/*"
      User-Agent:
      - Ruby
  response:
    status:
      code: 200
      message: OK
    headers:
      Content-Type:
      - text/xml
      Cache-Control:
      - no-cache
      Connection:
      - close
      Content-Length:
      - '219'
    body:
      encoding: UTF-8
      string: |
        <revision rev="15" vrev="15">
          <srcmd5>45cd08fc62522ad1df0dcc0f3443e482</srcmd5>
          <version>unknown</version>
          <time>1693836950</time>
          <user>maintenance_coord</user>
          <comment></comment>
          <requestid/>
        </revision>
  recorded_at: Mon, 04 Sep 2023 14:15:50 GMT
- request:
    method: put
    uri: http://backend:5352/source/MaintenanceProject:0/cacti.openSUSE_11.5_Update.openSUSE_11.5_Update/_meta?user=maintenance_coord
    body:
      encoding: UTF-8
      string: |
        <package name="cacti.openSUSE_11.5_Update.openSUSE_11.5_Update" project="MaintenanceProject:0">
          <title/>
          <description/>
          <releasename>cacti.openSUSE_11.5_Update</releasename>
        </package>
    headers:
      Accept-Encoding:
      - gzip;q=1.0,deflate;q=0.6,identity;q=0.3
      Accept:
      - "*/*"
      User-Agent:
      - Ruby
  response:
    status:
      code: 200
      message: OK
    headers:
      Content-Type:
      - text/xml
      Cache-Control:
      - no-cache
      Connection:
      - close
      Content-Length:
      - '211'
    body:
      encoding: UTF-8
      string: |
        <package name="cacti.openSUSE_11.5_Update.openSUSE_11.5_Update" project="MaintenanceProject:0">
          <title></title>
          <description></description>
          <releasename>cacti.openSUSE_11.5_Update</releasename>
        </package>
  recorded_at: Mon, 04 Sep 2023 14:15:50 GMT
- request:
    method: get
    uri: http://backend:5352/source/MaintenanceProject:0/cacti.openSUSE_11.5_Update.openSUSE_11.5_Update
    body:
      encoding: US-ASCII
      string: ''
    headers:
      Accept-Encoding:
      - gzip;q=1.0,deflate;q=0.6,identity;q=0.3
      Accept:
      - "*/*"
      User-Agent:
      - Ruby
  response:
    status:
      code: 200
      message: OK
    headers:
      Content-Type:
      - text/xml
      Cache-Control:
      - no-cache
      Connection:
      - close
      Content-Length:
      - '504'
    body:
      encoding: UTF-8
      string: |
        <directory name="cacti.openSUSE_11.5_Update.openSUSE_11.5_Update" rev="15" vrev="15" srcmd5="45cd08fc62522ad1df0dcc0f3443e482">
          <linkinfo project="openSUSE:11.5:Update" package="cacti.openSUSE_11.5_Update" srcmd5="d41d8cd98f00b204e9800998ecf8427e" baserev="d41d8cd98f00b204e9800998ecf8427e" missingok="true" xsrcmd5="8ead471c01e867b0e79e601e85e538f7" lsrcmd5="45cd08fc62522ad1df0dcc0f3443e482"/>
          <entry name="_link" md5="b0c56c12998ca82dfa47cf9520cd5ae4" size="182" mtime="1693836492"/>
        </directory>
  recorded_at: Mon, 04 Sep 2023 14:15:50 GMT
- request:
    method: get
    uri: http://backend:5352/source/MaintenanceProject:0/cacti.openSUSE_11.5_Update.openSUSE_11.5_Update?view=info
    body:
      encoding: US-ASCII
      string: ''
    headers:
      X-Request-Id:
      - 59473105-b547-4207-91a0-ed90388e4a12
      Accept-Encoding:
      - gzip;q=1.0,deflate;q=0.6,identity;q=0.3
      Accept:
      - "*/*"
      User-Agent:
      - Ruby
  response:
    status:
      code: 200
      message: OK
    headers:
      Content-Type:
      - text/xml
      Cache-Control:
      - no-cache
      Connection:
      - close
      Content-Length:
      - '463'
    body:
      encoding: UTF-8
      string: |
        <sourceinfo package="cacti.openSUSE_11.5_Update.openSUSE_11.5_Update" rev="15" vrev="15" srcmd5="8ead471c01e867b0e79e601e85e538f7" lsrcmd5="45cd08fc62522ad1df0dcc0f3443e482" verifymd5="d41d8cd98f00b204e9800998ecf8427e">
          <error>bad build configuration, no build type defined or detected</error>
          <linked project="openSUSE:11.5:Update" package="cacti.openSUSE_11.5_Update"/>
          <linked project="openSUSE:11.5" package="cacti.openSUSE_11.5_Update"/>
        </sourceinfo>
  recorded_at: Mon, 04 Sep 2023 14:15:50 GMT
- request:
    method: get
    uri: http://backend:5352/source/MaintenanceProject:0/cacti.openSUSE_11.5_Update.openSUSE_11.5_Update
    body:
      encoding: US-ASCII
      string: ''
    headers:
      X-Request-Id:
      - 59473105-b547-4207-91a0-ed90388e4a12
      Accept-Encoding:
      - gzip;q=1.0,deflate;q=0.6,identity;q=0.3
      Accept:
      - "*/*"
      User-Agent:
      - Ruby
  response:
    status:
      code: 200
      message: OK
    headers:
      Content-Type:
      - text/xml
      Cache-Control:
      - no-cache
      Connection:
      - close
      Content-Length:
      - '504'
    body:
      encoding: UTF-8
      string: |
        <directory name="cacti.openSUSE_11.5_Update.openSUSE_11.5_Update" rev="15" vrev="15" srcmd5="45cd08fc62522ad1df0dcc0f3443e482">
          <linkinfo project="openSUSE:11.5:Update" package="cacti.openSUSE_11.5_Update" srcmd5="d41d8cd98f00b204e9800998ecf8427e" baserev="d41d8cd98f00b204e9800998ecf8427e" missingok="true" xsrcmd5="8ead471c01e867b0e79e601e85e538f7" lsrcmd5="45cd08fc62522ad1df0dcc0f3443e482"/>
          <entry name="_link" md5="b0c56c12998ca82dfa47cf9520cd5ae4" size="182" mtime="1693836492"/>
        </directory>
  recorded_at: Mon, 04 Sep 2023 14:15:50 GMT
- request:
    method: post
    uri: http://backend:5352/source/MaintenanceProject:0/cacti.openSUSE_11.5_Update.openSUSE_11.5_Update?cmd=diff&linkrev=base&onlyissues=1&orev=0&view=xml
    body:
      encoding: UTF-8
      string: ''
    headers:
      Content-Type:
      - application/octet-stream
      Accept-Encoding:
      - gzip;q=1.0,deflate;q=0.6,identity;q=0.3
      Accept:
      - "*/*"
      User-Agent:
      - Ruby
  response:
    status:
      code: 200
      message: OK
    headers:
      Content-Type:
      - text/xml
      Cache-Control:
      - no-cache
      Connection:
      - close
      Content-Length:
      - '397'
    body:
      encoding: UTF-8
      string: |
        <sourcediff key="961dafda0a2d7352a81c406db89dcdd0">
          <old project="MaintenanceProject:0" package="cacti.openSUSE_11.5_Update.openSUSE_11.5_Update" rev="0" srcmd5="d41d8cd98f00b204e9800998ecf8427e"/>
          <new project="MaintenanceProject:0" package="cacti.openSUSE_11.5_Update.openSUSE_11.5_Update" rev="15" srcmd5="45cd08fc62522ad1df0dcc0f3443e482"/>
          <files/>
          <issues>
          </issues>
        </sourcediff>
  recorded_at: Mon, 04 Sep 2023 14:15:50 GMT
- request:
    method: post
    uri: http://backend:5352/source/MaintenanceProject:0/cacti.openSUSE_11.5_Update.openSUSE_11.5_Update?cmd=linkdiff&linkrev=base&onlyissues=1&view=xml
    body:
      encoding: UTF-8
      string: ''
    headers:
      Content-Type:
      - application/octet-stream
      Accept-Encoding:
      - gzip;q=1.0,deflate;q=0.6,identity;q=0.3
      Accept:
      - "*/*"
      User-Agent:
      - Ruby
  response:
    status:
      code: 200
      message: OK
    headers:
      Content-Type:
      - text/xml
      Content-Length:
      - '406'
      Cache-Control:
      - no-cache
      Connection:
      - close
    body:
      encoding: UTF-8
      string: |
        <sourcediff key="2f9b62e3fef60f989263d55d8e49f52e">
          <old project="openSUSE:11.5:Update" package="cacti.openSUSE_11.5_Update" rev="0" srcmd5="d41d8cd98f00b204e9800998ecf8427e"/>
          <new project="MaintenanceProject:0" package="cacti.openSUSE_11.5_Update.openSUSE_11.5_Update" rev="8ead471c01e867b0e79e601e85e538f7" srcmd5="8ead471c01e867b0e79e601e85e538f7"/>
          <files/>
          <issues>
          </issues>
        </sourcediff>
  recorded_at: Mon, 04 Sep 2023 14:15:50 GMT
- request:
    method: put
    uri: http://backend:5352/source/MaintenanceProject:0/cacti.openSUSE_11.5_Update.openSUSE_11.5_Update/_meta?user=maintenance_coord
    body:
      encoding: UTF-8
      string: |
        <package name="cacti.openSUSE_11.5_Update.openSUSE_11.5_Update" project="MaintenanceProject:0">
          <title/>
          <description/>
          <releasename>cacti.openSUSE_11.5_Update</releasename>
          <build>
            <enable repository="openSUSE_11.5_Update"/>
          </build>
        </package>
    headers:
      Accept-Encoding:
      - gzip;q=1.0,deflate;q=0.6,identity;q=0.3
      Accept:
      - "*/*"
      User-Agent:
      - Ruby
  response:
    status:
      code: 200
      message: OK
    headers:
      Content-Type:
      - text/xml
      Cache-Control:
      - no-cache
      Connection:
      - close
      Content-Length:
      - '280'
    body:
      encoding: UTF-8
      string: |
        <package name="cacti.openSUSE_11.5_Update.openSUSE_11.5_Update" project="MaintenanceProject:0">
          <title></title>
          <description></description>
          <releasename>cacti.openSUSE_11.5_Update</releasename>
          <build>
            <enable repository="openSUSE_11.5_Update"/>
          </build>
        </package>
  recorded_at: Mon, 04 Sep 2023 14:15:50 GMT
- request:
    method: get
    uri: http://backend:5352/source/MaintenanceProject:0/cacti.openSUSE_11.5_Update.openSUSE_11.5_Update
    body:
      encoding: US-ASCII
      string: ''
    headers:
      X-Request-Id:
      - 59473105-b547-4207-91a0-ed90388e4a12
      Accept-Encoding:
      - gzip;q=1.0,deflate;q=0.6,identity;q=0.3
      Accept:
      - "*/*"
      User-Agent:
      - Ruby
  response:
    status:
      code: 200
      message: OK
    headers:
      Content-Type:
      - text/xml
      Cache-Control:
      - no-cache
      Connection:
      - close
      Content-Length:
      - '504'
    body:
      encoding: UTF-8
      string: |
        <directory name="cacti.openSUSE_11.5_Update.openSUSE_11.5_Update" rev="15" vrev="15" srcmd5="45cd08fc62522ad1df0dcc0f3443e482">
          <linkinfo project="openSUSE:11.5:Update" package="cacti.openSUSE_11.5_Update" srcmd5="d41d8cd98f00b204e9800998ecf8427e" baserev="d41d8cd98f00b204e9800998ecf8427e" missingok="true" xsrcmd5="8ead471c01e867b0e79e601e85e538f7" lsrcmd5="45cd08fc62522ad1df0dcc0f3443e482"/>
          <entry name="_link" md5="b0c56c12998ca82dfa47cf9520cd5ae4" size="182" mtime="1693836492"/>
        </directory>
  recorded_at: Mon, 04 Sep 2023 14:15:50 GMT
- request:
    method: put
    uri: http://backend:5352/source/MaintenanceProject:0/_meta?user=maintenance_coord
    body:
      encoding: UTF-8
      string: |
        <project name="MaintenanceProject:0" kind="maintenance_incident">
          <title/>
          <description/>
          <person userid="maintenance_coord" role="bugowner"/>
          <person userid="maintenance_coord" role="maintainer"/>
          <build>
            <disable/>
          </build>
          <publish>
            <disable/>
          </publish>
          <repository name="openSUSE_11.5_Update">
            <releasetarget project="openSUSE:11.5:Update" repository="repository_20" trigger="maintenance"/>
            <path project="openSUSE:11.5:Update" repository="repository_20"/>
            <arch>i586</arch>
          </repository>
          <repository name="openSUSE_11.4_Update">
            <releasetarget project="openSUSE:11.4:Update" repository="repository_18" trigger="maintenance"/>
            <path project="openSUSE:11.4:Update" repository="repository_18"/>
            <arch>i586</arch>
          </repository>
        </project>
    headers:
      X-Request-Id:
      - 59473105-b547-4207-91a0-ed90388e4a12
      Accept-Encoding:
      - gzip;q=1.0,deflate;q=0.6,identity;q=0.3
      Accept:
      - "*/*"
      User-Agent:
      - Ruby
  response:
    status:
      code: 200
      message: OK
    headers:
      Content-Type:
      - text/xml
      Cache-Control:
      - no-cache
      Connection:
      - close
      Content-Length:
      - '817'
    body:
      encoding: UTF-8
      string: |
        <project name="MaintenanceProject:0" kind="maintenance_incident">
          <title></title>
          <description></description>
          <person userid="maintenance_coord" role="bugowner"/>
          <person userid="maintenance_coord" role="maintainer"/>
          <build>
            <disable/>
          </build>
          <publish>
            <disable/>
          </publish>
          <repository name="openSUSE_11.5_Update">
            <releasetarget project="openSUSE:11.5:Update" repository="repository_20" trigger="maintenance"/>
            <path project="openSUSE:11.5:Update" repository="repository_20"/>
            <arch>i586</arch>
          </repository>
          <repository name="openSUSE_11.4_Update">
            <releasetarget project="openSUSE:11.4:Update" repository="repository_18" trigger="maintenance"/>
            <path project="openSUSE:11.4:Update" repository="repository_18"/>
            <arch>i586</arch>
          </repository>
        </project>
  recorded_at: Mon, 04 Sep 2023 14:15:50 GMT
- request:
    method: post
    uri: http://backend:5352/source/MaintenanceProject:0/cacti.openSUSE_11.5_Update.openSUSE_11.5_Update?cmd=copy&comment=Maintenance%20incident%20copy%20from%20project%20home:tom:branches:Update&expand=1&keeplink=1&opackage=cacti.openSUSE_11.5_Update&oproject=home:tom:branches:Update&requestid=1&user=maintenance_coord&withacceptinfo=1
    body:
      encoding: UTF-8
      string: ''
    headers:
      Content-Type:
      - application/octet-stream
      X-Request-Id:
      - 59473105-b547-4207-91a0-ed90388e4a12
      Accept-Encoding:
      - gzip;q=1.0,deflate;q=0.6,identity;q=0.3
      Accept:
      - "*/*"
      User-Agent:
      - Ruby
  response:
    status:
      code: 200
      message: OK
    headers:
      Content-Type:
      - text/xml
      Cache-Control:
      - no-cache
      Connection:
      - close
      Content-Length:
      - '491'
    body:
      encoding: UTF-8
      string: |
        <revision rev="16" vrev="16">
          <srcmd5>58d1e2eede4259a0e9357226426ed228</srcmd5>
          <version>unknown</version>
          <time>1693836950</time>
          <user>maintenance_coord</user>
          <comment>Maintenance incident copy from project home:tom:branches:Update</comment>
          <requestid>1</requestid>
          <acceptinfo rev="16" srcmd5="58d1e2eede4259a0e9357226426ed228" osrcmd5="45cd08fc62522ad1df0dcc0f3443e482" xsrcmd5="0c9208e5ef13ebdeb883860471a8e148" oxsrcmd5="8ead471c01e867b0e79e601e85e538f7"/>
        </revision>
  recorded_at: Mon, 04 Sep 2023 14:15:50 GMT
- request:
    method: put
    uri: http://backend:5352/source/MaintenanceProject:0/cacti.openSUSE_11.5_Update.openSUSE_11.5_Update/_meta?user=maintenance_coord
    body:
      encoding: UTF-8
      string: |
        <package name="cacti.openSUSE_11.5_Update.openSUSE_11.5_Update" project="MaintenanceProject:0">
          <title/>
          <description/>
          <releasename>cacti.openSUSE_11.5_Update</releasename>
          <build>
            <enable repository="openSUSE_11.5_Update"/>
          </build>
        </package>
    headers:
      Accept-Encoding:
      - gzip;q=1.0,deflate;q=0.6,identity;q=0.3
      Accept:
      - "*/*"
      User-Agent:
      - Ruby
  response:
    status:
      code: 200
      message: OK
    headers:
      Content-Type:
      - text/xml
      Cache-Control:
      - no-cache
      Connection:
      - close
      Content-Length:
      - '280'
    body:
      encoding: UTF-8
      string: |
        <package name="cacti.openSUSE_11.5_Update.openSUSE_11.5_Update" project="MaintenanceProject:0">
          <title></title>
          <description></description>
          <releasename>cacti.openSUSE_11.5_Update</releasename>
          <build>
            <enable repository="openSUSE_11.5_Update"/>
          </build>
        </package>
  recorded_at: Mon, 04 Sep 2023 14:15:50 GMT
- request:
    method: get
    uri: http://backend:5352/source/MaintenanceProject:0/cacti.openSUSE_11.5_Update.openSUSE_11.5_Update
    body:
      encoding: US-ASCII
      string: ''
    headers:
      Accept-Encoding:
      - gzip;q=1.0,deflate;q=0.6,identity;q=0.3
      Accept:
      - "*/*"
      User-Agent:
      - Ruby
  response:
    status:
      code: 200
      message: OK
    headers:
      Content-Type:
      - text/xml
      Cache-Control:
      - no-cache
      Connection:
      - close
      Content-Length:
      - '694'
    body:
      encoding: UTF-8
      string: |
        <directory name="cacti.openSUSE_11.5_Update.openSUSE_11.5_Update" rev="16" vrev="16" srcmd5="58d1e2eede4259a0e9357226426ed228">
          <linkinfo project="openSUSE:11.5:Update" package="cacti.openSUSE_11.5_Update" srcmd5="d41d8cd98f00b204e9800998ecf8427e" baserev="d41d8cd98f00b204e9800998ecf8427e" missingok="true" xsrcmd5="0c9208e5ef13ebdeb883860471a8e148" lsrcmd5="58d1e2eede4259a0e9357226426ed228"/>
          <entry name="DUMMY_FILE" md5="87b43dcf63dc45ed2b813df3d31e6718" size="9" mtime="1693836447"/>
          <entry name="_config" md5="3b211b5a6fcdb01ece828b2993d610d5" size="58" mtime="1693836943"/>
          <entry name="_link" md5="b0c56c12998ca82dfa47cf9520cd5ae4" size="182" mtime="1693836492"/>
        </directory>
  recorded_at: Mon, 04 Sep 2023 14:15:50 GMT
- request:
    method: get
    uri: http://backend:5352/source/MaintenanceProject:0/cacti.openSUSE_11.5_Update.openSUSE_11.5_Update?view=info
    body:
      encoding: US-ASCII
      string: ''
    headers:
      X-Request-Id:
      - 59473105-b547-4207-91a0-ed90388e4a12
      Accept-Encoding:
      - gzip;q=1.0,deflate;q=0.6,identity;q=0.3
      Accept:
      - "*/*"
      User-Agent:
      - Ruby
  response:
    status:
      code: 200
      message: OK
    headers:
      Content-Type:
      - text/xml
      Cache-Control:
      - no-cache
      Connection:
      - close
      Content-Length:
      - '463'
    body:
      encoding: UTF-8
      string: |
        <sourceinfo package="cacti.openSUSE_11.5_Update.openSUSE_11.5_Update" rev="16" vrev="16" srcmd5="0c9208e5ef13ebdeb883860471a8e148" lsrcmd5="58d1e2eede4259a0e9357226426ed228" verifymd5="4ca3a2e039f87ac8cfae429209ce880a">
          <error>bad build configuration, no build type defined or detected</error>
          <linked project="openSUSE:11.5:Update" package="cacti.openSUSE_11.5_Update"/>
          <linked project="openSUSE:11.5" package="cacti.openSUSE_11.5_Update"/>
        </sourceinfo>
  recorded_at: Mon, 04 Sep 2023 14:15:50 GMT
- request:
    method: get
    uri: http://backend:5352/source/MaintenanceProject:0/cacti.openSUSE_11.5_Update.openSUSE_11.5_Update
    body:
      encoding: US-ASCII
      string: ''
    headers:
      X-Request-Id:
      - 59473105-b547-4207-91a0-ed90388e4a12
      Accept-Encoding:
      - gzip;q=1.0,deflate;q=0.6,identity;q=0.3
      Accept:
      - "*/*"
      User-Agent:
      - Ruby
  response:
    status:
      code: 200
      message: OK
    headers:
      Content-Type:
      - text/xml
      Cache-Control:
      - no-cache
      Connection:
      - close
      Content-Length:
      - '694'
    body:
      encoding: UTF-8
      string: |
        <directory name="cacti.openSUSE_11.5_Update.openSUSE_11.5_Update" rev="16" vrev="16" srcmd5="58d1e2eede4259a0e9357226426ed228">
          <linkinfo project="openSUSE:11.5:Update" package="cacti.openSUSE_11.5_Update" srcmd5="d41d8cd98f00b204e9800998ecf8427e" baserev="d41d8cd98f00b204e9800998ecf8427e" missingok="true" xsrcmd5="0c9208e5ef13ebdeb883860471a8e148" lsrcmd5="58d1e2eede4259a0e9357226426ed228"/>
          <entry name="DUMMY_FILE" md5="87b43dcf63dc45ed2b813df3d31e6718" size="9" mtime="1693836447"/>
          <entry name="_config" md5="3b211b5a6fcdb01ece828b2993d610d5" size="58" mtime="1693836943"/>
          <entry name="_link" md5="b0c56c12998ca82dfa47cf9520cd5ae4" size="182" mtime="1693836492"/>
        </directory>
  recorded_at: Mon, 04 Sep 2023 14:15:50 GMT
- request:
    method: post
    uri: http://backend:5352/source/MaintenanceProject:0/cacti.openSUSE_11.5_Update.openSUSE_11.5_Update?cmd=diff&linkrev=base&onlyissues=1&orev=0&view=xml
    body:
      encoding: UTF-8
      string: ''
    headers:
      Content-Type:
      - application/octet-stream
      Accept-Encoding:
      - gzip;q=1.0,deflate;q=0.6,identity;q=0.3
      Accept:
      - "*/*"
      User-Agent:
      - Ruby
  response:
    status:
      code: 200
      message: OK
    headers:
      Content-Type:
      - text/xml
      Cache-Control:
      - no-cache
      Connection:
      - close
      Content-Length:
      - '397'
    body:
      encoding: UTF-8
      string: |
        <sourcediff key="39a959ab7cc60938c8283d9d45301730">
          <old project="MaintenanceProject:0" package="cacti.openSUSE_11.5_Update.openSUSE_11.5_Update" rev="0" srcmd5="d41d8cd98f00b204e9800998ecf8427e"/>
          <new project="MaintenanceProject:0" package="cacti.openSUSE_11.5_Update.openSUSE_11.5_Update" rev="16" srcmd5="58d1e2eede4259a0e9357226426ed228"/>
          <files/>
          <issues>
          </issues>
        </sourcediff>
  recorded_at: Mon, 04 Sep 2023 14:15:50 GMT
- request:
    method: post
    uri: http://backend:5352/source/MaintenanceProject:0/cacti.openSUSE_11.5_Update.openSUSE_11.5_Update?cmd=linkdiff&linkrev=base&onlyissues=1&view=xml
    body:
      encoding: UTF-8
      string: ''
    headers:
      Content-Type:
      - application/octet-stream
      Accept-Encoding:
      - gzip;q=1.0,deflate;q=0.6,identity;q=0.3
      Accept:
      - "*/*"
      User-Agent:
      - Ruby
  response:
    status:
      code: 200
      message: OK
    headers:
      Content-Type:
      - text/xml
      Cache-Control:
      - no-cache
      Connection:
      - close
      Content-Length:
      - '406'
    body:
      encoding: UTF-8
      string: |
        <sourcediff key="b665d786baa9214dedd0e9d98973406e">
          <old project="openSUSE:11.5:Update" package="cacti.openSUSE_11.5_Update" rev="0" srcmd5="d41d8cd98f00b204e9800998ecf8427e"/>
          <new project="MaintenanceProject:0" package="cacti.openSUSE_11.5_Update.openSUSE_11.5_Update" rev="0c9208e5ef13ebdeb883860471a8e148" srcmd5="0c9208e5ef13ebdeb883860471a8e148"/>
          <files/>
          <issues>
          </issues>
        </sourcediff>
  recorded_at: Mon, 04 Sep 2023 14:15:50 GMT
- request:
    method: put
    uri: http://backend:5352/source/MaintenanceProject:0/_meta?comment=maintenance_incident%20request%201&requestid=1&user=maintenance_coord
    body:
      encoding: UTF-8
      string: |
        <project name="MaintenanceProject:0" kind="maintenance_incident">
          <title/>
          <description/>
          <person userid="maintenance_coord" role="bugowner"/>
          <person userid="maintenance_coord" role="maintainer"/>
          <build>
            <disable/>
          </build>
          <publish>
            <disable/>
          </publish>
          <repository name="openSUSE_11.5_Update">
            <releasetarget project="openSUSE:11.5:Update" repository="repository_20" trigger="maintenance"/>
            <path project="openSUSE:11.5:Update" repository="repository_20"/>
            <arch>i586</arch>
          </repository>
          <repository name="openSUSE_11.4_Update">
            <releasetarget project="openSUSE:11.4:Update" repository="repository_18" trigger="maintenance"/>
            <path project="openSUSE:11.4:Update" repository="repository_18"/>
            <arch>i586</arch>
          </repository>
        </project>
    headers:
      X-Request-Id:
      - 59473105-b547-4207-91a0-ed90388e4a12
      Accept-Encoding:
      - gzip;q=1.0,deflate;q=0.6,identity;q=0.3
      Accept:
      - "*/*"
      User-Agent:
      - Ruby
  response:
    status:
      code: 200
      message: OK
    headers:
      Content-Type:
      - text/xml
      Cache-Control:
      - no-cache
      Connection:
      - close
      Content-Length:
      - '817'
    body:
      encoding: UTF-8
      string: |
        <project name="MaintenanceProject:0" kind="maintenance_incident">
          <title></title>
          <description></description>
          <person userid="maintenance_coord" role="bugowner"/>
          <person userid="maintenance_coord" role="maintainer"/>
          <build>
            <disable/>
          </build>
          <publish>
            <disable/>
          </publish>
          <repository name="openSUSE_11.5_Update">
            <releasetarget project="openSUSE:11.5:Update" repository="repository_20" trigger="maintenance"/>
            <path project="openSUSE:11.5:Update" repository="repository_20"/>
            <arch>i586</arch>
          </repository>
          <repository name="openSUSE_11.4_Update">
            <releasetarget project="openSUSE:11.4:Update" repository="repository_18" trigger="maintenance"/>
            <path project="openSUSE:11.4:Update" repository="repository_18"/>
            <arch>i586</arch>
          </repository>
        </project>
  recorded_at: Mon, 04 Sep 2023 14:15:50 GMT
- request:
    method: get
    uri: http://backend:5352/source/home:tom:branches:Update/patchinfo
    body:
      encoding: US-ASCII
      string: ''
    headers:
      X-Request-Id:
      - 59473105-b547-4207-91a0-ed90388e4a12
      Accept-Encoding:
      - gzip;q=1.0,deflate;q=0.6,identity;q=0.3
      Accept:
      - "*/*"
      User-Agent:
      - Ruby
  response:
    status:
      code: 200
      message: OK
    headers:
      Content-Type:
      - text/xml
      Cache-Control:
      - no-cache
      Connection:
      - close
      Content-Length:
      - '199'
    body:
      encoding: UTF-8
      string: |
        <directory name="patchinfo" rev="8" vrev="8" srcmd5="e45d013f24b032bd54480cfc08ca5401">
          <entry name="_patchinfo" md5="1cbe44b4ca6b451510f27939bb59e0ec" size="139" mtime="1693836669"/>
        </directory>
  recorded_at: Mon, 04 Sep 2023 14:15:50 GMT
- request:
    method: post
    uri: http://backend:5352/source/MaintenanceProject:0/patchinfo?cmd=copy&comment=Maintenance%20incident%20copy%20from%20project%20home:tom:branches:Update&expand=1&keeplink=1&opackage=patchinfo&oproject=home:tom:branches:Update&requestid=1&user=maintenance_coord&withacceptinfo=1
    body:
      encoding: UTF-8
      string: ''
    headers:
      Content-Type:
      - application/octet-stream
      X-Request-Id:
      - 59473105-b547-4207-91a0-ed90388e4a12
      Accept-Encoding:
      - gzip;q=1.0,deflate;q=0.6,identity;q=0.3
      Accept:
      - "*/*"
      User-Agent:
      - Ruby
  response:
    status:
      code: 200
      message: OK
    headers:
      Content-Type:
      - text/xml
      Cache-Control:
      - no-cache
      Connection:
      - close
      Content-Length:
      - '404'
    body:
      encoding: UTF-8
      string: |
        <revision rev="12" vrev="12">
          <srcmd5>e45d013f24b032bd54480cfc08ca5401</srcmd5>
          <version>unknown</version>
          <time>1693836951</time>
          <user>maintenance_coord</user>
          <comment>Maintenance incident copy from project home:tom:branches:Update</comment>
          <requestid>1</requestid>
          <acceptinfo rev="12" srcmd5="e45d013f24b032bd54480cfc08ca5401" osrcmd5="fb78f085cf7cbb6fa6174ebdac435465"/>
        </revision>
  recorded_at: Mon, 04 Sep 2023 14:15:51 GMT
- request:
    method: put
    uri: http://backend:5352/source/MaintenanceProject:0/patchinfo/_meta?user=maintenance_coord
    body:
      encoding: UTF-8
      string: |
        <package name="patchinfo" project="MaintenanceProject:0">
          <title>Patchinfo</title>
          <description>Collected packages for update</description>
          <build>
            <enable/>
          </build>
          <publish>
            <enable/>
          </publish>
          <useforbuild>
            <disable/>
          </useforbuild>
        </package>
    headers:
      Accept-Encoding:
      - gzip;q=1.0,deflate;q=0.6,identity;q=0.3
      Accept:
      - "*/*"
      User-Agent:
      - Ruby
  response:
    status:
      code: 200
      message: OK
    headers:
      Content-Type:
      - text/xml
      Cache-Control:
      - no-cache
      Connection:
      - close
      Content-Length:
      - '277'
    body:
      encoding: UTF-8
      string: |
        <package name="patchinfo" project="MaintenanceProject:0">
          <title>Patchinfo</title>
          <description>Collected packages for update</description>
          <build>
            <enable/>
          </build>
          <publish>
            <enable/>
          </publish>
          <useforbuild>
            <disable/>
          </useforbuild>
        </package>
  recorded_at: Mon, 04 Sep 2023 14:15:51 GMT
- request:
    method: get
    uri: http://backend:5352/source/MaintenanceProject:0/patchinfo
    body:
      encoding: US-ASCII
      string: ''
    headers:
      Accept-Encoding:
      - gzip;q=1.0,deflate;q=0.6,identity;q=0.3
      Accept:
      - "*/*"
      User-Agent:
      - Ruby
  response:
    status:
      code: 200
      message: OK
    headers:
      Content-Type:
      - text/xml
      Cache-Control:
      - no-cache
      Connection:
      - close
      Content-Length:
      - '201'
    body:
      encoding: UTF-8
      string: |
        <directory name="patchinfo" rev="12" vrev="12" srcmd5="e45d013f24b032bd54480cfc08ca5401">
          <entry name="_patchinfo" md5="1cbe44b4ca6b451510f27939bb59e0ec" size="139" mtime="1693836669"/>
        </directory>
  recorded_at: Mon, 04 Sep 2023 14:15:51 GMT
- request:
    method: get
    uri: http://backend:5352/source/MaintenanceProject:0/patchinfo?view=info
    body:
      encoding: US-ASCII
      string: ''
    headers:
      X-Request-Id:
      - 59473105-b547-4207-91a0-ed90388e4a12
      Accept-Encoding:
      - gzip;q=1.0,deflate;q=0.6,identity;q=0.3
      Accept:
      - "*/*"
      User-Agent:
      - Ruby
  response:
    status:
      code: 200
      message: OK
    headers:
      Content-Type:
      - text/xml
      Cache-Control:
      - no-cache
      Connection:
      - close
      Content-Length:
      - '187'
    body:
      encoding: UTF-8
      string: |
        <sourceinfo package="patchinfo" rev="12" vrev="12" srcmd5="e45d013f24b032bd54480cfc08ca5401" verifymd5="e45d013f24b032bd54480cfc08ca5401">
          <filename>_patchinfo</filename>
        </sourceinfo>
  recorded_at: Mon, 04 Sep 2023 14:15:51 GMT
- request:
    method: get
    uri: http://backend:5352/source/MaintenanceProject:0/patchinfo
    body:
      encoding: US-ASCII
      string: ''
    headers:
      X-Request-Id:
      - 59473105-b547-4207-91a0-ed90388e4a12
      Accept-Encoding:
      - gzip;q=1.0,deflate;q=0.6,identity;q=0.3
      Accept:
      - "*/*"
      User-Agent:
      - Ruby
  response:
    status:
      code: 200
      message: OK
    headers:
      Content-Type:
      - text/xml
      Cache-Control:
      - no-cache
      Connection:
      - close
      Content-Length:
      - '201'
    body:
      encoding: UTF-8
      string: |
        <directory name="patchinfo" rev="12" vrev="12" srcmd5="e45d013f24b032bd54480cfc08ca5401">
          <entry name="_patchinfo" md5="1cbe44b4ca6b451510f27939bb59e0ec" size="139" mtime="1693836669"/>
        </directory>
  recorded_at: Mon, 04 Sep 2023 14:15:51 GMT
- request:
    method: get
    uri: http://backend:5352/source/MaintenanceProject:0/patchinfo/_patchinfo
    body:
      encoding: US-ASCII
      string: ''
    headers:
      Accept-Encoding:
      - gzip;q=1.0,deflate;q=0.6,identity;q=0.3
      Accept:
      - "*/*"
      User-Agent:
      - Ruby
  response:
    status:
      code: 200
      message: OK
    headers:
      Content-Type:
      - application/octet-stream
      Content-Length:
      - '139'
      Cache-Control:
      - no-cache
      Connection:
      - close
    body:
      encoding: UTF-8
      string: |-
        <patchinfo>
          <category>recommended</category>
          <rating>low</rating>
          <packager>tom</packager>
          <summary/>
          <description/>
        </patchinfo>
  recorded_at: Mon, 04 Sep 2023 14:15:51 GMT
- request:
    method: put
    uri: http://backend:5352/source/MaintenanceProject:0/_meta?comment=maintenance_incident%20request%201&requestid=1&user=maintenance_coord
    body:
      encoding: UTF-8
      string: |
        <project name="MaintenanceProject:0" kind="maintenance_incident">
          <title/>
          <description/>
          <person userid="maintenance_coord" role="bugowner"/>
          <person userid="maintenance_coord" role="maintainer"/>
          <build>
            <disable/>
          </build>
          <publish>
            <disable/>
          </publish>
          <repository name="openSUSE_11.5_Update">
            <releasetarget project="openSUSE:11.5:Update" repository="repository_20" trigger="maintenance"/>
            <path project="openSUSE:11.5:Update" repository="repository_20"/>
            <arch>i586</arch>
          </repository>
          <repository name="openSUSE_11.4_Update">
            <releasetarget project="openSUSE:11.4:Update" repository="repository_18" trigger="maintenance"/>
            <path project="openSUSE:11.4:Update" repository="repository_18"/>
            <arch>i586</arch>
          </repository>
        </project>
    headers:
      X-Request-Id:
      - 59473105-b547-4207-91a0-ed90388e4a12
      Accept-Encoding:
      - gzip;q=1.0,deflate;q=0.6,identity;q=0.3
      Accept:
      - "*/*"
      User-Agent:
      - Ruby
  response:
    status:
      code: 200
      message: OK
    headers:
      Content-Type:
      - text/xml
      Cache-Control:
      - no-cache
      Connection:
      - close
      Content-Length:
      - '817'
    body:
      encoding: UTF-8
      string: |
        <project name="MaintenanceProject:0" kind="maintenance_incident">
          <title></title>
          <description></description>
          <person userid="maintenance_coord" role="bugowner"/>
          <person userid="maintenance_coord" role="maintainer"/>
          <build>
            <disable/>
          </build>
          <publish>
            <disable/>
          </publish>
          <repository name="openSUSE_11.5_Update">
            <releasetarget project="openSUSE:11.5:Update" repository="repository_20" trigger="maintenance"/>
            <path project="openSUSE:11.5:Update" repository="repository_20"/>
            <arch>i586</arch>
          </repository>
          <repository name="openSUSE_11.4_Update">
            <releasetarget project="openSUSE:11.4:Update" repository="repository_18" trigger="maintenance"/>
            <path project="openSUSE:11.4:Update" repository="repository_18"/>
            <arch>i586</arch>
          </repository>
        </project>
  recorded_at: Mon, 04 Sep 2023 14:15:51 GMT
- request:
    method: post
    uri: http://backend:5352/source/MaintenanceProject:0/cacti.openSUSE_11.4_Update.openSUSE_11.4_Update?cmd=diff&filelimit=10000&orev=c87739c700845785205cfcc81d12a272&rev=015f9f50156e2b9c66a4804d840d60bc&tarlimit=10000&view=xml&withissues=1
    body:
      encoding: UTF-8
      string: ''
    headers:
      Content-Type:
      - application/octet-stream
      X-Request-Id:
      - 7825b084-5104-4988-835d-433e59fd35ff
      Accept-Encoding:
      - gzip;q=1.0,deflate;q=0.6,identity;q=0.3
      Accept:
      - "*/*"
      User-Agent:
      - Ruby
  response:
    status:
      code: 200
      message: OK
    headers:
      Content-Type:
      - text/xml
      Cache-Control:
      - no-cache
      Connection:
      - close
      Content-Length:
      - '911'
    body:
      encoding: UTF-8
      string: |
        <sourcediff key="284cf1bf5d3fa6f8563473aadce360f8">
          <old project="MaintenanceProject:0" package="cacti.openSUSE_11.4_Update.openSUSE_11.4_Update" rev="c87739c700845785205cfcc81d12a272" srcmd5="c87739c700845785205cfcc81d12a272"/>
          <new project="MaintenanceProject:0" package="cacti.openSUSE_11.4_Update.openSUSE_11.4_Update" rev="015f9f50156e2b9c66a4804d840d60bc" srcmd5="015f9f50156e2b9c66a4804d840d60bc"/>
          <files>
            <file state="added">
              <new name="DUMMY_FILE" md5="87b43dcf63dc45ed2b813df3d31e6718" size="9"/>
              <diff lines="3">@@ -0,0 +1,1 @@
        +boo#12345
        \ No newline at end of file
        </diff>
            </file>
            <file state="added">
              <new name="_config" md5="ee77fb81bf3e94c31c832662428260d0" size="52"/>
              <diff lines="3">@@ -0,0 +1,1 @@
        +Rem eum ea. In corporis nemo. Dolore est recusandae.
        \ No newline at end of file
        </diff>
            </file>
          </files>
          <issues>
          </issues>
        </sourcediff>
  recorded_at: Mon, 04 Sep 2023 14:15:51 GMT
- request:
    method: put
    uri: http://backend:5352/source/home:user_11/_meta?user=user_11
    body:
      encoding: UTF-8
      string: |
        <project name="home:user_11">
          <title/>
          <description/>
          <person userid="user_11" role="maintainer"/>
        </project>
    headers:
      Accept-Encoding:
      - gzip;q=1.0,deflate;q=0.6,identity;q=0.3
      Accept:
      - "*/*"
      User-Agent:
      - Ruby
  response:
    status:
      code: 200
      message: OK
    headers:
      Content-Type:
      - text/xml
      Cache-Control:
      - no-cache
      Connection:
      - close
      Content-Length:
      - '136'
    body:
      encoding: UTF-8
      string: |
        <project name="home:user_11">
          <title></title>
          <description></description>
          <person userid="user_11" role="maintainer"/>
        </project>
  recorded_at: Mon, 04 Sep 2023 14:56:50 GMT
- request:
    method: put
    uri: http://backend:5352/source/openSUSE:11.4/_meta?user=user_11
    body:
      encoding: UTF-8
      string: |
        <project name="openSUSE:11.4">
          <title>Arms and the Man</title>
          <description/>
        </project>
    headers:
      Accept-Encoding:
      - gzip;q=1.0,deflate;q=0.6,identity;q=0.3
      Accept:
      - "*/*"
      User-Agent:
      - Ruby
  response:
    status:
      code: 200
      message: OK
    headers:
      Content-Type:
      - text/xml
      Cache-Control:
      - no-cache
      Connection:
      - close
      Content-Length:
      - '106'
    body:
      encoding: UTF-8
      string: |
        <project name="openSUSE:11.4">
          <title>Arms and the Man</title>
          <description></description>
        </project>
  recorded_at: Mon, 04 Sep 2023 14:56:51 GMT
- request:
    method: put
    uri: http://backend:5352/source/openSUSE:11.4/cacti/_meta?user=user_11
    body:
      encoding: UTF-8
      string: |
        <package name="cacti" project="openSUSE:11.4">
          <title>The Waste Land</title>
          <description>Cumque pariatur voluptas consequatur.</description>
        </package>
    headers:
      Accept-Encoding:
      - gzip;q=1.0,deflate;q=0.6,identity;q=0.3
      Accept:
      - "*/*"
      User-Agent:
      - Ruby
  response:
    status:
      code: 200
      message: OK
    headers:
      Content-Type:
      - text/xml
      Cache-Control:
      - no-cache
      Connection:
      - close
      Content-Length:
      - '157'
    body:
      encoding: UTF-8
      string: |
        <package name="cacti" project="openSUSE:11.4">
          <title>The Waste Land</title>
          <description>Cumque pariatur voluptas consequatur.</description>
        </package>
  recorded_at: Mon, 04 Sep 2023 14:56:51 GMT
- request:
    method: put
    uri: http://backend:5352/source/openSUSE:11.4:Update/_meta?user=user_11
    body:
      encoding: UTF-8
      string: |
        <project name="openSUSE:11.4:Update" kind="maintenance_release">
          <title>Blue Remembered Earth</title>
          <description/>
        </project>
    headers:
      Accept-Encoding:
      - gzip;q=1.0,deflate;q=0.6,identity;q=0.3
      Accept:
      - "*/*"
      User-Agent:
      - Ruby
  response:
    status:
      code: 200
      message: OK
    headers:
      Content-Type:
      - text/xml
      Cache-Control:
      - no-cache
      Connection:
      - close
      Content-Length:
      - '145'
    body:
      encoding: UTF-8
      string: |
        <project name="openSUSE:11.4:Update" kind="maintenance_release">
          <title>Blue Remembered Earth</title>
          <description></description>
        </project>
  recorded_at: Mon, 04 Sep 2023 14:56:51 GMT
- request:
    method: put
    uri: http://backend:5352/source/openSUSE:11.4:Update/_project/_attribute?meta=1&user=user_11
    body:
      encoding: UTF-8
      string: |
        <attributes>
          <attribute name="Maintained" namespace="OBS"/>
        </attributes>
    headers:
      Accept-Encoding:
      - gzip;q=1.0,deflate;q=0.6,identity;q=0.3
      Accept:
      - "*/*"
      User-Agent:
      - Ruby
  response:
    status:
      code: 200
      message: OK
    headers:
      Content-Type:
      - text/xml
      Cache-Control:
      - no-cache
      Connection:
      - close
      Content-Length:
      - '170'
    body:
      encoding: UTF-8
      string: |
        <revision rev="56">
          <srcmd5>ddffd171f768a29f843b4f4e9413beb3</srcmd5>
          <time>1693839411</time>
          <user>user_11</user>
          <comment></comment>
          <requestid/>
        </revision>
  recorded_at: Mon, 04 Sep 2023 14:56:51 GMT
- request:
    method: put
    uri: http://backend:5352/source/openSUSE:11.4/_project/_attribute?meta=1&user=user_11
    body:
      encoding: UTF-8
      string: |
        <attributes>
          <attribute name="UpdateProject" namespace="OBS">
            <value>openSUSE:11.4:Update</value>
          </attribute>
        </attributes>
    headers:
      Accept-Encoding:
      - gzip;q=1.0,deflate;q=0.6,identity;q=0.3
      Accept:
      - "*/*"
      User-Agent:
      - Ruby
  response:
    status:
      code: 200
      message: OK
    headers:
      Content-Type:
      - text/xml
      Cache-Control:
      - no-cache
      Connection:
      - close
      Content-Length:
      - '170'
    body:
      encoding: UTF-8
      string: |
        <revision rev="38">
          <srcmd5>e6ee011464a58fe10218370a65e035cf</srcmd5>
          <time>1693839411</time>
          <user>user_11</user>
          <comment></comment>
          <requestid/>
        </revision>
  recorded_at: Mon, 04 Sep 2023 14:56:51 GMT
- request:
    method: put
    uri: http://backend:5352/source/openSUSE:11.4:Update/_meta?user=user_11
    body:
      encoding: UTF-8
      string: |
        <project name="openSUSE:11.4:Update" kind="maintenance_release">
          <title>Blue Remembered Earth</title>
          <description/>
          <link project="openSUSE:11.4"/>
        </project>
    headers:
      Accept-Encoding:
      - gzip;q=1.0,deflate;q=0.6,identity;q=0.3
      Accept:
      - "*/*"
      User-Agent:
      - Ruby
  response:
    status:
      code: 200
      message: OK
    headers:
      Content-Type:
      - text/xml
      Cache-Control:
      - no-cache
      Connection:
      - close
      Content-Length:
      - '179'
    body:
      encoding: UTF-8
      string: |
        <project name="openSUSE:11.4:Update" kind="maintenance_release">
          <title>Blue Remembered Earth</title>
          <description></description>
          <link project="openSUSE:11.4"/>
        </project>
  recorded_at: Mon, 04 Sep 2023 14:56:51 GMT
- request:
    method: put
    uri: http://backend:5352/source/openSUSE:11.5/_meta?user=user_11
    body:
      encoding: UTF-8
      string: |
        <project name="openSUSE:11.5">
          <title>Tiger! Tiger!</title>
          <description/>
        </project>
    headers:
      Accept-Encoding:
      - gzip;q=1.0,deflate;q=0.6,identity;q=0.3
      Accept:
      - "*/*"
      User-Agent:
      - Ruby
  response:
    status:
      code: 200
      message: OK
    headers:
      Content-Type:
      - text/xml
      Cache-Control:
      - no-cache
      Connection:
      - close
      Content-Length:
      - '103'
    body:
      encoding: UTF-8
      string: |
        <project name="openSUSE:11.5">
          <title>Tiger! Tiger!</title>
          <description></description>
        </project>
  recorded_at: Mon, 04 Sep 2023 14:56:51 GMT
- request:
    method: put
    uri: http://backend:5352/source/openSUSE:11.5/cacti/_meta?user=user_11
    body:
      encoding: UTF-8
      string: |
        <package name="cacti" project="openSUSE:11.5">
          <title>Terrible Swift Sword</title>
          <description>Sint possimus odit placeat.</description>
        </package>
    headers:
      Accept-Encoding:
      - gzip;q=1.0,deflate;q=0.6,identity;q=0.3
      Accept:
      - "*/*"
      User-Agent:
      - Ruby
  response:
    status:
      code: 200
      message: OK
    headers:
      Content-Type:
      - text/xml
      Cache-Control:
      - no-cache
      Connection:
      - close
      Content-Length:
      - '153'
    body:
      encoding: UTF-8
      string: |
        <package name="cacti" project="openSUSE:11.5">
          <title>Terrible Swift Sword</title>
          <description>Sint possimus odit placeat.</description>
        </package>
  recorded_at: Mon, 04 Sep 2023 14:56:51 GMT
- request:
    method: put
    uri: http://backend:5352/source/openSUSE:11.5:Update/_meta?user=user_11
    body:
      encoding: UTF-8
      string: |
        <project name="openSUSE:11.5:Update" kind="maintenance_release">
          <title>The Green Bay Tree</title>
          <description/>
        </project>
    headers:
      Accept-Encoding:
      - gzip;q=1.0,deflate;q=0.6,identity;q=0.3
      Accept:
      - "*/*"
      User-Agent:
      - Ruby
  response:
    status:
      code: 200
      message: OK
    headers:
      Content-Type:
      - text/xml
      Cache-Control:
      - no-cache
      Connection:
      - close
      Content-Length:
      - '142'
    body:
      encoding: UTF-8
      string: |
        <project name="openSUSE:11.5:Update" kind="maintenance_release">
          <title>The Green Bay Tree</title>
          <description></description>
        </project>
  recorded_at: Mon, 04 Sep 2023 14:56:51 GMT
- request:
    method: put
    uri: http://backend:5352/source/openSUSE:11.5:Update/_project/_attribute?meta=1&user=user_11
    body:
      encoding: UTF-8
      string: |
        <attributes>
          <attribute name="Maintained" namespace="OBS"/>
        </attributes>
    headers:
      Accept-Encoding:
      - gzip;q=1.0,deflate;q=0.6,identity;q=0.3
      Accept:
      - "*/*"
      User-Agent:
      - Ruby
  response:
    status:
      code: 200
      message: OK
    headers:
      Content-Type:
      - text/xml
      Cache-Control:
      - no-cache
      Connection:
      - close
      Content-Length:
      - '170'
    body:
      encoding: UTF-8
      string: |
        <revision rev="56">
          <srcmd5>e4fc89ad9418f248a365da71eafe4764</srcmd5>
          <time>1693839411</time>
          <user>user_11</user>
          <comment></comment>
          <requestid/>
        </revision>
  recorded_at: Mon, 04 Sep 2023 14:56:51 GMT
- request:
    method: put
    uri: http://backend:5352/source/openSUSE:11.5/_project/_attribute?meta=1&user=user_11
    body:
      encoding: UTF-8
      string: |
        <attributes>
          <attribute name="UpdateProject" namespace="OBS">
            <value>openSUSE:11.5:Update</value>
          </attribute>
        </attributes>
    headers:
      Accept-Encoding:
      - gzip;q=1.0,deflate;q=0.6,identity;q=0.3
      Accept:
      - "*/*"
      User-Agent:
      - Ruby
  response:
    status:
      code: 200
      message: OK
    headers:
      Content-Type:
      - text/xml
      Cache-Control:
      - no-cache
      Connection:
      - close
      Content-Length:
      - '170'
    body:
      encoding: UTF-8
      string: |
        <revision rev="38">
          <srcmd5>f8316ea0eed4874ddd58e15e5af173bc</srcmd5>
          <time>1693839411</time>
          <user>user_11</user>
          <comment></comment>
          <requestid/>
        </revision>
  recorded_at: Mon, 04 Sep 2023 14:56:51 GMT
- request:
    method: put
    uri: http://backend:5352/source/openSUSE:11.5:Update/_meta?user=user_11
    body:
      encoding: UTF-8
      string: |
        <project name="openSUSE:11.5:Update" kind="maintenance_release">
          <title>The Green Bay Tree</title>
          <description/>
          <link project="openSUSE:11.5"/>
        </project>
    headers:
      Accept-Encoding:
      - gzip;q=1.0,deflate;q=0.6,identity;q=0.3
      Accept:
      - "*/*"
      User-Agent:
      - Ruby
  response:
    status:
      code: 200
      message: OK
    headers:
      Content-Type:
      - text/xml
      Cache-Control:
      - no-cache
      Connection:
      - close
      Content-Length:
      - '176'
    body:
      encoding: UTF-8
      string: |
        <project name="openSUSE:11.5:Update" kind="maintenance_release">
          <title>The Green Bay Tree</title>
          <description></description>
          <link project="openSUSE:11.5"/>
        </project>
  recorded_at: Mon, 04 Sep 2023 14:56:52 GMT
- request:
    method: put
    uri: http://backend:5352/source/MaintenanceProject/_meta?user=user_11
    body:
      encoding: UTF-8
      string: |
        <project name="MaintenanceProject" kind="maintenance">
          <title>official maintenance space</title>
          <description/>
          <person userid="maintenance_coord" role="maintainer"/>
          <build>
            <disable/>
          </build>
        </project>
    headers:
      Accept-Encoding:
      - gzip;q=1.0,deflate;q=0.6,identity;q=0.3
      Accept:
      - "*/*"
      User-Agent:
      - Ruby
  response:
    status:
      code: 200
      message: OK
    headers:
      Content-Type:
      - text/xml
      Cache-Control:
      - no-cache
      Connection:
      - close
      Content-Length:
      - '233'
    body:
      encoding: UTF-8
      string: |
        <project name="MaintenanceProject" kind="maintenance">
          <title>official maintenance space</title>
          <description></description>
          <person userid="maintenance_coord" role="maintainer"/>
          <build>
            <disable/>
          </build>
        </project>
  recorded_at: Mon, 04 Sep 2023 14:56:52 GMT
- request:
    method: put
    uri: http://backend:5352/source/MaintenanceProject/_project/_attribute?meta=1&user=user_11
    body:
      encoding: UTF-8
      string: |
        <attributes>
          <attribute name="MaintenanceProject" namespace="OBS"/>
        </attributes>
    headers:
      Accept-Encoding:
      - gzip;q=1.0,deflate;q=0.6,identity;q=0.3
      Accept:
      - "*/*"
      User-Agent:
      - Ruby
  response:
    status:
      code: 200
      message: OK
    headers:
      Content-Type:
      - text/xml
      Cache-Control:
      - no-cache
      Connection:
      - close
      Content-Length:
      - '170'
    body:
      encoding: UTF-8
      string: |
        <revision rev="56">
          <srcmd5>b5ac59f5d2a72c7f98586b6c1dbf55de</srcmd5>
          <time>1693839412</time>
          <user>user_11</user>
          <comment></comment>
          <requestid/>
        </revision>
  recorded_at: Mon, 04 Sep 2023 14:56:52 GMT
- request:
    method: put
    uri: http://backend:5352/source/MaintenanceProject/_meta?user=user_11
    body:
      encoding: UTF-8
      string: |
        <project name="MaintenanceProject" kind="maintenance">
          <title>official maintenance space</title>
          <description/>
          <person userid="maintenance_coord" role="maintainer"/>
          <build>
            <disable/>
          </build>
        </project>
    headers:
      Accept-Encoding:
      - gzip;q=1.0,deflate;q=0.6,identity;q=0.3
      Accept:
      - "*/*"
      User-Agent:
      - Ruby
  response:
    status:
      code: 200
      message: OK
    headers:
      Content-Type:
      - text/xml
      Cache-Control:
      - no-cache
      Connection:
      - close
      Content-Length:
      - '233'
    body:
      encoding: UTF-8
      string: |
        <project name="MaintenanceProject" kind="maintenance">
          <title>official maintenance space</title>
          <description></description>
          <person userid="maintenance_coord" role="maintainer"/>
          <build>
            <disable/>
          </build>
        </project>
  recorded_at: Mon, 04 Sep 2023 14:56:52 GMT
- request:
    method: get
    uri: http://backend:5352/build/home:tom:branches:Update/_result?lastbuild=0&locallink=1&multibuild=1&package=cacti.openSUSE_11.4_Update&view=status
    body:
      encoding: US-ASCII
      string: ''
    headers:
      X-Request-Id:
      - a44eeadc-0a23-43f6-9630-0f0db7efd9f9
      Accept-Encoding:
      - gzip;q=1.0,deflate;q=0.6,identity;q=0.3
      Accept:
      - "*/*"
      User-Agent:
      - Ruby
  response:
    status:
      code: 200
      message: OK
    headers:
      Content-Type:
      - text/xml
      Cache-Control:
      - no-cache
      Connection:
      - close
      Content-Length:
      - '55'
    body:
      encoding: UTF-8
      string: '<resultlist state="00000000000000000000000000000000"/>

'
  recorded_at: Mon, 04 Sep 2023 14:56:52 GMT
- request:
    method: get
    uri: http://backend:5352/build/home:tom:branches:Update/_result?lastbuild=0&locallink=1&multibuild=1&package=cacti.openSUSE_11.5_Update&view=status
    body:
      encoding: US-ASCII
      string: ''
    headers:
      X-Request-Id:
      - a44eeadc-0a23-43f6-9630-0f0db7efd9f9
      Accept-Encoding:
      - gzip;q=1.0,deflate;q=0.6,identity;q=0.3
      Accept:
      - "*/*"
      User-Agent:
      - Ruby
  response:
    status:
      code: 200
      message: OK
    headers:
      Content-Type:
      - text/xml
      Cache-Control:
      - no-cache
      Connection:
      - close
      Content-Length:
      - '55'
    body:
      encoding: UTF-8
      string: '<resultlist state="00000000000000000000000000000000"/>

'
  recorded_at: Mon, 04 Sep 2023 14:56:52 GMT
- request:
    method: get
    uri: http://backend:5352/build/home:tom:branches:Update/_result?lastbuild=0&locallink=1&multibuild=1&package=patchinfo&view=status
    body:
      encoding: US-ASCII
      string: ''
    headers:
      X-Request-Id:
      - a44eeadc-0a23-43f6-9630-0f0db7efd9f9
      Accept-Encoding:
      - gzip;q=1.0,deflate;q=0.6,identity;q=0.3
      Accept:
      - "*/*"
      User-Agent:
      - Ruby
  response:
    status:
      code: 404
      message: unknown package 'patchinfo'
    headers:
      Content-Type:
      - text/xml
      Cache-Control:
      - no-cache
      Connection:
      - close
      Content-Length:
      - '132'
    body:
      encoding: UTF-8
      string: |
        <status code="404">
          <summary>unknown package 'patchinfo'</summary>
          <details>404 unknown package 'patchinfo'</details>
        </status>
  recorded_at: Mon, 04 Sep 2023 14:56:52 GMT
- request:
    method: get
    uri: http://backend:5352/build/home:tom:branches:Update/_result?lastbuild=0&locallink=1&multibuild=1&package=cacti.openSUSE_11.4_Update&view=status
    body:
      encoding: US-ASCII
      string: ''
    headers:
      X-Request-Id:
      - '09bcd130-583e-403d-a9cf-640da5574cdc'
      Accept-Encoding:
      - gzip;q=1.0,deflate;q=0.6,identity;q=0.3
      Accept:
      - "*/*"
      User-Agent:
      - Ruby
  response:
    status:
      code: 200
      message: OK
    headers:
      Content-Type:
      - text/xml
      Cache-Control:
      - no-cache
      Connection:
      - close
      Content-Length:
      - '55'
    body:
      encoding: UTF-8
      string: '<resultlist state="00000000000000000000000000000000"/>

'
  recorded_at: Mon, 04 Sep 2023 14:56:54 GMT
- request:
    method: get
    uri: http://backend:5352/build/home:tom:branches:Update/_result?lastbuild=0&locallink=1&multibuild=1&package=cacti.openSUSE_11.5_Update&view=status
    body:
      encoding: US-ASCII
      string: ''
    headers:
      X-Request-Id:
      - '09bcd130-583e-403d-a9cf-640da5574cdc'
      Accept-Encoding:
      - gzip;q=1.0,deflate;q=0.6,identity;q=0.3
      Accept:
      - "*/*"
      User-Agent:
      - Ruby
  response:
    status:
      code: 200
      message: OK
    headers:
      Content-Type:
      - text/xml
      Cache-Control:
      - no-cache
      Connection:
      - close
      Content-Length:
      - '55'
    body:
      encoding: UTF-8
      string: '<resultlist state="00000000000000000000000000000000"/>

'
  recorded_at: Mon, 04 Sep 2023 14:56:54 GMT
- request:
    method: get
    uri: http://backend:5352/build/home:tom:branches:Update/_result?lastbuild=0&locallink=1&multibuild=1&package=patchinfo&view=status
    body:
      encoding: US-ASCII
      string: ''
    headers:
      X-Request-Id:
      - '09bcd130-583e-403d-a9cf-640da5574cdc'
      Accept-Encoding:
      - gzip;q=1.0,deflate;q=0.6,identity;q=0.3
      Accept:
      - "*/*"
      User-Agent:
      - Ruby
  response:
    status:
      code: 404
      message: unknown package 'patchinfo'
    headers:
      Content-Type:
      - text/xml
      Cache-Control:
      - no-cache
      Connection:
      - close
      Content-Length:
      - '132'
    body:
      encoding: UTF-8
      string: |
        <status code="404">
          <summary>unknown package 'patchinfo'</summary>
          <details>404 unknown package 'patchinfo'</details>
        </status>
  recorded_at: Mon, 04 Sep 2023 14:56:54 GMT
- request:
    method: get
    uri: http://backend:5352/build/home:tom:branches:Update/_result?lastbuild=0&locallink=1&multibuild=1&package=cacti.openSUSE_11.4_Update&view=status
    body:
      encoding: US-ASCII
      string: ''
    headers:
      X-Request-Id:
      - 2a6d6a64-146c-466e-9ff8-67b0d414987e
      Accept-Encoding:
      - gzip;q=1.0,deflate;q=0.6,identity;q=0.3
      Accept:
      - "*/*"
      User-Agent:
      - Ruby
  response:
    status:
      code: 200
      message: OK
    headers:
      Content-Type:
      - text/xml
      Cache-Control:
      - no-cache
      Connection:
      - close
      Content-Length:
      - '55'
    body:
      encoding: UTF-8
      string: '<resultlist state="00000000000000000000000000000000"/>

'
  recorded_at: Mon, 04 Sep 2023 14:56:55 GMT
- request:
    method: get
    uri: http://backend:5352/build/home:tom:branches:Update/_result?lastbuild=0&locallink=1&multibuild=1&package=cacti.openSUSE_11.5_Update&view=status
    body:
      encoding: US-ASCII
      string: ''
    headers:
      X-Request-Id:
      - 2a6d6a64-146c-466e-9ff8-67b0d414987e
      Accept-Encoding:
      - gzip;q=1.0,deflate;q=0.6,identity;q=0.3
      Accept:
      - "*/*"
      User-Agent:
      - Ruby
  response:
    status:
      code: 200
      message: OK
    headers:
      Content-Type:
      - text/xml
      Cache-Control:
      - no-cache
      Connection:
      - close
      Content-Length:
      - '55'
    body:
      encoding: UTF-8
      string: '<resultlist state="00000000000000000000000000000000"/>

'
  recorded_at: Mon, 04 Sep 2023 14:56:55 GMT
- request:
    method: get
    uri: http://backend:5352/build/home:tom:branches:Update/_result?lastbuild=0&locallink=1&multibuild=1&package=patchinfo&view=status
    body:
      encoding: US-ASCII
      string: ''
    headers:
      X-Request-Id:
      - 2a6d6a64-146c-466e-9ff8-67b0d414987e
      Accept-Encoding:
      - gzip;q=1.0,deflate;q=0.6,identity;q=0.3
      Accept:
      - "*/*"
      User-Agent:
      - Ruby
  response:
    status:
      code: 404
      message: unknown package 'patchinfo'
    headers:
      Content-Type:
      - text/xml
      Cache-Control:
      - no-cache
      Connection:
      - close
      Content-Length:
      - '132'
    body:
      encoding: UTF-8
      string: |
        <status code="404">
          <summary>unknown package 'patchinfo'</summary>
          <details>404 unknown package 'patchinfo'</details>
        </status>
  recorded_at: Mon, 04 Sep 2023 14:56:55 GMT
- request:
    method: get
    uri: http://backend:5352/build/home:tom:branches:Update/_result?lastbuild=0&locallink=1&multibuild=1&package=cacti.openSUSE_11.4_Update&view=status
    body:
      encoding: US-ASCII
      string: ''
    headers:
      X-Request-Id:
      - 9e327ae6-3ac9-473d-8919-06a61e702d1f
      Accept-Encoding:
      - gzip;q=1.0,deflate;q=0.6,identity;q=0.3
      Accept:
      - "*/*"
      User-Agent:
      - Ruby
  response:
    status:
      code: 200
      message: OK
    headers:
      Content-Type:
      - text/xml
      Cache-Control:
      - no-cache
      Connection:
      - close
      Content-Length:
      - '55'
    body:
      encoding: UTF-8
      string: '<resultlist state="00000000000000000000000000000000"/>

'
  recorded_at: Thu, 23 Nov 2023 09:15:17 GMT
- request:
    method: get
    uri: http://backend:5352/build/home:tom:branches:Update/_result?lastbuild=0&locallink=1&multibuild=1&package=cacti.openSUSE_11.5_Update&view=status
    body:
      encoding: US-ASCII
      string: ''
    headers:
      X-Request-Id:
      - 9e327ae6-3ac9-473d-8919-06a61e702d1f
      Accept-Encoding:
      - gzip;q=1.0,deflate;q=0.6,identity;q=0.3
      Accept:
      - "*/*"
      User-Agent:
      - Ruby
  response:
    status:
      code: 200
      message: OK
    headers:
      Content-Type:
      - text/xml
      Cache-Control:
      - no-cache
      Connection:
      - close
      Content-Length:
      - '55'
    body:
      encoding: UTF-8
      string: '<resultlist state="00000000000000000000000000000000"/>

'
  recorded_at: Thu, 23 Nov 2023 09:15:17 GMT
- request:
    method: get
    uri: http://backend:5352/build/home:tom:branches:Update/_result?lastbuild=0&locallink=1&multibuild=1&package=patchinfo&view=status
    body:
      encoding: US-ASCII
      string: ''
    headers:
      X-Request-Id:
      - 9e327ae6-3ac9-473d-8919-06a61e702d1f
      Accept-Encoding:
      - gzip;q=1.0,deflate;q=0.6,identity;q=0.3
      Accept:
      - "*/*"
      User-Agent:
      - Ruby
  response:
    status:
      code: 404
      message: unknown package 'patchinfo'
    headers:
      Content-Type:
      - text/xml
      Cache-Control:
      - no-cache
      Connection:
      - close
      Content-Length:
      - '132'
    body:
      encoding: UTF-8
      string: |
        <status code="404">
          <summary>unknown package 'patchinfo'</summary>
          <details>404 unknown package 'patchinfo'</details>
        </status>
  recorded_at: Thu, 23 Nov 2023 09:15:17 GMT
- request:
    method: get
    uri: http://backend:5352/build/home:tom:branches:Update/_result?lastbuild=0&locallink=1&multibuild=1&package=cacti.openSUSE_11.4_Update&view=status
    body:
      encoding: US-ASCII
      string: ''
    headers:
      X-Request-Id:
      - 4a1727b8-824c-40ae-87aa-73972a5c2c46
      Accept-Encoding:
      - gzip;q=1.0,deflate;q=0.6,identity;q=0.3
      Accept:
      - "*/*"
      User-Agent:
      - Ruby
  response:
    status:
      code: 200
      message: OK
    headers:
      Content-Type:
      - text/xml
      Cache-Control:
      - no-cache
      Connection:
      - close
      Content-Length:
      - '55'
    body:
      encoding: UTF-8
      string: '<resultlist state="00000000000000000000000000000000"/>

'
  recorded_at: Thu, 23 Nov 2023 09:15:18 GMT
- request:
    method: get
    uri: http://backend:5352/build/home:tom:branches:Update/_result?lastbuild=0&locallink=1&multibuild=1&package=cacti.openSUSE_11.5_Update&view=status
    body:
      encoding: US-ASCII
      string: ''
    headers:
      X-Request-Id:
      - 4a1727b8-824c-40ae-87aa-73972a5c2c46
      Accept-Encoding:
      - gzip;q=1.0,deflate;q=0.6,identity;q=0.3
      Accept:
      - "*/*"
      User-Agent:
      - Ruby
  response:
    status:
      code: 200
      message: OK
    headers:
      Content-Type:
      - text/xml
      Cache-Control:
      - no-cache
      Connection:
      - close
      Content-Length:
      - '55'
    body:
      encoding: UTF-8
      string: '<resultlist state="00000000000000000000000000000000"/>

'
  recorded_at: Thu, 23 Nov 2023 09:15:18 GMT
- request:
    method: get
    uri: http://backend:5352/build/home:tom:branches:Update/_result?lastbuild=0&locallink=1&multibuild=1&package=patchinfo&view=status
    body:
      encoding: US-ASCII
      string: ''
    headers:
      X-Request-Id:
      - 4a1727b8-824c-40ae-87aa-73972a5c2c46
      Accept-Encoding:
      - gzip;q=1.0,deflate;q=0.6,identity;q=0.3
      Accept:
      - "*/*"
      User-Agent:
      - Ruby
  response:
    status:
      code: 404
      message: unknown package 'patchinfo'
    headers:
      Content-Type:
      - text/xml
      Cache-Control:
      - no-cache
      Connection:
      - close
      Content-Length:
      - '132'
    body:
      encoding: UTF-8
      string: |
        <status code="404">
          <summary>unknown package 'patchinfo'</summary>
          <details>404 unknown package 'patchinfo'</details>
        </status>
  recorded_at: Thu, 23 Nov 2023 09:15:18 GMT
- request:
    method: get
    uri: http://backend:5352/build/home:tom:branches:Update/_result?lastbuild=0&locallink=1&multibuild=1&package=cacti.openSUSE_11.4_Update&view=status
    body:
      encoding: US-ASCII
      string: ''
    headers:
      X-Request-Id:
      - 811e5806-923b-4220-938e-d00dea11baaa
      Accept-Encoding:
      - gzip;q=1.0,deflate;q=0.6,identity;q=0.3
      Accept:
      - "*/*"
      User-Agent:
      - Ruby
  response:
    status:
      code: 200
      message: OK
    headers:
      Content-Type:
      - text/xml
      Cache-Control:
      - no-cache
      Connection:
      - close
      Content-Length:
      - '55'
    body:
      encoding: UTF-8
      string: '<resultlist state="00000000000000000000000000000000"/>

'
  recorded_at: Thu, 23 Nov 2023 09:15:19 GMT
- request:
    method: get
    uri: http://backend:5352/build/home:tom:branches:Update/_result?lastbuild=0&locallink=1&multibuild=1&package=cacti.openSUSE_11.5_Update&view=status
    body:
      encoding: US-ASCII
      string: ''
    headers:
      X-Request-Id:
      - 811e5806-923b-4220-938e-d00dea11baaa
      Accept-Encoding:
      - gzip;q=1.0,deflate;q=0.6,identity;q=0.3
      Accept:
      - "*/*"
      User-Agent:
      - Ruby
  response:
    status:
      code: 200
      message: OK
    headers:
      Content-Type:
      - text/xml
      Cache-Control:
      - no-cache
      Connection:
      - close
      Content-Length:
      - '55'
    body:
      encoding: UTF-8
      string: '<resultlist state="00000000000000000000000000000000"/>

'
  recorded_at: Thu, 23 Nov 2023 09:15:19 GMT
- request:
    method: get
    uri: http://backend:5352/build/home:tom:branches:Update/_result?lastbuild=0&locallink=1&multibuild=1&package=patchinfo&view=status
    body:
      encoding: US-ASCII
      string: ''
    headers:
      X-Request-Id:
      - 811e5806-923b-4220-938e-d00dea11baaa
      Accept-Encoding:
      - gzip;q=1.0,deflate;q=0.6,identity;q=0.3
      Accept:
      - "*/*"
      User-Agent:
      - Ruby
  response:
    status:
      code: 404
      message: unknown package 'patchinfo'
    headers:
      Content-Type:
      - text/xml
      Cache-Control:
      - no-cache
      Connection:
      - close
      Content-Length:
      - '132'
    body:
      encoding: UTF-8
      string: |
        <status code="404">
          <summary>unknown package 'patchinfo'</summary>
          <details>404 unknown package 'patchinfo'</details>
        </status>
  recorded_at: Thu, 23 Nov 2023 09:15:19 GMT
recorded_with: VCR 6.2.0
