---
http_interactions:
- request:
    method: put
    uri: http://backend:5352/source/home:Iggy/_meta?user=Iggy
    body:
      encoding: UTF-8
      string: |
        <project name="home:Iggy">
          <title/>
          <description/>
          <person userid="Iggy" role="maintainer"/>
        </project>
    headers:
      Accept-Encoding:
      - gzip;q=1.0,deflate;q=0.6,identity;q=0.3
      Accept:
      - "*/*"
      User-Agent:
      - Ruby
  response:
    status:
      code: 200
      message: OK
    headers:
      Content-Type:
      - text/xml
      Cache-Control:
      - no-cache
      Connection:
      - close
      Content-Length:
      - '130'
    body:
      encoding: UTF-8
      string: |
        <project name="home:Iggy">
          <title></title>
          <description></description>
          <person userid="Iggy" role="maintainer"/>
        </project>
  recorded_at: Thu, 20 Jan 2022 10:32:21 GMT
- request:
    method: put
    uri: http://backend:5352/source/foo_project/_meta?user=user_238
    body:
      encoding: UTF-8
      string: |
        <project name="foo_project">
          <title>A Farewell to Arms</title>
          <description/>
          <person userid="Iggy" role="maintainer"/>
        </project>
    headers:
      Accept-Encoding:
      - gzip;q=1.0,deflate;q=0.6,identity;q=0.3
      Accept:
      - "*/*"
      User-Agent:
      - Ruby
  response:
    status:
      code: 200
      message: OK
    headers:
      Content-Type:
      - text/xml
      Cache-Control:
      - no-cache
      Connection:
      - close
      Content-Length:
      - '150'
    body:
      encoding: UTF-8
      string: |
        <project name="foo_project">
          <title>A Farewell to Arms</title>
          <description></description>
          <person userid="Iggy" role="maintainer"/>
        </project>
  recorded_at: Thu, 20 Jan 2022 10:32:21 GMT
- request:
    method: put
    uri: http://backend:5352/source/foo_project/bar_package/_meta?user=user_239
    body:
      encoding: UTF-8
      string: |
        <package name="bar_package" project="foo_project">
          <title>The Lathe of Heaven</title>
          <description>Aut nobis repudiandae vel.</description>
        </package>
    headers:
      Accept-Encoding:
      - gzip;q=1.0,deflate;q=0.6,identity;q=0.3
      Accept:
      - "*/*"
      User-Agent:
      - Ruby
  response:
    status:
      code: 200
      message: OK
    headers:
      Content-Type:
      - text/xml
      Cache-Control:
      - no-cache
      Connection:
      - close
      Content-Length:
      - '155'
    body:
      encoding: UTF-8
      string: |
        <package name="bar_package" project="foo_project">
          <title>The Lathe of Heaven</title>
          <description>Aut nobis repudiandae vel.</description>
        </package>
  recorded_at: Thu, 20 Jan 2022 10:32:21 GMT
- request:
    method: put
    uri: http://backend:5352/source/foo_project/bar_package/_config
    body:
      encoding: UTF-8
      string: Similique eius voluptatem. Repudiandae porro quia. Culpa qui autem.
    headers:
      Accept-Encoding:
      - gzip;q=1.0,deflate;q=0.6,identity;q=0.3
      Accept:
      - "*/*"
      User-Agent:
      - Ruby
  response:
    status:
      code: 200
      message: OK
    headers:
      Content-Type:
      - text/xml
      Cache-Control:
      - no-cache
      Connection:
      - close
      Content-Length:
      - '213'
    body:
      encoding: UTF-8
      string: |
        <revision rev="1619" vrev="1619">
          <srcmd5>d4c1a564e273db77763766fdb240ea2e</srcmd5>
          <version>unknown</version>
          <time>1642674741</time>
          <user>unknown</user>
          <comment></comment>
          <requestid/>
        </revision>
  recorded_at: Thu, 20 Jan 2022 10:32:21 GMT
- request:
    method: put
    uri: http://backend:5352/source/foo_project/bar_package/somefile.txt
    body:
      encoding: UTF-8
      string: Fugit aut et. Asperiores excepturi labore. Nisi quaerat expedita.
    headers:
      Accept-Encoding:
      - gzip;q=1.0,deflate;q=0.6,identity;q=0.3
      Accept:
      - "*/*"
      User-Agent:
      - Ruby
  response:
    status:
      code: 200
      message: OK
    headers:
      Content-Type:
      - text/xml
      Cache-Control:
      - no-cache
      Connection:
      - close
      Content-Length:
      - '213'
    body:
      encoding: UTF-8
      string: |
        <revision rev="1620" vrev="1620">
          <srcmd5>1622d6ccbda325416967637427d4d6bd</srcmd5>
          <version>unknown</version>
          <time>1642674741</time>
          <user>unknown</user>
          <comment></comment>
          <requestid/>
        </revision>
  recorded_at: Thu, 20 Jan 2022 10:32:21 GMT
- request:
    method: post
    uri: http://backend:5352/search/package/id?match=(linkinfo/@package=%22bar_package%22%20and%20linkinfo/@project=%22foo_project%22%20and%20@project=%22foo_project%22)
    body:
      encoding: UTF-8
      string: ''
    headers:
      Content-Type:
      - application/octet-stream
      Accept-Encoding:
      - gzip;q=1.0,deflate;q=0.6,identity;q=0.3
      Accept:
      - "*/*"
      User-Agent:
      - Ruby
  response:
    status:
      code: 200
      message: OK
    headers:
      Content-Type:
      - text/xml
      Cache-Control:
      - no-cache
      Connection:
      - close
      Content-Length:
      - '27'
    body:
      encoding: UTF-8
      string: |
        <collection>
        </collection>
  recorded_at: Thu, 20 Jan 2022 10:32:22 GMT
- request:
    method: put
    uri: http://backend:5352/source/home:Iggy/bar_package-123456789/_meta?user=Iggy
    body:
      encoding: UTF-8
      string: |
        <package name="bar_package-123456789" project="home:Iggy">
          <title>The Lathe of Heaven</title>
          <description>Aut nobis repudiandae vel.</description>
        </package>
    headers:
      Accept-Encoding:
      - gzip;q=1.0,deflate;q=0.6,identity;q=0.3
      Accept:
      - "*/*"
      User-Agent:
      - Ruby
  response:
    status:
      code: 200
      message: OK
    headers:
      Content-Type:
      - text/xml
      Cache-Control:
      - no-cache
      Connection:
      - close
      Content-Length:
      - '163'
    body:
      encoding: UTF-8
      string: |
        <package name="bar_package-123456789" project="home:Iggy">
          <title>The Lathe of Heaven</title>
          <description>Aut nobis repudiandae vel.</description>
        </package>
  recorded_at: Thu, 20 Jan 2022 10:32:22 GMT
- request:
    method: post
    uri: http://backend:5352/source/home:Iggy/bar_package-123456789?cmd=branch&noservice=1&opackage=bar_package&oproject=foo_project&user=Iggy
    body:
      encoding: UTF-8
      string: ''
    headers:
      Content-Type:
      - application/octet-stream
      Accept-Encoding:
      - gzip;q=1.0,deflate;q=0.6,identity;q=0.3
      Accept:
      - "*/*"
      User-Agent:
      - Ruby
  response:
    status:
      code: 200
      message: OK
    headers:
      Content-Type:
      - text/xml
      Cache-Control:
      - no-cache
      Connection:
      - close
      Content-Length:
      - '206'
    body:
      encoding: UTF-8
      string: |
        <revision rev="97" vrev="97">
          <srcmd5>fc6be67f816ca86cf469d9e814be4f87</srcmd5>
          <version>unknown</version>
          <time>1642674742</time>
          <user>Iggy</user>
          <comment></comment>
          <requestid/>
        </revision>
  recorded_at: Thu, 20 Jan 2022 10:32:22 GMT
- request:
    method: put
    uri: http://backend:5352/source/home:Iggy/bar_package-123456789/_meta?user=Iggy
    body:
      encoding: UTF-8
      string: |
        <package name="bar_package-123456789" project="home:Iggy">
          <title>The Lathe of Heaven</title>
          <description>Aut nobis repudiandae vel.</description>
        </package>
    headers:
      Accept-Encoding:
      - gzip;q=1.0,deflate;q=0.6,identity;q=0.3
      Accept:
      - "*/*"
      User-Agent:
      - Ruby
  response:
    status:
      code: 200
      message: OK
    headers:
      Content-Type:
      - text/xml
      Cache-Control:
      - no-cache
      Connection:
      - close
      Content-Length:
      - '163'
    body:
      encoding: UTF-8
      string: |
        <package name="bar_package-123456789" project="home:Iggy">
          <title>The Lathe of Heaven</title>
          <description>Aut nobis repudiandae vel.</description>
        </package>
  recorded_at: Thu, 20 Jan 2022 10:32:22 GMT
- request:
    method: get
    uri: http://backend:5352/source/home:Iggy/bar_package-123456789
    body:
      encoding: US-ASCII
      string: ''
    headers:
      Accept-Encoding:
      - gzip;q=1.0,deflate;q=0.6,identity;q=0.3
      Accept:
      - "*/*"
      User-Agent:
      - Ruby
  response:
    status:
      code: 200
      message: OK
    headers:
      Content-Type:
      - text/xml
      Cache-Control:
      - no-cache
      Connection:
      - close
      Content-Length:
      - '733'
    body:
      encoding: UTF-8
      string: |
        <directory name="bar_package-123456789" rev="97" vrev="97" srcmd5="fc6be67f816ca86cf469d9e814be4f87">
          <linkinfo project="foo_project" package="bar_package" srcmd5="1622d6ccbda325416967637427d4d6bd" baserev="1622d6ccbda325416967637427d4d6bd" xsrcmd5="4fdca0ab7b7416c1587b01677110ad95" lsrcmd5="fc6be67f816ca86cf469d9e814be4f87"/>
          <entry name="_branch_request" md5="aea524cf047993d430e69b477e07f3df" size="114" mtime="1642597680"/>
          <entry name="_config" md5="66b208da81182aa499b866bda67d9af1" size="67" mtime="1642674741"/>
          <entry name="_link" md5="d4fbec01018bf860ce2941667b16d68e" size="141" mtime="1642674742"/>
          <entry name="somefile.txt" md5="dce390ab6bb6d1b4fba89260358a7287" size="65" mtime="1642674741"/>
        </directory>
  recorded_at: Thu, 20 Jan 2022 10:32:22 GMT
- request:
    method: get
    uri: http://backend:5352/source/home:Iggy/bar_package-123456789?view=info
    body:
      encoding: US-ASCII
      string: ''
    headers:
      Accept-Encoding:
      - gzip;q=1.0,deflate;q=0.6,identity;q=0.3
      Accept:
      - "*/*"
      User-Agent:
      - Ruby
  response:
    status:
      code: 200
      message: OK
    headers:
      Content-Type:
      - text/xml
      Cache-Control:
      - no-cache
      Connection:
      - close
      Content-Length:
      - '342'
    body:
      encoding: UTF-8
      string: |
        <sourceinfo package="bar_package-123456789" rev="97" vrev="1717" srcmd5="4fdca0ab7b7416c1587b01677110ad95" lsrcmd5="fc6be67f816ca86cf469d9e814be4f87" verifymd5="1622d6ccbda325416967637427d4d6bd">
          <error>bad build configuration, no build type defined or detected</error>
          <linked project="foo_project" package="bar_package"/>
        </sourceinfo>
  recorded_at: Thu, 20 Jan 2022 10:32:22 GMT
- request:
    method: get
    uri: http://backend:5352/source/home:Iggy/bar_package-123456789
    body:
      encoding: US-ASCII
      string: ''
    headers:
      Accept-Encoding:
      - gzip;q=1.0,deflate;q=0.6,identity;q=0.3
      Accept:
      - "*/*"
      User-Agent:
      - Ruby
  response:
    status:
      code: 200
      message: OK
    headers:
      Content-Type:
      - text/xml
      Cache-Control:
      - no-cache
      Connection:
      - close
      Content-Length:
      - '733'
    body:
      encoding: UTF-8
      string: |
        <directory name="bar_package-123456789" rev="97" vrev="97" srcmd5="fc6be67f816ca86cf469d9e814be4f87">
          <linkinfo project="foo_project" package="bar_package" srcmd5="1622d6ccbda325416967637427d4d6bd" baserev="1622d6ccbda325416967637427d4d6bd" xsrcmd5="4fdca0ab7b7416c1587b01677110ad95" lsrcmd5="fc6be67f816ca86cf469d9e814be4f87"/>
          <entry name="_branch_request" md5="aea524cf047993d430e69b477e07f3df" size="114" mtime="1642597680"/>
          <entry name="_config" md5="66b208da81182aa499b866bda67d9af1" size="67" mtime="1642674741"/>
          <entry name="_link" md5="d4fbec01018bf860ce2941667b16d68e" size="141" mtime="1642674742"/>
          <entry name="somefile.txt" md5="dce390ab6bb6d1b4fba89260358a7287" size="65" mtime="1642674741"/>
        </directory>
  recorded_at: Thu, 20 Jan 2022 10:32:22 GMT
- request:
    method: post
    uri: http://backend:5352/source/home:Iggy/bar_package-123456789?cmd=diff&linkrev=base&onlyissues=1&orev=0&view=xml
    body:
      encoding: UTF-8
      string: ''
    headers:
      Content-Type:
      - application/octet-stream
      Accept-Encoding:
      - gzip;q=1.0,deflate;q=0.6,identity;q=0.3
      Accept:
      - "*/*"
      User-Agent:
      - Ruby
  response:
    status:
      code: 200
      message: OK
    headers:
      Content-Type:
      - text/xml
      Cache-Control:
      - no-cache
      Connection:
      - close
      Content-Length:
      - '323'
    body:
      encoding: UTF-8
      string: |
        <sourcediff key="a8aae25e0351cc5cb82f120b869f87f3">
          <old project="home:Iggy" package="bar_package-123456789" rev="0" srcmd5="d41d8cd98f00b204e9800998ecf8427e"/>
          <new project="home:Iggy" package="bar_package-123456789" rev="97" srcmd5="fc6be67f816ca86cf469d9e814be4f87"/>
          <files/>
          <issues>
          </issues>
        </sourcediff>
  recorded_at: Thu, 20 Jan 2022 10:32:22 GMT
- request:
    method: post
    uri: http://backend:5352/source/home:Iggy/bar_package-123456789?cmd=linkdiff&linkrev=base&onlyissues=1&view=xml
    body:
      encoding: UTF-8
      string: ''
    headers:
      Content-Type:
      - application/octet-stream
      Accept-Encoding:
      - gzip;q=1.0,deflate;q=0.6,identity;q=0.3
      Accept:
      - "*/*"
      User-Agent:
      - Ruby
  response:
    status:
      code: 200
      message: OK
    headers:
      Content-Type:
      - text/xml
      Cache-Control:
      - no-cache
      Connection:
      - close
      Content-Length:
      - '376'
    body:
      encoding: UTF-8
      string: |
        <sourcediff key="6135e560bf44f11ee8dc8d16c140346d">
          <old project="foo_project" package="bar_package" rev="1622d6ccbda325416967637427d4d6bd" srcmd5="1622d6ccbda325416967637427d4d6bd"/>
          <new project="home:Iggy" package="bar_package-123456789" rev="4fdca0ab7b7416c1587b01677110ad95" srcmd5="4fdca0ab7b7416c1587b01677110ad95"/>
          <files/>
          <issues>
          </issues>
        </sourcediff>
  recorded_at: Thu, 20 Jan 2022 10:32:22 GMT
- request:
    method: put
    uri: http://backend:5352/source/home:Iggy/_meta?user=Iggy
    body:
      encoding: UTF-8
      string: |
        <project name="home:Iggy">
          <title/>
          <description/>
          <person userid="Iggy" role="maintainer"/>
          <repository name="openSUSE_Tumbleweed">
            <arch>x86_64</arch>
          </repository>
          <repository name="Unicorn_123">
            <arch>x86_64</arch>
            <arch>i586</arch>
            <arch>ppc</arch>
            <arch>aarch64</arch>
          </repository>
        </project>
    headers:
      Accept-Encoding:
      - gzip;q=1.0,deflate;q=0.6,identity;q=0.3
      Accept:
      - "*/*"
      User-Agent:
      - Ruby
  response:
    status:
      code: 200
      message: OK
    headers:
      Content-Type:
      - text/xml
      Cache-Control:
      - no-cache
      Connection:
      - close
      Content-Length:
      - '354'
    body:
      encoding: UTF-8
      string: |
        <project name="home:Iggy">
          <title></title>
          <description></description>
          <person userid="Iggy" role="maintainer"/>
          <repository name="openSUSE_Tumbleweed">
            <arch>x86_64</arch>
          </repository>
          <repository name="Unicorn_123">
            <arch>x86_64</arch>
            <arch>i586</arch>
            <arch>ppc</arch>
            <arch>aarch64</arch>
          </repository>
        </project>
  recorded_at: Thu, 20 Jan 2022 10:32:22 GMT
- request:
    method: put
    uri: http://backend:5352/source/home:Iggy/bar_package-123456789/_branch_request?user=Iggy
    body:
      encoding: UTF-8
      string: '{"object_kind":null,"project":{"http_url":null},"object_attributes":{"source":{"default_branch":"123456789"}}}'
    headers:
      Accept-Encoding:
      - gzip;q=1.0,deflate;q=0.6,identity;q=0.3
      Accept:
      - "*/*"
      User-Agent:
      - Ruby
  response:
    status:
      code: 200
      message: OK
    headers:
      Content-Type:
      - text/xml
      Cache-Control:
      - no-cache
      Connection:
      - close
      Content-Length:
      - '206'
    body:
      encoding: UTF-8
      string: |
        <revision rev="98" vrev="98">
          <srcmd5>496e98f8fb1727d67dd157570c495b12</srcmd5>
          <version>unknown</version>
          <time>1642674742</time>
          <user>Iggy</user>
          <comment></comment>
          <requestid/>
        </revision>
  recorded_at: Thu, 20 Jan 2022 10:32:22 GMT
- request:
    method: put
    uri: http://backend:5352/source/home:Iggy/bar_package-123456789/_meta?user=Iggy
    body:
      encoding: UTF-8
      string: |
        <package name="bar_package-123456789" project="home:Iggy">
          <title>The Lathe of Heaven</title>
          <description>Aut nobis repudiandae vel.</description>
        </package>
    headers:
      Accept-Encoding:
      - gzip;q=1.0,deflate;q=0.6,identity;q=0.3
      Accept:
      - "*/*"
      User-Agent:
      - Ruby
  response:
    status:
      code: 200
      message: OK
    headers:
      Content-Type:
      - text/xml
      Cache-Control:
      - no-cache
      Connection:
      - close
      Content-Length:
      - '163'
    body:
      encoding: UTF-8
      string: |
        <package name="bar_package-123456789" project="home:Iggy">
          <title>The Lathe of Heaven</title>
          <description>Aut nobis repudiandae vel.</description>
        </package>
  recorded_at: Thu, 20 Jan 2022 10:32:22 GMT
- request:
    method: get
    uri: http://backend:5352/source/home:Iggy/bar_package-123456789
    body:
      encoding: US-ASCII
      string: ''
    headers:
      Accept-Encoding:
      - gzip;q=1.0,deflate;q=0.6,identity;q=0.3
      Accept:
      - "*/*"
      User-Agent:
      - Ruby
  response:
    status:
      code: 200
      message: OK
    headers:
      Content-Type:
      - text/xml
      Cache-Control:
      - no-cache
      Connection:
      - close
      Content-Length:
      - '810'
    body:
      encoding: UTF-8
      string: |
        <directory name="bar_package-123456789" rev="98" vrev="98" srcmd5="496e98f8fb1727d67dd157570c495b12">
          <linkinfo project="foo_project" package="bar_package" srcmd5="1622d6ccbda325416967637427d4d6bd" baserev="1622d6ccbda325416967637427d4d6bd" xsrcmd5="b2eb3bcabb77ca950a57e839f0762fd5" lsrcmd5="496e98f8fb1727d67dd157570c495b12"/>
          <serviceinfo code="succeeded" xsrcmd5="06e5937dc525a2ca35ab7ce84f360367"/>
          <entry name="_branch_request" md5="1ecf0e682a06f24b71446f85ff3bd803" size="110" mtime="1642597686"/>
          <entry name="_config" md5="66b208da81182aa499b866bda67d9af1" size="67" mtime="1642674741"/>
          <entry name="_link" md5="d4fbec01018bf860ce2941667b16d68e" size="141" mtime="1642674742"/>
          <entry name="somefile.txt" md5="dce390ab6bb6d1b4fba89260358a7287" size="65" mtime="1642674741"/>
        </directory>
  recorded_at: Thu, 20 Jan 2022 10:32:22 GMT
- request:
    method: get
    uri: http://backend:5352/source/home:Iggy/bar_package-123456789?view=info
    body:
      encoding: US-ASCII
      string: ''
    headers:
      Accept-Encoding:
      - gzip;q=1.0,deflate;q=0.6,identity;q=0.3
      Accept:
      - "*/*"
      User-Agent:
      - Ruby
  response:
    status:
      code: 200
      message: OK
    headers:
      Content-Type:
      - text/xml
      Cache-Control:
      - no-cache
      Connection:
      - close
      Content-Length:
      - '342'
    body:
      encoding: UTF-8
      string: |
        <sourceinfo package="bar_package-123456789" rev="98" vrev="1718" srcmd5="6c10d21d3ef78392811dcdceca5dfe0a" lsrcmd5="06e5937dc525a2ca35ab7ce84f360367" verifymd5="cfd533dd1ebe0b56c009471693e741be">
          <error>bad build configuration, no build type defined or detected</error>
          <linked project="foo_project" package="bar_package"/>
        </sourceinfo>
  recorded_at: Thu, 20 Jan 2022 10:32:22 GMT
- request:
    method: get
    uri: http://backend:5352/source/home:Iggy/bar_package-123456789
    body:
      encoding: US-ASCII
      string: ''
    headers:
      Accept-Encoding:
      - gzip;q=1.0,deflate;q=0.6,identity;q=0.3
      Accept:
      - "*/*"
      User-Agent:
      - Ruby
  response:
    status:
      code: 200
      message: OK
    headers:
      Content-Type:
      - text/xml
      Cache-Control:
      - no-cache
      Connection:
      - close
      Content-Length:
      - '810'
    body:
      encoding: UTF-8
      string: |
        <directory name="bar_package-123456789" rev="98" vrev="98" srcmd5="496e98f8fb1727d67dd157570c495b12">
          <linkinfo project="foo_project" package="bar_package" srcmd5="1622d6ccbda325416967637427d4d6bd" baserev="1622d6ccbda325416967637427d4d6bd" xsrcmd5="b2eb3bcabb77ca950a57e839f0762fd5" lsrcmd5="496e98f8fb1727d67dd157570c495b12"/>
          <serviceinfo code="succeeded" xsrcmd5="06e5937dc525a2ca35ab7ce84f360367"/>
          <entry name="_branch_request" md5="1ecf0e682a06f24b71446f85ff3bd803" size="110" mtime="1642597686"/>
          <entry name="_config" md5="66b208da81182aa499b866bda67d9af1" size="67" mtime="1642674741"/>
          <entry name="_link" md5="d4fbec01018bf860ce2941667b16d68e" size="141" mtime="1642674742"/>
          <entry name="somefile.txt" md5="dce390ab6bb6d1b4fba89260358a7287" size="65" mtime="1642674741"/>
        </directory>
  recorded_at: Thu, 20 Jan 2022 10:32:22 GMT
- request:
    method: post
    uri: http://backend:5352/source/home:Iggy/bar_package-123456789?cmd=diff&linkrev=base&onlyissues=1&orev=0&view=xml
    body:
      encoding: UTF-8
      string: ''
    headers:
      Content-Type:
      - application/octet-stream
      Accept-Encoding:
      - gzip;q=1.0,deflate;q=0.6,identity;q=0.3
      Accept:
      - "*/*"
      User-Agent:
      - Ruby
  response:
    status:
      code: 200
      message: OK
    headers:
      Content-Type:
      - text/xml
      Cache-Control:
      - no-cache
      Connection:
      - close
      Content-Length:
      - '323'
    body:
      encoding: UTF-8
      string: |
        <sourcediff key="aaa253eb5bba487e45a58c8cbd8adb50">
          <old project="home:Iggy" package="bar_package-123456789" rev="0" srcmd5="d41d8cd98f00b204e9800998ecf8427e"/>
          <new project="home:Iggy" package="bar_package-123456789" rev="98" srcmd5="496e98f8fb1727d67dd157570c495b12"/>
          <files/>
          <issues>
          </issues>
        </sourcediff>
  recorded_at: Thu, 20 Jan 2022 10:32:22 GMT
- request:
    method: post
    uri: http://backend:5352/source/home:Iggy/bar_package-123456789?cmd=linkdiff&linkrev=base&onlyissues=1&view=xml
    body:
      encoding: UTF-8
      string: ''
    headers:
      Content-Type:
      - application/octet-stream
      Accept-Encoding:
      - gzip;q=1.0,deflate;q=0.6,identity;q=0.3
      Accept:
      - "*/*"
      User-Agent:
      - Ruby
  response:
    status:
      code: 200
      message: OK
    headers:
      Content-Type:
      - text/xml
      Cache-Control:
      - no-cache
      Connection:
      - close
      Content-Length:
      - '376'
    body:
      encoding: UTF-8
      string: |
        <sourcediff key="35c883ce47a1be29fe1ca99caf2d50f5">
          <old project="foo_project" package="bar_package" rev="1622d6ccbda325416967637427d4d6bd" srcmd5="1622d6ccbda325416967637427d4d6bd"/>
          <new project="home:Iggy" package="bar_package-123456789" rev="6c10d21d3ef78392811dcdceca5dfe0a" srcmd5="6c10d21d3ef78392811dcdceca5dfe0a"/>
          <files/>
          <issues>
          </issues>
        </sourcediff>
  recorded_at: Thu, 20 Jan 2022 10:32:22 GMT
- request:
    method: get
    uri: http://backend:5352/source/home:Iggy/bar_package-123456789
    body:
      encoding: US-ASCII
      string: ''
    headers:
      Accept-Encoding:
      - gzip;q=1.0,deflate;q=0.6,identity;q=0.3
      Accept:
      - "*/*"
      User-Agent:
      - Ruby
  response:
    status:
      code: 200
      message: OK
    headers:
      Content-Type:
      - text/xml
      Cache-Control:
      - no-cache
      Connection:
      - close
      Content-Length:
      - '810'
    body:
      encoding: UTF-8
      string: |
        <directory name="bar_package-123456789" rev="98" vrev="98" srcmd5="496e98f8fb1727d67dd157570c495b12">
          <linkinfo project="foo_project" package="bar_package" srcmd5="1622d6ccbda325416967637427d4d6bd" baserev="1622d6ccbda325416967637427d4d6bd" xsrcmd5="b2eb3bcabb77ca950a57e839f0762fd5" lsrcmd5="496e98f8fb1727d67dd157570c495b12"/>
          <serviceinfo code="succeeded" xsrcmd5="06e5937dc525a2ca35ab7ce84f360367"/>
          <entry name="_branch_request" md5="1ecf0e682a06f24b71446f85ff3bd803" size="110" mtime="1642597686"/>
          <entry name="_config" md5="66b208da81182aa499b866bda67d9af1" size="67" mtime="1642674741"/>
          <entry name="_link" md5="d4fbec01018bf860ce2941667b16d68e" size="141" mtime="1642674742"/>
          <entry name="somefile.txt" md5="dce390ab6bb6d1b4fba89260358a7287" size="65" mtime="1642674741"/>
        </directory>
  recorded_at: Thu, 20 Jan 2022 10:32:22 GMT
- request:
    method: get
    uri: http://backend:5352/source/home:Iggy/bar_package-123456789
    body:
      encoding: US-ASCII
      string: ''
    headers:
      Accept-Encoding:
      - gzip;q=1.0,deflate;q=0.6,identity;q=0.3
      Accept:
      - "*/*"
      User-Agent:
      - Ruby
  response:
    status:
      code: 200
      message: OK
    headers:
      Content-Type:
      - text/xml
      Cache-Control:
      - no-cache
      Connection:
      - close
      Content-Length:
      - '810'
    body:
      encoding: UTF-8
      string: |
        <directory name="bar_package-123456789" rev="98" vrev="98" srcmd5="496e98f8fb1727d67dd157570c495b12">
          <linkinfo project="foo_project" package="bar_package" srcmd5="1622d6ccbda325416967637427d4d6bd" baserev="1622d6ccbda325416967637427d4d6bd" xsrcmd5="b2eb3bcabb77ca950a57e839f0762fd5" lsrcmd5="496e98f8fb1727d67dd157570c495b12"/>
          <serviceinfo code="succeeded" xsrcmd5="06e5937dc525a2ca35ab7ce84f360367"/>
          <entry name="_branch_request" md5="1ecf0e682a06f24b71446f85ff3bd803" size="110" mtime="1642597686"/>
          <entry name="_config" md5="66b208da81182aa499b866bda67d9af1" size="67" mtime="1642674741"/>
          <entry name="_link" md5="d4fbec01018bf860ce2941667b16d68e" size="141" mtime="1642674742"/>
          <entry name="somefile.txt" md5="dce390ab6bb6d1b4fba89260358a7287" size="65" mtime="1642674741"/>
        </directory>
  recorded_at: Thu, 20 Jan 2022 10:32:22 GMT
- request:
    method: get
    uri: http://backend:5352/source/home:Iggy/bar_package-123456789
    body:
      encoding: US-ASCII
      string: ''
    headers:
      Accept-Encoding:
      - gzip;q=1.0,deflate;q=0.6,identity;q=0.3
      Accept:
      - "*/*"
      User-Agent:
      - Ruby
  response:
    status:
      code: 200
      message: OK
    headers:
      Content-Type:
      - text/xml
      Cache-Control:
      - no-cache
      Connection:
      - close
      Content-Length:
      - '810'
    body:
      encoding: UTF-8
      string: |
        <directory name="bar_package-123456789" rev="98" vrev="98" srcmd5="496e98f8fb1727d67dd157570c495b12">
          <linkinfo project="foo_project" package="bar_package" srcmd5="1622d6ccbda325416967637427d4d6bd" baserev="1622d6ccbda325416967637427d4d6bd" xsrcmd5="b2eb3bcabb77ca950a57e839f0762fd5" lsrcmd5="496e98f8fb1727d67dd157570c495b12"/>
          <serviceinfo code="succeeded" xsrcmd5="06e5937dc525a2ca35ab7ce84f360367"/>
          <entry name="_branch_request" md5="1ecf0e682a06f24b71446f85ff3bd803" size="110" mtime="1642597686"/>
          <entry name="_config" md5="66b208da81182aa499b866bda67d9af1" size="67" mtime="1642674741"/>
          <entry name="_link" md5="d4fbec01018bf860ce2941667b16d68e" size="141" mtime="1642674742"/>
          <entry name="somefile.txt" md5="dce390ab6bb6d1b4fba89260358a7287" size="65" mtime="1642674741"/>
        </directory>
  recorded_at: Thu, 20 Jan 2022 10:32:22 GMT
- request:
    method: get
    uri: http://backend:5352/source/home:Iggy/bar_package-123456789
    body:
      encoding: US-ASCII
      string: ''
    headers:
      Accept-Encoding:
      - gzip;q=1.0,deflate;q=0.6,identity;q=0.3
      Accept:
      - "*/*"
      User-Agent:
      - Ruby
  response:
    status:
      code: 200
      message: OK
    headers:
      Content-Type:
      - text/xml
      Cache-Control:
      - no-cache
      Connection:
      - close
      Content-Length:
      - '810'
    body:
      encoding: UTF-8
      string: |
        <directory name="bar_package-123456789" rev="98" vrev="98" srcmd5="496e98f8fb1727d67dd157570c495b12">
          <linkinfo project="foo_project" package="bar_package" srcmd5="1622d6ccbda325416967637427d4d6bd" baserev="1622d6ccbda325416967637427d4d6bd" xsrcmd5="b2eb3bcabb77ca950a57e839f0762fd5" lsrcmd5="496e98f8fb1727d67dd157570c495b12"/>
          <serviceinfo code="succeeded" xsrcmd5="06e5937dc525a2ca35ab7ce84f360367"/>
          <entry name="_branch_request" md5="1ecf0e682a06f24b71446f85ff3bd803" size="110" mtime="1642597686"/>
          <entry name="_config" md5="66b208da81182aa499b866bda67d9af1" size="67" mtime="1642674741"/>
          <entry name="_link" md5="d4fbec01018bf860ce2941667b16d68e" size="141" mtime="1642674742"/>
          <entry name="somefile.txt" md5="dce390ab6bb6d1b4fba89260358a7287" size="65" mtime="1642674741"/>
        </directory>
  recorded_at: Thu, 20 Jan 2022 10:32:22 GMT
- request:
    method: get
    uri: http://backend:5352/source/home:Iggy/bar_package-123456789
    body:
      encoding: US-ASCII
      string: ''
    headers:
      Accept-Encoding:
      - gzip;q=1.0,deflate;q=0.6,identity;q=0.3
      Accept:
      - "*/*"
      User-Agent:
      - Ruby
  response:
    status:
      code: 200
      message: OK
    headers:
      Content-Type:
      - text/xml
      Cache-Control:
      - no-cache
      Connection:
      - close
      Content-Length:
      - '810'
    body:
      encoding: UTF-8
      string: |
        <directory name="bar_package-123456789" rev="98" vrev="98" srcmd5="496e98f8fb1727d67dd157570c495b12">
          <linkinfo project="foo_project" package="bar_package" srcmd5="1622d6ccbda325416967637427d4d6bd" baserev="1622d6ccbda325416967637427d4d6bd" xsrcmd5="b2eb3bcabb77ca950a57e839f0762fd5" lsrcmd5="496e98f8fb1727d67dd157570c495b12"/>
          <serviceinfo code="succeeded" xsrcmd5="06e5937dc525a2ca35ab7ce84f360367"/>
          <entry name="_branch_request" md5="1ecf0e682a06f24b71446f85ff3bd803" size="110" mtime="1642597686"/>
          <entry name="_config" md5="66b208da81182aa499b866bda67d9af1" size="67" mtime="1642674741"/>
          <entry name="_link" md5="d4fbec01018bf860ce2941667b16d68e" size="141" mtime="1642674742"/>
          <entry name="somefile.txt" md5="dce390ab6bb6d1b4fba89260358a7287" size="65" mtime="1642674741"/>
        </directory>
  recorded_at: Thu, 20 Jan 2022 10:32:22 GMT
- request:
    method: get
    uri: http://backend:5352/source/home:Iggy/bar_package-123456789
    body:
      encoding: US-ASCII
      string: ''
    headers:
      Accept-Encoding:
      - gzip;q=1.0,deflate;q=0.6,identity;q=0.3
      Accept:
      - "*/*"
      User-Agent:
      - Ruby
  response:
    status:
      code: 200
      message: OK
    headers:
      Content-Type:
      - text/xml
      Cache-Control:
      - no-cache
      Connection:
      - close
      Content-Length:
      - '810'
    body:
      encoding: UTF-8
      string: |
        <directory name="bar_package-123456789" rev="98" vrev="98" srcmd5="496e98f8fb1727d67dd157570c495b12">
          <linkinfo project="foo_project" package="bar_package" srcmd5="1622d6ccbda325416967637427d4d6bd" baserev="1622d6ccbda325416967637427d4d6bd" xsrcmd5="b2eb3bcabb77ca950a57e839f0762fd5" lsrcmd5="496e98f8fb1727d67dd157570c495b12"/>
          <serviceinfo code="succeeded" xsrcmd5="06e5937dc525a2ca35ab7ce84f360367"/>
          <entry name="_branch_request" md5="1ecf0e682a06f24b71446f85ff3bd803" size="110" mtime="1642597686"/>
          <entry name="_config" md5="66b208da81182aa499b866bda67d9af1" size="67" mtime="1642674741"/>
          <entry name="_link" md5="d4fbec01018bf860ce2941667b16d68e" size="141" mtime="1642674742"/>
          <entry name="somefile.txt" md5="dce390ab6bb6d1b4fba89260358a7287" size="65" mtime="1642674741"/>
        </directory>
  recorded_at: Thu, 20 Jan 2022 10:32:22 GMT
- request:
    method: get
    uri: http://backend:5352/source/home:Iggy/bar_package-123456789
    body:
      encoding: US-ASCII
      string: ''
    headers:
      Accept-Encoding:
      - gzip;q=1.0,deflate;q=0.6,identity;q=0.3
      Accept:
      - "*/*"
      User-Agent:
      - Ruby
  response:
    status:
      code: 200
      message: OK
    headers:
      Content-Type:
      - text/xml
      Cache-Control:
      - no-cache
      Connection:
      - close
      Content-Length:
      - '810'
    body:
      encoding: UTF-8
      string: |
        <directory name="bar_package-123456789" rev="98" vrev="98" srcmd5="496e98f8fb1727d67dd157570c495b12">
          <linkinfo project="foo_project" package="bar_package" srcmd5="1622d6ccbda325416967637427d4d6bd" baserev="1622d6ccbda325416967637427d4d6bd" xsrcmd5="b2eb3bcabb77ca950a57e839f0762fd5" lsrcmd5="496e98f8fb1727d67dd157570c495b12"/>
          <serviceinfo code="succeeded" xsrcmd5="06e5937dc525a2ca35ab7ce84f360367"/>
          <entry name="_branch_request" md5="1ecf0e682a06f24b71446f85ff3bd803" size="110" mtime="1642597686"/>
          <entry name="_config" md5="66b208da81182aa499b866bda67d9af1" size="67" mtime="1642674741"/>
          <entry name="_link" md5="d4fbec01018bf860ce2941667b16d68e" size="141" mtime="1642674742"/>
          <entry name="somefile.txt" md5="dce390ab6bb6d1b4fba89260358a7287" size="65" mtime="1642674741"/>
        </directory>
  recorded_at: Thu, 20 Jan 2022 10:32:22 GMT
- request:
    method: get
    uri: http://backend:5352/source/home:Iggy/bar_package-123456789
    body:
      encoding: US-ASCII
      string: ''
    headers:
      Accept-Encoding:
      - gzip;q=1.0,deflate;q=0.6,identity;q=0.3
      Accept:
      - "*/*"
      User-Agent:
      - Ruby
  response:
    status:
      code: 200
      message: OK
    headers:
      Content-Type:
      - text/xml
      Cache-Control:
      - no-cache
      Connection:
      - close
      Content-Length:
      - '810'
    body:
      encoding: UTF-8
      string: |
        <directory name="bar_package-123456789" rev="98" vrev="98" srcmd5="496e98f8fb1727d67dd157570c495b12">
          <linkinfo project="foo_project" package="bar_package" srcmd5="1622d6ccbda325416967637427d4d6bd" baserev="1622d6ccbda325416967637427d4d6bd" xsrcmd5="b2eb3bcabb77ca950a57e839f0762fd5" lsrcmd5="496e98f8fb1727d67dd157570c495b12"/>
          <serviceinfo code="succeeded" xsrcmd5="06e5937dc525a2ca35ab7ce84f360367"/>
          <entry name="_branch_request" md5="1ecf0e682a06f24b71446f85ff3bd803" size="110" mtime="1642597686"/>
          <entry name="_config" md5="66b208da81182aa499b866bda67d9af1" size="67" mtime="1642674741"/>
          <entry name="_link" md5="d4fbec01018bf860ce2941667b16d68e" size="141" mtime="1642674742"/>
          <entry name="somefile.txt" md5="dce390ab6bb6d1b4fba89260358a7287" size="65" mtime="1642674741"/>
        </directory>
  recorded_at: Thu, 20 Jan 2022 10:32:22 GMT
- request:
    method: get
    uri: http://backend:5352/source/home:Iggy/bar_package-123456789
    body:
      encoding: US-ASCII
      string: ''
    headers:
      Accept-Encoding:
      - gzip;q=1.0,deflate;q=0.6,identity;q=0.3
      Accept:
      - "*/*"
      User-Agent:
      - Ruby
  response:
    status:
      code: 200
      message: OK
    headers:
      Content-Type:
      - text/xml
      Cache-Control:
      - no-cache
      Connection:
      - close
      Content-Length:
      - '810'
    body:
      encoding: UTF-8
      string: |
        <directory name="bar_package-123456789" rev="98" vrev="98" srcmd5="496e98f8fb1727d67dd157570c495b12">
          <linkinfo project="foo_project" package="bar_package" srcmd5="1622d6ccbda325416967637427d4d6bd" baserev="1622d6ccbda325416967637427d4d6bd" xsrcmd5="b2eb3bcabb77ca950a57e839f0762fd5" lsrcmd5="496e98f8fb1727d67dd157570c495b12"/>
          <serviceinfo code="succeeded" xsrcmd5="06e5937dc525a2ca35ab7ce84f360367"/>
          <entry name="_branch_request" md5="1ecf0e682a06f24b71446f85ff3bd803" size="110" mtime="1642597686"/>
          <entry name="_config" md5="66b208da81182aa499b866bda67d9af1" size="67" mtime="1642674741"/>
          <entry name="_link" md5="d4fbec01018bf860ce2941667b16d68e" size="141" mtime="1642674742"/>
          <entry name="somefile.txt" md5="dce390ab6bb6d1b4fba89260358a7287" size="65" mtime="1642674741"/>
        </directory>
  recorded_at: Thu, 20 Jan 2022 10:32:22 GMT
- request:
    method: get
    uri: http://backend:5352/source/home:Iggy/bar_package-123456789
    body:
      encoding: US-ASCII
      string: ''
    headers:
      Accept-Encoding:
      - gzip;q=1.0,deflate;q=0.6,identity;q=0.3
      Accept:
      - "*/*"
      User-Agent:
      - Ruby
  response:
    status:
      code: 200
      message: OK
    headers:
      Content-Type:
      - text/xml
      Cache-Control:
      - no-cache
      Connection:
      - close
      Content-Length:
      - '810'
    body:
      encoding: UTF-8
      string: |
        <directory name="bar_package-123456789" rev="98" vrev="98" srcmd5="496e98f8fb1727d67dd157570c495b12">
          <linkinfo project="foo_project" package="bar_package" srcmd5="1622d6ccbda325416967637427d4d6bd" baserev="1622d6ccbda325416967637427d4d6bd" xsrcmd5="b2eb3bcabb77ca950a57e839f0762fd5" lsrcmd5="496e98f8fb1727d67dd157570c495b12"/>
          <serviceinfo code="succeeded" xsrcmd5="06e5937dc525a2ca35ab7ce84f360367"/>
          <entry name="_branch_request" md5="1ecf0e682a06f24b71446f85ff3bd803" size="110" mtime="1642597686"/>
          <entry name="_config" md5="66b208da81182aa499b866bda67d9af1" size="67" mtime="1642674741"/>
          <entry name="_link" md5="d4fbec01018bf860ce2941667b16d68e" size="141" mtime="1642674742"/>
          <entry name="somefile.txt" md5="dce390ab6bb6d1b4fba89260358a7287" size="65" mtime="1642674741"/>
        </directory>
  recorded_at: Thu, 20 Jan 2022 10:32:22 GMT
recorded_with: VCR 6.0.0
