---
http_interactions:
- request:
    method: put
    uri: http://backend:5352/source/home:Iggy/_meta?user=Iggy
    body:
      encoding: UTF-8
      string: |
        <project name="home:Iggy">
          <title/>
          <description/>
          <person userid="Iggy" role="maintainer"/>
        </project>
    headers:
      Accept-Encoding:
      - gzip;q=1.0,deflate;q=0.6,identity;q=0.3
      Accept:
      - "*/*"
      User-Agent:
      - Ruby
  response:
    status:
      code: 200
      message: OK
    headers:
      Content-Type:
      - text/xml
      Cache-Control:
      - no-cache
      Connection:
      - close
      Content-Length:
      - '130'
    body:
      encoding: UTF-8
      string: |
        <project name="home:Iggy">
          <title></title>
          <description></description>
          <person userid="Iggy" role="maintainer"/>
        </project>
  recorded_at: Thu, 20 Jan 2022 10:32:25 GMT
- request:
    method: put
    uri: http://backend:5352/source/foo_project/_meta?user=user_244
    body:
      encoding: UTF-8
      string: |
        <project name="foo_project">
          <title>Of Human Bondage</title>
          <description/>
          <person userid="Iggy" role="maintainer"/>
        </project>
    headers:
      Accept-Encoding:
      - gzip;q=1.0,deflate;q=0.6,identity;q=0.3
      Accept:
      - "*/*"
      User-Agent:
      - Ruby
  response:
    status:
      code: 200
      message: OK
    headers:
      Content-Type:
      - text/xml
      Cache-Control:
      - no-cache
      Connection:
      - close
      Content-Length:
      - '148'
    body:
      encoding: UTF-8
      string: |
        <project name="foo_project">
          <title>Of Human Bondage</title>
          <description></description>
          <person userid="Iggy" role="maintainer"/>
        </project>
  recorded_at: Thu, 20 Jan 2022 10:32:25 GMT
- request:
    method: put
    uri: http://backend:5352/source/foo_project/bar_package/_meta?user=user_245
    body:
      encoding: UTF-8
      string: |
        <package name="bar_package" project="foo_project">
          <title>A Swiftly Tilting Planet</title>
          <description>Est explicabo non sed.</description>
        </package>
    headers:
      Accept-Encoding:
      - gzip;q=1.0,deflate;q=0.6,identity;q=0.3
      Accept:
      - "*/*"
      User-Agent:
      - Ruby
  response:
    status:
      code: 200
      message: OK
    headers:
      Content-Type:
      - text/xml
      Cache-Control:
      - no-cache
      Connection:
      - close
      Content-Length:
      - '156'
    body:
      encoding: UTF-8
      string: |
        <package name="bar_package" project="foo_project">
          <title>A Swiftly Tilting Planet</title>
          <description>Est explicabo non sed.</description>
        </package>
  recorded_at: Thu, 20 Jan 2022 10:32:25 GMT
- request:
    method: put
    uri: http://backend:5352/source/foo_project/bar_package/_config
    body:
      encoding: UTF-8
      string: Odio sit architecto. Fugit aliquam harum. Hic est quae.
    headers:
      Accept-Encoding:
      - gzip;q=1.0,deflate;q=0.6,identity;q=0.3
      Accept:
      - "*/*"
      User-Agent:
      - Ruby
  response:
    status:
      code: 200
      message: OK
    headers:
      Content-Type:
      - text/xml
      Cache-Control:
      - no-cache
      Connection:
      - close
      Content-Length:
      - '213'
    body:
      encoding: UTF-8
      string: |
        <revision rev="1625" vrev="1625">
          <srcmd5>eff09ef7ba421c7b6c4f07c4ab0db4f7</srcmd5>
          <version>unknown</version>
          <time>1642674745</time>
          <user>unknown</user>
          <comment></comment>
          <requestid/>
        </revision>
  recorded_at: Thu, 20 Jan 2022 10:32:25 GMT
- request:
    method: put
    uri: http://backend:5352/source/foo_project/bar_package/somefile.txt
    body:
      encoding: UTF-8
      string: Voluptates est deleniti. Praesentium incidunt dicta. Vel sint vitae.
    headers:
      Accept-Encoding:
      - gzip;q=1.0,deflate;q=0.6,identity;q=0.3
      Accept:
      - "*/*"
      User-Agent:
      - Ruby
  response:
    status:
      code: 200
      message: OK
    headers:
      Content-Type:
      - text/xml
      Cache-Control:
      - no-cache
      Connection:
      - close
      Content-Length:
      - '213'
    body:
      encoding: UTF-8
      string: |
        <revision rev="1626" vrev="1626">
          <srcmd5>af5f94558e1fbf504c48764c0e5bb9ef</srcmd5>
          <version>unknown</version>
          <time>1642674745</time>
          <user>unknown</user>
          <comment></comment>
          <requestid/>
        </revision>
  recorded_at: Thu, 20 Jan 2022 10:32:25 GMT
- request:
    method: post
    uri: http://backend:5352/search/package/id?match=(linkinfo/@package=%22bar_package%22%20and%20linkinfo/@project=%22foo_project%22%20and%20@project=%22foo_project%22)
    body:
      encoding: UTF-8
      string: ''
    headers:
      Content-Type:
      - application/octet-stream
      Accept-Encoding:
      - gzip;q=1.0,deflate;q=0.6,identity;q=0.3
      Accept:
      - "*/*"
      User-Agent:
      - Ruby
  response:
    status:
      code: 200
      message: OK
    headers:
      Content-Type:
      - text/xml
      Cache-Control:
      - no-cache
      Connection:
      - close
      Content-Length:
      - '27'
    body:
      encoding: UTF-8
      string: |
        <collection>
        </collection>
  recorded_at: Thu, 20 Jan 2022 10:32:25 GMT
- request:
    method: put
    uri: http://backend:5352/source/home:Iggy/bar_package-123456789/_meta?user=Iggy
    body:
      encoding: UTF-8
      string: |
        <package name="bar_package-123456789" project="home:Iggy">
          <title>A Swiftly Tilting Planet</title>
          <description>Est explicabo non sed.</description>
        </package>
    headers:
      Accept-Encoding:
      - gzip;q=1.0,deflate;q=0.6,identity;q=0.3
      Accept:
      - "*/*"
      User-Agent:
      - Ruby
  response:
    status:
      code: 200
      message: OK
    headers:
      Content-Type:
      - text/xml
      Cache-Control:
      - no-cache
      Connection:
      - close
      Content-Length:
      - '164'
    body:
      encoding: UTF-8
      string: |
        <package name="bar_package-123456789" project="home:Iggy">
          <title>A Swiftly Tilting Planet</title>
          <description>Est explicabo non sed.</description>
        </package>
  recorded_at: Thu, 20 Jan 2022 10:32:25 GMT
- request:
    method: post
    uri: http://backend:5352/source/home:Iggy/bar_package-123456789?cmd=branch&noservice=1&opackage=bar_package&oproject=foo_project&user=Iggy
    body:
      encoding: UTF-8
      string: ''
    headers:
      Content-Type:
      - application/octet-stream
      Accept-Encoding:
      - gzip;q=1.0,deflate;q=0.6,identity;q=0.3
      Accept:
      - "*/*"
      User-Agent:
      - Ruby
  response:
    status:
      code: 200
      message: OK
    headers:
      Content-Type:
      - text/xml
      Cache-Control:
      - no-cache
      Connection:
      - close
      Content-Length:
      - '208'
    body:
      encoding: UTF-8
      string: |
        <revision rev="103" vrev="103">
          <srcmd5>2aebac70cd6958069b79dba54a255328</srcmd5>
          <version>unknown</version>
          <time>1642674745</time>
          <user>Iggy</user>
          <comment></comment>
          <requestid/>
        </revision>
  recorded_at: Thu, 20 Jan 2022 10:32:25 GMT
- request:
    method: put
    uri: http://backend:5352/source/home:Iggy/bar_package-123456789/_meta?user=Iggy
    body:
      encoding: UTF-8
      string: |
        <package name="bar_package-123456789" project="home:Iggy">
          <title>A Swiftly Tilting Planet</title>
          <description>Est explicabo non sed.</description>
        </package>
    headers:
      Accept-Encoding:
      - gzip;q=1.0,deflate;q=0.6,identity;q=0.3
      Accept:
      - "*/*"
      User-Agent:
      - Ruby
  response:
    status:
      code: 200
      message: OK
    headers:
      Content-Type:
      - text/xml
      Cache-Control:
      - no-cache
      Connection:
      - close
      Content-Length:
      - '164'
    body:
      encoding: UTF-8
      string: |
        <package name="bar_package-123456789" project="home:Iggy">
          <title>A Swiftly Tilting Planet</title>
          <description>Est explicabo non sed.</description>
        </package>
  recorded_at: Thu, 20 Jan 2022 10:32:25 GMT
- request:
    method: get
    uri: http://backend:5352/source/home:Iggy/bar_package-123456789
    body:
      encoding: US-ASCII
      string: ''
    headers:
      Accept-Encoding:
      - gzip;q=1.0,deflate;q=0.6,identity;q=0.3
      Accept:
      - "*/*"
      User-Agent:
      - Ruby
  response:
    status:
      code: 200
      message: OK
    headers:
      Content-Type:
      - text/xml
      Cache-Control:
      - no-cache
      Connection:
      - close
      Content-Length:
      - '735'
    body:
      encoding: UTF-8
      string: |
        <directory name="bar_package-123456789" rev="103" vrev="103" srcmd5="2aebac70cd6958069b79dba54a255328">
          <linkinfo project="foo_project" package="bar_package" srcmd5="af5f94558e1fbf504c48764c0e5bb9ef" baserev="af5f94558e1fbf504c48764c0e5bb9ef" xsrcmd5="a407afbeb8b81bfaabe7866853748db0" lsrcmd5="2aebac70cd6958069b79dba54a255328"/>
          <entry name="_branch_request" md5="aea524cf047993d430e69b477e07f3df" size="114" mtime="1642597680"/>
          <entry name="_config" md5="bfcc340ad6ab85627caa1f67b3c29016" size="55" mtime="1642674745"/>
          <entry name="_link" md5="208e692b043222ca740527a8b9f5e86b" size="141" mtime="1642674745"/>
          <entry name="somefile.txt" md5="c40ed9c7a843addd7b18d06bbc6e8400" size="68" mtime="1642674745"/>
        </directory>
  recorded_at: Thu, 20 Jan 2022 10:32:25 GMT
- request:
    method: get
    uri: http://backend:5352/source/home:Iggy/bar_package-123456789?view=info
    body:
      encoding: US-ASCII
      string: ''
    headers:
      Accept-Encoding:
      - gzip;q=1.0,deflate;q=0.6,identity;q=0.3
      Accept:
      - "*/*"
      User-Agent:
      - Ruby
  response:
    status:
      code: 200
      message: OK
    headers:
      Content-Type:
      - text/xml
      Cache-Control:
      - no-cache
      Connection:
      - close
      Content-Length:
      - '343'
    body:
      encoding: UTF-8
      string: |
        <sourceinfo package="bar_package-123456789" rev="103" vrev="1729" srcmd5="a407afbeb8b81bfaabe7866853748db0" lsrcmd5="2aebac70cd6958069b79dba54a255328" verifymd5="af5f94558e1fbf504c48764c0e5bb9ef">
          <error>bad build configuration, no build type defined or detected</error>
          <linked project="foo_project" package="bar_package"/>
        </sourceinfo>
  recorded_at: Thu, 20 Jan 2022 10:32:25 GMT
- request:
    method: get
    uri: http://backend:5352/source/home:Iggy/bar_package-123456789
    body:
      encoding: US-ASCII
      string: ''
    headers:
      Accept-Encoding:
      - gzip;q=1.0,deflate;q=0.6,identity;q=0.3
      Accept:
      - "*/*"
      User-Agent:
      - Ruby
  response:
    status:
      code: 200
      message: OK
    headers:
      Content-Type:
      - text/xml
      Cache-Control:
      - no-cache
      Connection:
      - close
      Content-Length:
      - '735'
    body:
      encoding: UTF-8
      string: |
        <directory name="bar_package-123456789" rev="103" vrev="103" srcmd5="2aebac70cd6958069b79dba54a255328">
          <linkinfo project="foo_project" package="bar_package" srcmd5="af5f94558e1fbf504c48764c0e5bb9ef" baserev="af5f94558e1fbf504c48764c0e5bb9ef" xsrcmd5="a407afbeb8b81bfaabe7866853748db0" lsrcmd5="2aebac70cd6958069b79dba54a255328"/>
          <entry name="_branch_request" md5="aea524cf047993d430e69b477e07f3df" size="114" mtime="1642597680"/>
          <entry name="_config" md5="bfcc340ad6ab85627caa1f67b3c29016" size="55" mtime="1642674745"/>
          <entry name="_link" md5="208e692b043222ca740527a8b9f5e86b" size="141" mtime="1642674745"/>
          <entry name="somefile.txt" md5="c40ed9c7a843addd7b18d06bbc6e8400" size="68" mtime="1642674745"/>
        </directory>
  recorded_at: Thu, 20 Jan 2022 10:32:25 GMT
- request:
    method: post
    uri: http://backend:5352/source/home:Iggy/bar_package-123456789?cmd=diff&linkrev=base&onlyissues=1&orev=0&view=xml
    body:
      encoding: UTF-8
      string: ''
    headers:
      Content-Type:
      - application/octet-stream
      Accept-Encoding:
      - gzip;q=1.0,deflate;q=0.6,identity;q=0.3
      Accept:
      - "*/*"
      User-Agent:
      - Ruby
  response:
    status:
      code: 200
      message: OK
    headers:
      Content-Type:
      - text/xml
      Cache-Control:
      - no-cache
      Connection:
      - close
      Content-Length:
      - '324'
    body:
      encoding: UTF-8
      string: |
        <sourcediff key="55206094b118f6ca65ef944f80d01466">
          <old project="home:Iggy" package="bar_package-123456789" rev="0" srcmd5="d41d8cd98f00b204e9800998ecf8427e"/>
          <new project="home:Iggy" package="bar_package-123456789" rev="103" srcmd5="2aebac70cd6958069b79dba54a255328"/>
          <files/>
          <issues>
          </issues>
        </sourcediff>
  recorded_at: Thu, 20 Jan 2022 10:32:25 GMT
- request:
    method: post
    uri: http://backend:5352/source/home:Iggy/bar_package-123456789?cmd=linkdiff&linkrev=base&onlyissues=1&view=xml
    body:
      encoding: UTF-8
      string: ''
    headers:
      Content-Type:
      - application/octet-stream
      Accept-Encoding:
      - gzip;q=1.0,deflate;q=0.6,identity;q=0.3
      Accept:
      - "*/*"
      User-Agent:
      - Ruby
  response:
    status:
      code: 200
      message: OK
    headers:
      Content-Type:
      - text/xml
      Cache-Control:
      - no-cache
      Connection:
      - close
      Content-Length:
      - '376'
    body:
      encoding: UTF-8
      string: |
        <sourcediff key="2d4258473c5d6c48f8592fdffcea9f81">
          <old project="foo_project" package="bar_package" rev="af5f94558e1fbf504c48764c0e5bb9ef" srcmd5="af5f94558e1fbf504c48764c0e5bb9ef"/>
          <new project="home:Iggy" package="bar_package-123456789" rev="a407afbeb8b81bfaabe7866853748db0" srcmd5="a407afbeb8b81bfaabe7866853748db0"/>
          <files/>
          <issues>
          </issues>
        </sourcediff>
  recorded_at: Thu, 20 Jan 2022 10:32:25 GMT
- request:
    method: put
    uri: http://backend:5352/source/home:Iggy/_meta?user=Iggy
    body:
      encoding: UTF-8
      string: |
        <project name="home:Iggy">
          <title/>
          <description/>
          <person userid="Iggy" role="maintainer"/>
          <repository name="openSUSE_Tumbleweed">
            <arch>x86_64</arch>
          </repository>
          <repository name="Unicorn_123">
            <arch>x86_64</arch>
            <arch>i586</arch>
            <arch>ppc</arch>
            <arch>aarch64</arch>
          </repository>
        </project>
    headers:
      Accept-Encoding:
      - gzip;q=1.0,deflate;q=0.6,identity;q=0.3
      Accept:
      - "*/*"
      User-Agent:
      - Ruby
  response:
    status:
      code: 200
      message: OK
    headers:
      Content-Type:
      - text/xml
      Cache-Control:
      - no-cache
      Connection:
      - close
      Content-Length:
      - '354'
    body:
      encoding: UTF-8
      string: |
        <project name="home:Iggy">
          <title></title>
          <description></description>
          <person userid="Iggy" role="maintainer"/>
          <repository name="openSUSE_Tumbleweed">
            <arch>x86_64</arch>
          </repository>
          <repository name="Unicorn_123">
            <arch>x86_64</arch>
            <arch>i586</arch>
            <arch>ppc</arch>
            <arch>aarch64</arch>
          </repository>
        </project>
  recorded_at: Thu, 20 Jan 2022 10:32:25 GMT
- request:
    method: put
    uri: http://backend:5352/source/home:Iggy/bar_package-123456789/_branch_request?user=Iggy
    body:
      encoding: UTF-8
      string: '{"object_kind":null,"project":{"http_url":null},"object_attributes":{"source":{"default_branch":"123456789"}}}'
    headers:
      Accept-Encoding:
      - gzip;q=1.0,deflate;q=0.6,identity;q=0.3
      Accept:
      - "*/*"
      User-Agent:
      - Ruby
  response:
    status:
      code: 200
      message: OK
    headers:
      Content-Type:
      - text/xml
      Cache-Control:
      - no-cache
      Connection:
      - close
      Content-Length:
      - '208'
    body:
      encoding: UTF-8
      string: |
        <revision rev="104" vrev="104">
          <srcmd5>cdb48c08d4553092b0b6a8a9f0bd50f6</srcmd5>
          <version>unknown</version>
          <time>1642674746</time>
          <user>Iggy</user>
          <comment></comment>
          <requestid/>
        </revision>
  recorded_at: Thu, 20 Jan 2022 10:32:26 GMT
- request:
    method: put
    uri: http://backend:5352/source/home:Iggy/bar_package-123456789/_meta?user=Iggy
    body:
      encoding: UTF-8
      string: |
        <package name="bar_package-123456789" project="home:Iggy">
          <title>A Swiftly Tilting Planet</title>
          <description>Est explicabo non sed.</description>
        </package>
    headers:
      Accept-Encoding:
      - gzip;q=1.0,deflate;q=0.6,identity;q=0.3
      Accept:
      - "*/*"
      User-Agent:
      - Ruby
  response:
    status:
      code: 200
      message: OK
    headers:
      Content-Type:
      - text/xml
      Cache-Control:
      - no-cache
      Connection:
      - close
      Content-Length:
      - '164'
    body:
      encoding: UTF-8
      string: |
        <package name="bar_package-123456789" project="home:Iggy">
          <title>A Swiftly Tilting Planet</title>
          <description>Est explicabo non sed.</description>
        </package>
  recorded_at: Thu, 20 Jan 2022 10:32:26 GMT
- request:
    method: get
    uri: http://backend:5352/source/home:Iggy/bar_package-123456789
    body:
      encoding: US-ASCII
      string: ''
    headers:
      Accept-Encoding:
      - gzip;q=1.0,deflate;q=0.6,identity;q=0.3
      Accept:
      - "*/*"
      User-Agent:
      - Ruby
  response:
    status:
      code: 200
      message: OK
    headers:
      Content-Type:
      - text/xml
      Cache-Control:
      - no-cache
      Connection:
      - close
      Content-Length:
      - '812'
    body:
      encoding: UTF-8
      string: |
        <directory name="bar_package-123456789" rev="104" vrev="104" srcmd5="cdb48c08d4553092b0b6a8a9f0bd50f6">
          <linkinfo project="foo_project" package="bar_package" srcmd5="af5f94558e1fbf504c48764c0e5bb9ef" baserev="af5f94558e1fbf504c48764c0e5bb9ef" xsrcmd5="103b075d5cc0570b9d3685d85bf34b10" lsrcmd5="cdb48c08d4553092b0b6a8a9f0bd50f6"/>
          <serviceinfo code="succeeded" xsrcmd5="a2a338684d71cfd9b1528f13a5c449f5"/>
          <entry name="_branch_request" md5="1ecf0e682a06f24b71446f85ff3bd803" size="110" mtime="1642597686"/>
          <entry name="_config" md5="bfcc340ad6ab85627caa1f67b3c29016" size="55" mtime="1642674745"/>
          <entry name="_link" md5="208e692b043222ca740527a8b9f5e86b" size="141" mtime="1642674745"/>
          <entry name="somefile.txt" md5="c40ed9c7a843addd7b18d06bbc6e8400" size="68" mtime="1642674745"/>
        </directory>
  recorded_at: Thu, 20 Jan 2022 10:32:26 GMT
- request:
    method: get
    uri: http://backend:5352/source/home:Iggy/bar_package-123456789?view=info
    body:
      encoding: US-ASCII
      string: ''
    headers:
      Accept-Encoding:
      - gzip;q=1.0,deflate;q=0.6,identity;q=0.3
      Accept:
      - "*/*"
      User-Agent:
      - Ruby
  response:
    status:
      code: 200
      message: OK
    headers:
      Content-Type:
      - text/xml
      Cache-Control:
      - no-cache
      Connection:
      - close
      Content-Length:
      - '343'
    body:
      encoding: UTF-8
      string: |
        <sourceinfo package="bar_package-123456789" rev="104" vrev="1730" srcmd5="6e450fc2c8b2c0c3dbb6ae6d71a98bb1" lsrcmd5="a2a338684d71cfd9b1528f13a5c449f5" verifymd5="aca250f18436f68b1be8c33d26cf5fe6">
          <error>bad build configuration, no build type defined or detected</error>
          <linked project="foo_project" package="bar_package"/>
        </sourceinfo>
  recorded_at: Thu, 20 Jan 2022 10:32:26 GMT
- request:
    method: get
    uri: http://backend:5352/source/home:Iggy/bar_package-123456789
    body:
      encoding: US-ASCII
      string: ''
    headers:
      Accept-Encoding:
      - gzip;q=1.0,deflate;q=0.6,identity;q=0.3
      Accept:
      - "*/*"
      User-Agent:
      - Ruby
  response:
    status:
      code: 200
      message: OK
    headers:
      Content-Type:
      - text/xml
      Cache-Control:
      - no-cache
      Connection:
      - close
      Content-Length:
      - '812'
    body:
      encoding: UTF-8
      string: |
        <directory name="bar_package-123456789" rev="104" vrev="104" srcmd5="cdb48c08d4553092b0b6a8a9f0bd50f6">
          <linkinfo project="foo_project" package="bar_package" srcmd5="af5f94558e1fbf504c48764c0e5bb9ef" baserev="af5f94558e1fbf504c48764c0e5bb9ef" xsrcmd5="103b075d5cc0570b9d3685d85bf34b10" lsrcmd5="cdb48c08d4553092b0b6a8a9f0bd50f6"/>
          <serviceinfo code="succeeded" xsrcmd5="a2a338684d71cfd9b1528f13a5c449f5"/>
          <entry name="_branch_request" md5="1ecf0e682a06f24b71446f85ff3bd803" size="110" mtime="1642597686"/>
          <entry name="_config" md5="bfcc340ad6ab85627caa1f67b3c29016" size="55" mtime="1642674745"/>
          <entry name="_link" md5="208e692b043222ca740527a8b9f5e86b" size="141" mtime="1642674745"/>
          <entry name="somefile.txt" md5="c40ed9c7a843addd7b18d06bbc6e8400" size="68" mtime="1642674745"/>
        </directory>
  recorded_at: Thu, 20 Jan 2022 10:32:26 GMT
- request:
    method: post
    uri: http://backend:5352/source/home:Iggy/bar_package-123456789?cmd=diff&linkrev=base&onlyissues=1&orev=0&view=xml
    body:
      encoding: UTF-8
      string: ''
    headers:
      Content-Type:
      - application/octet-stream
      Accept-Encoding:
      - gzip;q=1.0,deflate;q=0.6,identity;q=0.3
      Accept:
      - "*/*"
      User-Agent:
      - Ruby
  response:
    status:
      code: 200
      message: OK
    headers:
      Content-Type:
      - text/xml
      Cache-Control:
      - no-cache
      Connection:
      - close
      Content-Length:
      - '324'
    body:
      encoding: UTF-8
      string: |
        <sourcediff key="cac1d949410bce8a7bed653ba518243f">
          <old project="home:Iggy" package="bar_package-123456789" rev="0" srcmd5="d41d8cd98f00b204e9800998ecf8427e"/>
          <new project="home:Iggy" package="bar_package-123456789" rev="104" srcmd5="cdb48c08d4553092b0b6a8a9f0bd50f6"/>
          <files/>
          <issues>
          </issues>
        </sourcediff>
  recorded_at: Thu, 20 Jan 2022 10:32:26 GMT
- request:
    method: post
    uri: http://backend:5352/source/home:Iggy/bar_package-123456789?cmd=linkdiff&linkrev=base&onlyissues=1&view=xml
    body:
      encoding: UTF-8
      string: ''
    headers:
      Content-Type:
      - application/octet-stream
      Accept-Encoding:
      - gzip;q=1.0,deflate;q=0.6,identity;q=0.3
      Accept:
      - "*/*"
      User-Agent:
      - Ruby
  response:
    status:
      code: 200
      message: OK
    headers:
      Content-Type:
      - text/xml
      Cache-Control:
      - no-cache
      Connection:
      - close
      Content-Length:
      - '376'
    body:
      encoding: UTF-8
      string: |
        <sourcediff key="1f85d90df5a3e597758d2c4299f757fa">
          <old project="foo_project" package="bar_package" rev="af5f94558e1fbf504c48764c0e5bb9ef" srcmd5="af5f94558e1fbf504c48764c0e5bb9ef"/>
          <new project="home:Iggy" package="bar_package-123456789" rev="6e450fc2c8b2c0c3dbb6ae6d71a98bb1" srcmd5="6e450fc2c8b2c0c3dbb6ae6d71a98bb1"/>
          <files/>
          <issues>
          </issues>
        </sourcediff>
  recorded_at: Thu, 20 Jan 2022 10:32:26 GMT
- request:
    method: get
    uri: http://backend:5352/source/home:Iggy/bar_package-123456789
    body:
      encoding: US-ASCII
      string: ''
    headers:
      Accept-Encoding:
      - gzip;q=1.0,deflate;q=0.6,identity;q=0.3
      Accept:
      - "*/*"
      User-Agent:
      - Ruby
  response:
    status:
      code: 200
      message: OK
    headers:
      Content-Type:
      - text/xml
      Cache-Control:
      - no-cache
      Connection:
      - close
      Content-Length:
      - '812'
    body:
      encoding: UTF-8
      string: |
        <directory name="bar_package-123456789" rev="104" vrev="104" srcmd5="cdb48c08d4553092b0b6a8a9f0bd50f6">
          <linkinfo project="foo_project" package="bar_package" srcmd5="af5f94558e1fbf504c48764c0e5bb9ef" baserev="af5f94558e1fbf504c48764c0e5bb9ef" xsrcmd5="103b075d5cc0570b9d3685d85bf34b10" lsrcmd5="cdb48c08d4553092b0b6a8a9f0bd50f6"/>
          <serviceinfo code="succeeded" xsrcmd5="a2a338684d71cfd9b1528f13a5c449f5"/>
          <entry name="_branch_request" md5="1ecf0e682a06f24b71446f85ff3bd803" size="110" mtime="1642597686"/>
          <entry name="_config" md5="bfcc340ad6ab85627caa1f67b3c29016" size="55" mtime="1642674745"/>
          <entry name="_link" md5="208e692b043222ca740527a8b9f5e86b" size="141" mtime="1642674745"/>
          <entry name="somefile.txt" md5="c40ed9c7a843addd7b18d06bbc6e8400" size="68" mtime="1642674745"/>
        </directory>
  recorded_at: Thu, 20 Jan 2022 10:32:26 GMT
- request:
    method: get
    uri: http://backend:5352/source/home:Iggy/bar_package-123456789
    body:
      encoding: US-ASCII
      string: ''
    headers:
      Accept-Encoding:
      - gzip;q=1.0,deflate;q=0.6,identity;q=0.3
      Accept:
      - "*/*"
      User-Agent:
      - Ruby
  response:
    status:
      code: 200
      message: OK
    headers:
      Content-Type:
      - text/xml
      Cache-Control:
      - no-cache
      Connection:
      - close
      Content-Length:
      - '812'
    body:
      encoding: UTF-8
      string: |
        <directory name="bar_package-123456789" rev="104" vrev="104" srcmd5="cdb48c08d4553092b0b6a8a9f0bd50f6">
          <linkinfo project="foo_project" package="bar_package" srcmd5="af5f94558e1fbf504c48764c0e5bb9ef" baserev="af5f94558e1fbf504c48764c0e5bb9ef" xsrcmd5="103b075d5cc0570b9d3685d85bf34b10" lsrcmd5="cdb48c08d4553092b0b6a8a9f0bd50f6"/>
          <serviceinfo code="succeeded" xsrcmd5="a2a338684d71cfd9b1528f13a5c449f5"/>
          <entry name="_branch_request" md5="1ecf0e682a06f24b71446f85ff3bd803" size="110" mtime="1642597686"/>
          <entry name="_config" md5="bfcc340ad6ab85627caa1f67b3c29016" size="55" mtime="1642674745"/>
          <entry name="_link" md5="208e692b043222ca740527a8b9f5e86b" size="141" mtime="1642674745"/>
          <entry name="somefile.txt" md5="c40ed9c7a843addd7b18d06bbc6e8400" size="68" mtime="1642674745"/>
        </directory>
  recorded_at: Thu, 20 Jan 2022 10:32:26 GMT
- request:
    method: get
    uri: http://backend:5352/source/home:Iggy/bar_package-123456789
    body:
      encoding: US-ASCII
      string: ''
    headers:
      Accept-Encoding:
      - gzip;q=1.0,deflate;q=0.6,identity;q=0.3
      Accept:
      - "*/*"
      User-Agent:
      - Ruby
  response:
    status:
      code: 200
      message: OK
    headers:
      Content-Type:
      - text/xml
      Cache-Control:
      - no-cache
      Connection:
      - close
      Content-Length:
      - '812'
    body:
      encoding: UTF-8
      string: |
        <directory name="bar_package-123456789" rev="104" vrev="104" srcmd5="cdb48c08d4553092b0b6a8a9f0bd50f6">
          <linkinfo project="foo_project" package="bar_package" srcmd5="af5f94558e1fbf504c48764c0e5bb9ef" baserev="af5f94558e1fbf504c48764c0e5bb9ef" xsrcmd5="103b075d5cc0570b9d3685d85bf34b10" lsrcmd5="cdb48c08d4553092b0b6a8a9f0bd50f6"/>
          <serviceinfo code="succeeded" xsrcmd5="a2a338684d71cfd9b1528f13a5c449f5"/>
          <entry name="_branch_request" md5="1ecf0e682a06f24b71446f85ff3bd803" size="110" mtime="1642597686"/>
          <entry name="_config" md5="bfcc340ad6ab85627caa1f67b3c29016" size="55" mtime="1642674745"/>
          <entry name="_link" md5="208e692b043222ca740527a8b9f5e86b" size="141" mtime="1642674745"/>
          <entry name="somefile.txt" md5="c40ed9c7a843addd7b18d06bbc6e8400" size="68" mtime="1642674745"/>
        </directory>
  recorded_at: Thu, 20 Jan 2022 10:32:26 GMT
- request:
    method: get
    uri: http://backend:5352/source/home:Iggy/bar_package-123456789
    body:
      encoding: US-ASCII
      string: ''
    headers:
      Accept-Encoding:
      - gzip;q=1.0,deflate;q=0.6,identity;q=0.3
      Accept:
      - "*/*"
      User-Agent:
      - Ruby
  response:
    status:
      code: 200
      message: OK
    headers:
      Content-Type:
      - text/xml
      Cache-Control:
      - no-cache
      Connection:
      - close
      Content-Length:
      - '812'
    body:
      encoding: UTF-8
      string: |
        <directory name="bar_package-123456789" rev="104" vrev="104" srcmd5="cdb48c08d4553092b0b6a8a9f0bd50f6">
          <linkinfo project="foo_project" package="bar_package" srcmd5="af5f94558e1fbf504c48764c0e5bb9ef" baserev="af5f94558e1fbf504c48764c0e5bb9ef" xsrcmd5="103b075d5cc0570b9d3685d85bf34b10" lsrcmd5="cdb48c08d4553092b0b6a8a9f0bd50f6"/>
          <serviceinfo code="succeeded" xsrcmd5="a2a338684d71cfd9b1528f13a5c449f5"/>
          <entry name="_branch_request" md5="1ecf0e682a06f24b71446f85ff3bd803" size="110" mtime="1642597686"/>
          <entry name="_config" md5="bfcc340ad6ab85627caa1f67b3c29016" size="55" mtime="1642674745"/>
          <entry name="_link" md5="208e692b043222ca740527a8b9f5e86b" size="141" mtime="1642674745"/>
          <entry name="somefile.txt" md5="c40ed9c7a843addd7b18d06bbc6e8400" size="68" mtime="1642674745"/>
        </directory>
  recorded_at: Thu, 20 Jan 2022 10:32:26 GMT
- request:
    method: get
    uri: http://backend:5352/source/home:Iggy/bar_package-123456789
    body:
      encoding: US-ASCII
      string: ''
    headers:
      Accept-Encoding:
      - gzip;q=1.0,deflate;q=0.6,identity;q=0.3
      Accept:
      - "*/*"
      User-Agent:
      - Ruby
  response:
    status:
      code: 200
      message: OK
    headers:
      Content-Type:
      - text/xml
      Cache-Control:
      - no-cache
      Connection:
      - close
      Content-Length:
      - '812'
    body:
      encoding: UTF-8
      string: |
        <directory name="bar_package-123456789" rev="104" vrev="104" srcmd5="cdb48c08d4553092b0b6a8a9f0bd50f6">
          <linkinfo project="foo_project" package="bar_package" srcmd5="af5f94558e1fbf504c48764c0e5bb9ef" baserev="af5f94558e1fbf504c48764c0e5bb9ef" xsrcmd5="103b075d5cc0570b9d3685d85bf34b10" lsrcmd5="cdb48c08d4553092b0b6a8a9f0bd50f6"/>
          <serviceinfo code="succeeded" xsrcmd5="a2a338684d71cfd9b1528f13a5c449f5"/>
          <entry name="_branch_request" md5="1ecf0e682a06f24b71446f85ff3bd803" size="110" mtime="1642597686"/>
          <entry name="_config" md5="bfcc340ad6ab85627caa1f67b3c29016" size="55" mtime="1642674745"/>
          <entry name="_link" md5="208e692b043222ca740527a8b9f5e86b" size="141" mtime="1642674745"/>
          <entry name="somefile.txt" md5="c40ed9c7a843addd7b18d06bbc6e8400" size="68" mtime="1642674745"/>
        </directory>
  recorded_at: Thu, 20 Jan 2022 10:32:26 GMT
- request:
    method: get
    uri: http://backend:5352/source/home:Iggy/bar_package-123456789
    body:
      encoding: US-ASCII
      string: ''
    headers:
      Accept-Encoding:
      - gzip;q=1.0,deflate;q=0.6,identity;q=0.3
      Accept:
      - "*/*"
      User-Agent:
      - Ruby
  response:
    status:
      code: 200
      message: OK
    headers:
      Content-Type:
      - text/xml
      Cache-Control:
      - no-cache
      Connection:
      - close
      Content-Length:
      - '812'
    body:
      encoding: UTF-8
      string: |
        <directory name="bar_package-123456789" rev="104" vrev="104" srcmd5="cdb48c08d4553092b0b6a8a9f0bd50f6">
          <linkinfo project="foo_project" package="bar_package" srcmd5="af5f94558e1fbf504c48764c0e5bb9ef" baserev="af5f94558e1fbf504c48764c0e5bb9ef" xsrcmd5="103b075d5cc0570b9d3685d85bf34b10" lsrcmd5="cdb48c08d4553092b0b6a8a9f0bd50f6"/>
          <serviceinfo code="succeeded" xsrcmd5="a2a338684d71cfd9b1528f13a5c449f5"/>
          <entry name="_branch_request" md5="1ecf0e682a06f24b71446f85ff3bd803" size="110" mtime="1642597686"/>
          <entry name="_config" md5="bfcc340ad6ab85627caa1f67b3c29016" size="55" mtime="1642674745"/>
          <entry name="_link" md5="208e692b043222ca740527a8b9f5e86b" size="141" mtime="1642674745"/>
          <entry name="somefile.txt" md5="c40ed9c7a843addd7b18d06bbc6e8400" size="68" mtime="1642674745"/>
        </directory>
  recorded_at: Thu, 20 Jan 2022 10:32:26 GMT
- request:
    method: get
    uri: http://backend:5352/source/home:Iggy/bar_package-123456789
    body:
      encoding: US-ASCII
      string: ''
    headers:
      Accept-Encoding:
      - gzip;q=1.0,deflate;q=0.6,identity;q=0.3
      Accept:
      - "*/*"
      User-Agent:
      - Ruby
  response:
    status:
      code: 200
      message: OK
    headers:
      Content-Type:
      - text/xml
      Cache-Control:
      - no-cache
      Connection:
      - close
      Content-Length:
      - '812'
    body:
      encoding: UTF-8
      string: |
        <directory name="bar_package-123456789" rev="104" vrev="104" srcmd5="cdb48c08d4553092b0b6a8a9f0bd50f6">
          <linkinfo project="foo_project" package="bar_package" srcmd5="af5f94558e1fbf504c48764c0e5bb9ef" baserev="af5f94558e1fbf504c48764c0e5bb9ef" xsrcmd5="103b075d5cc0570b9d3685d85bf34b10" lsrcmd5="cdb48c08d4553092b0b6a8a9f0bd50f6"/>
          <serviceinfo code="succeeded" xsrcmd5="a2a338684d71cfd9b1528f13a5c449f5"/>
          <entry name="_branch_request" md5="1ecf0e682a06f24b71446f85ff3bd803" size="110" mtime="1642597686"/>
          <entry name="_config" md5="bfcc340ad6ab85627caa1f67b3c29016" size="55" mtime="1642674745"/>
          <entry name="_link" md5="208e692b043222ca740527a8b9f5e86b" size="141" mtime="1642674745"/>
          <entry name="somefile.txt" md5="c40ed9c7a843addd7b18d06bbc6e8400" size="68" mtime="1642674745"/>
        </directory>
  recorded_at: Thu, 20 Jan 2022 10:32:26 GMT
- request:
    method: get
    uri: http://backend:5352/source/home:Iggy/bar_package-123456789
    body:
      encoding: US-ASCII
      string: ''
    headers:
      Accept-Encoding:
      - gzip;q=1.0,deflate;q=0.6,identity;q=0.3
      Accept:
      - "*/*"
      User-Agent:
      - Ruby
  response:
    status:
      code: 200
      message: OK
    headers:
      Content-Type:
      - text/xml
      Cache-Control:
      - no-cache
      Connection:
      - close
      Content-Length:
      - '812'
    body:
      encoding: UTF-8
      string: |
        <directory name="bar_package-123456789" rev="104" vrev="104" srcmd5="cdb48c08d4553092b0b6a8a9f0bd50f6">
          <linkinfo project="foo_project" package="bar_package" srcmd5="af5f94558e1fbf504c48764c0e5bb9ef" baserev="af5f94558e1fbf504c48764c0e5bb9ef" xsrcmd5="103b075d5cc0570b9d3685d85bf34b10" lsrcmd5="cdb48c08d4553092b0b6a8a9f0bd50f6"/>
          <serviceinfo code="succeeded" xsrcmd5="a2a338684d71cfd9b1528f13a5c449f5"/>
          <entry name="_branch_request" md5="1ecf0e682a06f24b71446f85ff3bd803" size="110" mtime="1642597686"/>
          <entry name="_config" md5="bfcc340ad6ab85627caa1f67b3c29016" size="55" mtime="1642674745"/>
          <entry name="_link" md5="208e692b043222ca740527a8b9f5e86b" size="141" mtime="1642674745"/>
          <entry name="somefile.txt" md5="c40ed9c7a843addd7b18d06bbc6e8400" size="68" mtime="1642674745"/>
        </directory>
  recorded_at: Thu, 20 Jan 2022 10:32:26 GMT
- request:
    method: get
    uri: http://backend:5352/source/home:Iggy/bar_package-123456789
    body:
      encoding: US-ASCII
      string: ''
    headers:
      Accept-Encoding:
      - gzip;q=1.0,deflate;q=0.6,identity;q=0.3
      Accept:
      - "*/*"
      User-Agent:
      - Ruby
  response:
    status:
      code: 200
      message: OK
    headers:
      Content-Type:
      - text/xml
      Cache-Control:
      - no-cache
      Connection:
      - close
      Content-Length:
      - '812'
    body:
      encoding: UTF-8
      string: |
        <directory name="bar_package-123456789" rev="104" vrev="104" srcmd5="cdb48c08d4553092b0b6a8a9f0bd50f6">
          <linkinfo project="foo_project" package="bar_package" srcmd5="af5f94558e1fbf504c48764c0e5bb9ef" baserev="af5f94558e1fbf504c48764c0e5bb9ef" xsrcmd5="103b075d5cc0570b9d3685d85bf34b10" lsrcmd5="cdb48c08d4553092b0b6a8a9f0bd50f6"/>
          <serviceinfo code="succeeded" xsrcmd5="a2a338684d71cfd9b1528f13a5c449f5"/>
          <entry name="_branch_request" md5="1ecf0e682a06f24b71446f85ff3bd803" size="110" mtime="1642597686"/>
          <entry name="_config" md5="bfcc340ad6ab85627caa1f67b3c29016" size="55" mtime="1642674745"/>
          <entry name="_link" md5="208e692b043222ca740527a8b9f5e86b" size="141" mtime="1642674745"/>
          <entry name="somefile.txt" md5="c40ed9c7a843addd7b18d06bbc6e8400" size="68" mtime="1642674745"/>
        </directory>
  recorded_at: Thu, 20 Jan 2022 10:32:26 GMT
- request:
    method: get
    uri: http://backend:5352/source/home:Iggy/bar_package-123456789
    body:
      encoding: US-ASCII
      string: ''
    headers:
      Accept-Encoding:
      - gzip;q=1.0,deflate;q=0.6,identity;q=0.3
      Accept:
      - "*/*"
      User-Agent:
      - Ruby
  response:
    status:
      code: 200
      message: OK
    headers:
      Content-Type:
      - text/xml
      Cache-Control:
      - no-cache
      Connection:
      - close
      Content-Length:
      - '812'
    body:
      encoding: UTF-8
      string: |
        <directory name="bar_package-123456789" rev="104" vrev="104" srcmd5="cdb48c08d4553092b0b6a8a9f0bd50f6">
          <linkinfo project="foo_project" package="bar_package" srcmd5="af5f94558e1fbf504c48764c0e5bb9ef" baserev="af5f94558e1fbf504c48764c0e5bb9ef" xsrcmd5="103b075d5cc0570b9d3685d85bf34b10" lsrcmd5="cdb48c08d4553092b0b6a8a9f0bd50f6"/>
          <serviceinfo code="succeeded" xsrcmd5="a2a338684d71cfd9b1528f13a5c449f5"/>
          <entry name="_branch_request" md5="1ecf0e682a06f24b71446f85ff3bd803" size="110" mtime="1642597686"/>
          <entry name="_config" md5="bfcc340ad6ab85627caa1f67b3c29016" size="55" mtime="1642674745"/>
          <entry name="_link" md5="208e692b043222ca740527a8b9f5e86b" size="141" mtime="1642674745"/>
          <entry name="somefile.txt" md5="c40ed9c7a843addd7b18d06bbc6e8400" size="68" mtime="1642674745"/>
        </directory>
  recorded_at: Thu, 20 Jan 2022 10:32:26 GMT
- request:
    method: get
    uri: http://backend:5352/source/home:Iggy/bar_package-123456789/_branch_request
    body:
      encoding: US-ASCII
      string: ''
    headers:
      Accept-Encoding:
      - gzip;q=1.0,deflate;q=0.6,identity;q=0.3
      Accept:
      - "*/*"
      User-Agent:
      - Ruby
  response:
    status:
      code: 200
      message: OK
    headers:
      Content-Type:
      - application/octet-stream
      Content-Length:
      - '110'
      Cache-Control:
      - no-cache
      Connection:
      - close
    body:
      encoding: UTF-8
      string: '{"object_kind":null,"project":{"http_url":null},"object_attributes":{"source":{"default_branch":"123456789"}}}'
  recorded_at: Thu, 20 Jan 2022 10:32:26 GMT
recorded_with: VCR 6.0.0
