---
http_interactions:
- request:
    method: put
    uri: http://backend:5352/source/home:Iggy/_meta?user=Iggy
    body:
      encoding: UTF-8
      string: |
        <project name="home:Iggy">
          <title/>
          <description/>
          <person userid="Iggy" role="maintainer"/>
        </project>
    headers:
      Accept-Encoding:
      - gzip;q=1.0,deflate;q=0.6,identity;q=0.3
      Accept:
      - "*/*"
      User-Agent:
      - Ruby
  response:
    status:
      code: 200
      message: OK
    headers:
      Content-Type:
      - text/xml
      Cache-Control:
      - no-cache
      Connection:
      - close
      Content-Length:
      - '130'
    body:
      encoding: UTF-8
      string: |
        <project name="home:Iggy">
          <title></title>
          <description></description>
          <person userid="Iggy" role="maintainer"/>
        </project>
  recorded_at: Wed, 02 Aug 2023 10:02:11 GMT
- request:
    method: put
    uri: http://backend:5352/source/foo_project/_meta?user=user_25
    body:
      encoding: UTF-8
      string: |
        <project name="foo_project">
          <title>An Evil Cradling</title>
          <description/>
          <person userid="Iggy" role="maintainer"/>
        </project>
    headers:
      Accept-Encoding:
      - gzip;q=1.0,deflate;q=0.6,identity;q=0.3
      Accept:
      - "*/*"
      User-Agent:
      - Ruby
  response:
    status:
      code: 200
      message: OK
    headers:
      Content-Type:
      - text/xml
      Cache-Control:
      - no-cache
      Connection:
      - close
      Content-Length:
      - '148'
    body:
      encoding: UTF-8
      string: |
        <project name="foo_project">
          <title>An Evil Cradling</title>
          <description></description>
          <person userid="Iggy" role="maintainer"/>
        </project>
  recorded_at: Wed, 02 Aug 2023 10:02:11 GMT
- request:
    method: put
    uri: http://backend:5352/source/foo_project/bar_package/_meta?user=user_26
    body:
      encoding: UTF-8
      string: |
        <package name="bar_package" project="foo_project">
          <title>No Country for Old Men</title>
          <description>Ipsum laudantium deserunt rerum.</description>
        </package>
    headers:
      Accept-Encoding:
      - gzip;q=1.0,deflate;q=0.6,identity;q=0.3
      Accept:
      - "*/*"
      User-Agent:
      - Ruby
  response:
    status:
      code: 200
      message: OK
    headers:
      Content-Type:
      - text/xml
      Cache-Control:
      - no-cache
      Connection:
      - close
      Content-Length:
      - '164'
    body:
      encoding: UTF-8
      string: |
        <package name="bar_package" project="foo_project">
          <title>No Country for Old Men</title>
          <description>Ipsum laudantium deserunt rerum.</description>
        </package>
  recorded_at: Wed, 02 Aug 2023 10:02:11 GMT
- request:
    method: put
    uri: http://backend:5352/source/foo_project/bar_package/_config
    body:
      encoding: UTF-8
      string: Odit qui quibusdam. Ea velit non. Autem qui enim.
    headers:
      Accept-Encoding:
      - gzip;q=1.0,deflate;q=0.6,identity;q=0.3
      Accept:
      - "*/*"
      User-Agent:
      - Ruby
  response:
    status:
      code: 200
      message: OK
    headers:
      Content-Type:
      - text/xml
      Cache-Control:
      - no-cache
      Connection:
      - close
      Content-Length:
      - '213'
    body:
      encoding: UTF-8
      string: |
        <revision rev="2045" vrev="2045">
          <srcmd5>b2e896f0bfa8ff1d5d6dc6ba47912b4b</srcmd5>
          <version>unknown</version>
          <time>1690970531</time>
          <user>unknown</user>
          <comment></comment>
          <requestid/>
        </revision>
  recorded_at: Wed, 02 Aug 2023 10:02:11 GMT
- request:
    method: put
    uri: http://backend:5352/source/foo_project/bar_package/somefile.txt
    body:
      encoding: UTF-8
      string: Veniam quas molestiae. Facilis minus commodi. Dicta dignissimos ut.
    headers:
      Accept-Encoding:
      - gzip;q=1.0,deflate;q=0.6,identity;q=0.3
      Accept:
      - "*/*"
      User-Agent:
      - Ruby
  response:
    status:
      code: 200
      message: OK
    headers:
      Content-Type:
      - text/xml
      Cache-Control:
      - no-cache
      Connection:
      - close
      Content-Length:
      - '213'
    body:
      encoding: UTF-8
      string: |
        <revision rev="2046" vrev="2046">
          <srcmd5>749e1d960cbfda35e180da6f0be70e53</srcmd5>
          <version>unknown</version>
          <time>1690970531</time>
          <user>unknown</user>
          <comment></comment>
          <requestid/>
        </revision>
  recorded_at: Wed, 02 Aug 2023 10:02:11 GMT
- request:
    method: post
    uri: http://backend:5352/source/foo_project/bar_package?cmd=waitservice
    body:
      encoding: UTF-8
      string: ''
    headers:
      Content-Type:
      - application/octet-stream
      Accept-Encoding:
      - gzip;q=1.0,deflate;q=0.6,identity;q=0.3
      Accept:
      - "*/*"
      User-Agent:
      - Ruby
  response:
    status:
      code: 200
      message: OK
    headers:
      Content-Type:
      - text/xml
      Cache-Control:
      - no-cache
      Connection:
      - close
      Content-Length:
      - '21'
    body:
      encoding: UTF-8
      string: '<status code="ok" />

'
  recorded_at: Wed, 02 Aug 2023 10:02:11 GMT
- request:
    method: post
    uri: http://backend:5352/search/package/id?match=(linkinfo/@package=%22bar_package%22%20and%20linkinfo/@project=%22foo_project%22%20and%20@project=%22foo_project%22)
    body:
      encoding: UTF-8
      string: ''
    headers:
      Content-Type:
      - application/octet-stream
      Accept-Encoding:
      - gzip;q=1.0,deflate;q=0.6,identity;q=0.3
      Accept:
      - "*/*"
      User-Agent:
      - Ruby
  response:
    status:
      code: 200
      message: OK
    headers:
      Content-Type:
      - text/xml
      Cache-Control:
      - no-cache
      Connection:
      - close
      Content-Length:
      - '27'
    body:
      encoding: UTF-8
      string: |
        <collection>
        </collection>
  recorded_at: Wed, 02 Aug 2023 10:02:11 GMT
- request:
    method: put
    uri: http://backend:5352/source/home:Iggy/bar_package-123456789/_meta?user=Iggy
    body:
      encoding: UTF-8
      string: |
        <package name="bar_package-123456789" project="home:Iggy">
          <title>No Country for Old Men</title>
          <description>Ipsum laudantium deserunt rerum.</description>
        </package>
    headers:
      Accept-Encoding:
      - gzip;q=1.0,deflate;q=0.6,identity;q=0.3
      Accept:
      - "*/*"
      User-Agent:
      - Ruby
  response:
    status:
      code: 200
      message: OK
    headers:
      Content-Type:
      - text/xml
      Cache-Control:
      - no-cache
      Connection:
      - close
      Content-Length:
      - '172'
    body:
      encoding: UTF-8
      string: |
        <package name="bar_package-123456789" project="home:Iggy">
          <title>No Country for Old Men</title>
          <description>Ipsum laudantium deserunt rerum.</description>
        </package>
  recorded_at: Wed, 02 Aug 2023 10:02:11 GMT
- request:
    method: post
    uri: http://backend:5352/source/home:Iggy/bar_package-123456789?cmd=branch&noservice=1&opackage=bar_package&oproject=foo_project&user=Iggy
    body:
      encoding: UTF-8
      string: ''
    headers:
      Content-Type:
      - application/octet-stream
      Accept-Encoding:
      - gzip;q=1.0,deflate;q=0.6,identity;q=0.3
      Accept:
      - "*/*"
      User-Agent:
      - Ruby
  response:
    status:
      code: 200
      message: OK
    headers:
      Content-Type:
      - text/xml
      Cache-Control:
      - no-cache
      Connection:
      - close
      Content-Length:
      - '208'
    body:
      encoding: UTF-8
      string: |
        <revision rev="315" vrev="315">
          <srcmd5>2d23d8b2eb79055cae95f0fd1b32dfd9</srcmd5>
          <version>unknown</version>
          <time>1690970531</time>
          <user>Iggy</user>
          <comment></comment>
          <requestid/>
        </revision>
  recorded_at: Wed, 02 Aug 2023 10:02:11 GMT
- request:
    method: put
    uri: http://backend:5352/source/home:Iggy/bar_package-123456789/_meta?user=Iggy
    body:
      encoding: UTF-8
      string: |
        <package name="bar_package-123456789" project="home:Iggy">
          <title>No Country for Old Men</title>
          <description>Ipsum laudantium deserunt rerum.</description>
        </package>
    headers:
      Accept-Encoding:
      - gzip;q=1.0,deflate;q=0.6,identity;q=0.3
      Accept:
      - "*/*"
      User-Agent:
      - Ruby
  response:
    status:
      code: 200
      message: OK
    headers:
      Content-Type:
      - text/xml
      Cache-Control:
      - no-cache
      Connection:
      - close
      Content-Length:
      - '172'
    body:
      encoding: UTF-8
      string: |
        <package name="bar_package-123456789" project="home:Iggy">
          <title>No Country for Old Men</title>
          <description>Ipsum laudantium deserunt rerum.</description>
        </package>
  recorded_at: Wed, 02 Aug 2023 10:02:11 GMT
- request:
    method: get
    uri: http://backend:5352/source/home:Iggy/bar_package-123456789
    body:
      encoding: US-ASCII
      string: ''
    headers:
      Accept-Encoding:
      - gzip;q=1.0,deflate;q=0.6,identity;q=0.3
      Accept:
      - "*/*"
      User-Agent:
      - Ruby
  response:
    status:
      code: 200
      message: OK
    headers:
      Content-Type:
      - text/xml
      Cache-Control:
      - no-cache
      Connection:
      - close
      Content-Length:
      - '735'
    body:
      encoding: UTF-8
      string: |
        <directory name="bar_package-123456789" rev="315" vrev="315" srcmd5="2d23d8b2eb79055cae95f0fd1b32dfd9">
          <linkinfo project="foo_project" package="bar_package" srcmd5="749e1d960cbfda35e180da6f0be70e53" baserev="749e1d960cbfda35e180da6f0be70e53" xsrcmd5="22aac4b585be795f466a6691869cdd8f" lsrcmd5="2d23d8b2eb79055cae95f0fd1b32dfd9"/>
          <entry name="_branch_request" md5="aea524cf047993d430e69b477e07f3df" size="114" mtime="1690882765"/>
          <entry name="_config" md5="661d5979548e039c7901e8884ba0667c" size="49" mtime="1690970531"/>
          <entry name="_link" md5="d6821b01acb64e3ab2d3621b623f5c50" size="141" mtime="1690970531"/>
          <entry name="somefile.txt" md5="82aa21bf2bd9a8624ca4da8e172adf99" size="67" mtime="1690970531"/>
        </directory>
  recorded_at: Wed, 02 Aug 2023 10:02:11 GMT
- request:
    method: get
    uri: http://backend:5352/source/home:Iggy/bar_package-123456789?view=info
    body:
      encoding: US-ASCII
      string: ''
    headers:
      Accept-Encoding:
      - gzip;q=1.0,deflate;q=0.6,identity;q=0.3
      Accept:
      - "*/*"
      User-Agent:
      - Ruby
  response:
    status:
      code: 200
      message: OK
    headers:
      Content-Type:
      - text/xml
      Cache-Control:
      - no-cache
      Connection:
      - close
      Content-Length:
      - '343'
    body:
      encoding: UTF-8
      string: |
        <sourceinfo package="bar_package-123456789" rev="315" vrev="2361" srcmd5="22aac4b585be795f466a6691869cdd8f" lsrcmd5="2d23d8b2eb79055cae95f0fd1b32dfd9" verifymd5="749e1d960cbfda35e180da6f0be70e53">
          <error>bad build configuration, no build type defined or detected</error>
          <linked project="foo_project" package="bar_package"/>
        </sourceinfo>
  recorded_at: Wed, 02 Aug 2023 10:02:11 GMT
- request:
    method: get
    uri: http://backend:5352/source/home:Iggy/bar_package-123456789
    body:
      encoding: US-ASCII
      string: ''
    headers:
      Accept-Encoding:
      - gzip;q=1.0,deflate;q=0.6,identity;q=0.3
      Accept:
      - "*/*"
      User-Agent:
      - Ruby
  response:
    status:
      code: 200
      message: OK
    headers:
      Content-Type:
      - text/xml
      Cache-Control:
      - no-cache
      Connection:
      - close
      Content-Length:
      - '735'
    body:
      encoding: UTF-8
      string: |
        <directory name="bar_package-123456789" rev="315" vrev="315" srcmd5="2d23d8b2eb79055cae95f0fd1b32dfd9">
          <linkinfo project="foo_project" package="bar_package" srcmd5="749e1d960cbfda35e180da6f0be70e53" baserev="749e1d960cbfda35e180da6f0be70e53" xsrcmd5="22aac4b585be795f466a6691869cdd8f" lsrcmd5="2d23d8b2eb79055cae95f0fd1b32dfd9"/>
          <entry name="_branch_request" md5="aea524cf047993d430e69b477e07f3df" size="114" mtime="1690882765"/>
          <entry name="_config" md5="661d5979548e039c7901e8884ba0667c" size="49" mtime="1690970531"/>
          <entry name="_link" md5="d6821b01acb64e3ab2d3621b623f5c50" size="141" mtime="1690970531"/>
          <entry name="somefile.txt" md5="82aa21bf2bd9a8624ca4da8e172adf99" size="67" mtime="1690970531"/>
        </directory>
  recorded_at: Wed, 02 Aug 2023 10:02:11 GMT
- request:
    method: post
    uri: http://backend:5352/source/home:Iggy/bar_package-123456789?cmd=diff&linkrev=base&onlyissues=1&orev=0&view=xml
    body:
      encoding: UTF-8
      string: ''
    headers:
      Content-Type:
      - application/octet-stream
      Accept-Encoding:
      - gzip;q=1.0,deflate;q=0.6,identity;q=0.3
      Accept:
      - "*/*"
      User-Agent:
      - Ruby
  response:
    status:
      code: 200
      message: OK
    headers:
      Content-Type:
      - text/xml
      Cache-Control:
      - no-cache
      Connection:
      - close
      Content-Length:
      - '324'
    body:
      encoding: UTF-8
      string: |
        <sourcediff key="603dd2168344db3e13c1cc6e9f2152ba">
          <old project="home:Iggy" package="bar_package-123456789" rev="0" srcmd5="d41d8cd98f00b204e9800998ecf8427e"/>
          <new project="home:Iggy" package="bar_package-123456789" rev="315" srcmd5="2d23d8b2eb79055cae95f0fd1b32dfd9"/>
          <files/>
          <issues>
          </issues>
        </sourcediff>
  recorded_at: Wed, 02 Aug 2023 10:02:11 GMT
- request:
    method: post
    uri: http://backend:5352/source/home:Iggy/bar_package-123456789?cmd=linkdiff&linkrev=base&onlyissues=1&view=xml
    body:
      encoding: UTF-8
      string: ''
    headers:
      Content-Type:
      - application/octet-stream
      Accept-Encoding:
      - gzip;q=1.0,deflate;q=0.6,identity;q=0.3
      Accept:
      - "*/*"
      User-Agent:
      - Ruby
  response:
    status:
      code: 200
      message: OK
    headers:
      Content-Type:
      - text/xml
      Cache-Control:
      - no-cache
      Connection:
      - close
      Content-Length:
      - '376'
    body:
      encoding: UTF-8
      string: |
        <sourcediff key="8d1d15c65c3878cecbc9dfe77ef070af">
          <old project="foo_project" package="bar_package" rev="749e1d960cbfda35e180da6f0be70e53" srcmd5="749e1d960cbfda35e180da6f0be70e53"/>
          <new project="home:Iggy" package="bar_package-123456789" rev="22aac4b585be795f466a6691869cdd8f" srcmd5="22aac4b585be795f466a6691869cdd8f"/>
          <files/>
          <issues>
          </issues>
        </sourcediff>
  recorded_at: Wed, 02 Aug 2023 10:02:12 GMT
- request:
    method: put
    uri: http://backend:5352/source/home:Iggy/_meta?user=Iggy
    body:
      encoding: UTF-8
      string: |
        <project name="home:Iggy">
          <title/>
          <description/>
          <person userid="Iggy" role="maintainer"/>
          <repository name="openSUSE_Tumbleweed">
            <arch>x86_64</arch>
          </repository>
          <repository name="Unicorn_123">
            <arch>x86_64</arch>
            <arch>i586</arch>
            <arch>ppc</arch>
            <arch>aarch64</arch>
          </repository>
        </project>
    headers:
      Accept-Encoding:
      - gzip;q=1.0,deflate;q=0.6,identity;q=0.3
      Accept:
      - "*/*"
      User-Agent:
      - Ruby
  response:
    status:
      code: 200
      message: OK
    headers:
      Content-Type:
      - text/xml
      Cache-Control:
      - no-cache
      Connection:
      - close
      Content-Length:
      - '354'
    body:
      encoding: UTF-8
      string: |
        <project name="home:Iggy">
          <title></title>
          <description></description>
          <person userid="Iggy" role="maintainer"/>
          <repository name="openSUSE_Tumbleweed">
            <arch>x86_64</arch>
          </repository>
          <repository name="Unicorn_123">
            <arch>x86_64</arch>
            <arch>i586</arch>
            <arch>ppc</arch>
            <arch>aarch64</arch>
          </repository>
        </project>
  recorded_at: Wed, 02 Aug 2023 10:02:12 GMT
- request:
    method: put
    uri: http://backend:5352/source/home:Iggy/bar_package-123456789/_branch_request?user=Iggy
    body:
      encoding: UTF-8
      string: '{"object_kind":null,"project":{"http_url":null},"object_attributes":{"source":{"default_branch":"123456789"}}}'
    headers:
      Accept-Encoding:
      - gzip;q=1.0,deflate;q=0.6,identity;q=0.3
      Accept:
      - "*/*"
      User-Agent:
      - Ruby
  response:
    status:
      code: 200
      message: OK
    headers:
      Content-Type:
      - text/xml
      Cache-Control:
      - no-cache
      Connection:
      - close
      Content-Length:
      - '208'
    body:
      encoding: UTF-8
      string: |
        <revision rev="316" vrev="316">
          <srcmd5>6b3a89c41da3bc91b675b462b3b394ff</srcmd5>
          <version>unknown</version>
          <time>1690970532</time>
          <user>Iggy</user>
          <comment></comment>
          <requestid/>
        </revision>
  recorded_at: Wed, 02 Aug 2023 10:02:12 GMT
- request:
    method: put
    uri: http://backend:5352/source/home:Iggy/bar_package-123456789/_meta?user=Iggy
    body:
      encoding: UTF-8
      string: |
        <package name="bar_package-123456789" project="home:Iggy">
          <title>No Country for Old Men</title>
          <description>Ipsum laudantium deserunt rerum.</description>
        </package>
    headers:
      Accept-Encoding:
      - gzip;q=1.0,deflate;q=0.6,identity;q=0.3
      Accept:
      - "*/*"
      User-Agent:
      - Ruby
  response:
    status:
      code: 200
      message: OK
    headers:
      Content-Type:
      - text/xml
      Cache-Control:
      - no-cache
      Connection:
      - close
      Content-Length:
      - '172'
    body:
      encoding: UTF-8
      string: |
        <package name="bar_package-123456789" project="home:Iggy">
          <title>No Country for Old Men</title>
          <description>Ipsum laudantium deserunt rerum.</description>
        </package>
  recorded_at: Wed, 02 Aug 2023 10:02:12 GMT
- request:
    method: get
    uri: http://backend:5352/source/home:Iggy/bar_package-123456789
    body:
      encoding: US-ASCII
      string: ''
    headers:
      Accept-Encoding:
      - gzip;q=1.0,deflate;q=0.6,identity;q=0.3
      Accept:
      - "*/*"
      User-Agent:
      - Ruby
  response:
    status:
      code: 200
      message: OK
    headers:
      Content-Type:
      - text/xml
      Cache-Control:
      - no-cache
      Connection:
      - close
      Content-Length:
      - '735'
    body:
      encoding: UTF-8
      string: |
        <directory name="bar_package-123456789" rev="316" vrev="316" srcmd5="6b3a89c41da3bc91b675b462b3b394ff">
          <linkinfo project="foo_project" package="bar_package" srcmd5="749e1d960cbfda35e180da6f0be70e53" baserev="749e1d960cbfda35e180da6f0be70e53" xsrcmd5="298dce4b834e26790bcecc33fa4cce16" lsrcmd5="6b3a89c41da3bc91b675b462b3b394ff"/>
          <entry name="_branch_request" md5="1ecf0e682a06f24b71446f85ff3bd803" size="110" mtime="1690882755"/>
          <entry name="_config" md5="661d5979548e039c7901e8884ba0667c" size="49" mtime="1690970531"/>
          <entry name="_link" md5="d6821b01acb64e3ab2d3621b623f5c50" size="141" mtime="1690970531"/>
          <entry name="somefile.txt" md5="82aa21bf2bd9a8624ca4da8e172adf99" size="67" mtime="1690970531"/>
        </directory>
  recorded_at: Wed, 02 Aug 2023 10:02:12 GMT
- request:
    method: get
    uri: http://backend:5352/source/home:Iggy/bar_package-123456789?view=info
    body:
      encoding: US-ASCII
      string: ''
    headers:
      Accept-Encoding:
      - gzip;q=1.0,deflate;q=0.6,identity;q=0.3
      Accept:
      - "*/*"
      User-Agent:
      - Ruby
  response:
    status:
      code: 200
      message: OK
    headers:
      Content-Type:
      - text/xml
      Cache-Control:
      - no-cache
      Connection:
      - close
      Content-Length:
      - '343'
    body:
      encoding: UTF-8
      string: |
        <sourceinfo package="bar_package-123456789" rev="316" vrev="2362" srcmd5="298dce4b834e26790bcecc33fa4cce16" lsrcmd5="6b3a89c41da3bc91b675b462b3b394ff" verifymd5="b70c4b92fb421590e2ed75e82784c937">
          <error>bad build configuration, no build type defined or detected</error>
          <linked project="foo_project" package="bar_package"/>
        </sourceinfo>
  recorded_at: Wed, 02 Aug 2023 10:02:12 GMT
- request:
    method: get
    uri: http://backend:5352/source/home:Iggy/bar_package-123456789
    body:
      encoding: US-ASCII
      string: ''
    headers:
      Accept-Encoding:
      - gzip;q=1.0,deflate;q=0.6,identity;q=0.3
      Accept:
      - "*/*"
      User-Agent:
      - Ruby
  response:
    status:
      code: 200
      message: OK
    headers:
      Content-Type:
      - text/xml
      Cache-Control:
      - no-cache
      Connection:
      - close
      Content-Length:
      - '735'
    body:
      encoding: UTF-8
      string: |
        <directory name="bar_package-123456789" rev="316" vrev="316" srcmd5="6b3a89c41da3bc91b675b462b3b394ff">
          <linkinfo project="foo_project" package="bar_package" srcmd5="749e1d960cbfda35e180da6f0be70e53" baserev="749e1d960cbfda35e180da6f0be70e53" xsrcmd5="298dce4b834e26790bcecc33fa4cce16" lsrcmd5="6b3a89c41da3bc91b675b462b3b394ff"/>
          <entry name="_branch_request" md5="1ecf0e682a06f24b71446f85ff3bd803" size="110" mtime="1690882755"/>
          <entry name="_config" md5="661d5979548e039c7901e8884ba0667c" size="49" mtime="1690970531"/>
          <entry name="_link" md5="d6821b01acb64e3ab2d3621b623f5c50" size="141" mtime="1690970531"/>
          <entry name="somefile.txt" md5="82aa21bf2bd9a8624ca4da8e172adf99" size="67" mtime="1690970531"/>
        </directory>
  recorded_at: Wed, 02 Aug 2023 10:02:12 GMT
- request:
    method: post
    uri: http://backend:5352/source/home:Iggy/bar_package-123456789?cmd=diff&linkrev=base&onlyissues=1&orev=0&view=xml
    body:
      encoding: UTF-8
      string: ''
    headers:
      Content-Type:
      - application/octet-stream
      Accept-Encoding:
      - gzip;q=1.0,deflate;q=0.6,identity;q=0.3
      Accept:
      - "*/*"
      User-Agent:
      - Ruby
  response:
    status:
      code: 200
      message: OK
    headers:
      Content-Type:
      - text/xml
      Cache-Control:
      - no-cache
      Connection:
      - close
      Content-Length:
      - '324'
    body:
      encoding: UTF-8
      string: |
        <sourcediff key="06880e2fb11ef5d2f577baeeda95794d">
          <old project="home:Iggy" package="bar_package-123456789" rev="0" srcmd5="d41d8cd98f00b204e9800998ecf8427e"/>
          <new project="home:Iggy" package="bar_package-123456789" rev="316" srcmd5="6b3a89c41da3bc91b675b462b3b394ff"/>
          <files/>
          <issues>
          </issues>
        </sourcediff>
  recorded_at: Wed, 02 Aug 2023 10:02:12 GMT
- request:
    method: post
    uri: http://backend:5352/source/home:Iggy/bar_package-123456789?cmd=linkdiff&linkrev=base&onlyissues=1&view=xml
    body:
      encoding: UTF-8
      string: ''
    headers:
      Content-Type:
      - application/octet-stream
      Accept-Encoding:
      - gzip;q=1.0,deflate;q=0.6,identity;q=0.3
      Accept:
      - "*/*"
      User-Agent:
      - Ruby
  response:
    status:
      code: 200
      message: OK
    headers:
      Content-Type:
      - text/xml
      Cache-Control:
      - no-cache
      Connection:
      - close
      Content-Length:
      - '376'
    body:
      encoding: UTF-8
      string: |
        <sourcediff key="328278c91e95ef05afd8daa05c770b34">
          <old project="foo_project" package="bar_package" rev="749e1d960cbfda35e180da6f0be70e53" srcmd5="749e1d960cbfda35e180da6f0be70e53"/>
          <new project="home:Iggy" package="bar_package-123456789" rev="298dce4b834e26790bcecc33fa4cce16" srcmd5="298dce4b834e26790bcecc33fa4cce16"/>
          <files/>
          <issues>
          </issues>
        </sourcediff>
  recorded_at: Wed, 02 Aug 2023 10:02:12 GMT
recorded_with: VCR 6.2.0
