---
http_interactions:
- request:
    method: put
    uri: http://backend:5352/source/home:package_test_user/_meta?user=package_test_user
    body:
      encoding: UTF-8
      string: |
        <project name="home:package_test_user">
          <title/>
          <description/>
          <person userid="package_test_user" role="maintainer"/>
        </project>
    headers:
      Accept-Encoding:
      - gzip;q=1.0,deflate;q=0.6,identity;q=0.3
      Accept:
      - "*/*"
      User-Agent:
      - Ruby
  response:
    status:
      code: 200
      message: OK
    headers:
      Content-Type:
      - text/xml
      Cache-Control:
      - no-cache
      Connection:
      - close
      Content-Length:
      - '156'
    body:
      encoding: UTF-8
      string: |
        <project name="home:package_test_user">
          <title></title>
          <description></description>
          <person userid="package_test_user" role="maintainer"/>
        </project>
  recorded_at: Tue, 22 Jun 2021 12:04:02 GMT
- request:
    method: put
    uri: http://backend:5352/source/home:package_test_user/test_package/_meta?user=user_1
    body:
      encoding: UTF-8
      string: |
        <package name="test_package" project="home:package_test_user">
          <title>Number the Stars</title>
          <description>Et quia adipisci perspiciatis.</description>
        </package>
    headers:
      Accept-Encoding:
      - gzip;q=1.0,deflate;q=0.6,identity;q=0.3
      Accept:
      - "*/*"
      User-Agent:
      - Ruby
  response:
    status:
      code: 200
      message: OK
    headers:
      Content-Type:
      - text/xml
      Cache-Control:
      - no-cache
      Connection:
      - close
      Content-Length:
      - '168'
    body:
      encoding: UTF-8
      string: |
        <package name="test_package" project="home:package_test_user">
          <title>Number the Stars</title>
          <description>Et quia adipisci perspiciatis.</description>
        </package>
  recorded_at: Tue, 22 Jun 2021 12:04:02 GMT
- request:
    method: put
    uri: http://backend:5352/source/home:package_test_user/test_package/_config
    body:
      encoding: UTF-8
      string: Sint impedit quibusdam. Eos reprehenderit aliquid. Atque perferendis
        veniam.
    headers:
      Accept-Encoding:
      - gzip;q=1.0,deflate;q=0.6,identity;q=0.3
      Accept:
      - "*/*"
      User-Agent:
      - Ruby
  response:
    status:
      code: 200
      message: OK
    headers:
      Content-Type:
      - text/xml
      Cache-Control:
      - no-cache
      Connection:
      - close
      Content-Length:
      - '209'
    body:
      encoding: UTF-8
      string: |
        <revision rev="62" vrev="62">
          <srcmd5>b6258a9511325dea6e3a7edd26b76c58</srcmd5>
          <version>unknown</version>
          <time>1624363442</time>
          <user>unknown</user>
          <comment></comment>
          <requestid/>
        </revision>
  recorded_at: Tue, 22 Jun 2021 12:04:02 GMT
- request:
    method: put
    uri: http://backend:5352/source/home:package_test_user/test_package/somefile.txt
    body:
      encoding: UTF-8
      string: Quo explicabo est. Et distinctio explicabo. Aut aut itaque.
    headers:
      Accept-Encoding:
      - gzip;q=1.0,deflate;q=0.6,identity;q=0.3
      Accept:
      - "*/*"
      User-Agent:
      - Ruby
  response:
    status:
      code: 200
      message: OK
    headers:
      Content-Type:
      - text/xml
      Cache-Control:
      - no-cache
      Connection:
      - close
      Content-Length:
      - '209'
    body:
      encoding: UTF-8
      string: |
        <revision rev="63" vrev="63">
          <srcmd5>010e237ab1c13bb2f6dab5a0c17263b0</srcmd5>
          <version>unknown</version>
          <time>1624363442</time>
          <user>unknown</user>
          <comment></comment>
          <requestid/>
        </revision>
  recorded_at: Tue, 22 Jun 2021 12:04:02 GMT
- request:
    method: put
    uri: http://backend:5352/source/home:other_package_test_user/_meta?user=other_package_test_user
    body:
      encoding: UTF-8
      string: |
        <project name="home:other_package_test_user">
          <title/>
          <description/>
          <person userid="other_package_test_user" role="maintainer"/>
        </project>
    headers:
      Accept-Encoding:
      - gzip;q=1.0,deflate;q=0.6,identity;q=0.3
      Accept:
      - "*/*"
      User-Agent:
      - Ruby
  response:
    status:
      code: 200
      message: OK
    headers:
      Content-Type:
      - text/xml
      Cache-Control:
      - no-cache
      Connection:
      - close
      Content-Length:
      - '168'
    body:
      encoding: UTF-8
      string: |
        <project name="home:other_package_test_user">
          <title></title>
          <description></description>
          <person userid="other_package_test_user" role="maintainer"/>
        </project>
  recorded_at: Tue, 22 Jun 2021 12:04:02 GMT
- request:
    method: put
    uri: http://backend:5352/source/home:other_package_test_user/branch_test_package/_meta?user=user_2
    body:
      encoding: UTF-8
      string: |
        <package name="branch_test_package" project="home:other_package_test_user">
          <title>Consider the Lilies</title>
          <description>Explicabo qui qui pariatur.</description>
        </package>
    headers:
      Accept-Encoding:
      - gzip;q=1.0,deflate;q=0.6,identity;q=0.3
      Accept:
      - "*/*"
      User-Agent:
      - Ruby
  response:
    status:
      code: 200
      message: OK
    headers:
      Content-Type:
      - text/xml
      Cache-Control:
      - no-cache
      Connection:
      - close
      Content-Length:
      - '181'
    body:
      encoding: UTF-8
      string: |
        <package name="branch_test_package" project="home:other_package_test_user">
          <title>Consider the Lilies</title>
          <description>Explicabo qui qui pariatur.</description>
        </package>
  recorded_at: Tue, 22 Jun 2021 12:04:02 GMT
- request:
    method: put
    uri: http://backend:5352/source/home:other_package_test_user/branch_test_package/_config
    body:
      encoding: UTF-8
      string: Velit laborum iure. Id autem totam. Minus doloremque nobis.
    headers:
      Accept-Encoding:
      - gzip;q=1.0,deflate;q=0.6,identity;q=0.3
      Accept:
      - "*/*"
      User-Agent:
      - Ruby
  response:
    status:
      code: 200
      message: OK
    headers:
      Content-Type:
      - text/xml
      Cache-Control:
      - no-cache
      Connection:
      - close
      Content-Length:
      - '209'
    body:
      encoding: UTF-8
      string: |
        <revision rev="57" vrev="57">
          <srcmd5>07c59c40f25c9d6a6ea656bff07beb02</srcmd5>
          <version>unknown</version>
          <time>1624363442</time>
          <user>unknown</user>
          <comment></comment>
          <requestid/>
        </revision>
  recorded_at: Tue, 22 Jun 2021 12:04:02 GMT
- request:
    method: put
    uri: http://backend:5352/source/home:other_package_test_user/branch_test_package/somefile.txt
    body:
      encoding: UTF-8
      string: Mollitia est ex. Dolore nemo consequuntur. Sint amet tempora.
    headers:
      Accept-Encoding:
      - gzip;q=1.0,deflate;q=0.6,identity;q=0.3
      Accept:
      - "*/*"
      User-Agent:
      - Ruby
  response:
    status:
      code: 200
      message: OK
    headers:
      Content-Type:
      - text/xml
      Cache-Control:
      - no-cache
      Connection:
      - close
      Content-Length:
      - '209'
    body:
      encoding: UTF-8
      string: |
        <revision rev="58" vrev="58">
          <srcmd5>313a43cf20c266cafbc0833e37831e65</srcmd5>
          <version>unknown</version>
          <time>1624363443</time>
          <user>unknown</user>
          <comment></comment>
          <requestid/>
        </revision>
  recorded_at: Tue, 22 Jun 2021 12:04:03 GMT
- request:
    method: get
    uri: http://backend:5352/source/home:other_package_test_user/branch_test_package
    body:
      encoding: US-ASCII
      string: ''
    headers:
      X-Request-Id:
      - 1aef50e7-13a3-4b08-98f7-2bce7a7fec49
      Accept-Encoding:
      - gzip;q=1.0,deflate;q=0.6,identity;q=0.3
      Accept:
      - "*/*"
      User-Agent:
      - Ruby
  response:
    status:
      code: 200
      message: OK
    headers:
      Content-Type:
      - text/xml
      Cache-Control:
      - no-cache
      Connection:
      - close
      Content-Length:
      - '306'
    body:
      encoding: UTF-8
      string: |
        <directory name="branch_test_package" rev="58" vrev="58" srcmd5="313a43cf20c266cafbc0833e37831e65">
          <entry name="_config" md5="065c7dca8613919a0f115491dee86326" size="59" mtime="1624363442"/>
          <entry name="somefile.txt" md5="6aca896ec5c39f025f7e922141cba704" size="61" mtime="1624363443"/>
        </directory>
  recorded_at: Tue, 22 Jun 2021 12:04:11 GMT
- request:
    method: get
    uri: http://backend:5352/source/home:other_package_test_user/branch_test_package?expand=1&rev=58
    body:
      encoding: US-ASCII
      string: ''
    headers:
      Accept-Encoding:
      - gzip;q=1.0,deflate;q=0.6,identity;q=0.3
      Accept:
      - "*/*"
      User-Agent:
      - Ruby
  response:
    status:
      code: 200
      message: OK
    headers:
      Content-Type:
      - text/xml
      Cache-Control:
      - no-cache
      Connection:
      - close
      Content-Length:
      - '306'
    body:
      encoding: UTF-8
      string: |
        <directory name="branch_test_package" rev="58" vrev="58" srcmd5="313a43cf20c266cafbc0833e37831e65">
          <entry name="_config" md5="065c7dca8613919a0f115491dee86326" size="59" mtime="1624363442"/>
          <entry name="somefile.txt" md5="6aca896ec5c39f025f7e922141cba704" size="61" mtime="1624363443"/>
        </directory>
  recorded_at: Tue, 22 Jun 2021 12:04:11 GMT
- request:
    method: get
    uri: http://backend:5352/source/home:other_package_test_user/branch_test_package/_history
    body:
      encoding: US-ASCII
      string: ''
    headers:
      Accept-Encoding:
      - gzip;q=1.0,deflate;q=0.6,identity;q=0.3
      Accept:
      - "*/*"
      User-Agent:
      - Ruby
  response:
    status:
      code: 200
      message: OK
    headers:
      Content-Type:
      - text/xml
      Cache-Control:
      - no-cache
      Connection:
      - close
      Content-Length:
      - '10685'
    body:
      encoding: UTF-8
      string: |
        <revisionlist>
          <revision rev="1" vrev="1">
            <srcmd5>3e1556b0dd25edd635b2233023385506</srcmd5>
            <version>unknown</version>
            <time>1624360255</time>
            <user>unknown</user>
          </revision>
          <revision rev="2" vrev="2">
            <srcmd5>e6ca5ddbaa202910d4c0085e4057d02f</srcmd5>
            <version>unknown</version>
            <time>1624360255</time>
            <user>unknown</user>
          </revision>
          <revision rev="3" vrev="3">
            <srcmd5>c5466ee0d45bb8bf7533865b3b71fc00</srcmd5>
            <version>unknown</version>
            <time>1624360296</time>
            <user>unknown</user>
          </revision>
          <revision rev="4" vrev="4">
            <srcmd5>64e47b920144a80e5b026cdd5d5f02fd</srcmd5>
            <version>unknown</version>
            <time>1624360296</time>
            <user>unknown</user>
          </revision>
          <revision rev="5" vrev="5">
            <srcmd5>51840da93d7e4cfa6f907362abb334e5</srcmd5>
            <version>unknown</version>
            <time>1624360756</time>
            <user>unknown</user>
          </revision>
          <revision rev="6" vrev="6">
            <srcmd5>fa115171ed32a7159f828ce748dcf7a4</srcmd5>
            <version>unknown</version>
            <time>1624360756</time>
            <user>unknown</user>
          </revision>
          <revision rev="7" vrev="7">
            <srcmd5>5b528a433ff96b8ec6aff57fcded156e</srcmd5>
            <version>unknown</version>
            <time>1624360767</time>
            <user>unknown</user>
          </revision>
          <revision rev="8" vrev="8">
            <srcmd5>da7ca738fe72344e1320ad3787f7a4ce</srcmd5>
            <version>unknown</version>
            <time>1624361711</time>
            <user>unknown</user>
          </revision>
          <revision rev="9" vrev="9">
            <srcmd5>c5d485cb6d51221ed11c90b07e40ff18</srcmd5>
            <version>unknown</version>
            <time>1624362191</time>
            <user>unknown</user>
          </revision>
          <revision rev="10" vrev="10">
            <srcmd5>fff569aa04768ec59df1e99cb203861d</srcmd5>
            <version>unknown</version>
            <time>1624362191</time>
            <user>unknown</user>
          </revision>
          <revision rev="11" vrev="11">
            <srcmd5>adb1ea5df707a2c7565ade7420a1bbd7</srcmd5>
            <version>unknown</version>
            <time>1624362203</time>
            <user>unknown</user>
          </revision>
          <revision rev="12" vrev="12">
            <srcmd5>df4678e6051ca1fe03069ea77b3ea321</srcmd5>
            <version>unknown</version>
            <time>1624362204</time>
            <user>unknown</user>
          </revision>
          <revision rev="13" vrev="13">
            <srcmd5>a04a5915970c84c436638e6296c03386</srcmd5>
            <version>unknown</version>
            <time>1624362209</time>
            <user>unknown</user>
          </revision>
          <revision rev="14" vrev="14">
            <srcmd5>fb399d52f73f142ca34f098f80715e1d</srcmd5>
            <version>unknown</version>
            <time>1624362209</time>
            <user>unknown</user>
          </revision>
          <revision rev="15" vrev="15">
            <srcmd5>8c0e335ce3f8ff25692db152855f255f</srcmd5>
            <version>unknown</version>
            <time>1624362215</time>
            <user>unknown</user>
          </revision>
          <revision rev="16" vrev="16">
            <srcmd5>a93a6736bbb016675e32c35f66416bc0</srcmd5>
            <version>unknown</version>
            <time>1624362215</time>
            <user>unknown</user>
          </revision>
          <revision rev="17" vrev="17">
            <srcmd5>b06601a7a664e33a6b03543b8058e437</srcmd5>
            <version>unknown</version>
            <time>1624362221</time>
            <user>unknown</user>
          </revision>
          <revision rev="18" vrev="18">
            <srcmd5>badf3b7fcd65c054b2e99fc9855e4529</srcmd5>
            <version>unknown</version>
            <time>1624362221</time>
            <user>unknown</user>
          </revision>
          <revision rev="19" vrev="19">
            <srcmd5>e94f1c47c5b9765876a7aaabd28981fb</srcmd5>
            <version>unknown</version>
            <time>1624362226</time>
            <user>unknown</user>
          </revision>
          <revision rev="20" vrev="20">
            <srcmd5>c4b72f6818184d4cd4e35b3030ad984a</srcmd5>
            <version>unknown</version>
            <time>1624362226</time>
            <user>unknown</user>
          </revision>
          <revision rev="21" vrev="21">
            <srcmd5>fc5f6c5bd477d91e98038b8f94f0df5f</srcmd5>
            <version>unknown</version>
            <time>1624362229</time>
            <user>unknown</user>
          </revision>
          <revision rev="22" vrev="22">
            <srcmd5>4a7870e45f95b90849ec285e786a11eb</srcmd5>
            <version>unknown</version>
            <time>1624362229</time>
            <user>unknown</user>
          </revision>
          <revision rev="23" vrev="23">
            <srcmd5>bc6ad97c491af7bcd24b47fac0cc8b99</srcmd5>
            <version>unknown</version>
            <time>1624362234</time>
            <user>unknown</user>
          </revision>
          <revision rev="24" vrev="24">
            <srcmd5>8cd3fa2e5ac21ba17b673e2646630369</srcmd5>
            <version>unknown</version>
            <time>1624362234</time>
            <user>unknown</user>
          </revision>
          <revision rev="25" vrev="25">
            <srcmd5>2b618a3ffd4a50c873af3d60bf43a701</srcmd5>
            <version>unknown</version>
            <time>1624362237</time>
            <user>unknown</user>
          </revision>
          <revision rev="26" vrev="26">
            <srcmd5>0107d37f430577dcf4b12e0b63fd5028</srcmd5>
            <version>unknown</version>
            <time>1624362237</time>
            <user>unknown</user>
          </revision>
          <revision rev="27" vrev="27">
            <srcmd5>5d462a751ab89d04a82e10667bcbd6b5</srcmd5>
            <version>unknown</version>
            <time>1624362239</time>
            <user>unknown</user>
          </revision>
          <revision rev="28" vrev="28">
            <srcmd5>fd19f4d5968906d26804f79e95e8aa9c</srcmd5>
            <version>unknown</version>
            <time>1624362239</time>
            <user>unknown</user>
          </revision>
          <revision rev="29" vrev="29">
            <srcmd5>84e3b0a28d6d4ebfed33691b0a760ec2</srcmd5>
            <version>unknown</version>
            <time>1624362247</time>
            <user>unknown</user>
          </revision>
          <revision rev="30" vrev="30">
            <srcmd5>1dfd9930835082b56485680504b641db</srcmd5>
            <version>unknown</version>
            <time>1624362247</time>
            <user>unknown</user>
          </revision>
          <revision rev="31" vrev="31">
            <srcmd5>7c5cfd352b941f1b2ee7665be247a09b</srcmd5>
            <version>unknown</version>
            <time>1624362251</time>
            <user>unknown</user>
          </revision>
          <revision rev="32" vrev="32">
            <srcmd5>bb6e893039722bc9ee082336ee9b3825</srcmd5>
            <version>unknown</version>
            <time>1624362251</time>
            <user>unknown</user>
          </revision>
          <revision rev="33" vrev="33">
            <srcmd5>04ba1cf62bff528cc69ebb4ec3ddd05d</srcmd5>
            <version>unknown</version>
            <time>1624362255</time>
            <user>unknown</user>
          </revision>
          <revision rev="34" vrev="34">
            <srcmd5>776be0c08fec07e91cfba8125baeefd7</srcmd5>
            <version>unknown</version>
            <time>1624362255</time>
            <user>unknown</user>
          </revision>
          <revision rev="35" vrev="35">
            <srcmd5>4386a4aeafd3a0c18dcc6557a8656e0a</srcmd5>
            <version>unknown</version>
            <time>1624362258</time>
            <user>unknown</user>
          </revision>
          <revision rev="36" vrev="36">
            <srcmd5>46da2c000ba80a1f23430b04712fdbb4</srcmd5>
            <version>unknown</version>
            <time>1624362258</time>
            <user>unknown</user>
          </revision>
          <revision rev="37" vrev="37">
            <srcmd5>293c3b7be14c63caa9a60b6adadeab7f</srcmd5>
            <version>unknown</version>
            <time>1624362265</time>
            <user>unknown</user>
          </revision>
          <revision rev="38" vrev="38">
            <srcmd5>b35d1ee900800ffa85779a0b7da4b015</srcmd5>
            <version>unknown</version>
            <time>1624362265</time>
            <user>unknown</user>
          </revision>
          <revision rev="39" vrev="39">
            <srcmd5>6aaecbeb12bff7df83e33a457e274bb6</srcmd5>
            <version>unknown</version>
            <time>1624362342</time>
            <user>unknown</user>
          </revision>
          <revision rev="40" vrev="40">
            <srcmd5>7062fab5d6e59b1991829903d02dfc9f</srcmd5>
            <version>unknown</version>
            <time>1624362343</time>
            <user>unknown</user>
          </revision>
          <revision rev="41" vrev="41">
            <srcmd5>498287bf4f51471d81218740ba7ba058</srcmd5>
            <version>unknown</version>
            <time>1624362347</time>
            <user>unknown</user>
          </revision>
          <revision rev="42" vrev="42">
            <srcmd5>47fe6067ff8884e6251769a1026620a8</srcmd5>
            <version>unknown</version>
            <time>1624362347</time>
            <user>unknown</user>
          </revision>
          <revision rev="43" vrev="43">
            <srcmd5>40e927424792531e91da186e9fce15d2</srcmd5>
            <version>unknown</version>
            <time>1624362351</time>
            <user>unknown</user>
          </revision>
          <revision rev="44" vrev="44">
            <srcmd5>418e458f8c115c39f77c78c49e9d7157</srcmd5>
            <version>unknown</version>
            <time>1624362351</time>
            <user>unknown</user>
          </revision>
          <revision rev="45" vrev="45">
            <srcmd5>4408fa629821d728b8f4a52475e51749</srcmd5>
            <version>unknown</version>
            <time>1624362356</time>
            <user>unknown</user>
          </revision>
          <revision rev="46" vrev="46">
            <srcmd5>1985460f789fa55460912d9cf1cb0c70</srcmd5>
            <version>unknown</version>
            <time>1624362356</time>
            <user>unknown</user>
          </revision>
          <revision rev="47" vrev="47">
            <srcmd5>f099737a9f51e4468b93be46597a307e</srcmd5>
            <version>unknown</version>
            <time>1624362360</time>
            <user>unknown</user>
          </revision>
          <revision rev="48" vrev="48">
            <srcmd5>8e00c2d380d72b371d9934591fb35aa8</srcmd5>
            <version>unknown</version>
            <time>1624362361</time>
            <user>unknown</user>
          </revision>
          <revision rev="49" vrev="49">
            <srcmd5>7b7851efa49a53ffe8757aff97a600b9</srcmd5>
            <version>unknown</version>
            <time>1624362365</time>
            <user>unknown</user>
          </revision>
          <revision rev="50" vrev="50">
            <srcmd5>e97a159b8ecfc34efb9a385770ec5af7</srcmd5>
            <version>unknown</version>
            <time>1624362365</time>
            <user>unknown</user>
          </revision>
          <revision rev="51" vrev="51">
            <srcmd5>d67ce3e97b6f346151ade0b1b577c5c4</srcmd5>
            <version>unknown</version>
            <time>1624362517</time>
            <user>unknown</user>
          </revision>
          <revision rev="52" vrev="52">
            <srcmd5>3db46879131b932884cbdd2074a92a22</srcmd5>
            <version>unknown</version>
            <time>1624362517</time>
            <user>unknown</user>
          </revision>
          <revision rev="53" vrev="53">
            <srcmd5>a4bb4c158729251d5480e8bf0fd6cf4c</srcmd5>
            <version>unknown</version>
            <time>1624363361</time>
            <user>unknown</user>
          </revision>
          <revision rev="54" vrev="54">
            <srcmd5>f694d6f6e139dfb1f665fdf3548bd955</srcmd5>
            <version>unknown</version>
            <time>1624363362</time>
            <user>unknown</user>
          </revision>
          <revision rev="55" vrev="55">
            <srcmd5>c232b691d0e289cc8861296cef25baf5</srcmd5>
            <version>unknown</version>
            <time>1624363399</time>
            <user>unknown</user>
          </revision>
          <revision rev="56" vrev="56">
            <srcmd5>8134ecde03b9ddb3bf8887ab8c7835ce</srcmd5>
            <version>unknown</version>
            <time>1624363400</time>
            <user>unknown</user>
          </revision>
          <revision rev="57" vrev="57">
            <srcmd5>07c59c40f25c9d6a6ea656bff07beb02</srcmd5>
            <version>unknown</version>
            <time>1624363442</time>
            <user>unknown</user>
          </revision>
          <revision rev="58" vrev="58">
            <srcmd5>313a43cf20c266cafbc0833e37831e65</srcmd5>
            <version>unknown</version>
            <time>1624363443</time>
            <user>unknown</user>
          </revision>
        </revisionlist>
  recorded_at: Tue, 22 Jun 2021 12:04:11 GMT
- request:
    method: get
    uri: http://backend:5352/build/home:other_package_test_user/_result?package=branch_test_package&view=status
    body:
      encoding: US-ASCII
      string: ''
    headers:
      X-Request-Id:
      - c5156871-48f3-46ad-b039-b575882c1740
      Accept-Encoding:
      - gzip;q=1.0,deflate;q=0.6,identity;q=0.3
      Accept:
      - "*/*"
      User-Agent:
      - Ruby
  response:
    status:
      code: 200
      message: OK
    headers:
      Content-Type:
      - text/xml
      Cache-Control:
      - no-cache
      Connection:
      - close
      Content-Length:
      - '55'
    body:
      encoding: UTF-8
      string: '<resultlist state="00000000000000000000000000000000"/>

'
  recorded_at: Tue, 22 Jun 2021 12:04:12 GMT
- request:
    method: get
    uri: http://backend:5352/source/home:other_package_test_user/branch_test_package
    body:
      encoding: US-ASCII
      string: ''
    headers:
      X-Request-Id:
      - 224d01c5-ea4e-499b-8dc6-ef18bcdeeff7
      Accept-Encoding:
      - gzip;q=1.0,deflate;q=0.6,identity;q=0.3
      Accept:
      - "*/*"
      User-Agent:
      - Ruby
  response:
    status:
      code: 200
      message: OK
    headers:
      Content-Type:
      - text/xml
      Cache-Control:
      - no-cache
      Connection:
      - close
      Content-Length:
      - '306'
    body:
      encoding: UTF-8
      string: |
        <directory name="branch_test_package" rev="58" vrev="58" srcmd5="313a43cf20c266cafbc0833e37831e65">
          <entry name="_config" md5="065c7dca8613919a0f115491dee86326" size="59" mtime="1624363442"/>
          <entry name="somefile.txt" md5="6aca896ec5c39f025f7e922141cba704" size="61" mtime="1624363443"/>
        </directory>
  recorded_at: Tue, 22 Jun 2021 12:04:13 GMT
- request:
    method: get
    uri: http://backend:5352/source/home:other_package_test_user/branch_test_package?expand=1&rev=58
    body:
      encoding: US-ASCII
      string: ''
    headers:
      Accept-Encoding:
      - gzip;q=1.0,deflate;q=0.6,identity;q=0.3
      Accept:
      - "*/*"
      User-Agent:
      - Ruby
  response:
    status:
      code: 200
      message: OK
    headers:
      Content-Type:
      - text/xml
      Cache-Control:
      - no-cache
      Connection:
      - close
      Content-Length:
      - '306'
    body:
      encoding: UTF-8
      string: |
        <directory name="branch_test_package" rev="58" vrev="58" srcmd5="313a43cf20c266cafbc0833e37831e65">
          <entry name="_config" md5="065c7dca8613919a0f115491dee86326" size="59" mtime="1624363442"/>
          <entry name="somefile.txt" md5="6aca896ec5c39f025f7e922141cba704" size="61" mtime="1624363443"/>
        </directory>
  recorded_at: Tue, 22 Jun 2021 12:04:13 GMT
- request:
    method: get
    uri: http://backend:5352/source/home:other_package_test_user/branch_test_package
    body:
      encoding: US-ASCII
      string: ''
    headers:
      X-Request-Id:
      - aed19bc1-c579-45a1-81bd-c9dfaac98e66
      Accept-Encoding:
      - gzip;q=1.0,deflate;q=0.6,identity;q=0.3
      Accept:
      - "*/*"
      User-Agent:
      - Ruby
  response:
    status:
      code: 200
      message: OK
    headers:
      Content-Type:
      - text/xml
      Cache-Control:
      - no-cache
      Connection:
      - close
      Content-Length:
      - '306'
    body:
      encoding: UTF-8
      string: |
        <directory name="branch_test_package" rev="58" vrev="58" srcmd5="313a43cf20c266cafbc0833e37831e65">
          <entry name="_config" md5="065c7dca8613919a0f115491dee86326" size="59" mtime="1624363442"/>
          <entry name="somefile.txt" md5="6aca896ec5c39f025f7e922141cba704" size="61" mtime="1624363443"/>
        </directory>
  recorded_at: Tue, 22 Jun 2021 12:04:13 GMT
- request:
    method: get
    uri: http://backend:5352/source/home:other_package_test_user/branch_test_package
    body:
      encoding: US-ASCII
      string: ''
    headers:
      X-Request-Id:
      - 04bec8d0-6225-4550-ba34-f795b917404b
      Accept-Encoding:
      - gzip;q=1.0,deflate;q=0.6,identity;q=0.3
      Accept:
      - "*/*"
      User-Agent:
      - Ruby
  response:
    status:
      code: 200
      message: OK
    headers:
      Content-Type:
      - text/xml
      Cache-Control:
      - no-cache
      Connection:
      - close
      Content-Length:
      - '306'
    body:
      encoding: UTF-8
      string: |
        <directory name="branch_test_package" rev="58" vrev="58" srcmd5="313a43cf20c266cafbc0833e37831e65">
          <entry name="_config" md5="065c7dca8613919a0f115491dee86326" size="59" mtime="1624363442"/>
          <entry name="somefile.txt" md5="6aca896ec5c39f025f7e922141cba704" size="61" mtime="1624363443"/>
        </directory>
  recorded_at: Tue, 22 Jun 2021 12:04:13 GMT
- request:
    method: post
    uri: http://backend:5352/search/package/id?match=(linkinfo/@package=%22branch_test_package%22%20and%20linkinfo/@project=%22home:other_package_test_user%22%20and%20@project=%22home:other_package_test_user%22)
    body:
      encoding: UTF-8
      string: ''
    headers:
      Content-Type:
      - application/octet-stream
      Accept-Encoding:
      - gzip;q=1.0,deflate;q=0.6,identity;q=0.3
      Accept:
      - "*/*"
      User-Agent:
      - Ruby
  response:
    status:
      code: 200
      message: OK
    headers:
      Content-Type:
      - text/xml
      Cache-Control:
      - no-cache
      Connection:
      - close
      Content-Length:
      - '27'
    body:
      encoding: UTF-8
      string: |
        <collection>
        </collection>
  recorded_at: Tue, 22 Jun 2021 12:04:14 GMT
- request:
    method: put
    uri: http://backend:5352/source/home:package_test_user:branches:home:other_package_test_user/_meta?user=package_test_user
    body:
      encoding: UTF-8
      string: |
        <project name="home:package_test_user:branches:home:other_package_test_user">
          <title>Branch project for package branch_test_package</title>
          <description>This project was created for package branch_test_package via attribute OBS:Maintained</description>
          <person userid="package_test_user" role="maintainer"/>
        </project>
    headers:
      X-Request-Id:
      - 7c8d89bb-0497-4c8b-9654-c4acb80cb292
      Accept-Encoding:
      - gzip;q=1.0,deflate;q=0.6,identity;q=0.3
      Accept:
      - "*/*"
      User-Agent:
      - Ruby
  response:
    status:
      code: 200
      message: OK
    headers:
      Content-Type:
      - text/xml
      Cache-Control:
      - no-cache
      Connection:
      - close
      Content-Length:
      - '325'
    body:
      encoding: UTF-8
      string: |
        <project name="home:package_test_user:branches:home:other_package_test_user">
          <title>Branch project for package branch_test_package</title>
          <description>This project was created for package branch_test_package via attribute OBS:Maintained</description>
          <person userid="package_test_user" role="maintainer"/>
        </project>
  recorded_at: Tue, 22 Jun 2021 12:04:14 GMT
- request:
    method: put
    uri: http://backend:5352/source/home:package_test_user:branches:home:other_package_test_user/branch_test_package/_meta?user=package_test_user
    body:
      encoding: UTF-8
      string: |
        <package name="branch_test_package" project="home:package_test_user:branches:home:other_package_test_user">
          <title>Consider the Lilies</title>
          <description>Explicabo qui qui pariatur.</description>
        </package>
    headers:
      Accept-Encoding:
      - gzip;q=1.0,deflate;q=0.6,identity;q=0.3
      Accept:
      - "*/*"
      User-Agent:
      - Ruby
  response:
    status:
      code: 200
      message: OK
    headers:
      Content-Type:
      - text/xml
      Cache-Control:
      - no-cache
      Connection:
      - close
      Content-Length:
      - '213'
    body:
      encoding: UTF-8
      string: |
        <package name="branch_test_package" project="home:package_test_user:branches:home:other_package_test_user">
          <title>Consider the Lilies</title>
          <description>Explicabo qui qui pariatur.</description>
        </package>
  recorded_at: Tue, 22 Jun 2021 12:04:14 GMT
- request:
    method: post
    uri: http://backend:5352/source/home:package_test_user:branches:home:other_package_test_user/branch_test_package?cmd=branch&noservice=1&opackage=branch_test_package&oproject=home:other_package_test_user&user=package_test_user
    body:
      encoding: UTF-8
      string: ''
    headers:
      Content-Type:
      - application/octet-stream
      Accept-Encoding:
      - gzip;q=1.0,deflate;q=0.6,identity;q=0.3
      Accept:
      - "*/*"
      User-Agent:
      - Ruby
  response:
    status:
      code: 200
      message: OK
    headers:
      Content-Type:
      - text/xml
      Cache-Control:
      - no-cache
      Connection:
      - close
      Content-Length:
      - '217'
    body:
      encoding: UTF-8
      string: |
        <revision rev="3" vrev="3">
          <srcmd5>89fa9ccd5816a2987be81a03138d8936</srcmd5>
          <version>unknown</version>
          <time>1624363454</time>
          <user>package_test_user</user>
          <comment></comment>
          <requestid/>
        </revision>
  recorded_at: Tue, 22 Jun 2021 12:04:14 GMT
- request:
    method: put
    uri: http://backend:5352/source/home:package_test_user:branches:home:other_package_test_user/branch_test_package/_meta?user=package_test_user
    body:
      encoding: UTF-8
      string: |
        <package name="branch_test_package" project="home:package_test_user:branches:home:other_package_test_user">
          <title>Consider the Lilies</title>
          <description>Explicabo qui qui pariatur.</description>
        </package>
    headers:
      Accept-Encoding:
      - gzip;q=1.0,deflate;q=0.6,identity;q=0.3
      Accept:
      - "*/*"
      User-Agent:
      - Ruby
  response:
    status:
      code: 200
      message: OK
    headers:
      Content-Type:
      - text/xml
      Cache-Control:
      - no-cache
      Connection:
      - close
      Content-Length:
      - '213'
    body:
      encoding: UTF-8
      string: |
        <package name="branch_test_package" project="home:package_test_user:branches:home:other_package_test_user">
          <title>Consider the Lilies</title>
          <description>Explicabo qui qui pariatur.</description>
        </package>
  recorded_at: Tue, 22 Jun 2021 12:04:14 GMT
- request:
    method: get
    uri: http://backend:5352/source/home:package_test_user:branches:home:other_package_test_user/branch_test_package
    body:
      encoding: US-ASCII
      string: ''
    headers:
      Accept-Encoding:
      - gzip;q=1.0,deflate;q=0.6,identity;q=0.3
      Accept:
      - "*/*"
      User-Agent:
      - Ruby
  response:
    status:
      code: 200
      message: OK
    headers:
      Content-Type:
      - text/xml
      Cache-Control:
      - no-cache
      Connection:
      - close
      Content-Length:
      - '651'
    body:
      encoding: UTF-8
      string: |
        <directory name="branch_test_package" rev="3" vrev="3" srcmd5="89fa9ccd5816a2987be81a03138d8936">
          <linkinfo project="home:other_package_test_user" package="branch_test_package" srcmd5="313a43cf20c266cafbc0833e37831e65" baserev="313a43cf20c266cafbc0833e37831e65" xsrcmd5="29fac8ac7608937b998bd400370cbe0d" lsrcmd5="89fa9ccd5816a2987be81a03138d8936"/>
          <entry name="_config" md5="065c7dca8613919a0f115491dee86326" size="59" mtime="1624363442"/>
          <entry name="_link" md5="013f320367c809c41b8ed435f952a920" size="136" mtime="1624363454"/>
          <entry name="somefile.txt" md5="6aca896ec5c39f025f7e922141cba704" size="61" mtime="1624363443"/>
        </directory>
  recorded_at: Tue, 22 Jun 2021 12:04:14 GMT
- request:
    method: get
    uri: http://backend:5352/source/home:package_test_user:branches:home:other_package_test_user/branch_test_package?view=info
    body:
      encoding: US-ASCII
      string: ''
    headers:
      X-Request-Id:
      - 7c8d89bb-0497-4c8b-9654-c4acb80cb292
      Accept-Encoding:
      - gzip;q=1.0,deflate;q=0.6,identity;q=0.3
      Accept:
      - "*/*"
      User-Agent:
      - Ruby
  response:
    status:
      code: 200
      message: OK
    headers:
      Content-Type:
      - text/xml
      Cache-Control:
      - no-cache
      Connection:
      - close
      Content-Length:
      - '362'
    body:
      encoding: UTF-8
      string: |
        <sourceinfo package="branch_test_package" rev="3" vrev="61" srcmd5="29fac8ac7608937b998bd400370cbe0d" lsrcmd5="89fa9ccd5816a2987be81a03138d8936" verifymd5="313a43cf20c266cafbc0833e37831e65">
          <error>bad build configuration, no build type defined or detected</error>
          <linked project="home:other_package_test_user" package="branch_test_package"/>
        </sourceinfo>
  recorded_at: Tue, 22 Jun 2021 12:04:14 GMT
- request:
    method: get
    uri: http://backend:5352/source/home:package_test_user:branches:home:other_package_test_user/branch_test_package
    body:
      encoding: US-ASCII
      string: ''
    headers:
      X-Request-Id:
      - 7c8d89bb-0497-4c8b-9654-c4acb80cb292
      Accept-Encoding:
      - gzip;q=1.0,deflate;q=0.6,identity;q=0.3
      Accept:
      - "*/*"
      User-Agent:
      - Ruby
  response:
    status:
      code: 200
      message: OK
    headers:
      Content-Type:
      - text/xml
      Cache-Control:
      - no-cache
      Connection:
      - close
      Content-Length:
      - '651'
    body:
      encoding: UTF-8
      string: |
        <directory name="branch_test_package" rev="3" vrev="3" srcmd5="89fa9ccd5816a2987be81a03138d8936">
          <linkinfo project="home:other_package_test_user" package="branch_test_package" srcmd5="313a43cf20c266cafbc0833e37831e65" baserev="313a43cf20c266cafbc0833e37831e65" xsrcmd5="29fac8ac7608937b998bd400370cbe0d" lsrcmd5="89fa9ccd5816a2987be81a03138d8936"/>
          <entry name="_config" md5="065c7dca8613919a0f115491dee86326" size="59" mtime="1624363442"/>
          <entry name="_link" md5="013f320367c809c41b8ed435f952a920" size="136" mtime="1624363454"/>
          <entry name="somefile.txt" md5="6aca896ec5c39f025f7e922141cba704" size="61" mtime="1624363443"/>
        </directory>
  recorded_at: Tue, 22 Jun 2021 12:04:14 GMT
- request:
    method: post
    uri: http://backend:5352/source/home:package_test_user:branches:home:other_package_test_user/branch_test_package?cmd=diff&linkrev=base&onlyissues=1&orev=0&view=xml
    body:
      encoding: UTF-8
      string: ''
    headers:
      Content-Type:
      - application/octet-stream
      Accept-Encoding:
      - gzip;q=1.0,deflate;q=0.6,identity;q=0.3
      Accept:
      - "*/*"
      User-Agent:
      - Ruby
  response:
    status:
      code: 200
      message: OK
    headers:
      Content-Type:
      - text/xml
      Cache-Control:
      - no-cache
      Connection:
      - close
      Content-Length:
      - '420'
    body:
      encoding: UTF-8
      string: |
        <sourcediff key="b6e4b91ba488e3161519d4b63e5b8a4e">
          <old project="home:package_test_user:branches:home:other_package_test_user" package="branch_test_package" rev="0" srcmd5="d41d8cd98f00b204e9800998ecf8427e"/>
          <new project="home:package_test_user:branches:home:other_package_test_user" package="branch_test_package" rev="3" srcmd5="89fa9ccd5816a2987be81a03138d8936"/>
          <files/>
          <issues>
          </issues>
        </sourcediff>
  recorded_at: Tue, 22 Jun 2021 12:04:15 GMT
- request:
    method: post
    uri: http://backend:5352/source/home:package_test_user:branches:home:other_package_test_user/branch_test_package?cmd=linkdiff&linkrev=base&onlyissues=1&view=xml
    body:
      encoding: UTF-8
      string: ''
    headers:
      Content-Type:
      - application/octet-stream
      Accept-Encoding:
      - gzip;q=1.0,deflate;q=0.6,identity;q=0.3
      Accept:
      - "*/*"
      User-Agent:
      - Ruby
  response:
    status:
      code: 200
      message: OK
    headers:
      Content-Type:
      - text/xml
      Cache-Control:
      - no-cache
      Connection:
      - close
      Content-Length:
      - '427'
    body:
      encoding: UTF-8
      string: |
        <sourcediff key="a2bee2a2cfdea79e77b65c67f0ce3acf">
          <old project="home:other_package_test_user" package="branch_test_package" rev="313a43cf20c266cafbc0833e37831e65" srcmd5="313a43cf20c266cafbc0833e37831e65"/>
          <new project="home:package_test_user:branches:home:other_package_test_user" package="branch_test_package" rev="29fac8ac7608937b998bd400370cbe0d" srcmd5="29fac8ac7608937b998bd400370cbe0d"/>
          <files/>
        </sourcediff>
  recorded_at: Tue, 22 Jun 2021 12:04:15 GMT
- request:
    method: put
    uri: http://backend:5352/source/home:package_test_user:branches:home:other_package_test_user/_meta?user=package_test_user
    body:
      encoding: UTF-8
      string: |
        <project name="home:package_test_user:branches:home:other_package_test_user">
          <title>Branch project for package branch_test_package</title>
          <description>This project was created for package branch_test_package via attribute OBS:Maintained</description>
          <person userid="package_test_user" role="maintainer"/>
          <publish>
            <disable/>
          </publish>
        </project>
    headers:
      X-Request-Id:
      - 7c8d89bb-0497-4c8b-9654-c4acb80cb292
      Accept-Encoding:
      - gzip;q=1.0,deflate;q=0.6,identity;q=0.3
      Accept:
      - "*/*"
      User-Agent:
      - Ruby
  response:
    status:
      code: 200
      message: OK
    headers:
      Content-Type:
      - text/xml
      Cache-Control:
      - no-cache
      Connection:
      - close
      Content-Length:
      - '365'
    body:
      encoding: UTF-8
      string: |
        <project name="home:package_test_user:branches:home:other_package_test_user">
          <title>Branch project for package branch_test_package</title>
          <description>This project was created for package branch_test_package via attribute OBS:Maintained</description>
          <person userid="package_test_user" role="maintainer"/>
          <publish>
            <disable/>
          </publish>
        </project>
  recorded_at: Tue, 22 Jun 2021 12:04:15 GMT
- request:
    method: get
    uri: http://backend:5352/source/home:other_package_test_user/branch_test_package?view=info
    body:
      encoding: US-ASCII
      string: ''
    headers:
      X-Request-Id:
      - 1c617848-a01e-4879-bb6f-cf3df6209c23
      Accept-Encoding:
      - gzip;q=1.0,deflate;q=0.6,identity;q=0.3
      Accept:
      - "*/*"
      User-Agent:
      - Ruby
  response:
    status:
      code: 200
      message: OK
    headers:
      Content-Type:
      - text/xml
      Cache-Control:
      - no-cache
      Connection:
      - close
      Content-Length:
      - '239'
    body:
      encoding: UTF-8
      string: |
        <sourceinfo package="branch_test_package" rev="58" vrev="58" srcmd5="313a43cf20c266cafbc0833e37831e65" verifymd5="313a43cf20c266cafbc0833e37831e65">
          <error>bad build configuration, no build type defined or detected</error>
        </sourceinfo>
  recorded_at: Tue, 22 Jun 2021 12:04:15 GMT
- request:
    method: get
    uri: http://backend:5352/source/home:other_package_test_user/branch_test_package
    body:
      encoding: US-ASCII
      string: ''
    headers:
      X-Request-Id:
      - 1c617848-a01e-4879-bb6f-cf3df6209c23
      Accept-Encoding:
      - gzip;q=1.0,deflate;q=0.6,identity;q=0.3
      Accept:
      - "*/*"
      User-Agent:
      - Ruby
  response:
    status:
      code: 200
      message: OK
    headers:
      Content-Type:
      - text/xml
      Cache-Control:
      - no-cache
      Connection:
      - close
      Content-Length:
      - '306'
    body:
      encoding: UTF-8
      string: |
        <directory name="branch_test_package" rev="58" vrev="58" srcmd5="313a43cf20c266cafbc0833e37831e65">
          <entry name="_config" md5="065c7dca8613919a0f115491dee86326" size="59" mtime="1624363442"/>
          <entry name="somefile.txt" md5="6aca896ec5c39f025f7e922141cba704" size="61" mtime="1624363443"/>
        </directory>
  recorded_at: Tue, 22 Jun 2021 12:04:15 GMT
- request:
    method: post
    uri: http://backend:5352/source/home:other_package_test_user/branch_test_package?cmd=diff&linkrev=base&onlyissues=1&orev=0&view=xml
    body:
      encoding: UTF-8
      string: ''
    headers:
      Content-Type:
      - application/octet-stream
      Accept-Encoding:
      - gzip;q=1.0,deflate;q=0.6,identity;q=0.3
      Accept:
      - "*/*"
      User-Agent:
      - Ruby
  response:
    status:
      code: 200
      message: OK
    headers:
      Content-Type:
      - text/xml
      Cache-Control:
      - no-cache
      Connection:
      - close
      Content-Length:
      - '357'
    body:
      encoding: UTF-8
      string: |
        <sourcediff key="08a24c65b8296a404991ff7733d29adf">
          <old project="home:other_package_test_user" package="branch_test_package" rev="0" srcmd5="d41d8cd98f00b204e9800998ecf8427e"/>
          <new project="home:other_package_test_user" package="branch_test_package" rev="58" srcmd5="313a43cf20c266cafbc0833e37831e65"/>
          <files/>
          <issues>
          </issues>
        </sourcediff>
  recorded_at: Tue, 22 Jun 2021 12:04:15 GMT
- request:
    method: get
    uri: http://backend:5352/source/home:package_test_user:branches:home:other_package_test_user/branch_test_package
    body:
      encoding: US-ASCII
      string: ''
    headers:
      X-Request-Id:
      - 1c617848-a01e-4879-bb6f-cf3df6209c23
      Accept-Encoding:
      - gzip;q=1.0,deflate;q=0.6,identity;q=0.3
      Accept:
      - "*/*"
      User-Agent:
      - Ruby
  response:
    status:
      code: 200
      message: OK
    headers:
      Content-Type:
      - text/xml
      Cache-Control:
      - no-cache
      Connection:
      - close
      Content-Length:
      - '651'
    body:
      encoding: UTF-8
      string: |
        <directory name="branch_test_package" rev="3" vrev="3" srcmd5="89fa9ccd5816a2987be81a03138d8936">
          <linkinfo project="home:other_package_test_user" package="branch_test_package" srcmd5="313a43cf20c266cafbc0833e37831e65" baserev="313a43cf20c266cafbc0833e37831e65" xsrcmd5="29fac8ac7608937b998bd400370cbe0d" lsrcmd5="89fa9ccd5816a2987be81a03138d8936"/>
          <entry name="_config" md5="065c7dca8613919a0f115491dee86326" size="59" mtime="1624363442"/>
          <entry name="_link" md5="013f320367c809c41b8ed435f952a920" size="136" mtime="1624363454"/>
          <entry name="somefile.txt" md5="6aca896ec5c39f025f7e922141cba704" size="61" mtime="1624363443"/>
        </directory>
  recorded_at: Tue, 22 Jun 2021 12:04:15 GMT
- request:
    method: get
    uri: http://backend:5352/source/home:package_test_user:branches:home:other_package_test_user/branch_test_package?expand=1&rev=3
    body:
      encoding: US-ASCII
      string: ''
    headers:
      Accept-Encoding:
      - gzip;q=1.0,deflate;q=0.6,identity;q=0.3
      Accept:
      - "*/*"
      User-Agent:
      - Ruby
  response:
    status:
      code: 200
      message: OK
    headers:
      Content-Type:
      - text/xml
      Cache-Control:
      - no-cache
      Connection:
      - close
      Content-Length:
      - '547'
    body:
      encoding: UTF-8
      string: |
        <directory name="branch_test_package" rev="29fac8ac7608937b998bd400370cbe0d" vrev="61" srcmd5="29fac8ac7608937b998bd400370cbe0d">
          <linkinfo project="home:other_package_test_user" package="branch_test_package" srcmd5="313a43cf20c266cafbc0833e37831e65" baserev="313a43cf20c266cafbc0833e37831e65" lsrcmd5="89fa9ccd5816a2987be81a03138d8936"/>
          <entry name="_config" md5="065c7dca8613919a0f115491dee86326" size="59" mtime="1624363442"/>
          <entry name="somefile.txt" md5="6aca896ec5c39f025f7e922141cba704" size="61" mtime="1624363443"/>
        </directory>
  recorded_at: Tue, 22 Jun 2021 12:04:15 GMT
- request:
    method: get
    uri: http://backend:5352/source/home:package_test_user:branches:home:other_package_test_user/branch_test_package
    body:
      encoding: US-ASCII
      string: ''
    headers:
      X-Request-Id:
      - 1c617848-a01e-4879-bb6f-cf3df6209c23
      Accept-Encoding:
      - gzip;q=1.0,deflate;q=0.6,identity;q=0.3
      Accept:
      - "*/*"
      User-Agent:
      - Ruby
  response:
    status:
      code: 200
      message: OK
    headers:
      Content-Type:
      - text/xml
      Cache-Control:
      - no-cache
      Connection:
      - close
      Content-Length:
      - '651'
    body:
      encoding: UTF-8
      string: |
        <directory name="branch_test_package" rev="3" vrev="3" srcmd5="89fa9ccd5816a2987be81a03138d8936">
          <linkinfo project="home:other_package_test_user" package="branch_test_package" srcmd5="313a43cf20c266cafbc0833e37831e65" baserev="313a43cf20c266cafbc0833e37831e65" xsrcmd5="29fac8ac7608937b998bd400370cbe0d" lsrcmd5="89fa9ccd5816a2987be81a03138d8936"/>
          <entry name="_config" md5="065c7dca8613919a0f115491dee86326" size="59" mtime="1624363442"/>
          <entry name="_link" md5="013f320367c809c41b8ed435f952a920" size="136" mtime="1624363454"/>
          <entry name="somefile.txt" md5="6aca896ec5c39f025f7e922141cba704" size="61" mtime="1624363443"/>
        </directory>
  recorded_at: Tue, 22 Jun 2021 12:04:15 GMT
- request:
    method: get
    uri: http://backend:5352/source/home:package_test_user:branches:home:other_package_test_user/branch_test_package
    body:
      encoding: US-ASCII
      string: ''
    headers:
      X-Request-Id:
      - 1c617848-a01e-4879-bb6f-cf3df6209c23
      Accept-Encoding:
      - gzip;q=1.0,deflate;q=0.6,identity;q=0.3
      Accept:
      - "*/*"
      User-Agent:
      - Ruby
  response:
    status:
      code: 200
      message: OK
    headers:
      Content-Type:
      - text/xml
      Cache-Control:
      - no-cache
      Connection:
      - close
      Content-Length:
      - '651'
    body:
      encoding: UTF-8
      string: |
        <directory name="branch_test_package" rev="3" vrev="3" srcmd5="89fa9ccd5816a2987be81a03138d8936">
          <linkinfo project="home:other_package_test_user" package="branch_test_package" srcmd5="313a43cf20c266cafbc0833e37831e65" baserev="313a43cf20c266cafbc0833e37831e65" xsrcmd5="29fac8ac7608937b998bd400370cbe0d" lsrcmd5="89fa9ccd5816a2987be81a03138d8936"/>
          <entry name="_config" md5="065c7dca8613919a0f115491dee86326" size="59" mtime="1624363442"/>
          <entry name="_link" md5="013f320367c809c41b8ed435f952a920" size="136" mtime="1624363454"/>
          <entry name="somefile.txt" md5="6aca896ec5c39f025f7e922141cba704" size="61" mtime="1624363443"/>
        </directory>
  recorded_at: Tue, 22 Jun 2021 12:04:15 GMT
- request:
    method: get
    uri: http://backend:5352/source/home:package_test_user:branches:home:other_package_test_user/branch_test_package/_history
    body:
      encoding: US-ASCII
      string: ''
    headers:
      Accept-Encoding:
      - gzip;q=1.0,deflate;q=0.6,identity;q=0.3
      Accept:
      - "*/*"
      User-Agent:
      - Ruby
  response:
    status:
      code: 200
      message: OK
    headers:
      Content-Type:
      - text/xml
      Cache-Control:
      - no-cache
      Connection:
      - close
      Content-Length:
      - '607'
    body:
      encoding: UTF-8
      string: |
        <revisionlist>
          <revision rev="1" vrev="1">
            <srcmd5>75fd2f704caa6a92955e486477ec1ff9</srcmd5>
            <version>unknown</version>
            <time>1624362262</time>
            <user>package_test_user</user>
          </revision>
          <revision rev="2" vrev="2">
            <srcmd5>5e585b5d255b8975b7fa8c86560b2ea0</srcmd5>
            <version>unknown</version>
            <time>1624362268</time>
            <user>package_test_user</user>
          </revision>
          <revision rev="3" vrev="3">
            <srcmd5>89fa9ccd5816a2987be81a03138d8936</srcmd5>
            <version>unknown</version>
            <time>1624363454</time>
            <user>package_test_user</user>
          </revision>
        </revisionlist>
  recorded_at: Tue, 22 Jun 2021 12:04:15 GMT
- request:
    method: get
    uri: http://backend:5352/build/home:package_test_user:branches:home:other_package_test_user/_result?package=branch_test_package&view=status
    body:
      encoding: US-ASCII
      string: ''
    headers:
      X-Request-Id:
      - 7426824e-4de2-4e12-9784-6d3252e4e20c
      Accept-Encoding:
      - gzip;q=1.0,deflate;q=0.6,identity;q=0.3
      Accept:
      - "*/*"
      User-Agent:
      - Ruby
  response:
    status:
      code: 200
      message: OK
    headers:
      Content-Type:
      - text/xml
      Cache-Control:
      - no-cache
      Connection:
      - close
      Content-Length:
      - '55'
    body:
      encoding: UTF-8
      string: '<resultlist state="00000000000000000000000000000000"/>

'
  recorded_at: Tue, 22 Jun 2021 12:04:16 GMT
- request:
    method: get
    uri: http://backend:5352/source/home:package_test_user:branches:home:other_package_test_user/branch_test_package
    body:
      encoding: US-ASCII
      string: ''
    headers:
      X-Request-Id:
      - b81bde46-a94c-4203-b74c-69bf0e6e95ee
      Accept-Encoding:
      - gzip;q=1.0,deflate;q=0.6,identity;q=0.3
      Accept:
      - "*/*"
      User-Agent:
      - Ruby
  response:
    status:
      code: 200
      message: OK
    headers:
      Content-Type:
      - text/xml
      Cache-Control:
      - no-cache
      Connection:
      - close
      Content-Length:
      - '651'
    body:
      encoding: UTF-8
      string: |
        <directory name="branch_test_package" rev="3" vrev="3" srcmd5="89fa9ccd5816a2987be81a03138d8936">
          <linkinfo project="home:other_package_test_user" package="branch_test_package" srcmd5="313a43cf20c266cafbc0833e37831e65" baserev="313a43cf20c266cafbc0833e37831e65" xsrcmd5="29fac8ac7608937b998bd400370cbe0d" lsrcmd5="89fa9ccd5816a2987be81a03138d8936"/>
          <entry name="_config" md5="065c7dca8613919a0f115491dee86326" size="59" mtime="1624363442"/>
          <entry name="_link" md5="013f320367c809c41b8ed435f952a920" size="136" mtime="1624363454"/>
          <entry name="somefile.txt" md5="6aca896ec5c39f025f7e922141cba704" size="61" mtime="1624363443"/>
        </directory>
  recorded_at: Tue, 22 Jun 2021 12:04:16 GMT
- request:
    method: get
    uri: http://backend:5352/source/home:package_test_user:branches:home:other_package_test_user/branch_test_package?expand=1&rev=3
    body:
      encoding: US-ASCII
      string: ''
    headers:
      Accept-Encoding:
      - gzip;q=1.0,deflate;q=0.6,identity;q=0.3
      Accept:
      - "*/*"
      User-Agent:
      - Ruby
  response:
    status:
      code: 200
      message: OK
    headers:
      Content-Type:
      - text/xml
      Cache-Control:
      - no-cache
      Connection:
      - close
      Content-Length:
      - '547'
    body:
      encoding: UTF-8
      string: |
        <directory name="branch_test_package" rev="29fac8ac7608937b998bd400370cbe0d" vrev="61" srcmd5="29fac8ac7608937b998bd400370cbe0d">
          <linkinfo project="home:other_package_test_user" package="branch_test_package" srcmd5="313a43cf20c266cafbc0833e37831e65" baserev="313a43cf20c266cafbc0833e37831e65" lsrcmd5="89fa9ccd5816a2987be81a03138d8936"/>
          <entry name="_config" md5="065c7dca8613919a0f115491dee86326" size="59" mtime="1624363442"/>
          <entry name="somefile.txt" md5="6aca896ec5c39f025f7e922141cba704" size="61" mtime="1624363443"/>
        </directory>
  recorded_at: Tue, 22 Jun 2021 12:04:16 GMT
- request:
    method: get
    uri: http://backend:5352/source/home:package_test_user:branches:home:other_package_test_user/branch_test_package
    body:
      encoding: US-ASCII
      string: ''
    headers:
      X-Request-Id:
      - b81bde46-a94c-4203-b74c-69bf0e6e95ee
      Accept-Encoding:
      - gzip;q=1.0,deflate;q=0.6,identity;q=0.3
      Accept:
      - "*/*"
      User-Agent:
      - Ruby
  response:
    status:
      code: 200
      message: OK
    headers:
      Content-Type:
      - text/xml
      Cache-Control:
      - no-cache
      Connection:
      - close
      Content-Length:
      - '651'
    body:
      encoding: UTF-8
      string: |
        <directory name="branch_test_package" rev="3" vrev="3" srcmd5="89fa9ccd5816a2987be81a03138d8936">
          <linkinfo project="home:other_package_test_user" package="branch_test_package" srcmd5="313a43cf20c266cafbc0833e37831e65" baserev="313a43cf20c266cafbc0833e37831e65" xsrcmd5="29fac8ac7608937b998bd400370cbe0d" lsrcmd5="89fa9ccd5816a2987be81a03138d8936"/>
          <entry name="_config" md5="065c7dca8613919a0f115491dee86326" size="59" mtime="1624363442"/>
          <entry name="_link" md5="013f320367c809c41b8ed435f952a920" size="136" mtime="1624363454"/>
          <entry name="somefile.txt" md5="6aca896ec5c39f025f7e922141cba704" size="61" mtime="1624363443"/>
        </directory>
  recorded_at: Tue, 22 Jun 2021 12:04:16 GMT
- request:
    method: get
    uri: http://backend:5352/source/home:package_test_user:branches:home:other_package_test_user/branch_test_package
    body:
      encoding: US-ASCII
      string: ''
    headers:
      X-Request-Id:
      - b81bde46-a94c-4203-b74c-69bf0e6e95ee
      Accept-Encoding:
      - gzip;q=1.0,deflate;q=0.6,identity;q=0.3
      Accept:
      - "*/*"
      User-Agent:
      - Ruby
  response:
    status:
      code: 200
      message: OK
    headers:
      Content-Type:
      - text/xml
      Cache-Control:
      - no-cache
      Connection:
      - close
      Content-Length:
      - '651'
    body:
      encoding: UTF-8
      string: |
        <directory name="branch_test_package" rev="3" vrev="3" srcmd5="89fa9ccd5816a2987be81a03138d8936">
          <linkinfo project="home:other_package_test_user" package="branch_test_package" srcmd5="313a43cf20c266cafbc0833e37831e65" baserev="313a43cf20c266cafbc0833e37831e65" xsrcmd5="29fac8ac7608937b998bd400370cbe0d" lsrcmd5="89fa9ccd5816a2987be81a03138d8936"/>
          <entry name="_config" md5="065c7dca8613919a0f115491dee86326" size="59" mtime="1624363442"/>
          <entry name="_link" md5="013f320367c809c41b8ed435f952a920" size="136" mtime="1624363454"/>
          <entry name="somefile.txt" md5="6aca896ec5c39f025f7e922141cba704" size="61" mtime="1624363443"/>
        </directory>
  recorded_at: Tue, 22 Jun 2021 12:04:16 GMT
recorded_with: VCR 6.0.0
