---
http_interactions:
- request:
    method: put
    uri: http://backend:5352/source/home:package_test_user/_meta?user=package_test_user
    body:
      encoding: UTF-8
      string: |
        <project name="home:package_test_user">
          <title/>
          <description/>
          <person userid="package_test_user" role="maintainer"/>
        </project>
    headers:
      Accept-Encoding:
      - gzip;q=1.0,deflate;q=0.6,identity;q=0.3
      Accept:
      - "*/*"
      User-Agent:
      - Ruby
  response:
    status:
      code: 200
      message: OK
    headers:
      Content-Type:
      - text/xml
      Cache-Control:
      - no-cache
      Connection:
      - close
      Content-Length:
      - '156'
    body:
      encoding: UTF-8
      string: |
        <project name="home:package_test_user">
          <title></title>
          <description></description>
          <person userid="package_test_user" role="maintainer"/>
        </project>
  recorded_at: Wed, 22 Feb 2023 18:05:46 GMT
- request:
    method: put
    uri: http://backend:5352/source/home:package_test_user/test_package/_meta?user=user_38
    body:
      encoding: UTF-8
      string: |
        <package name="test_package" project="home:package_test_user">
          <title>An Instant In The Wind</title>
          <description>Sint dolor maxime amet.</description>
        </package>
    headers:
      Accept-Encoding:
      - gzip;q=1.0,deflate;q=0.6,identity;q=0.3
      Accept:
      - "*/*"
      User-Agent:
      - Ruby
  response:
    status:
      code: 200
      message: OK
    headers:
      Content-Type:
      - text/xml
      Cache-Control:
      - no-cache
      Connection:
      - close
      Content-Length:
      - '167'
    body:
      encoding: UTF-8
      string: |
        <package name="test_package" project="home:package_test_user">
          <title>An Instant In The Wind</title>
          <description>Sint dolor maxime amet.</description>
        </package>
  recorded_at: Wed, 22 Feb 2023 18:05:46 GMT
- request:
    method: put
    uri: http://backend:5352/source/home:package_test_user/test_package/_config
    body:
      encoding: UTF-8
      string: Qui dolore quia. Ut et facere. Tempora officiis rem.
    headers:
      Accept-Encoding:
      - gzip;q=1.0,deflate;q=0.6,identity;q=0.3
      Accept:
      - "*/*"
      User-Agent:
      - Ruby
  response:
    status:
      code: 200
      message: OK
    headers:
      Content-Type:
      - text/xml
      Cache-Control:
      - no-cache
      Connection:
      - close
      Content-Length:
      - '209'
    body:
      encoding: UTF-8
      string: |
        <revision rev="76" vrev="76">
          <srcmd5>8f74fc59ac65d1d906cf6b889b1236a9</srcmd5>
          <version>unknown</version>
          <time>1677089146</time>
          <user>unknown</user>
          <comment></comment>
          <requestid/>
        </revision>
  recorded_at: Wed, 22 Feb 2023 18:05:46 GMT
- request:
    method: put
    uri: http://backend:5352/source/home:package_test_user/test_package/somefile.txt
    body:
      encoding: UTF-8
      string: Ipsam quia mollitia. Non recusandae quam. Est blanditiis illum.
    headers:
      Accept-Encoding:
      - gzip;q=1.0,deflate;q=0.6,identity;q=0.3
      Accept:
      - "*/*"
      User-Agent:
      - Ruby
  response:
    status:
      code: 200
      message: OK
    headers:
      Content-Type:
      - text/xml
      Cache-Control:
      - no-cache
      Connection:
      - close
      Content-Length:
      - '209'
    body:
      encoding: UTF-8
      string: |
        <revision rev="77" vrev="77">
          <srcmd5>af1192c3ee46268e495ba28b3f3b81d9</srcmd5>
          <version>unknown</version>
          <time>1677089146</time>
          <user>unknown</user>
          <comment></comment>
          <requestid/>
        </revision>
  recorded_at: Wed, 22 Feb 2023 18:05:46 GMT
- request:
    method: put
    uri: http://backend:5352/source/home:other_package_test_user/_meta?user=other_package_test_user
    body:
      encoding: UTF-8
      string: |
        <project name="home:other_package_test_user">
          <title/>
          <description/>
          <person userid="other_package_test_user" role="maintainer"/>
        </project>
    headers:
      Accept-Encoding:
      - gzip;q=1.0,deflate;q=0.6,identity;q=0.3
      Accept:
      - "*/*"
      User-Agent:
      - Ruby
  response:
    status:
      code: 200
      message: OK
    headers:
      Content-Type:
      - text/xml
      Cache-Control:
      - no-cache
      Connection:
      - close
      Content-Length:
      - '168'
    body:
      encoding: UTF-8
      string: |
        <project name="home:other_package_test_user">
          <title></title>
          <description></description>
          <person userid="other_package_test_user" role="maintainer"/>
        </project>
  recorded_at: Wed, 22 Feb 2023 18:05:46 GMT
- request:
    method: put
    uri: http://backend:5352/source/home:other_package_test_user/branch_test_package/_meta?user=user_39
    body:
      encoding: UTF-8
      string: |
        <package name="branch_test_package" project="home:other_package_test_user">
          <title>Such, Such Were the Joys</title>
          <description>Quos vitae officiis voluptatem.</description>
        </package>
    headers:
      Accept-Encoding:
      - gzip;q=1.0,deflate;q=0.6,identity;q=0.3
      Accept:
      - "*/*"
      User-Agent:
      - Ruby
  response:
    status:
      code: 200
      message: OK
    headers:
      Content-Type:
      - text/xml
      Cache-Control:
      - no-cache
      Connection:
      - close
      Content-Length:
      - '190'
    body:
      encoding: UTF-8
      string: |
        <package name="branch_test_package" project="home:other_package_test_user">
          <title>Such, Such Were the Joys</title>
          <description>Quos vitae officiis voluptatem.</description>
        </package>
  recorded_at: Wed, 22 Feb 2023 18:05:46 GMT
- request:
    method: put
    uri: http://backend:5352/source/home:other_package_test_user/branch_test_package/_config
    body:
      encoding: UTF-8
      string: Quisquam ut repellendus. Amet expedita dolores. Dolorum necessitatibus
        in.
    headers:
      Accept-Encoding:
      - gzip;q=1.0,deflate;q=0.6,identity;q=0.3
      Accept:
      - "*/*"
      User-Agent:
      - Ruby
  response:
    status:
      code: 200
      message: OK
    headers:
      Content-Type:
      - text/xml
      Cache-Control:
      - no-cache
      Connection:
      - close
      Content-Length:
      - '209'
    body:
      encoding: UTF-8
      string: |
        <revision rev="69" vrev="69">
          <srcmd5>1dea72c1cda929d15315dae6f484f8f6</srcmd5>
          <version>unknown</version>
          <time>1677089146</time>
          <user>unknown</user>
          <comment></comment>
          <requestid/>
        </revision>
  recorded_at: Wed, 22 Feb 2023 18:05:46 GMT
- request:
    method: put
    uri: http://backend:5352/source/home:other_package_test_user/branch_test_package/somefile.txt
    body:
      encoding: UTF-8
      string: Voluptatem quam quae. Voluptas labore tempora. Et est ratione.
    headers:
      Accept-Encoding:
      - gzip;q=1.0,deflate;q=0.6,identity;q=0.3
      Accept:
      - "*/*"
      User-Agent:
      - Ruby
  response:
    status:
      code: 200
      message: OK
    headers:
      Content-Type:
      - text/xml
      Cache-Control:
      - no-cache
      Connection:
      - close
      Content-Length:
      - '209'
    body:
      encoding: UTF-8
      string: |
        <revision rev="70" vrev="70">
          <srcmd5>01fb92edcefa818ecae2e9227fcd0ca7</srcmd5>
          <version>unknown</version>
          <time>1677089146</time>
          <user>unknown</user>
          <comment></comment>
          <requestid/>
        </revision>
  recorded_at: Wed, 22 Feb 2023 18:05:46 GMT
- request:
    method: get
    uri: http://backend:5352/source/home:other_package_test_user/branch_test_package
    body:
      encoding: US-ASCII
      string: ''
    headers:
      X-Request-Id:
      - ba75a824-61aa-4114-9dd8-97a3cf9d707f
      Accept-Encoding:
      - gzip;q=1.0,deflate;q=0.6,identity;q=0.3
      Accept:
      - "*/*"
      User-Agent:
      - Ruby
  response:
    status:
      code: 200
      message: OK
    headers:
      Content-Type:
      - text/xml
      Cache-Control:
      - no-cache
      Connection:
      - close
      Content-Length:
      - '306'
    body:
      encoding: UTF-8
      string: |
        <directory name="branch_test_package" rev="70" vrev="70" srcmd5="01fb92edcefa818ecae2e9227fcd0ca7">
          <entry name="_config" md5="41786a0eaafbfa610b014099c992fc2b" size="74" mtime="1677089146"/>
          <entry name="somefile.txt" md5="451d884d414b8551362859a38910fad2" size="62" mtime="1677089146"/>
        </directory>
  recorded_at: Wed, 22 Feb 2023 18:05:47 GMT
- request:
    method: get
    uri: http://backend:5352/source/home:other_package_test_user/branch_test_package?expand=1&rev=70
    body:
      encoding: US-ASCII
      string: ''
    headers:
      Accept-Encoding:
      - gzip;q=1.0,deflate;q=0.6,identity;q=0.3
      Accept:
      - "*/*"
      User-Agent:
      - Ruby
  response:
    status:
      code: 200
      message: OK
    headers:
      Content-Type:
      - text/xml
      Cache-Control:
      - no-cache
      Connection:
      - close
      Content-Length:
      - '306'
    body:
      encoding: UTF-8
      string: |
        <directory name="branch_test_package" rev="70" vrev="70" srcmd5="01fb92edcefa818ecae2e9227fcd0ca7">
          <entry name="_config" md5="41786a0eaafbfa610b014099c992fc2b" size="74" mtime="1677089146"/>
          <entry name="somefile.txt" md5="451d884d414b8551362859a38910fad2" size="62" mtime="1677089146"/>
        </directory>
  recorded_at: Wed, 22 Feb 2023 18:05:47 GMT
- request:
    method: get
    uri: http://backend:5352/source/home:other_package_test_user/branch_test_package/_history?deleted=1&meta=1&rev=70
    body:
      encoding: US-ASCII
      string: ''
    headers:
      X-Request-Id:
      - ba75a824-61aa-4114-9dd8-97a3cf9d707f
      Accept-Encoding:
      - gzip;q=1.0,deflate;q=0.6,identity;q=0.3
      Accept:
      - "*/*"
      User-Agent:
      - Ruby
  response:
    status:
      code: 200
      message: OK
    headers:
      Content-Type:
      - text/xml
      Cache-Control:
      - no-cache
      Connection:
      - close
      Content-Length:
      - '31'
    body:
      encoding: UTF-8
      string: |
        <revisionlist>
        </revisionlist>
  recorded_at: Wed, 22 Feb 2023 18:05:47 GMT
- request:
    method: get
    uri: http://backend:5352/source/home:other_package_test_user/branch_test_package/_history?deleted=1&meta=1
    body:
      encoding: US-ASCII
      string: ''
    headers:
      X-Request-Id:
      - ba75a824-61aa-4114-9dd8-97a3cf9d707f
      Accept-Encoding:
      - gzip;q=1.0,deflate;q=0.6,identity;q=0.3
      Accept:
      - "*/*"
      User-Agent:
      - Ruby
  response:
    status:
      code: 200
      message: OK
    headers:
      Content-Type:
      - text/xml
      Cache-Control:
      - no-cache
      Connection:
      - close
      Content-Length:
      - '31'
    body:
      encoding: UTF-8
      string: |
        <revisionlist>
        </revisionlist>
  recorded_at: Wed, 22 Feb 2023 18:05:47 GMT
- request:
    method: get
    uri: http://backend:5352/source/home:other_package_test_user/branch_test_package
    body:
      encoding: US-ASCII
      string: ''
    headers:
      X-Request-Id:
      - d9a5cd0e-9c91-4805-9953-b94eda862596
      Accept-Encoding:
      - gzip;q=1.0,deflate;q=0.6,identity;q=0.3
      Accept:
      - "*/*"
      User-Agent:
      - Ruby
  response:
    status:
      code: 200
      message: OK
    headers:
      Content-Type:
      - text/xml
      Cache-Control:
      - no-cache
      Connection:
      - close
      Content-Length:
      - '306'
    body:
      encoding: UTF-8
      string: |
        <directory name="branch_test_package" rev="70" vrev="70" srcmd5="01fb92edcefa818ecae2e9227fcd0ca7">
          <entry name="_config" md5="41786a0eaafbfa610b014099c992fc2b" size="74" mtime="1677089146"/>
          <entry name="somefile.txt" md5="451d884d414b8551362859a38910fad2" size="62" mtime="1677089146"/>
        </directory>
  recorded_at: Wed, 22 Feb 2023 18:05:48 GMT
- request:
    method: get
    uri: http://backend:5352/build/home:other_package_test_user/_result?lastbuild=1&locallink=1&multibuild=1&package=branch_test_package&view=status
    body:
      encoding: US-ASCII
      string: ''
    headers:
      X-Request-Id:
      - d9a5cd0e-9c91-4805-9953-b94eda862596
      Accept-Encoding:
      - gzip;q=1.0,deflate;q=0.6,identity;q=0.3
      Accept:
      - "*/*"
      User-Agent:
      - Ruby
  response:
    status:
      code: 200
      message: OK
    headers:
      Content-Type:
      - text/xml
      Cache-Control:
      - no-cache
      Connection:
      - close
      Content-Length:
      - '55'
    body:
      encoding: UTF-8
      string: '<resultlist state="00000000000000000000000000000000"/>

'
  recorded_at: Wed, 22 Feb 2023 18:05:48 GMT
- request:
    method: get
    uri: http://backend:5352/source/home:other_package_test_user/branch_test_package
    body:
      encoding: US-ASCII
      string: ''
    headers:
      X-Request-Id:
      - 7fad288b-90b8-408a-bd31-470eaed8fafd
      Accept-Encoding:
      - gzip;q=1.0,deflate;q=0.6,identity;q=0.3
      Accept:
      - "*/*"
      User-Agent:
      - Ruby
  response:
    status:
      code: 200
      message: OK
    headers:
      Content-Type:
      - text/xml
      Cache-Control:
      - no-cache
      Connection:
      - close
      Content-Length:
      - '306'
    body:
      encoding: UTF-8
      string: |
        <directory name="branch_test_package" rev="70" vrev="70" srcmd5="01fb92edcefa818ecae2e9227fcd0ca7">
          <entry name="_config" md5="41786a0eaafbfa610b014099c992fc2b" size="74" mtime="1677089146"/>
          <entry name="somefile.txt" md5="451d884d414b8551362859a38910fad2" size="62" mtime="1677089146"/>
        </directory>
  recorded_at: Wed, 22 Feb 2023 18:05:48 GMT
- request:
    method: get
    uri: http://backend:5352/build/home:other_package_test_user/_result?lastbuild=1&locallink=1&multibuild=1&package=branch_test_package&view=status
    body:
      encoding: US-ASCII
      string: ''
    headers:
      X-Request-Id:
      - 7fad288b-90b8-408a-bd31-470eaed8fafd
      Accept-Encoding:
      - gzip;q=1.0,deflate;q=0.6,identity;q=0.3
      Accept:
      - "*/*"
      User-Agent:
      - Ruby
  response:
    status:
      code: 200
      message: OK
    headers:
      Content-Type:
      - text/xml
      Cache-Control:
      - no-cache
      Connection:
      - close
      Content-Length:
      - '55'
    body:
      encoding: UTF-8
      string: '<resultlist state="00000000000000000000000000000000"/>

'
  recorded_at: Wed, 22 Feb 2023 18:05:48 GMT
- request:
    method: get
    uri: http://backend:5352/build/home:other_package_test_user/_result?package=branch_test_package&view=status
    body:
      encoding: US-ASCII
      string: ''
    headers:
      X-Request-Id:
      - 65a08e3e-2091-4098-a9c3-b8daf3bcd36f
      Accept-Encoding:
      - gzip;q=1.0,deflate;q=0.6,identity;q=0.3
      Accept:
      - "*/*"
      User-Agent:
      - Ruby
  response:
    status:
      code: 200
      message: OK
    headers:
      Content-Type:
      - text/xml
      Cache-Control:
      - no-cache
      Connection:
      - close
      Content-Length:
      - '55'
    body:
      encoding: UTF-8
      string: '<resultlist state="00000000000000000000000000000000"/>

'
  recorded_at: Wed, 22 Feb 2023 18:05:48 GMT
- request:
    method: get
    uri: http://backend:5352/source/home:other_package_test_user/branch_test_package
    body:
      encoding: US-ASCII
      string: ''
    headers:
      X-Request-Id:
      - 86207be6-fa76-4235-bac9-062e9206a348
      Accept-Encoding:
      - gzip;q=1.0,deflate;q=0.6,identity;q=0.3
      Accept:
      - "*/*"
      User-Agent:
      - Ruby
  response:
    status:
      code: 200
      message: OK
    headers:
      Content-Type:
      - text/xml
      Cache-Control:
      - no-cache
      Connection:
      - close
      Content-Length:
      - '306'
    body:
      encoding: UTF-8
      string: |
        <directory name="branch_test_package" rev="70" vrev="70" srcmd5="01fb92edcefa818ecae2e9227fcd0ca7">
          <entry name="_config" md5="41786a0eaafbfa610b014099c992fc2b" size="74" mtime="1677089146"/>
          <entry name="somefile.txt" md5="451d884d414b8551362859a38910fad2" size="62" mtime="1677089146"/>
        </directory>
  recorded_at: Wed, 22 Feb 2023 18:05:48 GMT
- request:
    method: post
    uri: http://backend:5352/search/package/id?match=(linkinfo/@package=%22branch_test_package%22%20and%20linkinfo/@project=%22home:other_package_test_user%22%20and%20@project=%22home:other_package_test_user%22)
    body:
      encoding: UTF-8
      string: ''
    headers:
      Content-Type:
      - application/octet-stream
      Accept-Encoding:
      - gzip;q=1.0,deflate;q=0.6,identity;q=0.3
      Accept:
      - "*/*"
      User-Agent:
      - Ruby
  response:
    status:
      code: 200
      message: OK
    headers:
      Content-Type:
      - text/xml
      Cache-Control:
      - no-cache
      Connection:
      - close
      Content-Length:
      - '27'
    body:
      encoding: UTF-8
      string: |
        <collection>
        </collection>
  recorded_at: Wed, 22 Feb 2023 18:05:48 GMT
- request:
    method: put
    uri: http://backend:5352/source/home:package_test_user:branches:home:other_package_test_user/_meta?user=package_test_user
    body:
      encoding: UTF-8
      string: |
        <project name="home:package_test_user:branches:home:other_package_test_user">
          <title>Branch project for package branch_test_package</title>
          <description>This project was created for package branch_test_package via attribute OBS:Maintained</description>
          <person userid="package_test_user" role="maintainer"/>
        </project>
    headers:
      X-Request-Id:
      - 044ca573-0450-4539-9881-d355cbb6dcaa
      Accept-Encoding:
      - gzip;q=1.0,deflate;q=0.6,identity;q=0.3
      Accept:
      - "*/*"
      User-Agent:
      - Ruby
  response:
    status:
      code: 200
      message: OK
    headers:
      Content-Type:
      - text/xml
      Cache-Control:
      - no-cache
      Connection:
      - close
      Content-Length:
      - '325'
    body:
      encoding: UTF-8
      string: |
        <project name="home:package_test_user:branches:home:other_package_test_user">
          <title>Branch project for package branch_test_package</title>
          <description>This project was created for package branch_test_package via attribute OBS:Maintained</description>
          <person userid="package_test_user" role="maintainer"/>
        </project>
  recorded_at: Wed, 22 Feb 2023 18:05:48 GMT
- request:
    method: put
    uri: http://backend:5352/source/home:package_test_user:branches:home:other_package_test_user/_project/_attribute?meta=1&user=package_test_user
    body:
      encoding: UTF-8
      string: |
        <attributes>
          <attribute name="AutoCleanup" namespace="OBS">
            <value>2023-03-08 18:05:48 +0000</value>
          </attribute>
        </attributes>
    headers:
      X-Request-Id:
      - 044ca573-0450-4539-9881-d355cbb6dcaa
      Accept-Encoding:
      - gzip;q=1.0,deflate;q=0.6,identity;q=0.3
      Accept:
      - "*/*"
      User-Agent:
      - Ruby
  response:
    status:
      code: 200
      message: OK
    headers:
      Content-Type:
      - text/xml
      Cache-Control:
      - no-cache
      Connection:
      - close
      Content-Length:
      - '179'
    body:
      encoding: UTF-8
      string: |
        <revision rev="9">
          <srcmd5>7c7e06c5c6e2477a7fcac257d887de60</srcmd5>
          <time>1677089148</time>
          <user>package_test_user</user>
          <comment></comment>
          <requestid/>
        </revision>
  recorded_at: Wed, 22 Feb 2023 18:05:48 GMT
- request:
    method: put
    uri: http://backend:5352/source/home:package_test_user:branches:home:other_package_test_user/branch_test_package/_meta?user=package_test_user
    body:
      encoding: UTF-8
      string: |
        <package name="branch_test_package" project="home:package_test_user:branches:home:other_package_test_user">
          <title>Such, Such Were the Joys</title>
          <description>Quos vitae officiis voluptatem.</description>
        </package>
    headers:
      Accept-Encoding:
      - gzip;q=1.0,deflate;q=0.6,identity;q=0.3
      Accept:
      - "*/*"
      User-Agent:
      - Ruby
  response:
    status:
      code: 200
      message: OK
    headers:
      Content-Type:
      - text/xml
      Cache-Control:
      - no-cache
      Connection:
      - close
      Content-Length:
      - '222'
    body:
      encoding: UTF-8
      string: |
        <package name="branch_test_package" project="home:package_test_user:branches:home:other_package_test_user">
          <title>Such, Such Were the Joys</title>
          <description>Quos vitae officiis voluptatem.</description>
        </package>
  recorded_at: Wed, 22 Feb 2023 18:05:48 GMT
- request:
    method: post
    uri: http://backend:5352/source/home:package_test_user:branches:home:other_package_test_user/branch_test_package?cmd=branch&noservice=1&opackage=branch_test_package&oproject=home:other_package_test_user&user=package_test_user
    body:
      encoding: UTF-8
      string: ''
    headers:
      Content-Type:
      - application/octet-stream
      Accept-Encoding:
      - gzip;q=1.0,deflate;q=0.6,identity;q=0.3
      Accept:
      - "*/*"
      User-Agent:
      - Ruby
  response:
    status:
      code: 200
      message: OK
    headers:
      Content-Type:
      - text/xml
      Cache-Control:
      - no-cache
      Connection:
      - close
      Content-Length:
      - '217'
    body:
      encoding: UTF-8
      string: |
        <revision rev="4" vrev="4">
          <srcmd5>39feb5501469a1224ca17c723eaa3e0e</srcmd5>
          <version>unknown</version>
          <time>1677089148</time>
          <user>package_test_user</user>
          <comment></comment>
          <requestid/>
        </revision>
  recorded_at: Wed, 22 Feb 2023 18:05:48 GMT
- request:
    method: put
    uri: http://backend:5352/source/home:package_test_user:branches:home:other_package_test_user/branch_test_package/_meta?user=package_test_user
    body:
      encoding: UTF-8
      string: |
        <package name="branch_test_package" project="home:package_test_user:branches:home:other_package_test_user">
          <title>Such, Such Were the Joys</title>
          <description>Quos vitae officiis voluptatem.</description>
        </package>
    headers:
      Accept-Encoding:
      - gzip;q=1.0,deflate;q=0.6,identity;q=0.3
      Accept:
      - "*/*"
      User-Agent:
      - Ruby
  response:
    status:
      code: 200
      message: OK
    headers:
      Content-Type:
      - text/xml
      Cache-Control:
      - no-cache
      Connection:
      - close
      Content-Length:
      - '222'
    body:
      encoding: UTF-8
      string: |
        <package name="branch_test_package" project="home:package_test_user:branches:home:other_package_test_user">
          <title>Such, Such Were the Joys</title>
          <description>Quos vitae officiis voluptatem.</description>
        </package>
  recorded_at: Wed, 22 Feb 2023 18:05:48 GMT
- request:
    method: get
    uri: http://backend:5352/source/home:package_test_user:branches:home:other_package_test_user/branch_test_package
    body:
      encoding: US-ASCII
      string: ''
    headers:
      Accept-Encoding:
      - gzip;q=1.0,deflate;q=0.6,identity;q=0.3
      Accept:
      - "*/*"
      User-Agent:
      - Ruby
  response:
    status:
      code: 200
      message: OK
    headers:
      Content-Type:
      - text/xml
      Cache-Control:
      - no-cache
      Connection:
      - close
      Content-Length:
      - '651'
    body:
      encoding: UTF-8
      string: |
        <directory name="branch_test_package" rev="4" vrev="4" srcmd5="39feb5501469a1224ca17c723eaa3e0e">
          <linkinfo project="home:other_package_test_user" package="branch_test_package" srcmd5="01fb92edcefa818ecae2e9227fcd0ca7" baserev="01fb92edcefa818ecae2e9227fcd0ca7" xsrcmd5="e8386b6f256c1108bd16d8e30eef9b1e" lsrcmd5="39feb5501469a1224ca17c723eaa3e0e"/>
          <entry name="_config" md5="41786a0eaafbfa610b014099c992fc2b" size="74" mtime="1677089146"/>
          <entry name="_link" md5="772fdd2e0db4dbe3eda4a65b6abce61d" size="136" mtime="1677089148"/>
          <entry name="somefile.txt" md5="451d884d414b8551362859a38910fad2" size="62" mtime="1677089146"/>
        </directory>
  recorded_at: Wed, 22 Feb 2023 18:05:48 GMT
- request:
    method: get
    uri: http://backend:5352/source/home:package_test_user:branches:home:other_package_test_user/branch_test_package?view=info
    body:
      encoding: US-ASCII
      string: ''
    headers:
      X-Request-Id:
      - 044ca573-0450-4539-9881-d355cbb6dcaa
      Accept-Encoding:
      - gzip;q=1.0,deflate;q=0.6,identity;q=0.3
      Accept:
      - "*/*"
      User-Agent:
      - Ruby
  response:
    status:
      code: 200
      message: OK
    headers:
      Content-Type:
      - text/xml
      Cache-Control:
      - no-cache
      Connection:
      - close
      Content-Length:
      - '362'
    body:
      encoding: UTF-8
      string: |
        <sourceinfo package="branch_test_package" rev="4" vrev="74" srcmd5="e8386b6f256c1108bd16d8e30eef9b1e" lsrcmd5="39feb5501469a1224ca17c723eaa3e0e" verifymd5="01fb92edcefa818ecae2e9227fcd0ca7">
          <error>bad build configuration, no build type defined or detected</error>
          <linked project="home:other_package_test_user" package="branch_test_package"/>
        </sourceinfo>
  recorded_at: Wed, 22 Feb 2023 18:05:48 GMT
- request:
    method: get
    uri: http://backend:5352/source/home:package_test_user:branches:home:other_package_test_user/branch_test_package
    body:
      encoding: US-ASCII
      string: ''
    headers:
      X-Request-Id:
      - 044ca573-0450-4539-9881-d355cbb6dcaa
      Accept-Encoding:
      - gzip;q=1.0,deflate;q=0.6,identity;q=0.3
      Accept:
      - "*/*"
      User-Agent:
      - Ruby
  response:
    status:
      code: 200
      message: OK
    headers:
      Content-Type:
      - text/xml
      Cache-Control:
      - no-cache
      Connection:
      - close
      Content-Length:
      - '651'
    body:
      encoding: UTF-8
      string: |
        <directory name="branch_test_package" rev="4" vrev="4" srcmd5="39feb5501469a1224ca17c723eaa3e0e">
          <linkinfo project="home:other_package_test_user" package="branch_test_package" srcmd5="01fb92edcefa818ecae2e9227fcd0ca7" baserev="01fb92edcefa818ecae2e9227fcd0ca7" xsrcmd5="e8386b6f256c1108bd16d8e30eef9b1e" lsrcmd5="39feb5501469a1224ca17c723eaa3e0e"/>
          <entry name="_config" md5="41786a0eaafbfa610b014099c992fc2b" size="74" mtime="1677089146"/>
          <entry name="_link" md5="772fdd2e0db4dbe3eda4a65b6abce61d" size="136" mtime="1677089148"/>
          <entry name="somefile.txt" md5="451d884d414b8551362859a38910fad2" size="62" mtime="1677089146"/>
        </directory>
  recorded_at: Wed, 22 Feb 2023 18:05:48 GMT
- request:
    method: post
    uri: http://backend:5352/source/home:package_test_user:branches:home:other_package_test_user/branch_test_package?cmd=diff&linkrev=base&onlyissues=1&orev=0&view=xml
    body:
      encoding: UTF-8
      string: ''
    headers:
      Content-Type:
      - application/octet-stream
      Accept-Encoding:
      - gzip;q=1.0,deflate;q=0.6,identity;q=0.3
      Accept:
      - "*/*"
      User-Agent:
      - Ruby
  response:
    status:
      code: 200
      message: OK
    headers:
      Content-Type:
      - text/xml
      Cache-Control:
      - no-cache
      Connection:
      - close
      Content-Length:
      - '420'
    body:
      encoding: UTF-8
      string: |
        <sourcediff key="89694a9a4abe1ef631f64743505ec792">
          <old project="home:package_test_user:branches:home:other_package_test_user" package="branch_test_package" rev="0" srcmd5="d41d8cd98f00b204e9800998ecf8427e"/>
          <new project="home:package_test_user:branches:home:other_package_test_user" package="branch_test_package" rev="4" srcmd5="39feb5501469a1224ca17c723eaa3e0e"/>
          <files/>
          <issues>
          </issues>
        </sourcediff>
  recorded_at: Wed, 22 Feb 2023 18:05:48 GMT
- request:
    method: post
    uri: http://backend:5352/source/home:package_test_user:branches:home:other_package_test_user/branch_test_package?cmd=linkdiff&linkrev=base&onlyissues=1&view=xml
    body:
      encoding: UTF-8
      string: ''
    headers:
      Content-Type:
      - application/octet-stream
      Accept-Encoding:
      - gzip;q=1.0,deflate;q=0.6,identity;q=0.3
      Accept:
      - "*/*"
      User-Agent:
      - Ruby
  response:
    status:
      code: 200
      message: OK
    headers:
      Content-Type:
      - text/xml
      Cache-Control:
      - no-cache
      Connection:
      - close
      Content-Length:
      - '427'
    body:
      encoding: UTF-8
      string: |
        <sourcediff key="9228e94c4ddb1859fe0d3d680f032d8e">
          <old project="home:other_package_test_user" package="branch_test_package" rev="01fb92edcefa818ecae2e9227fcd0ca7" srcmd5="01fb92edcefa818ecae2e9227fcd0ca7"/>
          <new project="home:package_test_user:branches:home:other_package_test_user" package="branch_test_package" rev="e8386b6f256c1108bd16d8e30eef9b1e" srcmd5="e8386b6f256c1108bd16d8e30eef9b1e"/>
          <files/>
        </sourcediff>
  recorded_at: Wed, 22 Feb 2023 18:05:49 GMT
- request:
    method: put
    uri: http://backend:5352/source/home:package_test_user:branches:home:other_package_test_user/_meta?user=package_test_user
    body:
      encoding: UTF-8
      string: |
        <project name="home:package_test_user:branches:home:other_package_test_user">
          <title>Branch project for package branch_test_package</title>
          <description>This project was created for package branch_test_package via attribute OBS:Maintained</description>
          <person userid="package_test_user" role="maintainer"/>
          <publish>
            <disable/>
          </publish>
        </project>
    headers:
      X-Request-Id:
      - 044ca573-0450-4539-9881-d355cbb6dcaa
      Accept-Encoding:
      - gzip;q=1.0,deflate;q=0.6,identity;q=0.3
      Accept:
      - "*/*"
      User-Agent:
      - Ruby
  response:
    status:
      code: 200
      message: OK
    headers:
      Content-Type:
      - text/xml
      Cache-Control:
      - no-cache
      Connection:
      - close
      Content-Length:
      - '365'
    body:
      encoding: UTF-8
      string: |
        <project name="home:package_test_user:branches:home:other_package_test_user">
          <title>Branch project for package branch_test_package</title>
          <description>This project was created for package branch_test_package via attribute OBS:Maintained</description>
          <person userid="package_test_user" role="maintainer"/>
          <publish>
            <disable/>
          </publish>
        </project>
  recorded_at: Wed, 22 Feb 2023 18:05:49 GMT
- request:
    method: get
    uri: http://backend:5352/source/home:other_package_test_user/branch_test_package?view=info
    body:
      encoding: US-ASCII
      string: ''
    headers:
      X-Request-Id:
      - 6e2cc086-9586-4da0-b78e-975368bfdba2
      Accept-Encoding:
      - gzip;q=1.0,deflate;q=0.6,identity;q=0.3
      Accept:
      - "*/*"
      User-Agent:
      - Ruby
  response:
    status:
      code: 200
      message: OK
    headers:
      Content-Type:
      - text/xml
      Cache-Control:
      - no-cache
      Connection:
      - close
      Content-Length:
      - '239'
    body:
      encoding: UTF-8
      string: |
        <sourceinfo package="branch_test_package" rev="70" vrev="70" srcmd5="01fb92edcefa818ecae2e9227fcd0ca7" verifymd5="01fb92edcefa818ecae2e9227fcd0ca7">
          <error>bad build configuration, no build type defined or detected</error>
        </sourceinfo>
  recorded_at: Wed, 22 Feb 2023 18:05:49 GMT
- request:
    method: get
    uri: http://backend:5352/source/home:other_package_test_user/branch_test_package
    body:
      encoding: US-ASCII
      string: ''
    headers:
      X-Request-Id:
      - 6e2cc086-9586-4da0-b78e-975368bfdba2
      Accept-Encoding:
      - gzip;q=1.0,deflate;q=0.6,identity;q=0.3
      Accept:
      - "*/*"
      User-Agent:
      - Ruby
  response:
    status:
      code: 200
      message: OK
    headers:
      Content-Type:
      - text/xml
      Cache-Control:
      - no-cache
      Connection:
      - close
      Content-Length:
      - '306'
    body:
      encoding: UTF-8
      string: |
        <directory name="branch_test_package" rev="70" vrev="70" srcmd5="01fb92edcefa818ecae2e9227fcd0ca7">
          <entry name="_config" md5="41786a0eaafbfa610b014099c992fc2b" size="74" mtime="1677089146"/>
          <entry name="somefile.txt" md5="451d884d414b8551362859a38910fad2" size="62" mtime="1677089146"/>
        </directory>
  recorded_at: Wed, 22 Feb 2023 18:05:49 GMT
- request:
    method: post
    uri: http://backend:5352/source/home:other_package_test_user/branch_test_package?cmd=diff&linkrev=base&onlyissues=1&orev=0&view=xml
    body:
      encoding: UTF-8
      string: ''
    headers:
      Content-Type:
      - application/octet-stream
      Accept-Encoding:
      - gzip;q=1.0,deflate;q=0.6,identity;q=0.3
      Accept:
      - "*/*"
      User-Agent:
      - Ruby
  response:
    status:
      code: 200
      message: OK
    headers:
      Content-Type:
      - text/xml
      Cache-Control:
      - no-cache
      Connection:
      - close
      Content-Length:
      - '357'
    body:
      encoding: UTF-8
      string: |
        <sourcediff key="7a9b360fb9dbff828f9d25109dab6565">
          <old project="home:other_package_test_user" package="branch_test_package" rev="0" srcmd5="d41d8cd98f00b204e9800998ecf8427e"/>
          <new project="home:other_package_test_user" package="branch_test_package" rev="70" srcmd5="01fb92edcefa818ecae2e9227fcd0ca7"/>
          <files/>
          <issues>
          </issues>
        </sourcediff>
  recorded_at: Wed, 22 Feb 2023 18:05:49 GMT
- request:
    method: get
    uri: http://backend:5352/source/home:package_test_user:branches:home:other_package_test_user/branch_test_package
    body:
      encoding: US-ASCII
      string: ''
    headers:
      X-Request-Id:
      - 6e2cc086-9586-4da0-b78e-975368bfdba2
      Accept-Encoding:
      - gzip;q=1.0,deflate;q=0.6,identity;q=0.3
      Accept:
      - "*/*"
      User-Agent:
      - Ruby
  response:
    status:
      code: 200
      message: OK
    headers:
      Content-Type:
      - text/xml
      Cache-Control:
      - no-cache
      Connection:
      - close
      Content-Length:
      - '651'
    body:
      encoding: UTF-8
      string: |
        <directory name="branch_test_package" rev="4" vrev="4" srcmd5="39feb5501469a1224ca17c723eaa3e0e">
          <linkinfo project="home:other_package_test_user" package="branch_test_package" srcmd5="01fb92edcefa818ecae2e9227fcd0ca7" baserev="01fb92edcefa818ecae2e9227fcd0ca7" xsrcmd5="e8386b6f256c1108bd16d8e30eef9b1e" lsrcmd5="39feb5501469a1224ca17c723eaa3e0e"/>
          <entry name="_config" md5="41786a0eaafbfa610b014099c992fc2b" size="74" mtime="1677089146"/>
          <entry name="_link" md5="772fdd2e0db4dbe3eda4a65b6abce61d" size="136" mtime="1677089148"/>
          <entry name="somefile.txt" md5="451d884d414b8551362859a38910fad2" size="62" mtime="1677089146"/>
        </directory>
  recorded_at: Wed, 22 Feb 2023 18:05:49 GMT
- request:
    method: get
    uri: http://backend:5352/source/home:package_test_user:branches:home:other_package_test_user/branch_test_package?expand=1&rev=4
    body:
      encoding: US-ASCII
      string: ''
    headers:
      Accept-Encoding:
      - gzip;q=1.0,deflate;q=0.6,identity;q=0.3
      Accept:
      - "*/*"
      User-Agent:
      - Ruby
  response:
    status:
      code: 200
      message: OK
    headers:
      Content-Type:
      - text/xml
      Cache-Control:
      - no-cache
      Connection:
      - close
      Content-Length:
      - '547'
    body:
      encoding: UTF-8
      string: |
        <directory name="branch_test_package" rev="e8386b6f256c1108bd16d8e30eef9b1e" vrev="74" srcmd5="e8386b6f256c1108bd16d8e30eef9b1e">
          <linkinfo project="home:other_package_test_user" package="branch_test_package" srcmd5="01fb92edcefa818ecae2e9227fcd0ca7" baserev="01fb92edcefa818ecae2e9227fcd0ca7" lsrcmd5="39feb5501469a1224ca17c723eaa3e0e"/>
          <entry name="_config" md5="41786a0eaafbfa610b014099c992fc2b" size="74" mtime="1677089146"/>
          <entry name="somefile.txt" md5="451d884d414b8551362859a38910fad2" size="62" mtime="1677089146"/>
        </directory>
  recorded_at: Wed, 22 Feb 2023 18:05:49 GMT
- request:
    method: get
    uri: http://backend:5352/source/home:package_test_user:branches:home:other_package_test_user/branch_test_package/_history?deleted=1&meta=1&rev=4
    body:
      encoding: US-ASCII
      string: ''
    headers:
      X-Request-Id:
      - 6e2cc086-9586-4da0-b78e-975368bfdba2
      Accept-Encoding:
      - gzip;q=1.0,deflate;q=0.6,identity;q=0.3
      Accept:
      - "*/*"
      User-Agent:
      - Ruby
  response:
    status:
      code: 200
      message: OK
    headers:
      Content-Type:
      - text/xml
      Cache-Control:
      - no-cache
      Connection:
      - close
      Content-Length:
      - '31'
    body:
      encoding: UTF-8
      string: |
        <revisionlist>
        </revisionlist>
  recorded_at: Wed, 22 Feb 2023 18:05:49 GMT
- request:
    method: get
    uri: http://backend:5352/source/home:package_test_user:branches:home:other_package_test_user/branch_test_package
    body:
      encoding: US-ASCII
      string: ''
    headers:
      X-Request-Id:
      - 6e2cc086-9586-4da0-b78e-975368bfdba2
      Accept-Encoding:
      - gzip;q=1.0,deflate;q=0.6,identity;q=0.3
      Accept:
      - "*/*"
      User-Agent:
      - Ruby
  response:
    status:
      code: 200
      message: OK
    headers:
      Content-Type:
      - text/xml
      Cache-Control:
      - no-cache
      Connection:
      - close
      Content-Length:
      - '651'
    body:
      encoding: UTF-8
      string: |
        <directory name="branch_test_package" rev="4" vrev="4" srcmd5="39feb5501469a1224ca17c723eaa3e0e">
          <linkinfo project="home:other_package_test_user" package="branch_test_package" srcmd5="01fb92edcefa818ecae2e9227fcd0ca7" baserev="01fb92edcefa818ecae2e9227fcd0ca7" xsrcmd5="e8386b6f256c1108bd16d8e30eef9b1e" lsrcmd5="39feb5501469a1224ca17c723eaa3e0e"/>
          <entry name="_config" md5="41786a0eaafbfa610b014099c992fc2b" size="74" mtime="1677089146"/>
          <entry name="_link" md5="772fdd2e0db4dbe3eda4a65b6abce61d" size="136" mtime="1677089148"/>
          <entry name="somefile.txt" md5="451d884d414b8551362859a38910fad2" size="62" mtime="1677089146"/>
        </directory>
  recorded_at: Wed, 22 Feb 2023 18:05:49 GMT
- request:
    method: get
    uri: http://backend:5352/source/home:package_test_user:branches:home:other_package_test_user/branch_test_package
    body:
      encoding: US-ASCII
      string: ''
    headers:
      X-Request-Id:
      - 6e2cc086-9586-4da0-b78e-975368bfdba2
      Accept-Encoding:
      - gzip;q=1.0,deflate;q=0.6,identity;q=0.3
      Accept:
      - "*/*"
      User-Agent:
      - Ruby
  response:
    status:
      code: 200
      message: OK
    headers:
      Content-Type:
      - text/xml
      Cache-Control:
      - no-cache
      Connection:
      - close
      Content-Length:
      - '651'
    body:
      encoding: UTF-8
      string: |
        <directory name="branch_test_package" rev="4" vrev="4" srcmd5="39feb5501469a1224ca17c723eaa3e0e">
          <linkinfo project="home:other_package_test_user" package="branch_test_package" srcmd5="01fb92edcefa818ecae2e9227fcd0ca7" baserev="01fb92edcefa818ecae2e9227fcd0ca7" xsrcmd5="e8386b6f256c1108bd16d8e30eef9b1e" lsrcmd5="39feb5501469a1224ca17c723eaa3e0e"/>
          <entry name="_config" md5="41786a0eaafbfa610b014099c992fc2b" size="74" mtime="1677089146"/>
          <entry name="_link" md5="772fdd2e0db4dbe3eda4a65b6abce61d" size="136" mtime="1677089148"/>
          <entry name="somefile.txt" md5="451d884d414b8551362859a38910fad2" size="62" mtime="1677089146"/>
        </directory>
  recorded_at: Wed, 22 Feb 2023 18:05:49 GMT
- request:
    method: get
    uri: http://backend:5352/source/home:package_test_user:branches:home:other_package_test_user/branch_test_package/_history?deleted=1&meta=1
    body:
      encoding: US-ASCII
      string: ''
    headers:
      X-Request-Id:
      - 6e2cc086-9586-4da0-b78e-975368bfdba2
      Accept-Encoding:
      - gzip;q=1.0,deflate;q=0.6,identity;q=0.3
      Accept:
      - "*/*"
      User-Agent:
      - Ruby
  response:
    status:
      code: 200
      message: OK
    headers:
      Content-Type:
      - text/xml
      Cache-Control:
      - no-cache
      Connection:
      - close
      Content-Length:
      - '31'
    body:
      encoding: UTF-8
      string: |
        <revisionlist>
        </revisionlist>
  recorded_at: Wed, 22 Feb 2023 18:05:49 GMT
- request:
    method: get
    uri: http://backend:5352/build/home:package_test_user:branches:home:other_package_test_user/_result?lastbuild=1&locallink=1&multibuild=1&package=branch_test_package&view=status
    body:
      encoding: US-ASCII
      string: ''
    headers:
      X-Request-Id:
      - a1f5aa6a-8265-4e42-937b-a100f65287c9
      Accept-Encoding:
      - gzip;q=1.0,deflate;q=0.6,identity;q=0.3
      Accept:
      - "*/*"
      User-Agent:
      - Ruby
  response:
    status:
      code: 200
      message: OK
    headers:
      Content-Type:
      - text/xml
      Cache-Control:
      - no-cache
      Connection:
      - close
      Content-Length:
      - '55'
    body:
      encoding: UTF-8
      string: '<resultlist state="00000000000000000000000000000000"/>

'
  recorded_at: Wed, 22 Feb 2023 18:05:49 GMT
- request:
    method: get
    uri: http://backend:5352/build/home:package_test_user:branches:home:other_package_test_user/_result?lastbuild=1&locallink=1&multibuild=1&package=branch_test_package&view=status
    body:
      encoding: US-ASCII
      string: ''
    headers:
      X-Request-Id:
      - ce85a8e6-eb94-4af9-9296-6331a3a32c53
      Accept-Encoding:
      - gzip;q=1.0,deflate;q=0.6,identity;q=0.3
      Accept:
      - "*/*"
      User-Agent:
      - Ruby
  response:
    status:
      code: 200
      message: OK
    headers:
      Content-Type:
      - text/xml
      Cache-Control:
      - no-cache
      Connection:
      - close
      Content-Length:
      - '55'
    body:
      encoding: UTF-8
      string: '<resultlist state="00000000000000000000000000000000"/>

'
  recorded_at: Wed, 22 Feb 2023 18:05:49 GMT
- request:
    method: get
    uri: http://backend:5352/build/home:package_test_user:branches:home:other_package_test_user/_result?package=branch_test_package&view=status
    body:
      encoding: US-ASCII
      string: ''
    headers:
      X-Request-Id:
      - 4548739d-0aa3-49cd-a702-1a4b75090d54
      Accept-Encoding:
      - gzip;q=1.0,deflate;q=0.6,identity;q=0.3
      Accept:
      - "*/*"
      User-Agent:
      - Ruby
  response:
    status:
      code: 200
      message: OK
    headers:
      Content-Type:
      - text/xml
      Cache-Control:
      - no-cache
      Connection:
      - close
      Content-Length:
      - '55'
    body:
      encoding: UTF-8
      string: '<resultlist state="00000000000000000000000000000000"/>

'
  recorded_at: Wed, 22 Feb 2023 18:05:49 GMT
recorded_with: VCR 6.1.0
