---
http_interactions:
- request:
    method: put
    uri: http://backend:5352/source/home:Iggy/_meta?user=Iggy
    body:
      encoding: UTF-8
      string: |
        <project name="home:Iggy">
          <title/>
          <description/>
          <person userid="Iggy" role="maintainer"/>
        </project>
    headers:
      Accept-Encoding:
      - gzip;q=1.0,deflate;q=0.6,identity;q=0.3
      Accept:
      - "*/*"
      User-Agent:
      - Ruby
  response:
    status:
      code: 200
      message: OK
    headers:
      Content-Type:
      - text/xml
      Cache-Control:
      - no-cache
      Connection:
      - close
      Content-Length:
      - '130'
    body:
      encoding: UTF-8
      string: |
        <project name="home:Iggy">
          <title></title>
          <description></description>
          <person userid="Iggy" role="maintainer"/>
        </project>
  recorded_at: Wed, 02 Aug 2023 10:02:05 GMT
- request:
    method: put
    uri: http://backend:5352/source/foo_project/_meta?user=user_11
    body:
      encoding: UTF-8
      string: |
        <project name="foo_project">
          <title>O Pioneers!</title>
          <description/>
          <person userid="Iggy" role="maintainer"/>
        </project>
    headers:
      Accept-Encoding:
      - gzip;q=1.0,deflate;q=0.6,identity;q=0.3
      Accept:
      - "*/*"
      User-Agent:
      - Ruby
  response:
    status:
      code: 200
      message: OK
    headers:
      Content-Type:
      - text/xml
      Cache-Control:
      - no-cache
      Connection:
      - close
      Content-Length:
      - '143'
    body:
      encoding: UTF-8
      string: |
        <project name="foo_project">
          <title>O Pioneers!</title>
          <description></description>
          <person userid="Iggy" role="maintainer"/>
        </project>
  recorded_at: Wed, 02 Aug 2023 10:02:05 GMT
- request:
    method: put
    uri: http://backend:5352/source/foo_project/bar_package/_meta?user=user_12
    body:
      encoding: UTF-8
      string: |
        <package name="bar_package" project="foo_project">
          <title>Cabbages and Kings</title>
          <description>Ad commodi tenetur quis.</description>
        </package>
    headers:
      Accept-Encoding:
      - gzip;q=1.0,deflate;q=0.6,identity;q=0.3
      Accept:
      - "*/*"
      User-Agent:
      - Ruby
  response:
    status:
      code: 200
      message: OK
    headers:
      Content-Type:
      - text/xml
      Cache-Control:
      - no-cache
      Connection:
      - close
      Content-Length:
      - '152'
    body:
      encoding: UTF-8
      string: |
        <package name="bar_package" project="foo_project">
          <title>Cabbages and Kings</title>
          <description>Ad commodi tenetur quis.</description>
        </package>
  recorded_at: Wed, 02 Aug 2023 10:02:05 GMT
- request:
    method: put
    uri: http://backend:5352/source/foo_project/bar_package/_config
    body:
      encoding: UTF-8
      string: Et aut non. Velit dolore repellat. Rem fuga impedit.
    headers:
      Accept-Encoding:
      - gzip;q=1.0,deflate;q=0.6,identity;q=0.3
      Accept:
      - "*/*"
      User-Agent:
      - Ruby
  response:
    status:
      code: 200
      message: OK
    headers:
      Content-Type:
      - text/xml
      Cache-Control:
      - no-cache
      Connection:
      - close
      Content-Length:
      - '213'
    body:
      encoding: UTF-8
      string: |
        <revision rev="2027" vrev="2027">
          <srcmd5>b608cb7eacbe287ad785785d12ea30ed</srcmd5>
          <version>unknown</version>
          <time>1690970525</time>
          <user>unknown</user>
          <comment></comment>
          <requestid/>
        </revision>
  recorded_at: Wed, 02 Aug 2023 10:02:05 GMT
- request:
    method: put
    uri: http://backend:5352/source/foo_project/bar_package/somefile.txt
    body:
      encoding: UTF-8
      string: Minus hic et. Laudantium repellendus ducimus. Dolor ex in.
    headers:
      Accept-Encoding:
      - gzip;q=1.0,deflate;q=0.6,identity;q=0.3
      Accept:
      - "*/*"
      User-Agent:
      - Ruby
  response:
    status:
      code: 200
      message: OK
    headers:
      Content-Type:
      - text/xml
      Cache-Control:
      - no-cache
      Connection:
      - close
      Content-Length:
      - '213'
    body:
      encoding: UTF-8
      string: |
        <revision rev="2028" vrev="2028">
          <srcmd5>8975f79f728330d48177eb61a60d29af</srcmd5>
          <version>unknown</version>
          <time>1690970525</time>
          <user>unknown</user>
          <comment></comment>
          <requestid/>
        </revision>
  recorded_at: Wed, 02 Aug 2023 10:02:05 GMT
- request:
    method: put
    uri: http://backend:5352/source/home:Iggy:openSUSE:open-build-service:PR-1/_meta?user=Iggy
    body:
      encoding: UTF-8
      string: |
        <project name="home:Iggy:openSUSE:open-build-service:PR-1">
          <title>Beneath the Bleeding</title>
          <description/>
          <person userid="Iggy" role="maintainer"/>
        </project>
    headers:
      Accept-Encoding:
      - gzip;q=1.0,deflate;q=0.6,identity;q=0.3
      Accept:
      - "*/*"
      User-Agent:
      - Ruby
  response:
    status:
      code: 200
      message: OK
    headers:
      Content-Type:
      - text/xml
      Cache-Control:
      - no-cache
      Connection:
      - close
      Content-Length:
      - '183'
    body:
      encoding: UTF-8
      string: |
        <project name="home:Iggy:openSUSE:open-build-service:PR-1">
          <title>Beneath the Bleeding</title>
          <description></description>
          <person userid="Iggy" role="maintainer"/>
        </project>
  recorded_at: Wed, 02 Aug 2023 10:02:05 GMT
- request:
    method: put
    uri: http://backend:5352/source/home:Iggy:openSUSE:open-build-service:PR-1/bar_package/_meta?user=Iggy
    body:
      encoding: UTF-8
      string: |
        <package name="bar_package" project="home:Iggy:openSUSE:open-build-service:PR-1">
          <title>Cabbages and Kings</title>
          <description>Rerum sunt est tenetur.</description>
        </package>
    headers:
      Accept-Encoding:
      - gzip;q=1.0,deflate;q=0.6,identity;q=0.3
      Accept:
      - "*/*"
      User-Agent:
      - Ruby
  response:
    status:
      code: 200
      message: OK
    headers:
      Content-Type:
      - text/xml
      Cache-Control:
      - no-cache
      Connection:
      - close
      Content-Length:
      - '182'
    body:
      encoding: UTF-8
      string: |
        <package name="bar_package" project="home:Iggy:openSUSE:open-build-service:PR-1">
          <title>Cabbages and Kings</title>
          <description>Rerum sunt est tenetur.</description>
        </package>
  recorded_at: Wed, 02 Aug 2023 10:02:05 GMT
- request:
    method: put
    uri: http://backend:5352/source/home:Iggy:openSUSE:open-build-service:PR-1/bar_package/_config
    body:
      encoding: UTF-8
      string: Perspiciatis qui dolores. Nostrum dolore repellendus. Omnis minus quis.
    headers:
      Accept-Encoding:
      - gzip;q=1.0,deflate;q=0.6,identity;q=0.3
      Accept:
      - "*/*"
      User-Agent:
      - Ruby
  response:
    status:
      code: 200
      message: OK
    headers:
      Content-Type:
      - text/xml
      Cache-Control:
      - no-cache
      Connection:
      - close
      Content-Length:
      - '211'
    body:
      encoding: UTF-8
      string: |
        <revision rev="897" vrev="897">
          <srcmd5>b9f0ed1b5e61b830eff83843bc2ca782</srcmd5>
          <version>unknown</version>
          <time>1690970525</time>
          <user>unknown</user>
          <comment></comment>
          <requestid/>
        </revision>
  recorded_at: Wed, 02 Aug 2023 10:02:05 GMT
- request:
    method: put
    uri: http://backend:5352/source/home:Iggy:openSUSE:open-build-service:PR-1/bar_package/somefile.txt
    body:
      encoding: UTF-8
      string: Quos nihil modi. Facere velit qui. Nisi velit sit.
    headers:
      Accept-Encoding:
      - gzip;q=1.0,deflate;q=0.6,identity;q=0.3
      Accept:
      - "*/*"
      User-Agent:
      - Ruby
  response:
    status:
      code: 200
      message: OK
    headers:
      Content-Type:
      - text/xml
      Cache-Control:
      - no-cache
      Connection:
      - close
      Content-Length:
      - '211'
    body:
      encoding: UTF-8
      string: |
        <revision rev="898" vrev="898">
          <srcmd5>b37d2321eff16bacccc8275fdb66e955</srcmd5>
          <version>unknown</version>
          <time>1690970525</time>
          <user>unknown</user>
          <comment></comment>
          <requestid/>
        </revision>
  recorded_at: Wed, 02 Aug 2023 10:02:05 GMT
- request:
    method: put
    uri: http://backend:5352/source/foo_project/bar_package/_branch_request?user=Iggy
    body:
      encoding: UTF-8
      string: '{"object_kind":"update","project":{"http_url":"http_url"},"object_attributes":{"source":{"default_branch":"123"}}}'
    headers:
      Accept-Encoding:
      - gzip;q=1.0,deflate;q=0.6,identity;q=0.3
      Accept:
      - "*/*"
      User-Agent:
      - Ruby
  response:
    status:
      code: 200
      message: OK
    headers:
      Content-Type:
      - text/xml
      Cache-Control:
      - no-cache
      Connection:
      - close
      Content-Length:
      - '210'
    body:
      encoding: UTF-8
      string: |
        <revision rev="2029" vrev="2029">
          <srcmd5>8975f79f728330d48177eb61a60d29af</srcmd5>
          <version>unknown</version>
          <time>1690970525</time>
          <user>Iggy</user>
          <comment></comment>
          <requestid/>
        </revision>
  recorded_at: Wed, 02 Aug 2023 10:02:05 GMT
- request:
    method: put
    uri: http://backend:5352/source/foo_project/bar_package/_meta?user=user_12
    body:
      encoding: UTF-8
      string: |
        <package name="bar_package" project="foo_project">
          <title>Cabbages and Kings</title>
          <description>Ad commodi tenetur quis.</description>
        </package>
    headers:
      Accept-Encoding:
      - gzip;q=1.0,deflate;q=0.6,identity;q=0.3
      Accept:
      - "*/*"
      User-Agent:
      - Ruby
  response:
    status:
      code: 200
      message: OK
    headers:
      Content-Type:
      - text/xml
      Cache-Control:
      - no-cache
      Connection:
      - close
      Content-Length:
      - '152'
    body:
      encoding: UTF-8
      string: |
        <package name="bar_package" project="foo_project">
          <title>Cabbages and Kings</title>
          <description>Ad commodi tenetur quis.</description>
        </package>
  recorded_at: Wed, 02 Aug 2023 10:02:05 GMT
- request:
    method: get
    uri: http://backend:5352/source/foo_project/bar_package
    body:
      encoding: US-ASCII
      string: ''
    headers:
      Accept-Encoding:
      - gzip;q=1.0,deflate;q=0.6,identity;q=0.3
      Accept:
      - "*/*"
      User-Agent:
      - Ruby
  response:
    status:
      code: 200
      message: OK
    headers:
      Content-Type:
      - text/xml
      Cache-Control:
      - no-cache
      Connection:
      - close
      Content-Length:
      - '405'
    body:
      encoding: UTF-8
      string: |
        <directory name="bar_package" rev="2029" vrev="2029" srcmd5="8975f79f728330d48177eb61a60d29af">
          <entry name="_branch_request" md5="aea524cf047993d430e69b477e07f3df" size="114" mtime="1690882765"/>
          <entry name="_config" md5="5085d529306575ba43e43c3ab506b2f1" size="52" mtime="1690970525"/>
          <entry name="somefile.txt" md5="3a79ea28214d9028357eb29f4ad0b813" size="58" mtime="1690970525"/>
        </directory>
  recorded_at: Wed, 02 Aug 2023 10:02:05 GMT
- request:
    method: get
    uri: http://backend:5352/source/foo_project/bar_package?view=info
    body:
      encoding: US-ASCII
      string: ''
    headers:
      Accept-Encoding:
      - gzip;q=1.0,deflate;q=0.6,identity;q=0.3
      Accept:
      - "*/*"
      User-Agent:
      - Ruby
  response:
    status:
      code: 200
      message: OK
    headers:
      Content-Type:
      - text/xml
      Cache-Control:
      - no-cache
      Connection:
      - close
      Content-Length:
      - '235'
    body:
      encoding: UTF-8
      string: |
        <sourceinfo package="bar_package" rev="2029" vrev="2029" srcmd5="8975f79f728330d48177eb61a60d29af" verifymd5="8975f79f728330d48177eb61a60d29af">
          <error>bad build configuration, no build type defined or detected</error>
        </sourceinfo>
  recorded_at: Wed, 02 Aug 2023 10:02:05 GMT
- request:
    method: get
    uri: http://backend:5352/source/foo_project/bar_package
    body:
      encoding: US-ASCII
      string: ''
    headers:
      Accept-Encoding:
      - gzip;q=1.0,deflate;q=0.6,identity;q=0.3
      Accept:
      - "*/*"
      User-Agent:
      - Ruby
  response:
    status:
      code: 200
      message: OK
    headers:
      Content-Type:
      - text/xml
      Cache-Control:
      - no-cache
      Connection:
      - close
      Content-Length:
      - '405'
    body:
      encoding: UTF-8
      string: |
        <directory name="bar_package" rev="2029" vrev="2029" srcmd5="8975f79f728330d48177eb61a60d29af">
          <entry name="_branch_request" md5="aea524cf047993d430e69b477e07f3df" size="114" mtime="1690882765"/>
          <entry name="_config" md5="5085d529306575ba43e43c3ab506b2f1" size="52" mtime="1690970525"/>
          <entry name="somefile.txt" md5="3a79ea28214d9028357eb29f4ad0b813" size="58" mtime="1690970525"/>
        </directory>
  recorded_at: Wed, 02 Aug 2023 10:02:05 GMT
- request:
    method: post
    uri: http://backend:5352/source/foo_project/bar_package?cmd=diff&linkrev=base&onlyissues=1&orev=0&view=xml
    body:
      encoding: UTF-8
      string: ''
    headers:
      Content-Type:
      - application/octet-stream
      Accept-Encoding:
      - gzip;q=1.0,deflate;q=0.6,identity;q=0.3
      Accept:
      - "*/*"
      User-Agent:
      - Ruby
  response:
    status:
      code: 200
      message: OK
    headers:
      Content-Type:
      - text/xml
      Cache-Control:
      - no-cache
      Connection:
      - close
      Content-Length:
      - '309'
    body:
      encoding: UTF-8
      string: |
        <sourcediff key="5affc6363be252ef4effb2482930e6a4">
          <old project="foo_project" package="bar_package" rev="0" srcmd5="d41d8cd98f00b204e9800998ecf8427e"/>
          <new project="foo_project" package="bar_package" rev="2029" srcmd5="8975f79f728330d48177eb61a60d29af"/>
          <files/>
          <issues>
          </issues>
        </sourcediff>
  recorded_at: Wed, 02 Aug 2023 10:02:05 GMT
- request:
    method: put
    uri: http://backend:5352/source/home:Iggy:openSUSE:open-build-service:PR-1/bar_package/_branch_request?user=Iggy
    body:
      encoding: UTF-8
      string: '{"object_kind":null,"project":{"http_url":null},"object_attributes":{"source":{"default_branch":"123456789"}}}'
    headers:
      Accept-Encoding:
      - gzip;q=1.0,deflate;q=0.6,identity;q=0.3
      Accept:
      - "*/*"
      User-Agent:
      - Ruby
  response:
    status:
      code: 200
      message: OK
    headers:
      Content-Type:
      - text/xml
      Cache-Control:
      - no-cache
      Connection:
      - close
      Content-Length:
      - '208'
    body:
      encoding: UTF-8
      string: |
        <revision rev="899" vrev="899">
          <srcmd5>b37d2321eff16bacccc8275fdb66e955</srcmd5>
          <version>unknown</version>
          <time>1690970525</time>
          <user>Iggy</user>
          <comment></comment>
          <requestid/>
        </revision>
  recorded_at: Wed, 02 Aug 2023 10:02:05 GMT
- request:
    method: put
    uri: http://backend:5352/source/home:Iggy:openSUSE:open-build-service:PR-1/bar_package/_meta?user=Iggy
    body:
      encoding: UTF-8
      string: |
        <package name="bar_package" project="home:Iggy:openSUSE:open-build-service:PR-1">
          <title>Cabbages and Kings</title>
          <description>Rerum sunt est tenetur.</description>
        </package>
    headers:
      Accept-Encoding:
      - gzip;q=1.0,deflate;q=0.6,identity;q=0.3
      Accept:
      - "*/*"
      User-Agent:
      - Ruby
  response:
    status:
      code: 200
      message: OK
    headers:
      Content-Type:
      - text/xml
      Cache-Control:
      - no-cache
      Connection:
      - close
      Content-Length:
      - '182'
    body:
      encoding: UTF-8
      string: |
        <package name="bar_package" project="home:Iggy:openSUSE:open-build-service:PR-1">
          <title>Cabbages and Kings</title>
          <description>Rerum sunt est tenetur.</description>
        </package>
  recorded_at: Wed, 02 Aug 2023 10:02:05 GMT
- request:
    method: get
    uri: http://backend:5352/source/home:Iggy:openSUSE:open-build-service:PR-1/bar_package
    body:
      encoding: US-ASCII
      string: ''
    headers:
      Accept-Encoding:
      - gzip;q=1.0,deflate;q=0.6,identity;q=0.3
      Accept:
      - "*/*"
      User-Agent:
      - Ruby
  response:
    status:
      code: 200
      message: OK
    headers:
      Content-Type:
      - text/xml
      Cache-Control:
      - no-cache
      Connection:
      - close
      Content-Length:
      - '673'
    body:
      encoding: UTF-8
      string: |
        <directory name="bar_package" rev="899" vrev="899" srcmd5="b37d2321eff16bacccc8275fdb66e955">
          <linkinfo project="foo_project" package="bar_package" baserev="41c94a80292ebaecac97aed58e6095f9" xsrcmd5="b5d90ca37d2c5a65a6c850659b4896d4" error="conflict in file _config"/>
          <entry name="_branch_request" md5="1ecf0e682a06f24b71446f85ff3bd803" size="110" mtime="1690882763"/>
          <entry name="_config" md5="d38765984d1f166f85f947399f278398" size="71" mtime="1690970525"/>
          <entry name="_link" md5="3ae67a0b2f4dc822e356f7683d96437c" size="119" mtime="1690970522"/>
          <entry name="somefile.txt" md5="94b15276e5cf4067d67eef67f0833831" size="50" mtime="1690970525"/>
        </directory>
  recorded_at: Wed, 02 Aug 2023 10:02:05 GMT
- request:
    method: get
    uri: http://backend:5352/source/home:Iggy:openSUSE:open-build-service:PR-1/bar_package?view=info
    body:
      encoding: US-ASCII
      string: ''
    headers:
      Accept-Encoding:
      - gzip;q=1.0,deflate;q=0.6,identity;q=0.3
      Accept:
      - "*/*"
      User-Agent:
      - Ruby
  response:
    status:
      code: 200
      message: OK
    headers:
      Content-Type:
      - text/xml
      Cache-Control:
      - no-cache
      Connection:
      - close
      Content-Length:
      - '256'
    body:
      encoding: UTF-8
      string: |
        <sourceinfo package="bar_package" rev="899" vrev="2928" srcmd5="b37d2321eff16bacccc8275fdb66e955" verifymd5="b37d2321eff16bacccc8275fdb66e955">
          <error>conflict in file _config</error>
          <linked project="foo_project" package="bar_package"/>
        </sourceinfo>
  recorded_at: Wed, 02 Aug 2023 10:02:05 GMT
- request:
    method: get
    uri: http://backend:5352/source/home:Iggy:openSUSE:open-build-service:PR-1/bar_package
    body:
      encoding: US-ASCII
      string: ''
    headers:
      Accept-Encoding:
      - gzip;q=1.0,deflate;q=0.6,identity;q=0.3
      Accept:
      - "*/*"
      User-Agent:
      - Ruby
  response:
    status:
      code: 200
      message: OK
    headers:
      Content-Type:
      - text/xml
      Cache-Control:
      - no-cache
      Connection:
      - close
      Content-Length:
      - '673'
    body:
      encoding: UTF-8
      string: |
        <directory name="bar_package" rev="899" vrev="899" srcmd5="b37d2321eff16bacccc8275fdb66e955">
          <linkinfo project="foo_project" package="bar_package" baserev="41c94a80292ebaecac97aed58e6095f9" xsrcmd5="b5d90ca37d2c5a65a6c850659b4896d4" error="conflict in file _config"/>
          <entry name="_branch_request" md5="1ecf0e682a06f24b71446f85ff3bd803" size="110" mtime="1690882763"/>
          <entry name="_config" md5="d38765984d1f166f85f947399f278398" size="71" mtime="1690970525"/>
          <entry name="_link" md5="3ae67a0b2f4dc822e356f7683d96437c" size="119" mtime="1690970522"/>
          <entry name="somefile.txt" md5="94b15276e5cf4067d67eef67f0833831" size="50" mtime="1690970525"/>
        </directory>
  recorded_at: Wed, 02 Aug 2023 10:02:05 GMT
- request:
    method: post
    uri: http://backend:5352/source/home:Iggy:openSUSE:open-build-service:PR-1/bar_package?cmd=diff&linkrev=base&onlyissues=1&orev=0&view=xml
    body:
      encoding: UTF-8
      string: ''
    headers:
      Content-Type:
      - application/octet-stream
      Accept-Encoding:
      - gzip;q=1.0,deflate;q=0.6,identity;q=0.3
      Accept:
      - "*/*"
      User-Agent:
      - Ruby
  response:
    status:
      code: 200
      message: OK
    headers:
      Content-Type:
      - text/xml
      Cache-Control:
      - no-cache
      Connection:
      - close
      Content-Length:
      - '370'
    body:
      encoding: UTF-8
      string: |
        <sourcediff key="68d962ecac32e448cc82436b79a79c6a">
          <old project="home:Iggy:openSUSE:open-build-service:PR-1" package="bar_package" rev="0" srcmd5="d41d8cd98f00b204e9800998ecf8427e"/>
          <new project="home:Iggy:openSUSE:open-build-service:PR-1" package="bar_package" rev="899" srcmd5="b37d2321eff16bacccc8275fdb66e955"/>
          <files/>
          <issues>
          </issues>
        </sourcediff>
  recorded_at: Wed, 02 Aug 2023 10:02:05 GMT
- request:
    method: post
    uri: http://backend:5352/source/home:Iggy:openSUSE:open-build-service:PR-1/bar_package?cmd=linkdiff&linkrev=base&onlyissues=1&view=xml
    body:
      encoding: UTF-8
      string: ''
    headers:
      Content-Type:
      - application/octet-stream
      Accept-Encoding:
      - gzip;q=1.0,deflate;q=0.6,identity;q=0.3
      Accept:
      - "*/*"
      User-Agent:
      - Ruby
  response:
    status:
      code: 200
      message: OK
    headers:
      Content-Type:
      - text/xml
      Cache-Control:
      - no-cache
      Connection:
      - close
      Content-Length:
      - '399'
    body:
      encoding: UTF-8
      string: |
        <sourcediff key="4fd1d2dd74e3677ae743f8c5a5deb8a0">
          <old project="foo_project" package="bar_package" rev="41c94a80292ebaecac97aed58e6095f9" srcmd5="41c94a80292ebaecac97aed58e6095f9"/>
          <new project="home:Iggy:openSUSE:open-build-service:PR-1" package="bar_package" rev="7c6815160775ffacdbb3d537822386cc" srcmd5="7c6815160775ffacdbb3d537822386cc"/>
          <files/>
          <issues>
          </issues>
        </sourcediff>
  recorded_at: Wed, 02 Aug 2023 10:02:05 GMT
- request:
    method: get
    uri: http://backend:5352/source/home:Iggy:openSUSE:open-build-service:PR-1/bar_package/_branch_request
    body:
      encoding: US-ASCII
      string: ''
    headers:
      Accept-Encoding:
      - gzip;q=1.0,deflate;q=0.6,identity;q=0.3
      Accept:
      - "*/*"
      User-Agent:
      - Ruby
  response:
    status:
      code: 200
      message: OK
    headers:
      Content-Type:
      - application/octet-stream
      Content-Length:
      - '110'
      Cache-Control:
      - no-cache
      Connection:
      - close
    body:
      encoding: UTF-8
      string: '{"object_kind":null,"project":{"http_url":null},"object_attributes":{"source":{"default_branch":"123456789"}}}'
  recorded_at: Wed, 02 Aug 2023 10:02:05 GMT
recorded_with: VCR 6.2.0
