---
http_interactions:
- request:
    method: put
    uri: http://backend:5352/source/home:package_test_user/_meta?user=package_test_user
    body:
      encoding: UTF-8
      string: |
        <project name="home:package_test_user">
          <title/>
          <description/>
          <person userid="package_test_user" role="maintainer"/>
        </project>
    headers:
      Accept-Encoding:
      - gzip;q=1.0,deflate;q=0.6,identity;q=0.3
      Accept:
      - "*/*"
      User-Agent:
      - Ruby
  response:
    status:
      code: 200
      message: OK
    headers:
      Content-Type:
      - text/xml
      Cache-Control:
      - no-cache
      Connection:
      - close
      Content-Length:
      - '156'
    body:
      encoding: UTF-8
      string: |
        <project name="home:package_test_user">
          <title></title>
          <description></description>
          <person userid="package_test_user" role="maintainer"/>
        </project>
    http_version: null
  recorded_at: Fri, 08 May 2020 15:23:22 GMT
- request:
    method: put
    uri: http://backend:5352/source/home:user_tab_user/_meta?user=user_tab_user
    body:
      encoding: UTF-8
      string: |
        <project name="home:user_tab_user">
          <title/>
          <description/>
          <person userid="user_tab_user" role="maintainer"/>
        </project>
    headers:
      Accept-Encoding:
      - gzip;q=1.0,deflate;q=0.6,identity;q=0.3
      Accept:
      - "*/*"
      User-Agent:
      - Ruby
  response:
    status:
      code: 200
      message: OK
    headers:
      Content-Type:
      - text/xml
      Cache-Control:
      - no-cache
      Connection:
      - close
      Content-Length:
      - '148'
    body:
      encoding: UTF-8
      string: |
        <project name="home:user_tab_user">
          <title></title>
          <description></description>
          <person userid="user_tab_user" role="maintainer"/>
        </project>
    http_version: null
  recorded_at: Fri, 08 May 2020 15:23:22 GMT
- request:
    method: put
    uri: http://backend:5352/source/home:user_tab_user/group_test_package/_meta?user=user_13
    body:
      encoding: UTF-8
      string: |
        <package name="group_test_package" project="home:user_tab_user">
          <title>Oh! To be in England</title>
          <description>Suscipit voluptas ipsum nihil.</description>
        </package>
    headers:
      Accept-Encoding:
      - gzip;q=1.0,deflate;q=0.6,identity;q=0.3
      Accept:
      - "*/*"
      User-Agent:
      - Ruby
  response:
    status:
      code: 200
      message: OK
    headers:
      Content-Type:
      - text/xml
      Cache-Control:
      - no-cache
      Connection:
      - close
      Content-Length:
      - '174'
    body:
      encoding: UTF-8
      string: |
        <package name="group_test_package" project="home:user_tab_user">
          <title>Oh! To be in England</title>
          <description>Suscipit voluptas ipsum nihil.</description>
        </package>
    http_version: null
  recorded_at: Fri, 08 May 2020 15:23:23 GMT
- request:
    method: put
    uri: http://backend:5352/source/home:other_user/_meta?user=other_user
    body:
      encoding: UTF-8
      string: |
        <project name="home:other_user">
          <title/>
          <description/>
          <person userid="other_user" role="maintainer"/>
        </project>
    headers:
      Accept-Encoding:
      - gzip;q=1.0,deflate;q=0.6,identity;q=0.3
      Accept:
      - "*/*"
      User-Agent:
      - Ruby
  response:
    status:
      code: 200
      message: OK
    headers:
      Content-Type:
      - text/xml
      Cache-Control:
      - no-cache
      Connection:
      - close
      Content-Length:
      - '142'
    body:
      encoding: UTF-8
      string: |
        <project name="home:other_user">
          <title></title>
          <description></description>
          <person userid="other_user" role="maintainer"/>
        </project>
    http_version: null
  recorded_at: Fri, 08 May 2020 15:23:23 GMT
- request:
    method: put
    uri: http://backend:5352/source/home:other_user/branch_test_package/_meta?user=user_14
    body:
      encoding: UTF-8
      string: |
        <package name="branch_test_package" project="home:other_user">
          <title>Shall not Perish</title>
          <description>Sunt omnis impedit earum.</description>
        </package>
    headers:
      Accept-Encoding:
      - gzip;q=1.0,deflate;q=0.6,identity;q=0.3
      Accept:
      - "*/*"
      User-Agent:
      - Ruby
  response:
    status:
      code: 200
      message: OK
    headers:
      Content-Type:
      - text/xml
      Cache-Control:
      - no-cache
      Connection:
      - close
      Content-Length:
      - '163'
    body:
      encoding: UTF-8
      string: |
        <package name="branch_test_package" project="home:other_user">
          <title>Shall not Perish</title>
          <description>Sunt omnis impedit earum.</description>
        </package>
    http_version: null
  recorded_at: Fri, 08 May 2020 15:23:23 GMT
- request:
    method: put
    uri: http://backend:5352/source/home:other_user/branch_test_package/_config
    body:
      encoding: UTF-8
      string: Quis doloremque sint. Tempore id corrupti. Est dolorem et.
    headers:
      Accept-Encoding:
      - gzip;q=1.0,deflate;q=0.6,identity;q=0.3
      Accept:
      - "*/*"
      User-Agent:
      - Ruby
  response:
    status:
      code: 200
      message: OK
    headers:
      Content-Type:
      - text/xml
      Cache-Control:
      - no-cache
      Connection:
      - close
      Content-Length:
      - '209'
    body:
      encoding: UTF-8
      string: |
        <revision rev="21" vrev="21">
          <srcmd5>9a56b87b896b696f00f53af0b0a967f6</srcmd5>
          <version>unknown</version>
          <time>1588951403</time>
          <user>unknown</user>
          <comment></comment>
          <requestid/>
        </revision>
    http_version: null
  recorded_at: Fri, 08 May 2020 15:23:23 GMT
- request:
    method: put
    uri: http://backend:5352/source/home:other_user/branch_test_package/somefile.txt
    body:
      encoding: UTF-8
      string: Sunt eveniet voluptatibus. Et est numquam. Distinctio saepe a.
    headers:
      Accept-Encoding:
      - gzip;q=1.0,deflate;q=0.6,identity;q=0.3
      Accept:
      - "*/*"
      User-Agent:
      - Ruby
  response:
    status:
      code: 200
      message: OK
    headers:
      Content-Type:
      - text/xml
      Cache-Control:
      - no-cache
      Connection:
      - close
      Content-Length:
      - '209'
    body:
      encoding: UTF-8
      string: |
        <revision rev="22" vrev="22">
          <srcmd5>a0d9f55c693ea876cf4b9d83bae855f8</srcmd5>
          <version>unknown</version>
          <time>1588951403</time>
          <user>unknown</user>
          <comment></comment>
          <requestid/>
        </revision>
    http_version: null
  recorded_at: Fri, 08 May 2020 15:23:23 GMT
- request:
    method: get
    uri: http://backend:5352/source/home:user_tab_user/group_test_package
    body:
      encoding: US-ASCII
      string: ''
    headers:
      Accept-Encoding:
      - gzip;q=1.0,deflate;q=0.6,identity;q=0.3
      Accept:
      - "*/*"
      User-Agent:
      - Ruby
  response:
    status:
      code: 200
      message: OK
    headers:
      Content-Type:
      - text/xml
      Cache-Control:
      - no-cache
      Connection:
      - close
      Content-Length:
      - '93'
    body:
      encoding: UTF-8
      string: |
        <directory name="group_test_package" srcmd5="d41d8cd98f00b204e9800998ecf8427e">
        </directory>
    http_version: null
  recorded_at: Fri, 08 May 2020 15:23:27 GMT
- request:
    method: get
    uri: http://backend:5352/source/home:user_tab_user/group_test_package?expand=1
    body:
      encoding: US-ASCII
      string: ''
    headers:
      Accept-Encoding:
      - gzip;q=1.0,deflate;q=0.6,identity;q=0.3
      Accept:
      - "*/*"
      User-Agent:
      - Ruby
  response:
    status:
      code: 200
      message: OK
    headers:
      Content-Type:
      - text/xml
      Cache-Control:
      - no-cache
      Connection:
      - close
      Content-Length:
      - '93'
    body:
      encoding: UTF-8
      string: |
        <directory name="group_test_package" srcmd5="d41d8cd98f00b204e9800998ecf8427e">
        </directory>
    http_version: null
  recorded_at: Fri, 08 May 2020 15:23:27 GMT
- request:
    method: get
    uri: http://backend:5352/source/home:user_tab_user/group_test_package
    body:
      encoding: US-ASCII
      string: ''
    headers:
      Accept-Encoding:
      - gzip;q=1.0,deflate;q=0.6,identity;q=0.3
      Accept:
      - "*/*"
      User-Agent:
      - Ruby
  response:
    status:
      code: 200
      message: OK
    headers:
      Content-Type:
      - text/xml
      Cache-Control:
      - no-cache
      Connection:
      - close
      Content-Length:
      - '93'
    body:
      encoding: UTF-8
      string: |
        <directory name="group_test_package" srcmd5="d41d8cd98f00b204e9800998ecf8427e">
        </directory>
    http_version: null
  recorded_at: Fri, 08 May 2020 15:23:27 GMT
- request:
    method: get
    uri: http://backend:5352/source/home:user_tab_user/group_test_package
    body:
      encoding: US-ASCII
      string: ''
    headers:
      Accept-Encoding:
      - gzip;q=1.0,deflate;q=0.6,identity;q=0.3
      Accept:
      - "*/*"
      User-Agent:
      - Ruby
  response:
    status:
      code: 200
      message: OK
    headers:
      Content-Type:
      - text/xml
      Cache-Control:
      - no-cache
      Connection:
      - close
      Content-Length:
      - '93'
    body:
      encoding: UTF-8
      string: |
        <directory name="group_test_package" srcmd5="d41d8cd98f00b204e9800998ecf8427e">
        </directory>
    http_version: null
  recorded_at: Fri, 08 May 2020 15:23:27 GMT
- request:
    method: get
    uri: http://backend:5352/build/home:user_tab_user/_result?package=group_test_package&view=status
    body:
      encoding: US-ASCII
      string: ''
    headers:
      Accept-Encoding:
      - gzip;q=1.0,deflate;q=0.6,identity;q=0.3
      Accept:
      - "*/*"
      User-Agent:
      - Ruby
  response:
    status:
      code: 200
      message: OK
    headers:
      Content-Type:
      - text/xml
      Cache-Control:
      - no-cache
      Connection:
      - close
      Content-Length:
      - '55'
    body:
      encoding: UTF-8
      string: '<resultlist state="00000000000000000000000000000000"/>

'
    http_version: null
  recorded_at: Fri, 08 May 2020 15:23:28 GMT
- request:
    method: put
    uri: http://backend:5352/source/home:user_tab_user/group_test_package/_meta?user=user_tab_user
    body:
      encoding: UTF-8
      string: |
        <package name="group_test_package" project="home:user_tab_user">
          <title>Oh! To be in England</title>
          <description>Suscipit voluptas ipsum nihil.</description>
          <person userid="user_tab_user" role="bugowner"/>
          <person userid="other_user" role="maintainer"/>
          <person userid="user_tab_user" role="maintainer"/>
          <person userid="reader_user" role="reader"/>
        </package>
    headers:
      Accept-Encoding:
      - gzip;q=1.0,deflate;q=0.6,identity;q=0.3
      Accept:
      - "*/*"
      User-Agent:
      - Ruby
  response:
    status:
      code: 200
      message: OK
    headers:
      Content-Type:
      - text/xml
      Cache-Control:
      - no-cache
      Connection:
      - close
      Content-Length:
      - '375'
    body:
      encoding: UTF-8
      string: |
        <package name="group_test_package" project="home:user_tab_user">
          <title>Oh! To be in England</title>
          <description>Suscipit voluptas ipsum nihil.</description>
          <person userid="user_tab_user" role="bugowner"/>
          <person userid="other_user" role="maintainer"/>
          <person userid="user_tab_user" role="maintainer"/>
          <person userid="reader_user" role="reader"/>
        </package>
    http_version: null
  recorded_at: Fri, 08 May 2020 15:23:32 GMT
recorded_with: VCR 5.1.0
