---
http_interactions:
- request:
    method: put
    uri: http://backend:5352/source/home:tom/_meta?user=tom
    body:
      encoding: UTF-8
      string: |
        <project name="home:tom">
          <title/>
          <description/>
          <person userid="tom" role="maintainer"/>
        </project>
    headers:
      Accept-Encoding:
      - gzip;q=1.0,deflate;q=0.6,identity;q=0.3
      Accept:
      - "*/*"
      User-Agent:
      - Ruby
  response:
    status:
      code: 200
      message: OK
    headers:
      Content-Type:
      - text/xml
      Cache-Control:
      - no-cache
      Connection:
      - close
      Content-Length:
      - '128'
    body:
      encoding: UTF-8
      string: |
        <project name="home:tom">
          <title></title>
          <description></description>
          <person userid="tom" role="maintainer"/>
        </project>
    http_version: null
  recorded_at: Fri, 15 May 2020 15:18:36 GMT
- request:
    method: put
    uri: http://backend:5352/source/home:tom/my_package/_meta?user=tom
    body:
      encoding: UTF-8
      string: |
        <package name="my_package" project="home:tom">
          <title>I Will Fear No Evil</title>
          <description>Eligendi aut aut nulla.</description>
        </package>
    headers:
      Accept-Encoding:
      - gzip;q=1.0,deflate;q=0.6,identity;q=0.3
      Accept:
      - "*/*"
      User-Agent:
      - Ruby
  response:
    status:
      code: 200
      message: OK
    headers:
      Content-Type:
      - text/xml
      Cache-Control:
      - no-cache
      Connection:
      - close
      Content-Length:
      - '148'
    body:
      encoding: UTF-8
      string: |
        <package name="my_package" project="home:tom">
          <title>I Will Fear No Evil</title>
          <description>Eligendi aut aut nulla.</description>
        </package>
    http_version: null
  recorded_at: Fri, 15 May 2020 15:18:36 GMT
- request:
    method: put
    uri: http://backend:5352/source/home:tom/my_package/_link
    body:
      encoding: UTF-8
      string: "<link project='/Invalid'/>"
    headers:
      Accept-Encoding:
      - gzip;q=1.0,deflate;q=0.6,identity;q=0.3
      Accept:
      - "*/*"
      User-Agent:
      - Ruby
  response:
    status:
      code: 200
      message: OK
    headers:
      Content-Type:
      - text/xml
      Cache-Control:
      - no-cache
      Connection:
      - close
      Content-Length:
      - '207'
    body:
      encoding: UTF-8
      string: |
        <revision rev="4" vrev="4">
          <srcmd5>3b4cc9074853a8980f29240aab0a4efa</srcmd5>
          <version>unknown</version>
          <time>1589555916</time>
          <user>unknown</user>
          <comment></comment>
          <requestid/>
        </revision>
    http_version: null
  recorded_at: Fri, 15 May 2020 15:18:36 GMT
- request:
    method: put
    uri: http://backend:5352/source/project_25/_meta?user=tom
    body:
      encoding: UTF-8
      string: |
        <project name="project_25">
          <title>Time To Murder And Create</title>
          <description/>
        </project>
    headers:
      Accept-Encoding:
      - gzip;q=1.0,deflate;q=0.6,identity;q=0.3
      Accept:
      - "*/*"
      User-Agent:
      - Ruby
  response:
    status:
      code: 200
      message: OK
    headers:
      Content-Type:
      - text/xml
      Cache-Control:
      - no-cache
      Connection:
      - close
      Content-Length:
      - '112'
    body:
      encoding: UTF-8
      string: |
        <project name="project_25">
          <title>Time To Murder And Create</title>
          <description></description>
        </project>
    http_version: null
  recorded_at: Fri, 15 May 2020 15:18:37 GMT
- request:
    method: get
    uri: http://backend:5352/source/home:tom/my_package?expand=1
    body:
      encoding: US-ASCII
      string: ''
    headers:
      Accept-Encoding:
      - gzip;q=1.0,deflate;q=0.6,identity;q=0.3
      Accept:
      - "*/*"
      User-Agent:
      - Ruby
  response:
    status:
      code: 400
      message: _link is bad  projid '/Invalid' is illegal
    headers:
      Content-Type:
      - text/xml
      Cache-Control:
      - no-cache
      Connection:
      - close
      Content-Length:
      - '94'
    body:
      encoding: UTF-8
      string: |
        <status code="400">
          <summary>_link is bad: projid '/Invalid' is illegal</summary>
        </status>
    http_version: null
  recorded_at: Fri, 15 May 2020 15:18:37 GMT
recorded_with: VCR 5.1.0
