---
http_interactions:
- request:
    method: put
    uri: http://backend:5352/source/home:Iggy/_meta?user=Iggy
    body:
      encoding: UTF-8
      string: |
        <project name="home:Iggy">
          <title/>
          <description/>
          <person userid="Iggy" role="maintainer"/>
        </project>
    headers:
      Accept-Encoding:
      - gzip;q=1.0,deflate;q=0.6,identity;q=0.3
      Accept:
      - "*/*"
      User-Agent:
      - Ruby
  response:
    status:
      code: 200
      message: OK
    headers:
      Content-Type:
      - text/xml
      Cache-Control:
      - no-cache
      Connection:
      - close
      Content-Length:
      - '130'
    body:
      encoding: UTF-8
      string: |
        <project name="home:Iggy">
          <title></title>
          <description></description>
          <person userid="Iggy" role="maintainer"/>
        </project>
  recorded_at: Wed, 02 Aug 2023 10:02:58 GMT
- request:
    method: put
    uri: http://backend:5352/source/foo_scm_synced_project/_meta?user=user_141
    body:
      encoding: UTF-8
      string: |
        <project name="foo_scm_synced_project">
          <title>Pale Kings and Princes</title>
          <description/>
          <person userid="Iggy" role="maintainer"/>
        </project>
    headers:
      Accept-Encoding:
      - gzip;q=1.0,deflate;q=0.6,identity;q=0.3
      Accept:
      - "*/*"
      User-Agent:
      - Ruby
  response:
    status:
      code: 200
      message: OK
    headers:
      Content-Type:
      - text/xml
      Cache-Control:
      - no-cache
      Connection:
      - close
      Content-Length:
      - '165'
    body:
      encoding: UTF-8
      string: |
        <project name="foo_scm_synced_project">
          <title>Pale Kings and Princes</title>
          <description></description>
          <person userid="Iggy" role="maintainer"/>
        </project>
  recorded_at: Wed, 02 Aug 2023 10:02:58 GMT
- request:
    method: put
    uri: http://backend:5352/source/foo_scm_synced_project/bar_scm_synced_package/_meta?user=user_142
    body:
      encoding: UTF-8
      string: |
        <package name="bar_scm_synced_package" project="foo_scm_synced_project">
          <title>The Moon by Night</title>
          <description>Atque dicta dolorem nemo.</description>
        </package>
    headers:
      Accept-Encoding:
      - gzip;q=1.0,deflate;q=0.6,identity;q=0.3
      Accept:
      - "*/*"
      User-Agent:
      - Ruby
  response:
    status:
      code: 200
      message: OK
    headers:
      Content-Type:
      - text/xml
      Cache-Control:
      - no-cache
      Connection:
      - close
      Content-Length:
      - '174'
    body:
      encoding: UTF-8
      string: |
        <package name="bar_scm_synced_package" project="foo_scm_synced_project">
          <title>The Moon by Night</title>
          <description>Atque dicta dolorem nemo.</description>
        </package>
  recorded_at: Wed, 02 Aug 2023 10:02:58 GMT
- request:
    method: put
    uri: http://backend:5352/source/foo_scm_synced_project/bar_scm_synced_package/_config
    body:
      encoding: UTF-8
      string: Dolorem dolores qui. Voluptatibus magnam eos. Pariatur totam aspernatur.
    headers:
      Accept-Encoding:
      - gzip;q=1.0,deflate;q=0.6,identity;q=0.3
      Accept:
      - "*/*"
      User-Agent:
      - Ruby
  response:
    status:
      code: 200
      message: OK
    headers:
      Content-Type:
      - text/xml
      Cache-Control:
      - no-cache
      Connection:
      - close
      Content-Length:
      - '205'
    body:
      encoding: UTF-8
      string: |
        <revision rev="522" vrev="503">
          <srcmd5>c41681d6d93a5c79dbf6ea747bc8af15</srcmd5>
          <version>2</version>
          <time>1690970578</time>
          <user>unknown</user>
          <comment></comment>
          <requestid/>
        </revision>
  recorded_at: Wed, 02 Aug 2023 10:02:58 GMT
- request:
    method: put
    uri: http://backend:5352/source/foo_scm_synced_project/bar_scm_synced_package/somefile.txt
    body:
      encoding: UTF-8
      string: Et est repudiandae. Ipsa ut natus. Quia adipisci quos.
    headers:
      Accept-Encoding:
      - gzip;q=1.0,deflate;q=0.6,identity;q=0.3
      Accept:
      - "*/*"
      User-Agent:
      - Ruby
  response:
    status:
      code: 200
      message: OK
    headers:
      Content-Type:
      - text/xml
      Cache-Control:
      - no-cache
      Connection:
      - close
      Content-Length:
      - '205'
    body:
      encoding: UTF-8
      string: |
        <revision rev="523" vrev="504">
          <srcmd5>56c0cd362c977de416fd649e9319d68c</srcmd5>
          <version>2</version>
          <time>1690970578</time>
          <user>unknown</user>
          <comment></comment>
          <requestid/>
        </revision>
  recorded_at: Wed, 02 Aug 2023 10:02:58 GMT
- request:
    method: post
    uri: http://backend:5352/source/foo_scm_synced_project/bar_scm_synced_package?cmd=waitservice
    body:
      encoding: UTF-8
      string: ''
    headers:
      Content-Type:
      - application/octet-stream
      Accept-Encoding:
      - gzip;q=1.0,deflate;q=0.6,identity;q=0.3
      Accept:
      - "*/*"
      User-Agent:
      - Ruby
  response:
    status:
      code: 200
      message: OK
    headers:
      Content-Type:
      - text/xml
      Cache-Control:
      - no-cache
      Connection:
      - close
      Content-Length:
      - '21'
    body:
      encoding: UTF-8
      string: '<status code="ok" />

'
  recorded_at: Wed, 02 Aug 2023 10:02:58 GMT
- request:
    method: put
    uri: http://backend:5352/source/home:Iggy:openSUSE:open-build-service:PR-1/_meta?user=Iggy
    body:
      encoding: UTF-8
      string: |
        <project name="home:Iggy:openSUSE:open-build-service:PR-1">
          <title>Branch project for package bar_scm_synced_package</title>
          <description>This project was created for package bar_scm_synced_package via attribute OBS:Maintained</description>
          <person userid="Iggy" role="maintainer"/>
        </project>
    headers:
      Accept-Encoding:
      - gzip;q=1.0,deflate;q=0.6,identity;q=0.3
      Accept:
      - "*/*"
      User-Agent:
      - Ruby
  response:
    status:
      code: 200
      message: OK
    headers:
      Content-Type:
      - text/xml
      Cache-Control:
      - no-cache
      Connection:
      - close
      Content-Length:
      - '300'
    body:
      encoding: UTF-8
      string: |
        <project name="home:Iggy:openSUSE:open-build-service:PR-1">
          <title>Branch project for package bar_scm_synced_package</title>
          <description>This project was created for package bar_scm_synced_package via attribute OBS:Maintained</description>
          <person userid="Iggy" role="maintainer"/>
        </project>
  recorded_at: Wed, 02 Aug 2023 10:02:59 GMT
- request:
    method: put
    uri: http://backend:5352/source/home:Iggy:openSUSE:open-build-service:PR-1/bar_scm_synced_package/_meta?user=Iggy
    body:
      encoding: UTF-8
      string: |
        <package name="bar_scm_synced_package" project="home:Iggy:openSUSE:open-build-service:PR-1">
          <title/>
          <description/>
        </package>
    headers:
      Accept-Encoding:
      - gzip;q=1.0,deflate;q=0.6,identity;q=0.3
      Accept:
      - "*/*"
      User-Agent:
      - Ruby
  response:
    status:
      code: 200
      message: OK
    headers:
      Content-Type:
      - text/xml
      Cache-Control:
      - no-cache
      Connection:
      - close
      Content-Length:
      - '152'
    body:
      encoding: UTF-8
      string: |
        <package name="bar_scm_synced_package" project="home:Iggy:openSUSE:open-build-service:PR-1">
          <title></title>
          <description></description>
        </package>
  recorded_at: Wed, 02 Aug 2023 10:02:59 GMT
- request:
    method: put
    uri: http://backend:5352/source/home:Iggy:openSUSE:open-build-service:PR-1/bar_scm_synced_package/_meta?user=Iggy
    body:
      encoding: UTF-8
      string: |
        <package name="bar_scm_synced_package" project="home:Iggy:openSUSE:open-build-service:PR-1">
          <title/>
          <description/>
        </package>
    headers:
      Accept-Encoding:
      - gzip;q=1.0,deflate;q=0.6,identity;q=0.3
      Accept:
      - "*/*"
      User-Agent:
      - Ruby
  response:
    status:
      code: 200
      message: OK
    headers:
      Content-Type:
      - text/xml
      Cache-Control:
      - no-cache
      Connection:
      - close
      Content-Length:
      - '152'
    body:
      encoding: UTF-8
      string: |
        <package name="bar_scm_synced_package" project="home:Iggy:openSUSE:open-build-service:PR-1">
          <title></title>
          <description></description>
        </package>
  recorded_at: Wed, 02 Aug 2023 10:02:59 GMT
- request:
    method: get
    uri: http://backend:5352/source/home:Iggy:openSUSE:open-build-service:PR-1/bar_scm_synced_package
    body:
      encoding: US-ASCII
      string: ''
    headers:
      Accept-Encoding:
      - gzip;q=1.0,deflate;q=0.6,identity;q=0.3
      Accept:
      - "*/*"
      User-Agent:
      - Ruby
  response:
    status:
      code: 200
      message: OK
    headers:
      Content-Type:
      - text/xml
      Cache-Control:
      - no-cache
      Connection:
      - close
      Content-Length:
      - '97'
    body:
      encoding: UTF-8
      string: |
        <directory name="bar_scm_synced_package" srcmd5="d41d8cd98f00b204e9800998ecf8427e">
        </directory>
  recorded_at: Wed, 02 Aug 2023 10:02:59 GMT
- request:
    method: get
    uri: http://backend:5352/source/home:Iggy:openSUSE:open-build-service:PR-1/bar_scm_synced_package?view=info
    body:
      encoding: US-ASCII
      string: ''
    headers:
      Accept-Encoding:
      - gzip;q=1.0,deflate;q=0.6,identity;q=0.3
      Accept:
      - "*/*"
      User-Agent:
      - Ruby
  response:
    status:
      code: 200
      message: OK
    headers:
      Content-Type:
      - text/xml
      Cache-Control:
      - no-cache
      Connection:
      - close
      Content-Length:
      - '138'
    body:
      encoding: UTF-8
      string: |
        <sourceinfo package="bar_scm_synced_package" srcmd5="d41d8cd98f00b204e9800998ecf8427e">
          <error>no source uploaded</error>
        </sourceinfo>
  recorded_at: Wed, 02 Aug 2023 10:02:59 GMT
- request:
    method: get
    uri: http://backend:5352/source/home:Iggy:openSUSE:open-build-service:PR-1/bar_scm_synced_package
    body:
      encoding: US-ASCII
      string: ''
    headers:
      Accept-Encoding:
      - gzip;q=1.0,deflate;q=0.6,identity;q=0.3
      Accept:
      - "*/*"
      User-Agent:
      - Ruby
  response:
    status:
      code: 200
      message: OK
    headers:
      Content-Type:
      - text/xml
      Cache-Control:
      - no-cache
      Connection:
      - close
      Content-Length:
      - '97'
    body:
      encoding: UTF-8
      string: |
        <directory name="bar_scm_synced_package" srcmd5="d41d8cd98f00b204e9800998ecf8427e">
        </directory>
  recorded_at: Wed, 02 Aug 2023 10:02:59 GMT
- request:
    method: post
    uri: http://backend:5352/source/home:Iggy:openSUSE:open-build-service:PR-1/bar_scm_synced_package?cmd=diff&linkrev=base&onlyissues=1&orev=0&view=xml
    body:
      encoding: UTF-8
      string: ''
    headers:
      Content-Type:
      - application/octet-stream
      Accept-Encoding:
      - gzip;q=1.0,deflate;q=0.6,identity;q=0.3
      Accept:
      - "*/*"
      User-Agent:
      - Ruby
  response:
    status:
      code: 200
      message: OK
    headers:
      Content-Type:
      - text/xml
      Cache-Control:
      - no-cache
      Connection:
      - close
      Content-Length:
      - '367'
    body:
      encoding: UTF-8
      string: |
        <sourcediff key="fcd36f1333f8fa73c0b08e56c60a1651">
          <old project="home:Iggy:openSUSE:open-build-service:PR-1" package="bar_scm_synced_package" rev="0" srcmd5="d41d8cd98f00b204e9800998ecf8427e"/>
          <new project="home:Iggy:openSUSE:open-build-service:PR-1" package="bar_scm_synced_package" rev="0" srcmd5="d41d8cd98f00b204e9800998ecf8427e"/>
          <files/>
        </sourcediff>
  recorded_at: Wed, 02 Aug 2023 10:02:59 GMT
- request:
    method: put
    uri: http://backend:5352/source/home:Iggy:openSUSE:open-build-service:PR-1/_meta?user=Iggy
    body:
      encoding: UTF-8
      string: |
        <project name="home:Iggy:openSUSE:open-build-service:PR-1">
          <title>Branch project for package bar_scm_synced_package</title>
          <description>This project was created for package bar_scm_synced_package via attribute OBS:Maintained</description>
          <person userid="Iggy" role="maintainer"/>
          <publish>
            <disable/>
          </publish>
          <repository name="openSUSE_Tumbleweed">
            <path project="foo_scm_synced_project" repository="openSUSE_Tumbleweed"/>
            <arch>x86_64</arch>
          </repository>
          <repository name="Unicorn_123">
            <path project="foo_scm_synced_project" repository="Unicorn_123"/>
            <arch>x86_64</arch>
            <arch>i586</arch>
            <arch>ppc</arch>
            <arch>aarch64</arch>
          </repository>
        </project>
    headers:
      Accept-Encoding:
      - gzip;q=1.0,deflate;q=0.6,identity;q=0.3
      Accept:
      - "*/*"
      User-Agent:
      - Ruby
  response:
    status:
      code: 200
      message: OK
    headers:
      Content-Type:
      - text/xml
      Cache-Control:
      - no-cache
      Connection:
      - close
      Content-Length:
      - '712'
    body:
      encoding: UTF-8
      string: |
        <project name="home:Iggy:openSUSE:open-build-service:PR-1">
          <title>Branch project for package bar_scm_synced_package</title>
          <description>This project was created for package bar_scm_synced_package via attribute OBS:Maintained</description>
          <person userid="Iggy" role="maintainer"/>
          <publish>
            <disable/>
          </publish>
          <repository name="openSUSE_Tumbleweed">
            <path project="foo_scm_synced_project" repository="openSUSE_Tumbleweed"/>
            <arch>x86_64</arch>
          </repository>
          <repository name="Unicorn_123">
            <path project="foo_scm_synced_project" repository="Unicorn_123"/>
            <arch>x86_64</arch>
            <arch>i586</arch>
            <arch>ppc</arch>
            <arch>aarch64</arch>
          </repository>
        </project>
  recorded_at: Wed, 02 Aug 2023 10:02:59 GMT
- request:
    method: put
    uri: http://backend:5352/source/home:Iggy:openSUSE:open-build-service:PR-1/bar_scm_synced_package/_meta?user=Iggy
    body:
      encoding: UTF-8
      string: |
        <package name="bar_scm_synced_package" project="home:Iggy:openSUSE:open-build-service:PR-1">
          <title/>
          <description/>
          <scmsync>https://github.com/krauselukas/test_scmsync.git?subdir=bar_scm_synced_package#123456789</scmsync>
        </package>
    headers:
      Accept-Encoding:
      - gzip;q=1.0,deflate;q=0.6,identity;q=0.3
      Accept:
      - "*/*"
      User-Agent:
      - Ruby
  response:
    status:
      code: 200
      message: OK
    headers:
      Content-Type:
      - text/xml
      Cache-Control:
      - no-cache
      Connection:
      - close
      Content-Length:
      - '261'
    body:
      encoding: UTF-8
      string: |
        <package name="bar_scm_synced_package" project="home:Iggy:openSUSE:open-build-service:PR-1">
          <title></title>
          <description></description>
          <scmsync>https://github.com/krauselukas/test_scmsync.git?subdir=bar_scm_synced_package#123456789</scmsync>
        </package>
  recorded_at: Wed, 02 Aug 2023 10:02:59 GMT
recorded_with: VCR 6.2.0
