---
http_interactions:
- request:
    method: put
    uri: http://backend:5352/source/home:Iggy/_meta?user=Iggy
    body:
      encoding: UTF-8
      string: |
        <project name="home:Iggy">
          <title/>
          <description/>
          <person userid="Iggy" role="maintainer"/>
        </project>
    headers:
      Accept-Encoding:
      - gzip;q=1.0,deflate;q=0.6,identity;q=0.3
      Accept:
      - "*/*"
      User-Agent:
      - Ruby
  response:
    status:
      code: 200
      message: OK
    headers:
      Content-Type:
      - text/xml
      Cache-Control:
      - no-cache
      Connection:
      - close
      Content-Length:
      - '130'
    body:
      encoding: UTF-8
      string: |
        <project name="home:Iggy">
          <title></title>
          <description></description>
          <person userid="Iggy" role="maintainer"/>
        </project>
  recorded_at: Thu, 14 Mar 2024 16:35:32 GMT
- request:
    method: put
    uri: http://backend:5352/source/foo_project/_meta?user=user_11
    body:
      encoding: UTF-8
      string: |
        <project name="foo_project">
          <title>A Passage to India</title>
          <description/>
          <person userid="Iggy" role="maintainer"/>
        </project>
    headers:
      Accept-Encoding:
      - gzip;q=1.0,deflate;q=0.6,identity;q=0.3
      Accept:
      - "*/*"
      User-Agent:
      - Ruby
  response:
    status:
      code: 200
      message: OK
    headers:
      Content-Type:
      - text/xml
      Cache-Control:
      - no-cache
      Connection:
      - close
      Content-Length:
      - '150'
    body:
      encoding: UTF-8
      string: |
        <project name="foo_project">
          <title>A Passage to India</title>
          <description></description>
          <person userid="Iggy" role="maintainer"/>
        </project>
  recorded_at: Thu, 14 Mar 2024 16:35:32 GMT
- request:
    method: put
    uri: http://backend:5352/source/foo_project/bar_package/_meta?user=user_12
    body:
      encoding: UTF-8
      string: |
        <package name="bar_package" project="foo_project">
          <title>The Sun Also Rises</title>
          <description>In quibusdam dolorem rerum.</description>
        </package>
    headers:
      Accept-Encoding:
      - gzip;q=1.0,deflate;q=0.6,identity;q=0.3
      Accept:
      - "*/*"
      User-Agent:
      - Ruby
  response:
    status:
      code: 200
      message: OK
    headers:
      Content-Type:
      - text/xml
      Cache-Control:
      - no-cache
      Connection:
      - close
      Content-Length:
      - '155'
    body:
      encoding: UTF-8
      string: |
        <package name="bar_package" project="foo_project">
          <title>The Sun Also Rises</title>
          <description>In quibusdam dolorem rerum.</description>
        </package>
  recorded_at: Thu, 14 Mar 2024 16:35:32 GMT
- request:
    method: put
    uri: http://backend:5352/source/foo_project/bar_package/_config
    body:
      encoding: UTF-8
      string: Est minima alias. Voluptatibus sunt illum. Magnam tempora soluta.
    headers:
      Accept-Encoding:
      - gzip;q=1.0,deflate;q=0.6,identity;q=0.3
      Accept:
      - "*/*"
      User-Agent:
      - Ruby
  response:
    status:
      code: 200
      message: OK
    headers:
      Content-Type:
      - text/xml
      Cache-Control:
      - no-cache
      Connection:
      - close
      Content-Length:
      - '209'
    body:
      encoding: UTF-8
      string: |
        <revision rev="11" vrev="11">
          <srcmd5>b4bbdd5ae2065d5b1a83c828fcc8ffe0</srcmd5>
          <version>unknown</version>
          <time>1710434132</time>
          <user>unknown</user>
          <comment></comment>
          <requestid/>
        </revision>
  recorded_at: Thu, 14 Mar 2024 16:35:32 GMT
- request:
    method: put
    uri: http://backend:5352/source/foo_project/bar_package/somefile.txt
    body:
      encoding: UTF-8
      string: Aut facere mollitia. Est maiores et. Voluptatem non rem.
    headers:
      Accept-Encoding:
      - gzip;q=1.0,deflate;q=0.6,identity;q=0.3
      Accept:
      - "*/*"
      User-Agent:
      - Ruby
  response:
    status:
      code: 200
      message: OK
    headers:
      Content-Type:
      - text/xml
      Cache-Control:
      - no-cache
      Connection:
      - close
      Content-Length:
      - '209'
    body:
      encoding: UTF-8
      string: |
        <revision rev="12" vrev="12">
          <srcmd5>33f1dff79a9af5f430e4615436a357c5</srcmd5>
          <version>unknown</version>
          <time>1710434132</time>
          <user>unknown</user>
          <comment></comment>
          <requestid/>
        </revision>
  recorded_at: Thu, 14 Mar 2024 16:35:32 GMT
- request:
    method: put
    uri: http://backend:5352/source/home:Iggy:openSUSE:open-build-service:PR-1/_meta?user=Iggy
    body:
      encoding: UTF-8
      string: |
        <project name="home:Iggy:openSUSE:open-build-service:PR-1">
          <title>From Here to Eternity</title>
          <description/>
          <person userid="Iggy" role="maintainer"/>
        </project>
    headers:
      Accept-Encoding:
      - gzip;q=1.0,deflate;q=0.6,identity;q=0.3
      Accept:
      - "*/*"
      User-Agent:
      - Ruby
  response:
    status:
      code: 200
      message: OK
    headers:
      Content-Type:
      - text/xml
      Cache-Control:
      - no-cache
      Connection:
      - close
      Content-Length:
      - '184'
    body:
      encoding: UTF-8
      string: |
        <project name="home:Iggy:openSUSE:open-build-service:PR-1">
          <title>From Here to Eternity</title>
          <description></description>
          <person userid="Iggy" role="maintainer"/>
        </project>
  recorded_at: Thu, 14 Mar 2024 16:35:32 GMT
- request:
    method: put
    uri: http://backend:5352/source/home:Iggy:openSUSE:open-build-service:PR-1/bar_package/_meta?user=Iggy
    body:
      encoding: UTF-8
      string: |
        <package name="bar_package" project="home:Iggy:openSUSE:open-build-service:PR-1">
          <title>Beneath the Bleeding</title>
          <description>Repellendus ut possimus libero.</description>
        </package>
    headers:
      Accept-Encoding:
      - gzip;q=1.0,deflate;q=0.6,identity;q=0.3
      Accept:
      - "*/*"
      User-Agent:
      - Ruby
  response:
    status:
      code: 200
      message: OK
    headers:
      Content-Type:
      - text/xml
      Cache-Control:
      - no-cache
      Connection:
      - close
      Content-Length:
      - '192'
    body:
      encoding: UTF-8
      string: |
        <package name="bar_package" project="home:Iggy:openSUSE:open-build-service:PR-1">
          <title>Beneath the Bleeding</title>
          <description>Repellendus ut possimus libero.</description>
        </package>
  recorded_at: Thu, 14 Mar 2024 16:35:32 GMT
- request:
    method: put
    uri: http://backend:5352/source/home:Iggy:openSUSE:open-build-service:PR-1/bar_package/_config
    body:
      encoding: UTF-8
      string: Cupiditate maxime iste. Atque cum temporibus. Autem eveniet aliquid.
    headers:
      Accept-Encoding:
      - gzip;q=1.0,deflate;q=0.6,identity;q=0.3
      Accept:
      - "*/*"
      User-Agent:
      - Ruby
  response:
    status:
      code: 200
      message: OK
    headers:
      Content-Type:
      - text/xml
      Cache-Control:
      - no-cache
      Connection:
      - close
      Content-Length:
      - '207'
    body:
      encoding: UTF-8
      string: |
        <revision rev="5" vrev="5">
          <srcmd5>45fe2a114551300668f90ec3787a4879</srcmd5>
          <version>unknown</version>
          <time>1710434133</time>
          <user>unknown</user>
          <comment></comment>
          <requestid/>
        </revision>
  recorded_at: Thu, 14 Mar 2024 16:35:33 GMT
- request:
    method: put
    uri: http://backend:5352/source/home:Iggy:openSUSE:open-build-service:PR-1/bar_package/somefile.txt
    body:
      encoding: UTF-8
      string: Excepturi quia rem. Animi alias porro. Rerum facilis dolor.
    headers:
      Accept-Encoding:
      - gzip;q=1.0,deflate;q=0.6,identity;q=0.3
      Accept:
      - "*/*"
      User-Agent:
      - Ruby
  response:
    status:
      code: 200
      message: OK
    headers:
      Content-Type:
      - text/xml
      Cache-Control:
      - no-cache
      Connection:
      - close
      Content-Length:
      - '207'
    body:
      encoding: UTF-8
      string: |
        <revision rev="6" vrev="6">
          <srcmd5>58f3d6b7b75c9564182a1c47c1c93c89</srcmd5>
          <version>unknown</version>
          <time>1710434133</time>
          <user>unknown</user>
          <comment></comment>
          <requestid/>
        </revision>
  recorded_at: Thu, 14 Mar 2024 16:35:33 GMT
- request:
    method: put
    uri: http://backend:5352/source/foo_project/bar_package/_branch_request?user=Iggy
    body:
      encoding: UTF-8
      string: '{"action":"synchronize","pull_request":{"head":{"repo":{"full_name":"source_repository_full_name"},"sha":"123"}}}'
    headers:
      Accept-Encoding:
      - gzip;q=1.0,deflate;q=0.6,identity;q=0.3
      Accept:
      - "*/*"
      User-Agent:
      - Ruby
  response:
    status:
      code: 200
      message: OK
    headers:
      Content-Type:
      - text/xml
      Cache-Control:
      - no-cache
      Connection:
      - close
      Content-Length:
      - '206'
    body:
      encoding: UTF-8
      string: |
        <revision rev="13" vrev="13">
          <srcmd5>0ea59c228ef04ee0a53e6c7db2628342</srcmd5>
          <version>unknown</version>
          <time>1710434133</time>
          <user>Iggy</user>
          <comment></comment>
          <requestid/>
        </revision>
  recorded_at: Thu, 14 Mar 2024 16:35:33 GMT
- request:
    method: put
    uri: http://backend:5352/source/foo_project/bar_package/_meta?user=user_12
    body:
      encoding: UTF-8
      string: |
        <package name="bar_package" project="foo_project">
          <title>The Sun Also Rises</title>
          <description>In quibusdam dolorem rerum.</description>
        </package>
    headers:
      Accept-Encoding:
      - gzip;q=1.0,deflate;q=0.6,identity;q=0.3
      Accept:
      - "*/*"
      User-Agent:
      - Ruby
  response:
    status:
      code: 200
      message: OK
    headers:
      Content-Type:
      - text/xml
      Cache-Control:
      - no-cache
      Connection:
      - close
      Content-Length:
      - '155'
    body:
      encoding: UTF-8
      string: |
        <package name="bar_package" project="foo_project">
          <title>The Sun Also Rises</title>
          <description>In quibusdam dolorem rerum.</description>
        </package>
  recorded_at: Thu, 14 Mar 2024 16:35:33 GMT
- request:
    method: get
    uri: http://backend:5352/source/foo_project/bar_package
    body:
      encoding: US-ASCII
      string: ''
    headers:
      Accept-Encoding:
      - gzip;q=1.0,deflate;q=0.6,identity;q=0.3
      Accept:
      - "*/*"
      User-Agent:
      - Ruby
  response:
    status:
      code: 200
      message: OK
    headers:
      Content-Type:
      - text/xml
      Cache-Control:
      - no-cache
      Connection:
      - close
      Content-Length:
      - '401'
    body:
      encoding: UTF-8
      string: |
        <directory name="bar_package" rev="13" vrev="13" srcmd5="0ea59c228ef04ee0a53e6c7db2628342">
          <entry name="_branch_request" md5="c4321e613d633f87e139ae1201ad0bf8" size="113" mtime="1710434133"/>
          <entry name="_config" md5="35fca15155a0edafc17960d62e3cfdb6" size="65" mtime="1710434132"/>
          <entry name="somefile.txt" md5="6e4f8a34e91376dd2485bf303a01efe5" size="56" mtime="1710434132"/>
        </directory>
  recorded_at: Thu, 14 Mar 2024 16:35:33 GMT
- request:
    method: get
    uri: http://backend:5352/source/foo_project/bar_package?view=info
    body:
      encoding: US-ASCII
      string: ''
    headers:
      Accept-Encoding:
      - gzip;q=1.0,deflate;q=0.6,identity;q=0.3
      Accept:
      - "*/*"
      User-Agent:
      - Ruby
  response:
    status:
      code: 200
      message: OK
    headers:
      Content-Type:
      - text/xml
      Cache-Control:
      - no-cache
      Connection:
      - close
      Content-Length:
      - '231'
    body:
      encoding: UTF-8
      string: |
        <sourceinfo package="bar_package" rev="13" vrev="13" srcmd5="0ea59c228ef04ee0a53e6c7db2628342" verifymd5="0ea59c228ef04ee0a53e6c7db2628342">
          <error>bad build configuration, no build type defined or detected</error>
        </sourceinfo>
  recorded_at: Thu, 14 Mar 2024 16:35:33 GMT
- request:
    method: get
    uri: http://backend:5352/source/foo_project/bar_package
    body:
      encoding: US-ASCII
      string: ''
    headers:
      Accept-Encoding:
      - gzip;q=1.0,deflate;q=0.6,identity;q=0.3
      Accept:
      - "*/*"
      User-Agent:
      - Ruby
  response:
    status:
      code: 200
      message: OK
    headers:
      Content-Type:
      - text/xml
      Cache-Control:
      - no-cache
      Connection:
      - close
      Content-Length:
      - '401'
    body:
      encoding: UTF-8
      string: |
        <directory name="bar_package" rev="13" vrev="13" srcmd5="0ea59c228ef04ee0a53e6c7db2628342">
          <entry name="_branch_request" md5="c4321e613d633f87e139ae1201ad0bf8" size="113" mtime="1710434133"/>
          <entry name="_config" md5="35fca15155a0edafc17960d62e3cfdb6" size="65" mtime="1710434132"/>
          <entry name="somefile.txt" md5="6e4f8a34e91376dd2485bf303a01efe5" size="56" mtime="1710434132"/>
        </directory>
  recorded_at: Thu, 14 Mar 2024 16:35:33 GMT
- request:
    method: post
    uri: http://backend:5352/source/foo_project/bar_package?cmd=diff&linkrev=base&onlyissues=1&orev=0&view=xml
    body:
      encoding: UTF-8
      string: ''
    headers:
      Content-Type:
      - application/octet-stream
      Accept-Encoding:
      - gzip;q=1.0,deflate;q=0.6,identity;q=0.3
      Accept:
      - "*/*"
      User-Agent:
      - Ruby
  response:
    status:
      code: 200
      message: OK
    headers:
      Content-Type:
      - text/xml
      Cache-Control:
      - no-cache
      Connection:
      - close
      Content-Length:
      - '307'
    body:
      encoding: UTF-8
      string: |
        <sourcediff key="a4b5ce38f5c0a08d86c705ab37d76df8">
          <old project="foo_project" package="bar_package" rev="0" srcmd5="d41d8cd98f00b204e9800998ecf8427e"/>
          <new project="foo_project" package="bar_package" rev="13" srcmd5="0ea59c228ef04ee0a53e6c7db2628342"/>
          <files/>
          <issues>
          </issues>
        </sourcediff>
  recorded_at: Thu, 14 Mar 2024 16:35:33 GMT
- request:
    method: put
    uri: http://backend:5352/source/home:Iggy:openSUSE:open-build-service:PR-1/bar_package/_branch_request?comment=Updated%20_branch_request%20file%20via%20SCM/CI%20Workflow%20run&user=Iggy
    body:
      encoding: UTF-8
      string: '{"action":"opened","pull_request":{"head":{"repo":{"full_name":"reponame"},"sha":"123456789"}}}'
    headers:
      Accept-Encoding:
      - gzip;q=1.0,deflate;q=0.6,identity;q=0.3
      Accept:
      - "*/*"
      User-Agent:
      - Ruby
  response:
    status:
      code: 200
      message: OK
    headers:
      Content-Type:
      - text/xml
      Cache-Control:
      - no-cache
      Connection:
      - close
      Content-Length:
      - '256'
    body:
      encoding: UTF-8
      string: |
        <revision rev="7" vrev="7">
          <srcmd5>58f3d6b7b75c9564182a1c47c1c93c89</srcmd5>
          <version>unknown</version>
          <time>1710434133</time>
          <user>Iggy</user>
          <comment>Updated _branch_request file via SCM/CI Workflow run</comment>
          <requestid/>
        </revision>
  recorded_at: Thu, 14 Mar 2024 16:35:33 GMT
- request:
    method: put
    uri: http://backend:5352/source/home:Iggy:openSUSE:open-build-service:PR-1/bar_package/_meta?user=Iggy
    body:
      encoding: UTF-8
      string: |
        <package name="bar_package" project="home:Iggy:openSUSE:open-build-service:PR-1">
          <title>Beneath the Bleeding</title>
          <description>Repellendus ut possimus libero.</description>
        </package>
    headers:
      Accept-Encoding:
      - gzip;q=1.0,deflate;q=0.6,identity;q=0.3
      Accept:
      - "*/*"
      User-Agent:
      - Ruby
  response:
    status:
      code: 200
      message: OK
    headers:
      Content-Type:
      - text/xml
      Cache-Control:
      - no-cache
      Connection:
      - close
      Content-Length:
      - '192'
    body:
      encoding: UTF-8
      string: |
        <package name="bar_package" project="home:Iggy:openSUSE:open-build-service:PR-1">
          <title>Beneath the Bleeding</title>
          <description>Repellendus ut possimus libero.</description>
        </package>
  recorded_at: Thu, 14 Mar 2024 16:35:33 GMT
- request:
    method: get
    uri: http://backend:5352/source/home:Iggy:openSUSE:open-build-service:PR-1/bar_package
    body:
      encoding: US-ASCII
      string: ''
    headers:
      Accept-Encoding:
      - gzip;q=1.0,deflate;q=0.6,identity;q=0.3
      Accept:
      - "*/*"
      User-Agent:
      - Ruby
  response:
    status:
      code: 200
      message: OK
    headers:
      Content-Type:
      - text/xml
      Cache-Control:
      - no-cache
      Connection:
      - close
      Content-Length:
      - '668'
    body:
      encoding: UTF-8
      string: |
        <directory name="bar_package" rev="7" vrev="7" srcmd5="58f3d6b7b75c9564182a1c47c1c93c89">
          <linkinfo project="foo_project" package="bar_package" baserev="43dda906acd0fd98c0d522a1d79e18b6" xsrcmd5="0c1aae0e1e84d655d6903161236c60e3" error="conflict in file _config"/>
          <entry name="_branch_request" md5="a0ae3e8c1598e691c7662a4b258bd481" size="95" mtime="1710434131"/>
          <entry name="_config" md5="8c21f7cc79a1f5adbfcae73afa9eb3c6" size="68" mtime="1710434133"/>
          <entry name="_link" md5="30e660a664d5ba03f174aa1bf2929bd6" size="119" mtime="1710434132"/>
          <entry name="somefile.txt" md5="903f62e3e8bcae47cd164a626cc8dda5" size="59" mtime="1710434133"/>
        </directory>
  recorded_at: Thu, 14 Mar 2024 16:35:33 GMT
- request:
    method: get
    uri: http://backend:5352/source/home:Iggy:openSUSE:open-build-service:PR-1/bar_package?view=info
    body:
      encoding: US-ASCII
      string: ''
    headers:
      Accept-Encoding:
      - gzip;q=1.0,deflate;q=0.6,identity;q=0.3
      Accept:
      - "*/*"
      User-Agent:
      - Ruby
  response:
    status:
      code: 200
      message: OK
    headers:
      Content-Type:
      - text/xml
      Cache-Control:
      - no-cache
      Connection:
      - close
      Content-Length:
      - '252'
    body:
      encoding: UTF-8
      string: |
        <sourceinfo package="bar_package" rev="7" vrev="20" srcmd5="58f3d6b7b75c9564182a1c47c1c93c89" verifymd5="58f3d6b7b75c9564182a1c47c1c93c89">
          <error>conflict in file _config</error>
          <linked project="foo_project" package="bar_package"/>
        </sourceinfo>
  recorded_at: Thu, 14 Mar 2024 16:35:33 GMT
- request:
    method: get
    uri: http://backend:5352/source/home:Iggy:openSUSE:open-build-service:PR-1/bar_package
    body:
      encoding: US-ASCII
      string: ''
    headers:
      Accept-Encoding:
      - gzip;q=1.0,deflate;q=0.6,identity;q=0.3
      Accept:
      - "*/*"
      User-Agent:
      - Ruby
  response:
    status:
      code: 200
      message: OK
    headers:
      Content-Type:
      - text/xml
      Cache-Control:
      - no-cache
      Connection:
      - close
      Content-Length:
      - '668'
    body:
      encoding: UTF-8
      string: |
        <directory name="bar_package" rev="7" vrev="7" srcmd5="58f3d6b7b75c9564182a1c47c1c93c89">
          <linkinfo project="foo_project" package="bar_package" baserev="43dda906acd0fd98c0d522a1d79e18b6" xsrcmd5="0c1aae0e1e84d655d6903161236c60e3" error="conflict in file _config"/>
          <entry name="_branch_request" md5="a0ae3e8c1598e691c7662a4b258bd481" size="95" mtime="1710434131"/>
          <entry name="_config" md5="8c21f7cc79a1f5adbfcae73afa9eb3c6" size="68" mtime="1710434133"/>
          <entry name="_link" md5="30e660a664d5ba03f174aa1bf2929bd6" size="119" mtime="1710434132"/>
          <entry name="somefile.txt" md5="903f62e3e8bcae47cd164a626cc8dda5" size="59" mtime="1710434133"/>
        </directory>
  recorded_at: Thu, 14 Mar 2024 16:35:33 GMT
- request:
    method: post
    uri: http://backend:5352/source/home:Iggy:openSUSE:open-build-service:PR-1/bar_package?cmd=diff&linkrev=base&onlyissues=1&orev=0&view=xml
    body:
      encoding: UTF-8
      string: ''
    headers:
      Content-Type:
      - application/octet-stream
      Accept-Encoding:
      - gzip;q=1.0,deflate;q=0.6,identity;q=0.3
      Accept:
      - "*/*"
      User-Agent:
      - Ruby
  response:
    status:
      code: 200
      message: OK
    headers:
      Content-Type:
      - text/xml
      Cache-Control:
      - no-cache
      Connection:
      - close
      Content-Length:
      - '368'
    body:
      encoding: UTF-8
      string: |
        <sourcediff key="c6556d23a72a344ea546df51a04eaffb">
          <old project="home:Iggy:openSUSE:open-build-service:PR-1" package="bar_package" rev="0" srcmd5="d41d8cd98f00b204e9800998ecf8427e"/>
          <new project="home:Iggy:openSUSE:open-build-service:PR-1" package="bar_package" rev="7" srcmd5="58f3d6b7b75c9564182a1c47c1c93c89"/>
          <files/>
          <issues>
          </issues>
        </sourcediff>
  recorded_at: Thu, 14 Mar 2024 16:35:33 GMT
- request:
    method: post
    uri: http://backend:5352/source/home:Iggy:openSUSE:open-build-service:PR-1/bar_package?cmd=linkdiff&linkrev=base&onlyissues=1&view=xml
    body:
      encoding: UTF-8
      string: ''
    headers:
      Content-Type:
      - application/octet-stream
      Accept-Encoding:
      - gzip;q=1.0,deflate;q=0.6,identity;q=0.3
      Accept:
      - "*/*"
      User-Agent:
      - Ruby
  response:
    status:
      code: 200
      message: OK
    headers:
      Content-Type:
      - text/xml
      Cache-Control:
      - no-cache
      Connection:
      - close
      Content-Length:
      - '399'
    body:
      encoding: UTF-8
      string: |
        <sourcediff key="2dc285f8bb89f0c0157288bdddb4ff5a">
          <old project="foo_project" package="bar_package" rev="43dda906acd0fd98c0d522a1d79e18b6" srcmd5="43dda906acd0fd98c0d522a1d79e18b6"/>
          <new project="home:Iggy:openSUSE:open-build-service:PR-1" package="bar_package" rev="9b70d15a510e3c06c7e8f47b2fdb5e54" srcmd5="9b70d15a510e3c06c7e8f47b2fdb5e54"/>
          <files/>
          <issues>
          </issues>
        </sourcediff>
  recorded_at: Thu, 14 Mar 2024 16:35:33 GMT
recorded_with: VCR 6.2.0
