---
http_interactions:
- request:
    method: put
    uri: http://backend:5352/source/home:Iggy/_meta?user=Iggy
    body:
      encoding: UTF-8
      string: |
        <project name="home:Iggy">
          <title/>
          <description/>
          <person userid="Iggy" role="maintainer"/>
        </project>
    headers:
      Accept-Encoding:
      - gzip;q=1.0,deflate;q=0.6,identity;q=0.3
      Accept:
      - "*/*"
      User-Agent:
      - Ruby
  response:
    status:
      code: 200
      message: OK
    headers:
      Content-Type:
      - text/xml
      Cache-Control:
      - no-cache
      Connection:
      - close
      Content-Length:
      - '130'
    body:
      encoding: UTF-8
      string: |
        <project name="home:Iggy">
          <title></title>
          <description></description>
          <person userid="Iggy" role="maintainer"/>
        </project>
  recorded_at: Thu, 10 Jun 2021 16:30:36 GMT
- request:
    method: put
    uri: http://backend:5352/source/foo_project/_meta?user=user_43
    body:
      encoding: UTF-8
      string: |
        <project name="foo_project">
          <title>The Mirror Crack'd from Side to Side</title>
          <description/>
          <person userid="Iggy" role="maintainer"/>
        </project>
    headers:
      Accept-Encoding:
      - gzip;q=1.0,deflate;q=0.6,identity;q=0.3
      Accept:
      - "*/*"
      User-Agent:
      - Ruby
  response:
    status:
      code: 200
      message: OK
    headers:
      Content-Type:
      - text/xml
      Cache-Control:
      - no-cache
      Connection:
      - close
      Content-Length:
      - '168'
    body:
      encoding: UTF-8
      string: |
        <project name="foo_project">
          <title>The Mirror Crack'd from Side to Side</title>
          <description></description>
          <person userid="Iggy" role="maintainer"/>
        </project>
  recorded_at: Thu, 10 Jun 2021 16:30:36 GMT
- request:
    method: put
    uri: http://backend:5352/source/foo_project/bar_package/_meta?user=user_44
    body:
      encoding: UTF-8
      string: |
        <package name="bar_package" project="foo_project">
          <title>Tirra Lirra by the River</title>
          <description>Nobis quaerat aut velit.</description>
        </package>
    headers:
      Accept-Encoding:
      - gzip;q=1.0,deflate;q=0.6,identity;q=0.3
      Accept:
      - "*/*"
      User-Agent:
      - Ruby
  response:
    status:
      code: 200
      message: OK
    headers:
      Content-Type:
      - text/xml
      Cache-Control:
      - no-cache
      Connection:
      - close
      Content-Length:
      - '158'
    body:
      encoding: UTF-8
      string: |
        <package name="bar_package" project="foo_project">
          <title>Tirra Lirra by the River</title>
          <description>Nobis quaerat aut velit.</description>
        </package>
  recorded_at: Thu, 10 Jun 2021 16:30:36 GMT
- request:
    method: put
    uri: http://backend:5352/source/foo_project/bar_package/_config
    body:
      encoding: UTF-8
      string: Voluptatem deleniti quaerat. Maxime dolore modi. Ad ducimus voluptatem.
    headers:
      Accept-Encoding:
      - gzip;q=1.0,deflate;q=0.6,identity;q=0.3
      Accept:
      - "*/*"
      User-Agent:
      - Ruby
  response:
    status:
      code: 200
      message: OK
    headers:
      Content-Type:
      - text/xml
      Cache-Control:
      - no-cache
      Connection:
      - close
      Content-Length:
      - '211'
    body:
      encoding: UTF-8
      string: |
        <revision rev="783" vrev="783">
          <srcmd5>d03867b2327fb3e7daf1d56b77d55b3d</srcmd5>
          <version>unknown</version>
          <time>1623342636</time>
          <user>unknown</user>
          <comment></comment>
          <requestid/>
        </revision>
  recorded_at: Thu, 10 Jun 2021 16:30:36 GMT
- request:
    method: put
    uri: http://backend:5352/source/foo_project/bar_package/somefile.txt
    body:
      encoding: UTF-8
      string: Quaerat nostrum amet. In nemo voluptas. Asperiores quia error.
    headers:
      Accept-Encoding:
      - gzip;q=1.0,deflate;q=0.6,identity;q=0.3
      Accept:
      - "*/*"
      User-Agent:
      - Ruby
  response:
    status:
      code: 200
      message: OK
    headers:
      Content-Type:
      - text/xml
      Cache-Control:
      - no-cache
      Connection:
      - close
      Content-Length:
      - '211'
    body:
      encoding: UTF-8
      string: |
        <revision rev="784" vrev="784">
          <srcmd5>1931530b83fa06c99030fcfc07aac1ba</srcmd5>
          <version>unknown</version>
          <time>1623342636</time>
          <user>unknown</user>
          <comment></comment>
          <requestid/>
        </revision>
  recorded_at: Thu, 10 Jun 2021 16:30:36 GMT
- request:
    method: put
    uri: http://backend:5352/source/home:Iggy:foo_project:PR-1/_meta?user=Iggy
    body:
      encoding: UTF-8
      string: |
        <project name="home:Iggy:foo_project:PR-1">
          <title>Sleep the Brave</title>
          <description/>
          <person userid="Iggy" role="maintainer"/>
        </project>
    headers:
      Accept-Encoding:
      - gzip;q=1.0,deflate;q=0.6,identity;q=0.3
      Accept:
      - "*/*"
      User-Agent:
      - Ruby
  response:
    status:
      code: 200
      message: OK
    headers:
      Content-Type:
      - text/xml
      Cache-Control:
      - no-cache
      Connection:
      - close
      Content-Length:
      - '162'
    body:
      encoding: UTF-8
      string: |
        <project name="home:Iggy:foo_project:PR-1">
          <title>Sleep the Brave</title>
          <description></description>
          <person userid="Iggy" role="maintainer"/>
        </project>
  recorded_at: Thu, 10 Jun 2021 16:30:36 GMT
- request:
    method: put
    uri: http://backend:5352/source/home:Iggy:foo_project:PR-1/bar_package/_meta?user=Iggy
    body:
      encoding: UTF-8
      string: |
        <package name="bar_package" project="home:Iggy:foo_project:PR-1">
          <title>The Last Enemy</title>
          <description>Id eum tempora optio.</description>
        </package>
    headers:
      Accept-Encoding:
      - gzip;q=1.0,deflate;q=0.6,identity;q=0.3
      Accept:
      - "*/*"
      User-Agent:
      - Ruby
  response:
    status:
      code: 200
      message: OK
    headers:
      Content-Type:
      - text/xml
      Cache-Control:
      - no-cache
      Connection:
      - close
      Content-Length:
      - '160'
    body:
      encoding: UTF-8
      string: |
        <package name="bar_package" project="home:Iggy:foo_project:PR-1">
          <title>The Last Enemy</title>
          <description>Id eum tempora optio.</description>
        </package>
  recorded_at: Thu, 10 Jun 2021 16:30:36 GMT
- request:
    method: put
    uri: http://backend:5352/source/home:Iggy:foo_project:PR-1/bar_package/_config
    body:
      encoding: UTF-8
      string: Voluptates sit eos. Vero sit maiores. Nihil est itaque.
    headers:
      Accept-Encoding:
      - gzip;q=1.0,deflate;q=0.6,identity;q=0.3
      Accept:
      - "*/*"
      User-Agent:
      - Ruby
  response:
    status:
      code: 200
      message: OK
    headers:
      Content-Type:
      - text/xml
      Cache-Control:
      - no-cache
      Connection:
      - close
      Content-Length:
      - '211'
    body:
      encoding: UTF-8
      string: |
        <revision rev="724" vrev="724">
          <srcmd5>c83bd0ad4e8722cb475933f9309b7cc1</srcmd5>
          <version>unknown</version>
          <time>1623342636</time>
          <user>unknown</user>
          <comment></comment>
          <requestid/>
        </revision>
  recorded_at: Thu, 10 Jun 2021 16:30:36 GMT
- request:
    method: put
    uri: http://backend:5352/source/home:Iggy:foo_project:PR-1/bar_package/somefile.txt
    body:
      encoding: UTF-8
      string: Enim voluptatem libero. Expedita suscipit earum. Et qui corporis.
    headers:
      Accept-Encoding:
      - gzip;q=1.0,deflate;q=0.6,identity;q=0.3
      Accept:
      - "*/*"
      User-Agent:
      - Ruby
  response:
    status:
      code: 200
      message: OK
    headers:
      Content-Type:
      - text/xml
      Cache-Control:
      - no-cache
      Connection:
      - close
      Content-Length:
      - '211'
    body:
      encoding: UTF-8
      string: |
        <revision rev="725" vrev="725">
          <srcmd5>e0300480e218a3dc4bd69dc653cea6e2</srcmd5>
          <version>unknown</version>
          <time>1623342636</time>
          <user>unknown</user>
          <comment></comment>
          <requestid/>
        </revision>
  recorded_at: Thu, 10 Jun 2021 16:30:36 GMT
- request:
    method: put
    uri: http://backend:5352/source/foo_project/bar_package/_branch_request?user=Iggy
    body:
      encoding: UTF-8
      string: '{"action":"synchronize","pull_request":{"head":{"repo":{"full_name":"source_repository_full_name"},"sha":"123"}}}'
    headers:
      Accept-Encoding:
      - gzip;q=1.0,deflate;q=0.6,identity;q=0.3
      Accept:
      - "*/*"
      User-Agent:
      - Ruby
  response:
    status:
      code: 200
      message: OK
    headers:
      Content-Type:
      - text/xml
      Cache-Control:
      - no-cache
      Connection:
      - close
      Content-Length:
      - '208'
    body:
      encoding: UTF-8
      string: |
        <revision rev="785" vrev="785">
          <srcmd5>1931530b83fa06c99030fcfc07aac1ba</srcmd5>
          <version>unknown</version>
          <time>1623342636</time>
          <user>Iggy</user>
          <comment></comment>
          <requestid/>
        </revision>
  recorded_at: Thu, 10 Jun 2021 16:30:37 GMT
- request:
    method: put
    uri: http://backend:5352/source/foo_project/bar_package/_meta?user=user_44
    body:
      encoding: UTF-8
      string: |
        <package name="bar_package" project="foo_project">
          <title>Tirra Lirra by the River</title>
          <description>Nobis quaerat aut velit.</description>
        </package>
    headers:
      Accept-Encoding:
      - gzip;q=1.0,deflate;q=0.6,identity;q=0.3
      Accept:
      - "*/*"
      User-Agent:
      - Ruby
  response:
    status:
      code: 200
      message: OK
    headers:
      Content-Type:
      - text/xml
      Cache-Control:
      - no-cache
      Connection:
      - close
      Content-Length:
      - '158'
    body:
      encoding: UTF-8
      string: |
        <package name="bar_package" project="foo_project">
          <title>Tirra Lirra by the River</title>
          <description>Nobis quaerat aut velit.</description>
        </package>
  recorded_at: Thu, 10 Jun 2021 16:30:37 GMT
- request:
    method: get
    uri: http://backend:5352/source/foo_project/bar_package
    body:
      encoding: US-ASCII
      string: ''
    headers:
      Accept-Encoding:
      - gzip;q=1.0,deflate;q=0.6,identity;q=0.3
      Accept:
      - "*/*"
      User-Agent:
      - Ruby
  response:
    status:
      code: 200
      message: OK
    headers:
      Content-Type:
      - text/xml
      Cache-Control:
      - no-cache
      Connection:
      - close
      Content-Length:
      - '403'
    body:
      encoding: UTF-8
      string: |
        <directory name="bar_package" rev="785" vrev="785" srcmd5="1931530b83fa06c99030fcfc07aac1ba">
          <entry name="_branch_request" md5="c4321e613d633f87e139ae1201ad0bf8" size="113" mtime="1623340003"/>
          <entry name="_config" md5="937f9a44a8bb4112ef8799c9ca3a1e85" size="71" mtime="1623342636"/>
          <entry name="somefile.txt" md5="602d2282d0cfe9379e3493360c9cfbb8" size="62" mtime="1623342636"/>
        </directory>
  recorded_at: Thu, 10 Jun 2021 16:30:37 GMT
- request:
    method: get
    uri: http://backend:5352/source/foo_project/bar_package?view=info
    body:
      encoding: US-ASCII
      string: ''
    headers:
      Accept-Encoding:
      - gzip;q=1.0,deflate;q=0.6,identity;q=0.3
      Accept:
      - "*/*"
      User-Agent:
      - Ruby
  response:
    status:
      code: 200
      message: OK
    headers:
      Content-Type:
      - text/xml
      Cache-Control:
      - no-cache
      Connection:
      - close
      Content-Length:
      - '233'
    body:
      encoding: UTF-8
      string: |
        <sourceinfo package="bar_package" rev="785" vrev="785" srcmd5="1931530b83fa06c99030fcfc07aac1ba" verifymd5="1931530b83fa06c99030fcfc07aac1ba">
          <error>bad build configuration, no build type defined or detected</error>
        </sourceinfo>
  recorded_at: Thu, 10 Jun 2021 16:30:37 GMT
- request:
    method: get
    uri: http://backend:5352/source/foo_project/bar_package
    body:
      encoding: US-ASCII
      string: ''
    headers:
      Accept-Encoding:
      - gzip;q=1.0,deflate;q=0.6,identity;q=0.3
      Accept:
      - "*/*"
      User-Agent:
      - Ruby
  response:
    status:
      code: 200
      message: OK
    headers:
      Content-Type:
      - text/xml
      Cache-Control:
      - no-cache
      Connection:
      - close
      Content-Length:
      - '403'
    body:
      encoding: UTF-8
      string: |
        <directory name="bar_package" rev="785" vrev="785" srcmd5="1931530b83fa06c99030fcfc07aac1ba">
          <entry name="_branch_request" md5="c4321e613d633f87e139ae1201ad0bf8" size="113" mtime="1623340003"/>
          <entry name="_config" md5="937f9a44a8bb4112ef8799c9ca3a1e85" size="71" mtime="1623342636"/>
          <entry name="somefile.txt" md5="602d2282d0cfe9379e3493360c9cfbb8" size="62" mtime="1623342636"/>
        </directory>
  recorded_at: Thu, 10 Jun 2021 16:30:37 GMT
- request:
    method: post
    uri: http://backend:5352/source/foo_project/bar_package?cmd=diff&linkrev=base&onlyissues=1&orev=0&view=xml
    body:
      encoding: UTF-8
      string: ''
    headers:
      Content-Type:
      - application/octet-stream
      Accept-Encoding:
      - gzip;q=1.0,deflate;q=0.6,identity;q=0.3
      Accept:
      - "*/*"
      User-Agent:
      - Ruby
  response:
    status:
      code: 200
      message: OK
    headers:
      Content-Type:
      - text/xml
      Cache-Control:
      - no-cache
      Connection:
      - close
      Content-Length:
      - '308'
    body:
      encoding: UTF-8
      string: |
        <sourcediff key="61be20ef580951b9dd324b2764093a1d">
          <old project="foo_project" package="bar_package" rev="0" srcmd5="d41d8cd98f00b204e9800998ecf8427e"/>
          <new project="foo_project" package="bar_package" rev="785" srcmd5="1931530b83fa06c99030fcfc07aac1ba"/>
          <files/>
          <issues>
          </issues>
        </sourcediff>
  recorded_at: Thu, 10 Jun 2021 16:30:37 GMT
- request:
    method: put
    uri: http://backend:5352/source/home:Iggy:foo_project:PR-1/bar_package/_branch_request?user=Iggy
    body:
      encoding: UTF-8
      string: '{"action":"synchronize","pull_request":{"head":{"repo":{"full_name":"reponame"},"sha":"456"}}}'
    headers:
      Accept-Encoding:
      - gzip;q=1.0,deflate;q=0.6,identity;q=0.3
      Accept:
      - "*/*"
      User-Agent:
      - Ruby
  response:
    status:
      code: 200
      message: OK
    headers:
      Content-Type:
      - text/xml
      Cache-Control:
      - no-cache
      Connection:
      - close
      Content-Length:
      - '208'
    body:
      encoding: UTF-8
      string: |
        <revision rev="726" vrev="726">
          <srcmd5>e0300480e218a3dc4bd69dc653cea6e2</srcmd5>
          <version>unknown</version>
          <time>1623342637</time>
          <user>Iggy</user>
          <comment></comment>
          <requestid/>
        </revision>
  recorded_at: Thu, 10 Jun 2021 16:30:37 GMT
- request:
    method: put
    uri: http://backend:5352/source/home:Iggy:foo_project:PR-1/bar_package/_meta?user=Iggy
    body:
      encoding: UTF-8
      string: |
        <package name="bar_package" project="home:Iggy:foo_project:PR-1">
          <title>The Last Enemy</title>
          <description>Id eum tempora optio.</description>
        </package>
    headers:
      Accept-Encoding:
      - gzip;q=1.0,deflate;q=0.6,identity;q=0.3
      Accept:
      - "*/*"
      User-Agent:
      - Ruby
  response:
    status:
      code: 200
      message: OK
    headers:
      Content-Type:
      - text/xml
      Cache-Control:
      - no-cache
      Connection:
      - close
      Content-Length:
      - '160'
    body:
      encoding: UTF-8
      string: |
        <package name="bar_package" project="home:Iggy:foo_project:PR-1">
          <title>The Last Enemy</title>
          <description>Id eum tempora optio.</description>
        </package>
  recorded_at: Thu, 10 Jun 2021 16:30:37 GMT
- request:
    method: get
    uri: http://backend:5352/source/home:Iggy:foo_project:PR-1/bar_package
    body:
      encoding: US-ASCII
      string: ''
    headers:
      Accept-Encoding:
      - gzip;q=1.0,deflate;q=0.6,identity;q=0.3
      Accept:
      - "*/*"
      User-Agent:
      - Ruby
  response:
    status:
      code: 200
      message: OK
    headers:
      Content-Type:
      - text/xml
      Cache-Control:
      - no-cache
      Connection:
      - close
      Content-Length:
      - '672'
    body:
      encoding: UTF-8
      string: |
        <directory name="bar_package" rev="726" vrev="726" srcmd5="e0300480e218a3dc4bd69dc653cea6e2">
          <linkinfo project="foo_project" package="bar_package" baserev="dc7d2254419e7cd3e6523f741fe7b5ec" xsrcmd5="a33612ffc11bd8cac0994829a24339ff" error="conflict in file _config"/>
          <entry name="_branch_request" md5="69adf0238fee6a145071ae46096acd5f" size="94" mtime="1623340003"/>
          <entry name="_config" md5="9afa54b0154fb37fadb8b4e3ec17f5ce" size="55" mtime="1623342636"/>
          <entry name="_link" md5="a6afaf829f8275a693d3bccd61d60ce3" size="119" mtime="1623342627"/>
          <entry name="somefile.txt" md5="e688f5e3bf4706905b5a9a383a796d14" size="65" mtime="1623342636"/>
        </directory>
  recorded_at: Thu, 10 Jun 2021 16:30:37 GMT
- request:
    method: get
    uri: http://backend:5352/source/home:Iggy:foo_project:PR-1/bar_package?view=info
    body:
      encoding: US-ASCII
      string: ''
    headers:
      Accept-Encoding:
      - gzip;q=1.0,deflate;q=0.6,identity;q=0.3
      Accept:
      - "*/*"
      User-Agent:
      - Ruby
  response:
    status:
      code: 200
      message: OK
    headers:
      Content-Type:
      - text/xml
      Cache-Control:
      - no-cache
      Connection:
      - close
      Content-Length:
      - '256'
    body:
      encoding: UTF-8
      string: |
        <sourceinfo package="bar_package" rev="726" vrev="1511" srcmd5="e0300480e218a3dc4bd69dc653cea6e2" verifymd5="e0300480e218a3dc4bd69dc653cea6e2">
          <error>conflict in file _config</error>
          <linked project="foo_project" package="bar_package"/>
        </sourceinfo>
  recorded_at: Thu, 10 Jun 2021 16:30:37 GMT
- request:
    method: get
    uri: http://backend:5352/source/home:Iggy:foo_project:PR-1/bar_package
    body:
      encoding: US-ASCII
      string: ''
    headers:
      Accept-Encoding:
      - gzip;q=1.0,deflate;q=0.6,identity;q=0.3
      Accept:
      - "*/*"
      User-Agent:
      - Ruby
  response:
    status:
      code: 200
      message: OK
    headers:
      Content-Type:
      - text/xml
      Cache-Control:
      - no-cache
      Connection:
      - close
      Content-Length:
      - '672'
    body:
      encoding: UTF-8
      string: |
        <directory name="bar_package" rev="726" vrev="726" srcmd5="e0300480e218a3dc4bd69dc653cea6e2">
          <linkinfo project="foo_project" package="bar_package" baserev="dc7d2254419e7cd3e6523f741fe7b5ec" xsrcmd5="a33612ffc11bd8cac0994829a24339ff" error="conflict in file _config"/>
          <entry name="_branch_request" md5="69adf0238fee6a145071ae46096acd5f" size="94" mtime="1623340003"/>
          <entry name="_config" md5="9afa54b0154fb37fadb8b4e3ec17f5ce" size="55" mtime="1623342636"/>
          <entry name="_link" md5="a6afaf829f8275a693d3bccd61d60ce3" size="119" mtime="1623342627"/>
          <entry name="somefile.txt" md5="e688f5e3bf4706905b5a9a383a796d14" size="65" mtime="1623342636"/>
        </directory>
  recorded_at: Thu, 10 Jun 2021 16:30:37 GMT
- request:
    method: post
    uri: http://backend:5352/source/home:Iggy:foo_project:PR-1/bar_package?cmd=diff&linkrev=base&onlyissues=1&orev=0&view=xml
    body:
      encoding: UTF-8
      string: ''
    headers:
      Content-Type:
      - application/octet-stream
      Accept-Encoding:
      - gzip;q=1.0,deflate;q=0.6,identity;q=0.3
      Accept:
      - "*/*"
      User-Agent:
      - Ruby
  response:
    status:
      code: 200
      message: OK
    headers:
      Content-Type:
      - text/xml
      Cache-Control:
      - no-cache
      Connection:
      - close
      Content-Length:
      - '338'
    body:
      encoding: UTF-8
      string: |
        <sourcediff key="c293a4fab130056939bfbf40d1af40ab">
          <old project="home:Iggy:foo_project:PR-1" package="bar_package" rev="0" srcmd5="d41d8cd98f00b204e9800998ecf8427e"/>
          <new project="home:Iggy:foo_project:PR-1" package="bar_package" rev="726" srcmd5="e0300480e218a3dc4bd69dc653cea6e2"/>
          <files/>
          <issues>
          </issues>
        </sourcediff>
  recorded_at: Thu, 10 Jun 2021 16:30:37 GMT
- request:
    method: post
    uri: http://backend:5352/source/home:Iggy:foo_project:PR-1/bar_package?cmd=linkdiff&linkrev=base&onlyissues=1&view=xml
    body:
      encoding: UTF-8
      string: ''
    headers:
      Content-Type:
      - application/octet-stream
      Accept-Encoding:
      - gzip;q=1.0,deflate;q=0.6,identity;q=0.3
      Accept:
      - "*/*"
      User-Agent:
      - Ruby
  response:
    status:
      code: 200
      message: OK
    headers:
      Content-Type:
      - text/xml
      Cache-Control:
      - no-cache
      Connection:
      - close
      Content-Length:
      - '383'
    body:
      encoding: UTF-8
      string: |
        <sourcediff key="afa6a220e986720c5f5f7148af255405">
          <old project="foo_project" package="bar_package" rev="dc7d2254419e7cd3e6523f741fe7b5ec" srcmd5="dc7d2254419e7cd3e6523f741fe7b5ec"/>
          <new project="home:Iggy:foo_project:PR-1" package="bar_package" rev="e0f96aa1bec1f920f848637a5b8a7724" srcmd5="e0f96aa1bec1f920f848637a5b8a7724"/>
          <files/>
          <issues>
          </issues>
        </sourcediff>
  recorded_at: Thu, 10 Jun 2021 16:30:37 GMT
recorded_with: VCR 6.0.0
