---
http_interactions:
- request:
    method: put
    uri: http://backend:5352/source/home:Iggy/_meta?user=Iggy
    body:
      encoding: UTF-8
      string: |
        <project name="home:Iggy">
          <title/>
          <description/>
          <person userid="Iggy" role="maintainer"/>
        </project>
    headers:
      Accept-Encoding:
      - gzip;q=1.0,deflate;q=0.6,identity;q=0.3
      Accept:
      - "*/*"
      User-Agent:
      - Ruby
  response:
    status:
      code: 200
      message: OK
    headers:
      Content-Type:
      - text/xml
      Cache-Control:
      - no-cache
      Connection:
      - close
      Content-Length:
      - '130'
    body:
      encoding: UTF-8
      string: |
        <project name="home:Iggy">
          <title></title>
          <description></description>
          <person userid="Iggy" role="maintainer"/>
        </project>
  recorded_at: Thu, 20 Jan 2022 10:33:14 GMT
- request:
    method: put
    uri: http://backend:5352/source/foo_project/_meta?user=user_336
    body:
      encoding: UTF-8
      string: |
        <project name="foo_project">
          <title>The Wind's Twelve Quarters</title>
          <description/>
          <person userid="Iggy" role="maintainer"/>
        </project>
    headers:
      Accept-Encoding:
      - gzip;q=1.0,deflate;q=0.6,identity;q=0.3
      Accept:
      - "*/*"
      User-Agent:
      - Ruby
  response:
    status:
      code: 200
      message: OK
    headers:
      Content-Type:
      - text/xml
      Cache-Control:
      - no-cache
      Connection:
      - close
      Content-Length:
      - '158'
    body:
      encoding: UTF-8
      string: |
        <project name="foo_project">
          <title>The Wind's Twelve Quarters</title>
          <description></description>
          <person userid="Iggy" role="maintainer"/>
        </project>
  recorded_at: Thu, 20 Jan 2022 10:33:14 GMT
- request:
    method: put
    uri: http://backend:5352/source/foo_project/bar_package/_meta?user=user_337
    body:
      encoding: UTF-8
      string: |
        <package name="bar_package" project="foo_project">
          <title>Look to Windward</title>
          <description>Est et laborum quaerat.</description>
        </package>
    headers:
      Accept-Encoding:
      - gzip;q=1.0,deflate;q=0.6,identity;q=0.3
      Accept:
      - "*/*"
      User-Agent:
      - Ruby
  response:
    status:
      code: 200
      message: OK
    headers:
      Content-Type:
      - text/xml
      Cache-Control:
      - no-cache
      Connection:
      - close
      Content-Length:
      - '149'
    body:
      encoding: UTF-8
      string: |
        <package name="bar_package" project="foo_project">
          <title>Look to Windward</title>
          <description>Est et laborum quaerat.</description>
        </package>
  recorded_at: Thu, 20 Jan 2022 10:33:14 GMT
- request:
    method: put
    uri: http://backend:5352/source/foo_project/bar_package/_config
    body:
      encoding: UTF-8
      string: Non vero quas. Illo deserunt ex. Unde sunt quasi.
    headers:
      Accept-Encoding:
      - gzip;q=1.0,deflate;q=0.6,identity;q=0.3
      Accept:
      - "*/*"
      User-Agent:
      - Ruby
  response:
    status:
      code: 200
      message: OK
    headers:
      Content-Type:
      - text/xml
      Cache-Control:
      - no-cache
      Connection:
      - close
      Content-Length:
      - '213'
    body:
      encoding: UTF-8
      string: |
        <revision rev="1709" vrev="1709">
          <srcmd5>1bd117ada9e2ecb42c0a17aff907d474</srcmd5>
          <version>unknown</version>
          <time>1642674794</time>
          <user>unknown</user>
          <comment></comment>
          <requestid/>
        </revision>
  recorded_at: Thu, 20 Jan 2022 10:33:14 GMT
- request:
    method: put
    uri: http://backend:5352/source/foo_project/bar_package/somefile.txt
    body:
      encoding: UTF-8
      string: Minima est ullam. Ducimus adipisci quia. Praesentium perferendis est.
    headers:
      Accept-Encoding:
      - gzip;q=1.0,deflate;q=0.6,identity;q=0.3
      Accept:
      - "*/*"
      User-Agent:
      - Ruby
  response:
    status:
      code: 200
      message: OK
    headers:
      Content-Type:
      - text/xml
      Cache-Control:
      - no-cache
      Connection:
      - close
      Content-Length:
      - '213'
    body:
      encoding: UTF-8
      string: |
        <revision rev="1710" vrev="1710">
          <srcmd5>4db6702909d9d4b88ea57cfcfd6eae77</srcmd5>
          <version>unknown</version>
          <time>1642674794</time>
          <user>unknown</user>
          <comment></comment>
          <requestid/>
        </revision>
  recorded_at: Thu, 20 Jan 2022 10:33:14 GMT
- request:
    method: post
    uri: http://backend:5352/search/package/id?match=(linkinfo/@package=%22bar_package%22%20and%20linkinfo/@project=%22foo_project%22%20and%20@project=%22foo_project%22)
    body:
      encoding: UTF-8
      string: ''
    headers:
      Content-Type:
      - application/octet-stream
      Accept-Encoding:
      - gzip;q=1.0,deflate;q=0.6,identity;q=0.3
      Accept:
      - "*/*"
      User-Agent:
      - Ruby
  response:
    status:
      code: 200
      message: OK
    headers:
      Content-Type:
      - text/xml
      Cache-Control:
      - no-cache
      Connection:
      - close
      Content-Length:
      - '27'
    body:
      encoding: UTF-8
      string: |
        <collection>
        </collection>
  recorded_at: Thu, 20 Jan 2022 10:33:14 GMT
- request:
    method: put
    uri: http://backend:5352/source/home:Iggy:openSUSE:open-build-service:PR-1/_meta?user=Iggy
    body:
      encoding: UTF-8
      string: |
        <project name="home:Iggy:openSUSE:open-build-service:PR-1">
          <title>Branch project for package bar_package</title>
          <description>This project was created for package bar_package via attribute OBS:Maintained</description>
          <person userid="Iggy" role="maintainer"/>
        </project>
    headers:
      Accept-Encoding:
      - gzip;q=1.0,deflate;q=0.6,identity;q=0.3
      Accept:
      - "*/*"
      User-Agent:
      - Ruby
  response:
    status:
      code: 200
      message: OK
    headers:
      Content-Type:
      - text/xml
      Cache-Control:
      - no-cache
      Connection:
      - close
      Content-Length:
      - '278'
    body:
      encoding: UTF-8
      string: |
        <project name="home:Iggy:openSUSE:open-build-service:PR-1">
          <title>Branch project for package bar_package</title>
          <description>This project was created for package bar_package via attribute OBS:Maintained</description>
          <person userid="Iggy" role="maintainer"/>
        </project>
  recorded_at: Thu, 20 Jan 2022 10:33:15 GMT
- request:
    method: put
    uri: http://backend:5352/source/home:Iggy:openSUSE:open-build-service:PR-1/bar_package/_meta?user=Iggy
    body:
      encoding: UTF-8
      string: |
        <package name="bar_package" project="home:Iggy:openSUSE:open-build-service:PR-1">
          <title>Look to Windward</title>
          <description>Est et laborum quaerat.</description>
        </package>
    headers:
      Accept-Encoding:
      - gzip;q=1.0,deflate;q=0.6,identity;q=0.3
      Accept:
      - "*/*"
      User-Agent:
      - Ruby
  response:
    status:
      code: 200
      message: OK
    headers:
      Content-Type:
      - text/xml
      Cache-Control:
      - no-cache
      Connection:
      - close
      Content-Length:
      - '180'
    body:
      encoding: UTF-8
      string: |
        <package name="bar_package" project="home:Iggy:openSUSE:open-build-service:PR-1">
          <title>Look to Windward</title>
          <description>Est et laborum quaerat.</description>
        </package>
  recorded_at: Thu, 20 Jan 2022 10:33:15 GMT
- request:
    method: post
    uri: http://backend:5352/source/home:Iggy:openSUSE:open-build-service:PR-1/bar_package?cmd=branch&noservice=1&opackage=bar_package&oproject=foo_project&user=Iggy
    body:
      encoding: UTF-8
      string: ''
    headers:
      Content-Type:
      - application/octet-stream
      Accept-Encoding:
      - gzip;q=1.0,deflate;q=0.6,identity;q=0.3
      Accept:
      - "*/*"
      User-Agent:
      - Ruby
  response:
    status:
      code: 200
      message: OK
    headers:
      Content-Type:
      - text/xml
      Cache-Control:
      - no-cache
      Connection:
      - close
      Content-Length:
      - '208'
    body:
      encoding: UTF-8
      string: |
        <revision rev="580" vrev="580">
          <srcmd5>1e028e387d485637973551aad89b3c64</srcmd5>
          <version>unknown</version>
          <time>1642674795</time>
          <user>Iggy</user>
          <comment></comment>
          <requestid/>
        </revision>
  recorded_at: Thu, 20 Jan 2022 10:33:15 GMT
- request:
    method: put
    uri: http://backend:5352/source/home:Iggy:openSUSE:open-build-service:PR-1/bar_package/_meta?user=Iggy
    body:
      encoding: UTF-8
      string: |
        <package name="bar_package" project="home:Iggy:openSUSE:open-build-service:PR-1">
          <title>Look to Windward</title>
          <description>Est et laborum quaerat.</description>
        </package>
    headers:
      Accept-Encoding:
      - gzip;q=1.0,deflate;q=0.6,identity;q=0.3
      Accept:
      - "*/*"
      User-Agent:
      - Ruby
  response:
    status:
      code: 200
      message: OK
    headers:
      Content-Type:
      - text/xml
      Cache-Control:
      - no-cache
      Connection:
      - close
      Content-Length:
      - '180'
    body:
      encoding: UTF-8
      string: |
        <package name="bar_package" project="home:Iggy:openSUSE:open-build-service:PR-1">
          <title>Look to Windward</title>
          <description>Est et laborum quaerat.</description>
        </package>
  recorded_at: Thu, 20 Jan 2022 10:33:15 GMT
- request:
    method: get
    uri: http://backend:5352/source/home:Iggy:openSUSE:open-build-service:PR-1/bar_package
    body:
      encoding: US-ASCII
      string: ''
    headers:
      Accept-Encoding:
      - gzip;q=1.0,deflate;q=0.6,identity;q=0.3
      Accept:
      - "*/*"
      User-Agent:
      - Ruby
  response:
    status:
      code: 200
      message: OK
    headers:
      Content-Type:
      - text/xml
      Cache-Control:
      - no-cache
      Connection:
      - close
      Content-Length:
      - '725'
    body:
      encoding: UTF-8
      string: |
        <directory name="bar_package" rev="580" vrev="580" srcmd5="1e028e387d485637973551aad89b3c64">
          <linkinfo project="foo_project" package="bar_package" srcmd5="4db6702909d9d4b88ea57cfcfd6eae77" baserev="4db6702909d9d4b88ea57cfcfd6eae77" xsrcmd5="377c394873b733da4f767f39d7d3bcbe" lsrcmd5="1e028e387d485637973551aad89b3c64"/>
          <entry name="_branch_request" md5="aea524cf047993d430e69b477e07f3df" size="114" mtime="1642597680"/>
          <entry name="_config" md5="80a92451d773ddc1e5c672d90d539d57" size="49" mtime="1642674794"/>
          <entry name="_link" md5="86d891195b349a0a081834322bf62764" size="119" mtime="1642674795"/>
          <entry name="somefile.txt" md5="e10557a2822e969f81866e86b39d47b9" size="69" mtime="1642674794"/>
        </directory>
  recorded_at: Thu, 20 Jan 2022 10:33:15 GMT
- request:
    method: get
    uri: http://backend:5352/source/home:Iggy:openSUSE:open-build-service:PR-1/bar_package?view=info
    body:
      encoding: US-ASCII
      string: ''
    headers:
      Accept-Encoding:
      - gzip;q=1.0,deflate;q=0.6,identity;q=0.3
      Accept:
      - "*/*"
      User-Agent:
      - Ruby
  response:
    status:
      code: 200
      message: OK
    headers:
      Content-Type:
      - text/xml
      Cache-Control:
      - no-cache
      Connection:
      - close
      Content-Length:
      - '333'
    body:
      encoding: UTF-8
      string: |
        <sourceinfo package="bar_package" rev="580" vrev="2290" srcmd5="377c394873b733da4f767f39d7d3bcbe" lsrcmd5="1e028e387d485637973551aad89b3c64" verifymd5="4db6702909d9d4b88ea57cfcfd6eae77">
          <error>bad build configuration, no build type defined or detected</error>
          <linked project="foo_project" package="bar_package"/>
        </sourceinfo>
  recorded_at: Thu, 20 Jan 2022 10:33:15 GMT
- request:
    method: get
    uri: http://backend:5352/source/home:Iggy:openSUSE:open-build-service:PR-1/bar_package
    body:
      encoding: US-ASCII
      string: ''
    headers:
      Accept-Encoding:
      - gzip;q=1.0,deflate;q=0.6,identity;q=0.3
      Accept:
      - "*/*"
      User-Agent:
      - Ruby
  response:
    status:
      code: 200
      message: OK
    headers:
      Content-Type:
      - text/xml
      Cache-Control:
      - no-cache
      Connection:
      - close
      Content-Length:
      - '725'
    body:
      encoding: UTF-8
      string: |
        <directory name="bar_package" rev="580" vrev="580" srcmd5="1e028e387d485637973551aad89b3c64">
          <linkinfo project="foo_project" package="bar_package" srcmd5="4db6702909d9d4b88ea57cfcfd6eae77" baserev="4db6702909d9d4b88ea57cfcfd6eae77" xsrcmd5="377c394873b733da4f767f39d7d3bcbe" lsrcmd5="1e028e387d485637973551aad89b3c64"/>
          <entry name="_branch_request" md5="aea524cf047993d430e69b477e07f3df" size="114" mtime="1642597680"/>
          <entry name="_config" md5="80a92451d773ddc1e5c672d90d539d57" size="49" mtime="1642674794"/>
          <entry name="_link" md5="86d891195b349a0a081834322bf62764" size="119" mtime="1642674795"/>
          <entry name="somefile.txt" md5="e10557a2822e969f81866e86b39d47b9" size="69" mtime="1642674794"/>
        </directory>
  recorded_at: Thu, 20 Jan 2022 10:33:15 GMT
- request:
    method: post
    uri: http://backend:5352/source/home:Iggy:openSUSE:open-build-service:PR-1/bar_package?cmd=diff&linkrev=base&onlyissues=1&orev=0&view=xml
    body:
      encoding: UTF-8
      string: ''
    headers:
      Content-Type:
      - application/octet-stream
      Accept-Encoding:
      - gzip;q=1.0,deflate;q=0.6,identity;q=0.3
      Accept:
      - "*/*"
      User-Agent:
      - Ruby
  response:
    status:
      code: 200
      message: OK
    headers:
      Content-Type:
      - text/xml
      Cache-Control:
      - no-cache
      Connection:
      - close
      Content-Length:
      - '370'
    body:
      encoding: UTF-8
      string: |
        <sourcediff key="be661f21f24252bcbc4d53a077b21fe1">
          <old project="home:Iggy:openSUSE:open-build-service:PR-1" package="bar_package" rev="0" srcmd5="d41d8cd98f00b204e9800998ecf8427e"/>
          <new project="home:Iggy:openSUSE:open-build-service:PR-1" package="bar_package" rev="580" srcmd5="1e028e387d485637973551aad89b3c64"/>
          <files/>
          <issues>
          </issues>
        </sourcediff>
  recorded_at: Thu, 20 Jan 2022 10:33:15 GMT
- request:
    method: post
    uri: http://backend:5352/source/home:Iggy:openSUSE:open-build-service:PR-1/bar_package?cmd=linkdiff&linkrev=base&onlyissues=1&view=xml
    body:
      encoding: UTF-8
      string: ''
    headers:
      Content-Type:
      - application/octet-stream
      Accept-Encoding:
      - gzip;q=1.0,deflate;q=0.6,identity;q=0.3
      Accept:
      - "*/*"
      User-Agent:
      - Ruby
  response:
    status:
      code: 200
      message: OK
    headers:
      Content-Type:
      - text/xml
      Cache-Control:
      - no-cache
      Connection:
      - close
      Content-Length:
      - '376'
    body:
      encoding: UTF-8
      string: |
        <sourcediff key="e3003eda906577af9b94135e06c4f20c">
          <old project="foo_project" package="bar_package" rev="4db6702909d9d4b88ea57cfcfd6eae77" srcmd5="4db6702909d9d4b88ea57cfcfd6eae77"/>
          <new project="home:Iggy:openSUSE:open-build-service:PR-1" package="bar_package" rev="377c394873b733da4f767f39d7d3bcbe" srcmd5="377c394873b733da4f767f39d7d3bcbe"/>
          <files/>
        </sourcediff>
  recorded_at: Thu, 20 Jan 2022 10:33:15 GMT
- request:
    method: put
    uri: http://backend:5352/source/home:Iggy:openSUSE:open-build-service:PR-1/_meta?user=Iggy
    body:
      encoding: UTF-8
      string: |
        <project name="home:Iggy:openSUSE:open-build-service:PR-1">
          <title>Branch project for package bar_package</title>
          <description>This project was created for package bar_package via attribute OBS:Maintained</description>
          <person userid="Iggy" role="maintainer"/>
          <publish>
            <disable/>
          </publish>
          <repository name="openSUSE_Tumbleweed">
            <path project="foo_project" repository="openSUSE_Tumbleweed"/>
            <arch>x86_64</arch>
          </repository>
          <repository name="Unicorn_123">
            <path project="foo_project" repository="Unicorn_123"/>
            <arch>x86_64</arch>
            <arch>i586</arch>
            <arch>ppc</arch>
            <arch>aarch64</arch>
          </repository>
        </project>
    headers:
      Accept-Encoding:
      - gzip;q=1.0,deflate;q=0.6,identity;q=0.3
      Accept:
      - "*/*"
      User-Agent:
      - Ruby
  response:
    status:
      code: 200
      message: OK
    headers:
      Content-Type:
      - text/xml
      Cache-Control:
      - no-cache
      Connection:
      - close
      Content-Length:
      - '668'
    body:
      encoding: UTF-8
      string: |
        <project name="home:Iggy:openSUSE:open-build-service:PR-1">
          <title>Branch project for package bar_package</title>
          <description>This project was created for package bar_package via attribute OBS:Maintained</description>
          <person userid="Iggy" role="maintainer"/>
          <publish>
            <disable/>
          </publish>
          <repository name="openSUSE_Tumbleweed">
            <path project="foo_project" repository="openSUSE_Tumbleweed"/>
            <arch>x86_64</arch>
          </repository>
          <repository name="Unicorn_123">
            <path project="foo_project" repository="Unicorn_123"/>
            <arch>x86_64</arch>
            <arch>i586</arch>
            <arch>ppc</arch>
            <arch>aarch64</arch>
          </repository>
        </project>
  recorded_at: Thu, 20 Jan 2022 10:33:15 GMT
- request:
    method: put
    uri: http://backend:5352/source/home:Iggy:openSUSE:open-build-service:PR-1/bar_package/_branch_request?user=Iggy
    body:
      encoding: UTF-8
      string: '{"action":"opened","pull_request":{"head":{"repo":{"full_name":"reponame"},"sha":"123456789"}}}'
    headers:
      Accept-Encoding:
      - gzip;q=1.0,deflate;q=0.6,identity;q=0.3
      Accept:
      - "*/*"
      User-Agent:
      - Ruby
  response:
    status:
      code: 200
      message: OK
    headers:
      Content-Type:
      - text/xml
      Cache-Control:
      - no-cache
      Connection:
      - close
      Content-Length:
      - '208'
    body:
      encoding: UTF-8
      string: |
        <revision rev="581" vrev="581">
          <srcmd5>d9a2792199d5ed50ae7a7b79ab380dec</srcmd5>
          <version>unknown</version>
          <time>1642674795</time>
          <user>Iggy</user>
          <comment></comment>
          <requestid/>
        </revision>
  recorded_at: Thu, 20 Jan 2022 10:33:15 GMT
- request:
    method: put
    uri: http://backend:5352/source/home:Iggy:openSUSE:open-build-service:PR-1/bar_package/_meta?user=Iggy
    body:
      encoding: UTF-8
      string: |
        <package name="bar_package" project="home:Iggy:openSUSE:open-build-service:PR-1">
          <title>Look to Windward</title>
          <description>Est et laborum quaerat.</description>
        </package>
    headers:
      Accept-Encoding:
      - gzip;q=1.0,deflate;q=0.6,identity;q=0.3
      Accept:
      - "*/*"
      User-Agent:
      - Ruby
  response:
    status:
      code: 200
      message: OK
    headers:
      Content-Type:
      - text/xml
      Cache-Control:
      - no-cache
      Connection:
      - close
      Content-Length:
      - '180'
    body:
      encoding: UTF-8
      string: |
        <package name="bar_package" project="home:Iggy:openSUSE:open-build-service:PR-1">
          <title>Look to Windward</title>
          <description>Est et laborum quaerat.</description>
        </package>
  recorded_at: Thu, 20 Jan 2022 10:33:15 GMT
- request:
    method: get
    uri: http://backend:5352/source/home:Iggy:openSUSE:open-build-service:PR-1/bar_package
    body:
      encoding: US-ASCII
      string: ''
    headers:
      Accept-Encoding:
      - gzip;q=1.0,deflate;q=0.6,identity;q=0.3
      Accept:
      - "*/*"
      User-Agent:
      - Ruby
  response:
    status:
      code: 200
      message: OK
    headers:
      Content-Type:
      - text/xml
      Cache-Control:
      - no-cache
      Connection:
      - close
      Content-Length:
      - '801'
    body:
      encoding: UTF-8
      string: |
        <directory name="bar_package" rev="581" vrev="581" srcmd5="d9a2792199d5ed50ae7a7b79ab380dec">
          <linkinfo project="foo_project" package="bar_package" srcmd5="4db6702909d9d4b88ea57cfcfd6eae77" baserev="4db6702909d9d4b88ea57cfcfd6eae77" xsrcmd5="1a8acf00c09e245e156236dce2f546ed" lsrcmd5="d9a2792199d5ed50ae7a7b79ab380dec"/>
          <serviceinfo code="succeeded" xsrcmd5="f89f6b5b8db7d891b0b867a7d494e09a"/>
          <entry name="_branch_request" md5="a0ae3e8c1598e691c7662a4b258bd481" size="95" mtime="1642596964"/>
          <entry name="_config" md5="80a92451d773ddc1e5c672d90d539d57" size="49" mtime="1642674794"/>
          <entry name="_link" md5="86d891195b349a0a081834322bf62764" size="119" mtime="1642674795"/>
          <entry name="somefile.txt" md5="e10557a2822e969f81866e86b39d47b9" size="69" mtime="1642674794"/>
        </directory>
  recorded_at: Thu, 20 Jan 2022 10:33:15 GMT
- request:
    method: get
    uri: http://backend:5352/source/home:Iggy:openSUSE:open-build-service:PR-1/bar_package?view=info
    body:
      encoding: US-ASCII
      string: ''
    headers:
      Accept-Encoding:
      - gzip;q=1.0,deflate;q=0.6,identity;q=0.3
      Accept:
      - "*/*"
      User-Agent:
      - Ruby
  response:
    status:
      code: 200
      message: OK
    headers:
      Content-Type:
      - text/xml
      Cache-Control:
      - no-cache
      Connection:
      - close
      Content-Length:
      - '333'
    body:
      encoding: UTF-8
      string: |
        <sourceinfo package="bar_package" rev="581" vrev="2291" srcmd5="bcfb2731796ccde4c4cece2fd17bcfc2" lsrcmd5="f89f6b5b8db7d891b0b867a7d494e09a" verifymd5="d12aef661535b554411a7dbe4f9f48ea">
          <error>bad build configuration, no build type defined or detected</error>
          <linked project="foo_project" package="bar_package"/>
        </sourceinfo>
  recorded_at: Thu, 20 Jan 2022 10:33:15 GMT
- request:
    method: get
    uri: http://backend:5352/source/home:Iggy:openSUSE:open-build-service:PR-1/bar_package
    body:
      encoding: US-ASCII
      string: ''
    headers:
      Accept-Encoding:
      - gzip;q=1.0,deflate;q=0.6,identity;q=0.3
      Accept:
      - "*/*"
      User-Agent:
      - Ruby
  response:
    status:
      code: 200
      message: OK
    headers:
      Content-Type:
      - text/xml
      Cache-Control:
      - no-cache
      Connection:
      - close
      Content-Length:
      - '801'
    body:
      encoding: UTF-8
      string: |
        <directory name="bar_package" rev="581" vrev="581" srcmd5="d9a2792199d5ed50ae7a7b79ab380dec">
          <linkinfo project="foo_project" package="bar_package" srcmd5="4db6702909d9d4b88ea57cfcfd6eae77" baserev="4db6702909d9d4b88ea57cfcfd6eae77" xsrcmd5="1a8acf00c09e245e156236dce2f546ed" lsrcmd5="d9a2792199d5ed50ae7a7b79ab380dec"/>
          <serviceinfo code="succeeded" xsrcmd5="f89f6b5b8db7d891b0b867a7d494e09a"/>
          <entry name="_branch_request" md5="a0ae3e8c1598e691c7662a4b258bd481" size="95" mtime="1642596964"/>
          <entry name="_config" md5="80a92451d773ddc1e5c672d90d539d57" size="49" mtime="1642674794"/>
          <entry name="_link" md5="86d891195b349a0a081834322bf62764" size="119" mtime="1642674795"/>
          <entry name="somefile.txt" md5="e10557a2822e969f81866e86b39d47b9" size="69" mtime="1642674794"/>
        </directory>
  recorded_at: Thu, 20 Jan 2022 10:33:15 GMT
- request:
    method: post
    uri: http://backend:5352/source/home:Iggy:openSUSE:open-build-service:PR-1/bar_package?cmd=diff&linkrev=base&onlyissues=1&orev=0&view=xml
    body:
      encoding: UTF-8
      string: ''
    headers:
      Content-Type:
      - application/octet-stream
      Accept-Encoding:
      - gzip;q=1.0,deflate;q=0.6,identity;q=0.3
      Accept:
      - "*/*"
      User-Agent:
      - Ruby
  response:
    status:
      code: 200
      message: OK
    headers:
      Content-Type:
      - text/xml
      Cache-Control:
      - no-cache
      Connection:
      - close
      Content-Length:
      - '370'
    body:
      encoding: UTF-8
      string: |
        <sourcediff key="f62c8fe27000047d97a62165244cd174">
          <old project="home:Iggy:openSUSE:open-build-service:PR-1" package="bar_package" rev="0" srcmd5="d41d8cd98f00b204e9800998ecf8427e"/>
          <new project="home:Iggy:openSUSE:open-build-service:PR-1" package="bar_package" rev="581" srcmd5="d9a2792199d5ed50ae7a7b79ab380dec"/>
          <files/>
          <issues>
          </issues>
        </sourcediff>
  recorded_at: Thu, 20 Jan 2022 10:33:15 GMT
- request:
    method: post
    uri: http://backend:5352/source/home:Iggy:openSUSE:open-build-service:PR-1/bar_package?cmd=linkdiff&linkrev=base&onlyissues=1&view=xml
    body:
      encoding: UTF-8
      string: ''
    headers:
      Content-Type:
      - application/octet-stream
      Accept-Encoding:
      - gzip;q=1.0,deflate;q=0.6,identity;q=0.3
      Accept:
      - "*/*"
      User-Agent:
      - Ruby
  response:
    status:
      code: 200
      message: OK
    headers:
      Content-Type:
      - text/xml
      Cache-Control:
      - no-cache
      Connection:
      - close
      Content-Length:
      - '399'
    body:
      encoding: UTF-8
      string: |
        <sourcediff key="1832823b5808c10720c5d690bd04b59f">
          <old project="foo_project" package="bar_package" rev="4db6702909d9d4b88ea57cfcfd6eae77" srcmd5="4db6702909d9d4b88ea57cfcfd6eae77"/>
          <new project="home:Iggy:openSUSE:open-build-service:PR-1" package="bar_package" rev="bcfb2731796ccde4c4cece2fd17bcfc2" srcmd5="bcfb2731796ccde4c4cece2fd17bcfc2"/>
          <files/>
          <issues>
          </issues>
        </sourcediff>
  recorded_at: Thu, 20 Jan 2022 10:33:15 GMT
- request:
    method: get
    uri: http://backend:5352/source/home:Iggy:openSUSE:open-build-service:PR-1/bar_package
    body:
      encoding: US-ASCII
      string: ''
    headers:
      Accept-Encoding:
      - gzip;q=1.0,deflate;q=0.6,identity;q=0.3
      Accept:
      - "*/*"
      User-Agent:
      - Ruby
  response:
    status:
      code: 200
      message: OK
    headers:
      Content-Type:
      - text/xml
      Cache-Control:
      - no-cache
      Connection:
      - close
      Content-Length:
      - '801'
    body:
      encoding: UTF-8
      string: |
        <directory name="bar_package" rev="581" vrev="581" srcmd5="d9a2792199d5ed50ae7a7b79ab380dec">
          <linkinfo project="foo_project" package="bar_package" srcmd5="4db6702909d9d4b88ea57cfcfd6eae77" baserev="4db6702909d9d4b88ea57cfcfd6eae77" xsrcmd5="1a8acf00c09e245e156236dce2f546ed" lsrcmd5="d9a2792199d5ed50ae7a7b79ab380dec"/>
          <serviceinfo code="succeeded" xsrcmd5="f89f6b5b8db7d891b0b867a7d494e09a"/>
          <entry name="_branch_request" md5="a0ae3e8c1598e691c7662a4b258bd481" size="95" mtime="1642596964"/>
          <entry name="_config" md5="80a92451d773ddc1e5c672d90d539d57" size="49" mtime="1642674794"/>
          <entry name="_link" md5="86d891195b349a0a081834322bf62764" size="119" mtime="1642674795"/>
          <entry name="somefile.txt" md5="e10557a2822e969f81866e86b39d47b9" size="69" mtime="1642674794"/>
        </directory>
  recorded_at: Thu, 20 Jan 2022 10:33:15 GMT
- request:
    method: get
    uri: http://backend:5352/source/home:Iggy:openSUSE:open-build-service:PR-1/bar_package
    body:
      encoding: US-ASCII
      string: ''
    headers:
      Accept-Encoding:
      - gzip;q=1.0,deflate;q=0.6,identity;q=0.3
      Accept:
      - "*/*"
      User-Agent:
      - Ruby
  response:
    status:
      code: 200
      message: OK
    headers:
      Content-Type:
      - text/xml
      Cache-Control:
      - no-cache
      Connection:
      - close
      Content-Length:
      - '801'
    body:
      encoding: UTF-8
      string: |
        <directory name="bar_package" rev="581" vrev="581" srcmd5="d9a2792199d5ed50ae7a7b79ab380dec">
          <linkinfo project="foo_project" package="bar_package" srcmd5="4db6702909d9d4b88ea57cfcfd6eae77" baserev="4db6702909d9d4b88ea57cfcfd6eae77" xsrcmd5="1a8acf00c09e245e156236dce2f546ed" lsrcmd5="d9a2792199d5ed50ae7a7b79ab380dec"/>
          <serviceinfo code="succeeded" xsrcmd5="f89f6b5b8db7d891b0b867a7d494e09a"/>
          <entry name="_branch_request" md5="a0ae3e8c1598e691c7662a4b258bd481" size="95" mtime="1642596964"/>
          <entry name="_config" md5="80a92451d773ddc1e5c672d90d539d57" size="49" mtime="1642674794"/>
          <entry name="_link" md5="86d891195b349a0a081834322bf62764" size="119" mtime="1642674795"/>
          <entry name="somefile.txt" md5="e10557a2822e969f81866e86b39d47b9" size="69" mtime="1642674794"/>
        </directory>
  recorded_at: Thu, 20 Jan 2022 10:33:15 GMT
- request:
    method: get
    uri: http://backend:5352/source/home:Iggy:openSUSE:open-build-service:PR-1/bar_package
    body:
      encoding: US-ASCII
      string: ''
    headers:
      Accept-Encoding:
      - gzip;q=1.0,deflate;q=0.6,identity;q=0.3
      Accept:
      - "*/*"
      User-Agent:
      - Ruby
  response:
    status:
      code: 200
      message: OK
    headers:
      Content-Type:
      - text/xml
      Cache-Control:
      - no-cache
      Connection:
      - close
      Content-Length:
      - '801'
    body:
      encoding: UTF-8
      string: |
        <directory name="bar_package" rev="581" vrev="581" srcmd5="d9a2792199d5ed50ae7a7b79ab380dec">
          <linkinfo project="foo_project" package="bar_package" srcmd5="4db6702909d9d4b88ea57cfcfd6eae77" baserev="4db6702909d9d4b88ea57cfcfd6eae77" xsrcmd5="1a8acf00c09e245e156236dce2f546ed" lsrcmd5="d9a2792199d5ed50ae7a7b79ab380dec"/>
          <serviceinfo code="succeeded" xsrcmd5="f89f6b5b8db7d891b0b867a7d494e09a"/>
          <entry name="_branch_request" md5="a0ae3e8c1598e691c7662a4b258bd481" size="95" mtime="1642596964"/>
          <entry name="_config" md5="80a92451d773ddc1e5c672d90d539d57" size="49" mtime="1642674794"/>
          <entry name="_link" md5="86d891195b349a0a081834322bf62764" size="119" mtime="1642674795"/>
          <entry name="somefile.txt" md5="e10557a2822e969f81866e86b39d47b9" size="69" mtime="1642674794"/>
        </directory>
  recorded_at: Thu, 20 Jan 2022 10:33:15 GMT
- request:
    method: get
    uri: http://backend:5352/source/home:Iggy:openSUSE:open-build-service:PR-1/bar_package
    body:
      encoding: US-ASCII
      string: ''
    headers:
      Accept-Encoding:
      - gzip;q=1.0,deflate;q=0.6,identity;q=0.3
      Accept:
      - "*/*"
      User-Agent:
      - Ruby
  response:
    status:
      code: 200
      message: OK
    headers:
      Content-Type:
      - text/xml
      Cache-Control:
      - no-cache
      Connection:
      - close
      Content-Length:
      - '801'
    body:
      encoding: UTF-8
      string: |
        <directory name="bar_package" rev="581" vrev="581" srcmd5="d9a2792199d5ed50ae7a7b79ab380dec">
          <linkinfo project="foo_project" package="bar_package" srcmd5="4db6702909d9d4b88ea57cfcfd6eae77" baserev="4db6702909d9d4b88ea57cfcfd6eae77" xsrcmd5="1a8acf00c09e245e156236dce2f546ed" lsrcmd5="d9a2792199d5ed50ae7a7b79ab380dec"/>
          <serviceinfo code="succeeded" xsrcmd5="f89f6b5b8db7d891b0b867a7d494e09a"/>
          <entry name="_branch_request" md5="a0ae3e8c1598e691c7662a4b258bd481" size="95" mtime="1642596964"/>
          <entry name="_config" md5="80a92451d773ddc1e5c672d90d539d57" size="49" mtime="1642674794"/>
          <entry name="_link" md5="86d891195b349a0a081834322bf62764" size="119" mtime="1642674795"/>
          <entry name="somefile.txt" md5="e10557a2822e969f81866e86b39d47b9" size="69" mtime="1642674794"/>
        </directory>
  recorded_at: Thu, 20 Jan 2022 10:33:15 GMT
- request:
    method: get
    uri: http://backend:5352/source/home:Iggy:openSUSE:open-build-service:PR-1/bar_package
    body:
      encoding: US-ASCII
      string: ''
    headers:
      Accept-Encoding:
      - gzip;q=1.0,deflate;q=0.6,identity;q=0.3
      Accept:
      - "*/*"
      User-Agent:
      - Ruby
  response:
    status:
      code: 200
      message: OK
    headers:
      Content-Type:
      - text/xml
      Cache-Control:
      - no-cache
      Connection:
      - close
      Content-Length:
      - '801'
    body:
      encoding: UTF-8
      string: |
        <directory name="bar_package" rev="581" vrev="581" srcmd5="d9a2792199d5ed50ae7a7b79ab380dec">
          <linkinfo project="foo_project" package="bar_package" srcmd5="4db6702909d9d4b88ea57cfcfd6eae77" baserev="4db6702909d9d4b88ea57cfcfd6eae77" xsrcmd5="1a8acf00c09e245e156236dce2f546ed" lsrcmd5="d9a2792199d5ed50ae7a7b79ab380dec"/>
          <serviceinfo code="succeeded" xsrcmd5="f89f6b5b8db7d891b0b867a7d494e09a"/>
          <entry name="_branch_request" md5="a0ae3e8c1598e691c7662a4b258bd481" size="95" mtime="1642596964"/>
          <entry name="_config" md5="80a92451d773ddc1e5c672d90d539d57" size="49" mtime="1642674794"/>
          <entry name="_link" md5="86d891195b349a0a081834322bf62764" size="119" mtime="1642674795"/>
          <entry name="somefile.txt" md5="e10557a2822e969f81866e86b39d47b9" size="69" mtime="1642674794"/>
        </directory>
  recorded_at: Thu, 20 Jan 2022 10:33:15 GMT
- request:
    method: get
    uri: http://backend:5352/source/home:Iggy:openSUSE:open-build-service:PR-1/bar_package
    body:
      encoding: US-ASCII
      string: ''
    headers:
      Accept-Encoding:
      - gzip;q=1.0,deflate;q=0.6,identity;q=0.3
      Accept:
      - "*/*"
      User-Agent:
      - Ruby
  response:
    status:
      code: 200
      message: OK
    headers:
      Content-Type:
      - text/xml
      Cache-Control:
      - no-cache
      Connection:
      - close
      Content-Length:
      - '801'
    body:
      encoding: UTF-8
      string: |
        <directory name="bar_package" rev="581" vrev="581" srcmd5="d9a2792199d5ed50ae7a7b79ab380dec">
          <linkinfo project="foo_project" package="bar_package" srcmd5="4db6702909d9d4b88ea57cfcfd6eae77" baserev="4db6702909d9d4b88ea57cfcfd6eae77" xsrcmd5="1a8acf00c09e245e156236dce2f546ed" lsrcmd5="d9a2792199d5ed50ae7a7b79ab380dec"/>
          <serviceinfo code="succeeded" xsrcmd5="f89f6b5b8db7d891b0b867a7d494e09a"/>
          <entry name="_branch_request" md5="a0ae3e8c1598e691c7662a4b258bd481" size="95" mtime="1642596964"/>
          <entry name="_config" md5="80a92451d773ddc1e5c672d90d539d57" size="49" mtime="1642674794"/>
          <entry name="_link" md5="86d891195b349a0a081834322bf62764" size="119" mtime="1642674795"/>
          <entry name="somefile.txt" md5="e10557a2822e969f81866e86b39d47b9" size="69" mtime="1642674794"/>
        </directory>
  recorded_at: Thu, 20 Jan 2022 10:33:15 GMT
- request:
    method: get
    uri: http://backend:5352/source/home:Iggy:openSUSE:open-build-service:PR-1/bar_package
    body:
      encoding: US-ASCII
      string: ''
    headers:
      Accept-Encoding:
      - gzip;q=1.0,deflate;q=0.6,identity;q=0.3
      Accept:
      - "*/*"
      User-Agent:
      - Ruby
  response:
    status:
      code: 200
      message: OK
    headers:
      Content-Type:
      - text/xml
      Cache-Control:
      - no-cache
      Connection:
      - close
      Content-Length:
      - '801'
    body:
      encoding: UTF-8
      string: |
        <directory name="bar_package" rev="581" vrev="581" srcmd5="d9a2792199d5ed50ae7a7b79ab380dec">
          <linkinfo project="foo_project" package="bar_package" srcmd5="4db6702909d9d4b88ea57cfcfd6eae77" baserev="4db6702909d9d4b88ea57cfcfd6eae77" xsrcmd5="1a8acf00c09e245e156236dce2f546ed" lsrcmd5="d9a2792199d5ed50ae7a7b79ab380dec"/>
          <serviceinfo code="succeeded" xsrcmd5="f89f6b5b8db7d891b0b867a7d494e09a"/>
          <entry name="_branch_request" md5="a0ae3e8c1598e691c7662a4b258bd481" size="95" mtime="1642596964"/>
          <entry name="_config" md5="80a92451d773ddc1e5c672d90d539d57" size="49" mtime="1642674794"/>
          <entry name="_link" md5="86d891195b349a0a081834322bf62764" size="119" mtime="1642674795"/>
          <entry name="somefile.txt" md5="e10557a2822e969f81866e86b39d47b9" size="69" mtime="1642674794"/>
        </directory>
  recorded_at: Thu, 20 Jan 2022 10:33:15 GMT
- request:
    method: get
    uri: http://backend:5352/source/home:Iggy:openSUSE:open-build-service:PR-1/bar_package
    body:
      encoding: US-ASCII
      string: ''
    headers:
      Accept-Encoding:
      - gzip;q=1.0,deflate;q=0.6,identity;q=0.3
      Accept:
      - "*/*"
      User-Agent:
      - Ruby
  response:
    status:
      code: 200
      message: OK
    headers:
      Content-Type:
      - text/xml
      Cache-Control:
      - no-cache
      Connection:
      - close
      Content-Length:
      - '801'
    body:
      encoding: UTF-8
      string: |
        <directory name="bar_package" rev="581" vrev="581" srcmd5="d9a2792199d5ed50ae7a7b79ab380dec">
          <linkinfo project="foo_project" package="bar_package" srcmd5="4db6702909d9d4b88ea57cfcfd6eae77" baserev="4db6702909d9d4b88ea57cfcfd6eae77" xsrcmd5="1a8acf00c09e245e156236dce2f546ed" lsrcmd5="d9a2792199d5ed50ae7a7b79ab380dec"/>
          <serviceinfo code="succeeded" xsrcmd5="f89f6b5b8db7d891b0b867a7d494e09a"/>
          <entry name="_branch_request" md5="a0ae3e8c1598e691c7662a4b258bd481" size="95" mtime="1642596964"/>
          <entry name="_config" md5="80a92451d773ddc1e5c672d90d539d57" size="49" mtime="1642674794"/>
          <entry name="_link" md5="86d891195b349a0a081834322bf62764" size="119" mtime="1642674795"/>
          <entry name="somefile.txt" md5="e10557a2822e969f81866e86b39d47b9" size="69" mtime="1642674794"/>
        </directory>
  recorded_at: Thu, 20 Jan 2022 10:33:15 GMT
- request:
    method: get
    uri: http://backend:5352/source/home:Iggy:openSUSE:open-build-service:PR-1/bar_package
    body:
      encoding: US-ASCII
      string: ''
    headers:
      Accept-Encoding:
      - gzip;q=1.0,deflate;q=0.6,identity;q=0.3
      Accept:
      - "*/*"
      User-Agent:
      - Ruby
  response:
    status:
      code: 200
      message: OK
    headers:
      Content-Type:
      - text/xml
      Cache-Control:
      - no-cache
      Connection:
      - close
      Content-Length:
      - '801'
    body:
      encoding: UTF-8
      string: |
        <directory name="bar_package" rev="581" vrev="581" srcmd5="d9a2792199d5ed50ae7a7b79ab380dec">
          <linkinfo project="foo_project" package="bar_package" srcmd5="4db6702909d9d4b88ea57cfcfd6eae77" baserev="4db6702909d9d4b88ea57cfcfd6eae77" xsrcmd5="1a8acf00c09e245e156236dce2f546ed" lsrcmd5="d9a2792199d5ed50ae7a7b79ab380dec"/>
          <serviceinfo code="succeeded" xsrcmd5="f89f6b5b8db7d891b0b867a7d494e09a"/>
          <entry name="_branch_request" md5="a0ae3e8c1598e691c7662a4b258bd481" size="95" mtime="1642596964"/>
          <entry name="_config" md5="80a92451d773ddc1e5c672d90d539d57" size="49" mtime="1642674794"/>
          <entry name="_link" md5="86d891195b349a0a081834322bf62764" size="119" mtime="1642674795"/>
          <entry name="somefile.txt" md5="e10557a2822e969f81866e86b39d47b9" size="69" mtime="1642674794"/>
        </directory>
  recorded_at: Thu, 20 Jan 2022 10:33:15 GMT
- request:
    method: get
    uri: http://backend:5352/source/home:Iggy:openSUSE:open-build-service:PR-1/bar_package
    body:
      encoding: US-ASCII
      string: ''
    headers:
      Accept-Encoding:
      - gzip;q=1.0,deflate;q=0.6,identity;q=0.3
      Accept:
      - "*/*"
      User-Agent:
      - Ruby
  response:
    status:
      code: 200
      message: OK
    headers:
      Content-Type:
      - text/xml
      Cache-Control:
      - no-cache
      Connection:
      - close
      Content-Length:
      - '801'
    body:
      encoding: UTF-8
      string: |
        <directory name="bar_package" rev="581" vrev="581" srcmd5="d9a2792199d5ed50ae7a7b79ab380dec">
          <linkinfo project="foo_project" package="bar_package" srcmd5="4db6702909d9d4b88ea57cfcfd6eae77" baserev="4db6702909d9d4b88ea57cfcfd6eae77" xsrcmd5="1a8acf00c09e245e156236dce2f546ed" lsrcmd5="d9a2792199d5ed50ae7a7b79ab380dec"/>
          <serviceinfo code="succeeded" xsrcmd5="f89f6b5b8db7d891b0b867a7d494e09a"/>
          <entry name="_branch_request" md5="a0ae3e8c1598e691c7662a4b258bd481" size="95" mtime="1642596964"/>
          <entry name="_config" md5="80a92451d773ddc1e5c672d90d539d57" size="49" mtime="1642674794"/>
          <entry name="_link" md5="86d891195b349a0a081834322bf62764" size="119" mtime="1642674795"/>
          <entry name="somefile.txt" md5="e10557a2822e969f81866e86b39d47b9" size="69" mtime="1642674794"/>
        </directory>
  recorded_at: Thu, 20 Jan 2022 10:33:15 GMT
recorded_with: VCR 6.0.0
