---
http_interactions:
- request:
    method: put
    uri: http://backend:5352/source/home:Iggy/_meta?user=Iggy
    body:
      encoding: UTF-8
      string: |
        <project name="home:Iggy">
          <title/>
          <description/>
          <person userid="Iggy" role="maintainer"/>
        </project>
    headers:
      Accept-Encoding:
      - gzip;q=1.0,deflate;q=0.6,identity;q=0.3
      Accept:
      - "*/*"
      User-Agent:
      - Ruby
  response:
    status:
      code: 200
      message: OK
    headers:
      Content-Type:
      - text/xml
      Cache-Control:
      - no-cache
      Connection:
      - close
      Content-Length:
      - '130'
    body:
      encoding: UTF-8
      string: |
        <project name="home:Iggy">
          <title></title>
          <description></description>
          <person userid="Iggy" role="maintainer"/>
        </project>
  recorded_at: Thu, 10 Jun 2021 16:30:46 GMT
- request:
    method: put
    uri: http://backend:5352/source/foo_project/_meta?user=user_53
    body:
      encoding: UTF-8
      string: |
        <project name="foo_project">
          <title>An Instant In The Wind</title>
          <description/>
          <person userid="Iggy" role="maintainer"/>
        </project>
    headers:
      Accept-Encoding:
      - gzip;q=1.0,deflate;q=0.6,identity;q=0.3
      Accept:
      - "*/*"
      User-Agent:
      - Ruby
  response:
    status:
      code: 200
      message: OK
    headers:
      Content-Type:
      - text/xml
      Cache-Control:
      - no-cache
      Connection:
      - close
      Content-Length:
      - '154'
    body:
      encoding: UTF-8
      string: |
        <project name="foo_project">
          <title>An Instant In The Wind</title>
          <description></description>
          <person userid="Iggy" role="maintainer"/>
        </project>
  recorded_at: Thu, 10 Jun 2021 16:30:46 GMT
- request:
    method: put
    uri: http://backend:5352/source/foo_project/bar_package/_meta?user=user_54
    body:
      encoding: UTF-8
      string: |
        <package name="bar_package" project="foo_project">
          <title>Fair Stood the Wind for France</title>
          <description>Minus dolor impedit nihil.</description>
        </package>
    headers:
      Accept-Encoding:
      - gzip;q=1.0,deflate;q=0.6,identity;q=0.3
      Accept:
      - "*/*"
      User-Agent:
      - Ruby
  response:
    status:
      code: 200
      message: OK
    headers:
      Content-Type:
      - text/xml
      Cache-Control:
      - no-cache
      Connection:
      - close
      Content-Length:
      - '166'
    body:
      encoding: UTF-8
      string: |
        <package name="bar_package" project="foo_project">
          <title>Fair Stood the Wind for France</title>
          <description>Minus dolor impedit nihil.</description>
        </package>
  recorded_at: Thu, 10 Jun 2021 16:30:46 GMT
- request:
    method: put
    uri: http://backend:5352/source/foo_project/bar_package/_config
    body:
      encoding: UTF-8
      string: Quia quod eos. Tempora assumenda quia. Quibusdam assumenda unde.
    headers:
      Accept-Encoding:
      - gzip;q=1.0,deflate;q=0.6,identity;q=0.3
      Accept:
      - "*/*"
      User-Agent:
      - Ruby
  response:
    status:
      code: 200
      message: OK
    headers:
      Content-Type:
      - text/xml
      Cache-Control:
      - no-cache
      Connection:
      - close
      Content-Length:
      - '211'
    body:
      encoding: UTF-8
      string: |
        <revision rev="796" vrev="796">
          <srcmd5>fe2bf75fe89a2130c51a91d5a2f62a8e</srcmd5>
          <version>unknown</version>
          <time>1623342646</time>
          <user>unknown</user>
          <comment></comment>
          <requestid/>
        </revision>
  recorded_at: Thu, 10 Jun 2021 16:30:46 GMT
- request:
    method: put
    uri: http://backend:5352/source/foo_project/bar_package/somefile.txt
    body:
      encoding: UTF-8
      string: Nihil voluptates quae. Labore sit placeat. Voluptas nesciunt omnis.
    headers:
      Accept-Encoding:
      - gzip;q=1.0,deflate;q=0.6,identity;q=0.3
      Accept:
      - "*/*"
      User-Agent:
      - Ruby
  response:
    status:
      code: 200
      message: OK
    headers:
      Content-Type:
      - text/xml
      Cache-Control:
      - no-cache
      Connection:
      - close
      Content-Length:
      - '211'
    body:
      encoding: UTF-8
      string: |
        <revision rev="797" vrev="797">
          <srcmd5>b284f8ae853601f1f5b9deaabf3a73c3</srcmd5>
          <version>unknown</version>
          <time>1623342646</time>
          <user>unknown</user>
          <comment></comment>
          <requestid/>
        </revision>
  recorded_at: Thu, 10 Jun 2021 16:30:46 GMT
- request:
    method: post
    uri: http://backend:5352/search/package/id?match=(linkinfo/@package=%22bar_package%22%20and%20linkinfo/@project=%22foo_project%22%20and%20@project=%22foo_project%22)
    body:
      encoding: UTF-8
      string: ''
    headers:
      Content-Type:
      - application/octet-stream
      Accept-Encoding:
      - gzip;q=1.0,deflate;q=0.6,identity;q=0.3
      Accept:
      - "*/*"
      User-Agent:
      - Ruby
  response:
    status:
      code: 200
      message: OK
    headers:
      Content-Type:
      - text/xml
      Cache-Control:
      - no-cache
      Connection:
      - close
      Content-Length:
      - '27'
    body:
      encoding: UTF-8
      string: |
        <collection>
        </collection>
  recorded_at: Thu, 10 Jun 2021 16:30:47 GMT
- request:
    method: put
    uri: http://backend:5352/source/home:Iggy:foo_project:PR-1/_meta?user=Iggy
    body:
      encoding: UTF-8
      string: |
        <project name="home:Iggy:foo_project:PR-1">
          <title>Branch project for package bar_package</title>
          <description>This project was created for package bar_package via attribute OBS:Maintained</description>
          <person userid="Iggy" role="maintainer"/>
        </project>
    headers:
      Accept-Encoding:
      - gzip;q=1.0,deflate;q=0.6,identity;q=0.3
      Accept:
      - "*/*"
      User-Agent:
      - Ruby
  response:
    status:
      code: 200
      message: OK
    headers:
      Content-Type:
      - text/xml
      Cache-Control:
      - no-cache
      Connection:
      - close
      Content-Length:
      - '262'
    body:
      encoding: UTF-8
      string: |
        <project name="home:Iggy:foo_project:PR-1">
          <title>Branch project for package bar_package</title>
          <description>This project was created for package bar_package via attribute OBS:Maintained</description>
          <person userid="Iggy" role="maintainer"/>
        </project>
  recorded_at: Thu, 10 Jun 2021 16:30:47 GMT
- request:
    method: put
    uri: http://backend:5352/source/home:Iggy:foo_project:PR-1/bar_package/_meta?user=Iggy
    body:
      encoding: UTF-8
      string: |
        <package name="bar_package" project="home:Iggy:foo_project:PR-1">
          <title>Fair Stood the Wind for France</title>
          <description>Minus dolor impedit nihil.</description>
        </package>
    headers:
      Accept-Encoding:
      - gzip;q=1.0,deflate;q=0.6,identity;q=0.3
      Accept:
      - "*/*"
      User-Agent:
      - Ruby
  response:
    status:
      code: 200
      message: OK
    headers:
      Content-Type:
      - text/xml
      Cache-Control:
      - no-cache
      Connection:
      - close
      Content-Length:
      - '181'
    body:
      encoding: UTF-8
      string: |
        <package name="bar_package" project="home:Iggy:foo_project:PR-1">
          <title>Fair Stood the Wind for France</title>
          <description>Minus dolor impedit nihil.</description>
        </package>
  recorded_at: Thu, 10 Jun 2021 16:30:47 GMT
- request:
    method: post
    uri: http://backend:5352/source/home:Iggy:foo_project:PR-1/bar_package?cmd=branch&noservice=1&opackage=bar_package&oproject=foo_project&user=Iggy
    body:
      encoding: UTF-8
      string: ''
    headers:
      Content-Type:
      - application/octet-stream
      Accept-Encoding:
      - gzip;q=1.0,deflate;q=0.6,identity;q=0.3
      Accept:
      - "*/*"
      User-Agent:
      - Ruby
  response:
    status:
      code: 200
      message: OK
    headers:
      Content-Type:
      - text/xml
      Cache-Control:
      - no-cache
      Connection:
      - close
      Content-Length:
      - '208'
    body:
      encoding: UTF-8
      string: |
        <revision rev="737" vrev="737">
          <srcmd5>5371e94522a5b10d93fd3023ca5cceb3</srcmd5>
          <version>unknown</version>
          <time>1623342647</time>
          <user>Iggy</user>
          <comment></comment>
          <requestid/>
        </revision>
  recorded_at: Thu, 10 Jun 2021 16:30:47 GMT
- request:
    method: put
    uri: http://backend:5352/source/home:Iggy:foo_project:PR-1/bar_package/_meta?user=Iggy
    body:
      encoding: UTF-8
      string: |
        <package name="bar_package" project="home:Iggy:foo_project:PR-1">
          <title>Fair Stood the Wind for France</title>
          <description>Minus dolor impedit nihil.</description>
        </package>
    headers:
      Accept-Encoding:
      - gzip;q=1.0,deflate;q=0.6,identity;q=0.3
      Accept:
      - "*/*"
      User-Agent:
      - Ruby
  response:
    status:
      code: 200
      message: OK
    headers:
      Content-Type:
      - text/xml
      Cache-Control:
      - no-cache
      Connection:
      - close
      Content-Length:
      - '181'
    body:
      encoding: UTF-8
      string: |
        <package name="bar_package" project="home:Iggy:foo_project:PR-1">
          <title>Fair Stood the Wind for France</title>
          <description>Minus dolor impedit nihil.</description>
        </package>
  recorded_at: Thu, 10 Jun 2021 16:30:47 GMT
- request:
    method: get
    uri: http://backend:5352/source/home:Iggy:foo_project:PR-1/bar_package
    body:
      encoding: US-ASCII
      string: ''
    headers:
      Accept-Encoding:
      - gzip;q=1.0,deflate;q=0.6,identity;q=0.3
      Accept:
      - "*/*"
      User-Agent:
      - Ruby
  response:
    status:
      code: 200
      message: OK
    headers:
      Content-Type:
      - text/xml
      Cache-Control:
      - no-cache
      Connection:
      - close
      Content-Length:
      - '725'
    body:
      encoding: UTF-8
      string: |
        <directory name="bar_package" rev="737" vrev="737" srcmd5="5371e94522a5b10d93fd3023ca5cceb3">
          <linkinfo project="foo_project" package="bar_package" srcmd5="b284f8ae853601f1f5b9deaabf3a73c3" baserev="b284f8ae853601f1f5b9deaabf3a73c3" xsrcmd5="8714628e99664b007009493230fbae08" lsrcmd5="5371e94522a5b10d93fd3023ca5cceb3"/>
          <entry name="_branch_request" md5="c4321e613d633f87e139ae1201ad0bf8" size="113" mtime="1623340003"/>
          <entry name="_config" md5="2296c99da9a6cb076e3b44a3cf20631f" size="64" mtime="1623342646"/>
          <entry name="_link" md5="03200149a25779e283fb06b3e83dba18" size="119" mtime="1623342647"/>
          <entry name="somefile.txt" md5="eb31f136e7f3b16fc3fc046add66baa5" size="67" mtime="1623342646"/>
        </directory>
  recorded_at: Thu, 10 Jun 2021 16:30:47 GMT
- request:
    method: get
    uri: http://backend:5352/source/home:Iggy:foo_project:PR-1/bar_package?view=info
    body:
      encoding: US-ASCII
      string: ''
    headers:
      Accept-Encoding:
      - gzip;q=1.0,deflate;q=0.6,identity;q=0.3
      Accept:
      - "*/*"
      User-Agent:
      - Ruby
  response:
    status:
      code: 200
      message: OK
    headers:
      Content-Type:
      - text/xml
      Cache-Control:
      - no-cache
      Connection:
      - close
      Content-Length:
      - '333'
    body:
      encoding: UTF-8
      string: |
        <sourceinfo package="bar_package" rev="737" vrev="1534" srcmd5="8714628e99664b007009493230fbae08" lsrcmd5="5371e94522a5b10d93fd3023ca5cceb3" verifymd5="b284f8ae853601f1f5b9deaabf3a73c3">
          <error>bad build configuration, no build type defined or detected</error>
          <linked project="foo_project" package="bar_package"/>
        </sourceinfo>
  recorded_at: Thu, 10 Jun 2021 16:30:47 GMT
- request:
    method: get
    uri: http://backend:5352/source/home:Iggy:foo_project:PR-1/bar_package
    body:
      encoding: US-ASCII
      string: ''
    headers:
      Accept-Encoding:
      - gzip;q=1.0,deflate;q=0.6,identity;q=0.3
      Accept:
      - "*/*"
      User-Agent:
      - Ruby
  response:
    status:
      code: 200
      message: OK
    headers:
      Content-Type:
      - text/xml
      Cache-Control:
      - no-cache
      Connection:
      - close
      Content-Length:
      - '725'
    body:
      encoding: UTF-8
      string: |
        <directory name="bar_package" rev="737" vrev="737" srcmd5="5371e94522a5b10d93fd3023ca5cceb3">
          <linkinfo project="foo_project" package="bar_package" srcmd5="b284f8ae853601f1f5b9deaabf3a73c3" baserev="b284f8ae853601f1f5b9deaabf3a73c3" xsrcmd5="8714628e99664b007009493230fbae08" lsrcmd5="5371e94522a5b10d93fd3023ca5cceb3"/>
          <entry name="_branch_request" md5="c4321e613d633f87e139ae1201ad0bf8" size="113" mtime="1623340003"/>
          <entry name="_config" md5="2296c99da9a6cb076e3b44a3cf20631f" size="64" mtime="1623342646"/>
          <entry name="_link" md5="03200149a25779e283fb06b3e83dba18" size="119" mtime="1623342647"/>
          <entry name="somefile.txt" md5="eb31f136e7f3b16fc3fc046add66baa5" size="67" mtime="1623342646"/>
        </directory>
  recorded_at: Thu, 10 Jun 2021 16:30:47 GMT
- request:
    method: post
    uri: http://backend:5352/source/home:Iggy:foo_project:PR-1/bar_package?cmd=diff&linkrev=base&onlyissues=1&orev=0&view=xml
    body:
      encoding: UTF-8
      string: ''
    headers:
      Content-Type:
      - application/octet-stream
      Accept-Encoding:
      - gzip;q=1.0,deflate;q=0.6,identity;q=0.3
      Accept:
      - "*/*"
      User-Agent:
      - Ruby
  response:
    status:
      code: 200
      message: OK
    headers:
      Content-Type:
      - text/xml
      Cache-Control:
      - no-cache
      Connection:
      - close
      Content-Length:
      - '338'
    body:
      encoding: UTF-8
      string: |
        <sourcediff key="61a6641e9cf91bc2c9c348c977035d4b">
          <old project="home:Iggy:foo_project:PR-1" package="bar_package" rev="0" srcmd5="d41d8cd98f00b204e9800998ecf8427e"/>
          <new project="home:Iggy:foo_project:PR-1" package="bar_package" rev="737" srcmd5="5371e94522a5b10d93fd3023ca5cceb3"/>
          <files/>
          <issues>
          </issues>
        </sourcediff>
  recorded_at: Thu, 10 Jun 2021 16:30:47 GMT
- request:
    method: post
    uri: http://backend:5352/source/home:Iggy:foo_project:PR-1/bar_package?cmd=linkdiff&linkrev=base&onlyissues=1&view=xml
    body:
      encoding: UTF-8
      string: ''
    headers:
      Content-Type:
      - application/octet-stream
      Accept-Encoding:
      - gzip;q=1.0,deflate;q=0.6,identity;q=0.3
      Accept:
      - "*/*"
      User-Agent:
      - Ruby
  response:
    status:
      code: 200
      message: OK
    headers:
      Content-Type:
      - text/xml
      Cache-Control:
      - no-cache
      Connection:
      - close
      Content-Length:
      - '360'
    body:
      encoding: UTF-8
      string: |
        <sourcediff key="217fbf5af893086ca362ba9c17052b62">
          <old project="foo_project" package="bar_package" rev="b284f8ae853601f1f5b9deaabf3a73c3" srcmd5="b284f8ae853601f1f5b9deaabf3a73c3"/>
          <new project="home:Iggy:foo_project:PR-1" package="bar_package" rev="8714628e99664b007009493230fbae08" srcmd5="8714628e99664b007009493230fbae08"/>
          <files/>
        </sourcediff>
  recorded_at: Thu, 10 Jun 2021 16:30:47 GMT
- request:
    method: put
    uri: http://backend:5352/source/home:Iggy:foo_project:PR-1/_meta?user=Iggy
    body:
      encoding: UTF-8
      string: |
        <project name="home:Iggy:foo_project:PR-1">
          <title>Branch project for package bar_package</title>
          <description>This project was created for package bar_package via attribute OBS:Maintained</description>
          <person userid="Iggy" role="maintainer"/>
          <publish>
            <disable/>
          </publish>
        </project>
    headers:
      Accept-Encoding:
      - gzip;q=1.0,deflate;q=0.6,identity;q=0.3
      Accept:
      - "*/*"
      User-Agent:
      - Ruby
  response:
    status:
      code: 200
      message: OK
    headers:
      Content-Type:
      - text/xml
      Cache-Control:
      - no-cache
      Connection:
      - close
      Content-Length:
      - '302'
    body:
      encoding: UTF-8
      string: |
        <project name="home:Iggy:foo_project:PR-1">
          <title>Branch project for package bar_package</title>
          <description>This project was created for package bar_package via attribute OBS:Maintained</description>
          <person userid="Iggy" role="maintainer"/>
          <publish>
            <disable/>
          </publish>
        </project>
  recorded_at: Thu, 10 Jun 2021 16:30:47 GMT
- request:
    method: put
    uri: http://backend:5352/source/home:Iggy:foo_project:PR-1/bar_package/_branch_request?user=Iggy
    body:
      encoding: UTF-8
      string: '{"action":"opened","pull_request":{"head":{"repo":{"full_name":"reponame"},"sha":"123"}}}'
    headers:
      Accept-Encoding:
      - gzip;q=1.0,deflate;q=0.6,identity;q=0.3
      Accept:
      - "*/*"
      User-Agent:
      - Ruby
  response:
    status:
      code: 200
      message: OK
    headers:
      Content-Type:
      - text/xml
      Cache-Control:
      - no-cache
      Connection:
      - close
      Content-Length:
      - '208'
    body:
      encoding: UTF-8
      string: |
        <revision rev="738" vrev="738">
          <srcmd5>dc8d60dba424ab5adf103278f5b20314</srcmd5>
          <version>unknown</version>
          <time>1623342647</time>
          <user>Iggy</user>
          <comment></comment>
          <requestid/>
        </revision>
  recorded_at: Thu, 10 Jun 2021 16:30:47 GMT
- request:
    method: put
    uri: http://backend:5352/source/home:Iggy:foo_project:PR-1/bar_package/_meta?user=Iggy
    body:
      encoding: UTF-8
      string: |
        <package name="bar_package" project="home:Iggy:foo_project:PR-1">
          <title>Fair Stood the Wind for France</title>
          <description>Minus dolor impedit nihil.</description>
        </package>
    headers:
      Accept-Encoding:
      - gzip;q=1.0,deflate;q=0.6,identity;q=0.3
      Accept:
      - "*/*"
      User-Agent:
      - Ruby
  response:
    status:
      code: 200
      message: OK
    headers:
      Content-Type:
      - text/xml
      Cache-Control:
      - no-cache
      Connection:
      - close
      Content-Length:
      - '181'
    body:
      encoding: UTF-8
      string: |
        <package name="bar_package" project="home:Iggy:foo_project:PR-1">
          <title>Fair Stood the Wind for France</title>
          <description>Minus dolor impedit nihil.</description>
        </package>
  recorded_at: Thu, 10 Jun 2021 16:30:48 GMT
- request:
    method: get
    uri: http://backend:5352/source/home:Iggy:foo_project:PR-1/bar_package
    body:
      encoding: US-ASCII
      string: ''
    headers:
      Accept-Encoding:
      - gzip;q=1.0,deflate;q=0.6,identity;q=0.3
      Accept:
      - "*/*"
      User-Agent:
      - Ruby
  response:
    status:
      code: 200
      message: OK
    headers:
      Content-Type:
      - text/xml
      Cache-Control:
      - no-cache
      Connection:
      - close
      Content-Length:
      - '724'
    body:
      encoding: UTF-8
      string: |
        <directory name="bar_package" rev="738" vrev="738" srcmd5="dc8d60dba424ab5adf103278f5b20314">
          <linkinfo project="foo_project" package="bar_package" srcmd5="b284f8ae853601f1f5b9deaabf3a73c3" baserev="b284f8ae853601f1f5b9deaabf3a73c3" xsrcmd5="d0ee3101b92453a25bc1c0d9223f057f" lsrcmd5="dc8d60dba424ab5adf103278f5b20314"/>
          <entry name="_branch_request" md5="4becc0c108a703b38c26920c45965516" size="89" mtime="1623342321"/>
          <entry name="_config" md5="2296c99da9a6cb076e3b44a3cf20631f" size="64" mtime="1623342646"/>
          <entry name="_link" md5="03200149a25779e283fb06b3e83dba18" size="119" mtime="1623342647"/>
          <entry name="somefile.txt" md5="eb31f136e7f3b16fc3fc046add66baa5" size="67" mtime="1623342646"/>
        </directory>
  recorded_at: Thu, 10 Jun 2021 16:30:48 GMT
- request:
    method: get
    uri: http://backend:5352/source/home:Iggy:foo_project:PR-1/bar_package?view=info
    body:
      encoding: US-ASCII
      string: ''
    headers:
      Accept-Encoding:
      - gzip;q=1.0,deflate;q=0.6,identity;q=0.3
      Accept:
      - "*/*"
      User-Agent:
      - Ruby
  response:
    status:
      code: 200
      message: OK
    headers:
      Content-Type:
      - text/xml
      Cache-Control:
      - no-cache
      Connection:
      - close
      Content-Length:
      - '333'
    body:
      encoding: UTF-8
      string: |
        <sourceinfo package="bar_package" rev="738" vrev="1535" srcmd5="d0ee3101b92453a25bc1c0d9223f057f" lsrcmd5="dc8d60dba424ab5adf103278f5b20314" verifymd5="5afa343ac35d77807c805ed63da0c3e6">
          <error>bad build configuration, no build type defined or detected</error>
          <linked project="foo_project" package="bar_package"/>
        </sourceinfo>
  recorded_at: Thu, 10 Jun 2021 16:30:48 GMT
- request:
    method: get
    uri: http://backend:5352/source/home:Iggy:foo_project:PR-1/bar_package
    body:
      encoding: US-ASCII
      string: ''
    headers:
      Accept-Encoding:
      - gzip;q=1.0,deflate;q=0.6,identity;q=0.3
      Accept:
      - "*/*"
      User-Agent:
      - Ruby
  response:
    status:
      code: 200
      message: OK
    headers:
      Content-Type:
      - text/xml
      Cache-Control:
      - no-cache
      Connection:
      - close
      Content-Length:
      - '724'
    body:
      encoding: UTF-8
      string: |
        <directory name="bar_package" rev="738" vrev="738" srcmd5="dc8d60dba424ab5adf103278f5b20314">
          <linkinfo project="foo_project" package="bar_package" srcmd5="b284f8ae853601f1f5b9deaabf3a73c3" baserev="b284f8ae853601f1f5b9deaabf3a73c3" xsrcmd5="d0ee3101b92453a25bc1c0d9223f057f" lsrcmd5="dc8d60dba424ab5adf103278f5b20314"/>
          <entry name="_branch_request" md5="4becc0c108a703b38c26920c45965516" size="89" mtime="1623342321"/>
          <entry name="_config" md5="2296c99da9a6cb076e3b44a3cf20631f" size="64" mtime="1623342646"/>
          <entry name="_link" md5="03200149a25779e283fb06b3e83dba18" size="119" mtime="1623342647"/>
          <entry name="somefile.txt" md5="eb31f136e7f3b16fc3fc046add66baa5" size="67" mtime="1623342646"/>
        </directory>
  recorded_at: Thu, 10 Jun 2021 16:30:48 GMT
- request:
    method: post
    uri: http://backend:5352/source/home:Iggy:foo_project:PR-1/bar_package?cmd=diff&linkrev=base&onlyissues=1&orev=0&view=xml
    body:
      encoding: UTF-8
      string: ''
    headers:
      Content-Type:
      - application/octet-stream
      Accept-Encoding:
      - gzip;q=1.0,deflate;q=0.6,identity;q=0.3
      Accept:
      - "*/*"
      User-Agent:
      - Ruby
  response:
    status:
      code: 200
      message: OK
    headers:
      Content-Type:
      - text/xml
      Cache-Control:
      - no-cache
      Connection:
      - close
      Content-Length:
      - '338'
    body:
      encoding: UTF-8
      string: |
        <sourcediff key="c04ce7cfa0a5d3350393c466e6983173">
          <old project="home:Iggy:foo_project:PR-1" package="bar_package" rev="0" srcmd5="d41d8cd98f00b204e9800998ecf8427e"/>
          <new project="home:Iggy:foo_project:PR-1" package="bar_package" rev="738" srcmd5="dc8d60dba424ab5adf103278f5b20314"/>
          <files/>
          <issues>
          </issues>
        </sourcediff>
  recorded_at: Thu, 10 Jun 2021 16:30:48 GMT
- request:
    method: post
    uri: http://backend:5352/source/home:Iggy:foo_project:PR-1/bar_package?cmd=linkdiff&linkrev=base&onlyissues=1&view=xml
    body:
      encoding: UTF-8
      string: ''
    headers:
      Content-Type:
      - application/octet-stream
      Accept-Encoding:
      - gzip;q=1.0,deflate;q=0.6,identity;q=0.3
      Accept:
      - "*/*"
      User-Agent:
      - Ruby
  response:
    status:
      code: 200
      message: OK
    headers:
      Content-Type:
      - text/xml
      Cache-Control:
      - no-cache
      Connection:
      - close
      Content-Length:
      - '383'
    body:
      encoding: UTF-8
      string: |
        <sourcediff key="ab0088e5369f48f2062e7ab1b74d0d77">
          <old project="foo_project" package="bar_package" rev="b284f8ae853601f1f5b9deaabf3a73c3" srcmd5="b284f8ae853601f1f5b9deaabf3a73c3"/>
          <new project="home:Iggy:foo_project:PR-1" package="bar_package" rev="d0ee3101b92453a25bc1c0d9223f057f" srcmd5="d0ee3101b92453a25bc1c0d9223f057f"/>
          <files/>
          <issues>
          </issues>
        </sourcediff>
  recorded_at: Thu, 10 Jun 2021 16:30:48 GMT
- request:
    method: get
    uri: http://backend:5352/source/home:Iggy:foo_project:PR-1/bar_package/_branch_request
    body:
      encoding: US-ASCII
      string: ''
    headers:
      Accept-Encoding:
      - gzip;q=1.0,deflate;q=0.6,identity;q=0.3
      Accept:
      - "*/*"
      User-Agent:
      - Ruby
  response:
    status:
      code: 200
      message: OK
    headers:
      Content-Type:
      - application/octet-stream
      Content-Length:
      - '89'
      Cache-Control:
      - no-cache
      Connection:
      - close
    body:
      encoding: UTF-8
      string: '{"action":"opened","pull_request":{"head":{"repo":{"full_name":"reponame"},"sha":"123"}}}'
  recorded_at: Thu, 10 Jun 2021 16:30:48 GMT
recorded_with: VCR 6.0.0
