---
http_interactions:
- request:
    method: put
    uri: http://backend:5352/source/home:mr_receiver/_meta?user=mr_receiver
    body:
      encoding: UTF-8
      string: |
        <project name="home:mr_receiver">
          <title/>
          <description/>
          <person userid="mr_receiver" role="maintainer"/>
        </project>
    headers:
      Accept-Encoding:
      - gzip;q=1.0,deflate;q=0.6,identity;q=0.3
      Accept:
      - "*/*"
      User-Agent:
      - Ruby
  response:
    status:
      code: 200
      message: OK
    headers:
      Content-Type:
      - text/xml
      Cache-Control:
      - no-cache
      Connection:
      - close
      Content-Length:
      - '144'
    body:
      encoding: UTF-8
      string: |
        <project name="home:mr_receiver">
          <title></title>
          <description></description>
          <person userid="mr_receiver" role="maintainer"/>
        </project>
  recorded_at: Tue, 19 Mar 2024 13:45:44 GMT
- request:
    method: put
    uri: http://backend:5352/source/home:mr_receiver/Quebec/_meta?user=user_3
    body:
      encoding: UTF-8
      string: |
        <package name="Quebec" project="home:mr_receiver">
          <title>Look Homeward, Angel</title>
          <description>Sunt similique doloribus reiciendis.</description>
        </package>
    headers:
      Accept-Encoding:
      - gzip;q=1.0,deflate;q=0.6,identity;q=0.3
      Accept:
      - "*/*"
      User-Agent:
      - Ruby
  response:
    status:
      code: 200
      message: OK
    headers:
      Content-Type:
      - text/xml
      Cache-Control:
      - no-cache
      Connection:
      - close
      Content-Length:
      - '166'
    body:
      encoding: UTF-8
      string: |
        <package name="Quebec" project="home:mr_receiver">
          <title>Look Homeward, Angel</title>
          <description>Sunt similique doloribus reiciendis.</description>
        </package>
  recorded_at: Tue, 19 Mar 2024 13:45:44 GMT
- request:
    method: put
    uri: http://backend:5352/source/home:mr_receiver/Quebec/_config
    body:
      encoding: UTF-8
      string: Dolor quia asperiores. Placeat dolores dolor. Qui aut alias.
    headers:
      Accept-Encoding:
      - gzip;q=1.0,deflate;q=0.6,identity;q=0.3
      Accept:
      - "*/*"
      User-Agent:
      - Ruby
  response:
    status:
      code: 200
      message: OK
    headers:
      Content-Type:
      - text/xml
      Cache-Control:
      - no-cache
      Connection:
      - close
      Content-Length:
      - '207'
    body:
      encoding: UTF-8
      string: |
        <revision rev="5" vrev="5">
          <srcmd5>ce16a88d4226bb2187b379f15c5079b3</srcmd5>
          <version>unknown</version>
          <time>1710855944</time>
          <user>unknown</user>
          <comment></comment>
          <requestid/>
        </revision>
  recorded_at: Tue, 19 Mar 2024 13:45:44 GMT
- request:
    method: put
    uri: http://backend:5352/source/home:mr_receiver/Quebec/somefile.txt
    body:
      encoding: UTF-8
      string: Molestiae dolore repellat. Id incidunt sunt. Voluptas pariatur sint.
    headers:
      Accept-Encoding:
      - gzip;q=1.0,deflate;q=0.6,identity;q=0.3
      Accept:
      - "*/*"
      User-Agent:
      - Ruby
  response:
    status:
      code: 200
      message: OK
    headers:
      Content-Type:
      - text/xml
      Cache-Control:
      - no-cache
      Connection:
      - close
      Content-Length:
      - '207'
    body:
      encoding: UTF-8
      string: |
        <revision rev="6" vrev="6">
          <srcmd5>a4a269b52d76e39263fe5598b9a0ed81</srcmd5>
          <version>unknown</version>
          <time>1710855944</time>
          <user>unknown</user>
          <comment></comment>
          <requestid/>
        </revision>
  recorded_at: Tue, 19 Mar 2024 13:45:44 GMT
- request:
    method: put
    uri: http://backend:5352/source/home:madam_submitter/_meta?user=madam_submitter
    body:
      encoding: UTF-8
      string: |
        <project name="home:madam_submitter">
          <title/>
          <description/>
          <person userid="madam_submitter" role="maintainer"/>
        </project>
    headers:
      Accept-Encoding:
      - gzip;q=1.0,deflate;q=0.6,identity;q=0.3
      Accept:
      - "*/*"
      User-Agent:
      - Ruby
  response:
    status:
      code: 200
      message: OK
    headers:
      Content-Type:
      - text/xml
      Cache-Control:
      - no-cache
      Connection:
      - close
      Content-Length:
      - '152'
    body:
      encoding: UTF-8
      string: |
        <project name="home:madam_submitter">
          <title></title>
          <description></description>
          <person userid="madam_submitter" role="maintainer"/>
        </project>
  recorded_at: Tue, 19 Mar 2024 13:45:44 GMT
- request:
    method: put
    uri: http://backend:5352/source/home:madam_submitter/Quebec/_meta?user=user_4
    body:
      encoding: UTF-8
      string: |
        <package name="Quebec" project="home:madam_submitter">
          <title>Beneath the Bleeding</title>
          <description>Illum et vel earum.</description>
        </package>
    headers:
      Accept-Encoding:
      - gzip;q=1.0,deflate;q=0.6,identity;q=0.3
      Accept:
      - "*/*"
      User-Agent:
      - Ruby
  response:
    status:
      code: 200
      message: OK
    headers:
      Content-Type:
      - text/xml
      Cache-Control:
      - no-cache
      Connection:
      - close
      Content-Length:
      - '153'
    body:
      encoding: UTF-8
      string: |
        <package name="Quebec" project="home:madam_submitter">
          <title>Beneath the Bleeding</title>
          <description>Illum et vel earum.</description>
        </package>
  recorded_at: Tue, 19 Mar 2024 13:45:44 GMT
- request:
    method: put
    uri: http://backend:5352/source/home:madam_submitter/Quebec/_config
    body:
      encoding: UTF-8
      string: Mollitia quos id. Debitis recusandae modi. Qui totam soluta.
    headers:
      Accept-Encoding:
      - gzip;q=1.0,deflate;q=0.6,identity;q=0.3
      Accept:
      - "*/*"
      User-Agent:
      - Ruby
  response:
    status:
      code: 200
      message: OK
    headers:
      Content-Type:
      - text/xml
      Cache-Control:
      - no-cache
      Connection:
      - close
      Content-Length:
      - '207'
    body:
      encoding: UTF-8
      string: |
        <revision rev="5" vrev="5">
          <srcmd5>bd7af4a760a28e239f9548f3ad241cde</srcmd5>
          <version>unknown</version>
          <time>1710855944</time>
          <user>unknown</user>
          <comment></comment>
          <requestid/>
        </revision>
  recorded_at: Tue, 19 Mar 2024 13:45:44 GMT
- request:
    method: put
    uri: http://backend:5352/source/home:madam_submitter/Quebec/somefile.txt
    body:
      encoding: UTF-8
      string: Nulla quaerat et. Sed numquam suscipit. Laudantium voluptatem minima.
    headers:
      Accept-Encoding:
      - gzip;q=1.0,deflate;q=0.6,identity;q=0.3
      Accept:
      - "*/*"
      User-Agent:
      - Ruby
  response:
    status:
      code: 200
      message: OK
    headers:
      Content-Type:
      - text/xml
      Cache-Control:
      - no-cache
      Connection:
      - close
      Content-Length:
      - '207'
    body:
      encoding: UTF-8
      string: |
        <revision rev="6" vrev="6">
          <srcmd5>d7cce9aa23b37073b8757523548d7048</srcmd5>
          <version>unknown</version>
          <time>1710855944</time>
          <user>unknown</user>
          <comment></comment>
          <requestid/>
        </revision>
  recorded_at: Tue, 19 Mar 2024 13:45:44 GMT
- request:
    method: get
    uri: http://backend:5352/source/home:madam_submitter/Quebec
    body:
      encoding: US-ASCII
      string: ''
    headers:
      Accept-Encoding:
      - gzip;q=1.0,deflate;q=0.6,identity;q=0.3
      Accept:
      - "*/*"
      User-Agent:
      - Ruby
  response:
    status:
      code: 200
      message: OK
    headers:
      Content-Type:
      - text/xml
      Cache-Control:
      - no-cache
      Connection:
      - close
      Content-Length:
      - '291'
    body:
      encoding: UTF-8
      string: |
        <directory name="Quebec" rev="6" vrev="6" srcmd5="d7cce9aa23b37073b8757523548d7048">
          <entry name="_config" md5="e3259d356fb4b6c002b1b2b000c6fb2d" size="60" mtime="1710855944"/>
          <entry name="somefile.txt" md5="f0c485ebd30a7ebff3000fbe2dbc1adf" size="69" mtime="1710855944"/>
        </directory>
  recorded_at: Tue, 19 Mar 2024 13:45:44 GMT
- request:
    method: post
    uri: http://backend:5352/source/home:madam_submitter/Quebec?cmd=diff&expand=1&filelimit=10000&opackage=Quebec&oproject=home:mr_receiver&tarlimit=10000&view=xml&withissues=1
    body:
      encoding: UTF-8
      string: ''
    headers:
      Content-Type:
      - application/octet-stream
      Accept-Encoding:
      - gzip;q=1.0,deflate;q=0.6,identity;q=0.3
      Accept:
      - "*/*"
      User-Agent:
      - Ruby
  response:
    status:
      code: 200
      message: OK
    headers:
      Content-Type:
      - text/xml
      Cache-Control:
      - no-cache
      Connection:
      - close
      Content-Length:
      - '1185'
    body:
      encoding: UTF-8
      string: |
        <sourcediff key="b0047a1a94732fbcacd54a9b0c6c0a85">
          <old project="home:mr_receiver" package="Quebec" rev="6" srcmd5="a4a269b52d76e39263fe5598b9a0ed81"/>
          <new project="home:madam_submitter" package="Quebec" rev="6" srcmd5="d7cce9aa23b37073b8757523548d7048"/>
          <files>
            <file state="changed">
              <old name="_config" md5="f54cd4b5bacd96654472e12cf8d36028" size="60"/>
              <new name="_config" md5="e3259d356fb4b6c002b1b2b000c6fb2d" size="60"/>
              <diff lines="5">@@ -1,1 +1,1 @@
        -Dolor quia asperiores. Placeat dolores dolor. Qui aut alias.
        \ No newline at end of file
        +Mollitia quos id. Debitis recusandae modi. Qui totam soluta.
        \ No newline at end of file
        </diff>
            </file>
            <file state="changed">
              <old name="somefile.txt" md5="4ada9d20a6715065fe1d75dd220d97e5" size="68"/>
              <new name="somefile.txt" md5="f0c485ebd30a7ebff3000fbe2dbc1adf" size="69"/>
              <diff lines="5">@@ -1,1 +1,1 @@
        -Molestiae dolore repellat. Id incidunt sunt. Voluptas pariatur sint.
        \ No newline at end of file
        +Nulla quaerat et. Sed numquam suscipit. Laudantium voluptatem minima.
        \ No newline at end of file
        </diff>
            </file>
          </files>
          <issues>
          </issues>
        </sourcediff>
  recorded_at: Tue, 19 Mar 2024 13:45:44 GMT
- request:
    method: get
    uri: http://backend:5352/build/home:madam_submitter/_result?lastbuild=0&locallink=1&multibuild=1&package=Quebec&view=status
    body:
      encoding: US-ASCII
      string: ''
    headers:
      X-Request-Id:
      - b0cb0def-aa62-473f-9a61-53ef257b21f5
      Accept-Encoding:
      - gzip;q=1.0,deflate;q=0.6,identity;q=0.3
      Accept:
      - "*/*"
      User-Agent:
      - Ruby
  response:
    status:
      code: 200
      message: OK
    headers:
      Content-Type:
      - text/xml
      Cache-Control:
      - no-cache
      Connection:
      - close
      Content-Length:
      - '55'
    body:
      encoding: UTF-8
      string: '<resultlist state="00000000000000000000000000000000"/>

'
  recorded_at: Tue, 19 Mar 2024 13:45:46 GMT
- request:
    method: get
    uri: http://backend:5352/source/home:madam_submitter/Quebec
    body:
      encoding: US-ASCII
      string: ''
    headers:
      X-Request-Id:
      - b0cb0def-aa62-473f-9a61-53ef257b21f5
      Accept-Encoding:
      - gzip;q=1.0,deflate;q=0.6,identity;q=0.3
      Accept:
      - "*/*"
      User-Agent:
      - Ruby
  response:
    status:
      code: 200
      message: OK
    headers:
      Content-Type:
      - text/xml
      Cache-Control:
      - no-cache
      Connection:
      - close
      Content-Length:
      - '291'
    body:
      encoding: UTF-8
      string: |
        <directory name="Quebec" rev="6" vrev="6" srcmd5="d7cce9aa23b37073b8757523548d7048">
          <entry name="_config" md5="e3259d356fb4b6c002b1b2b000c6fb2d" size="60" mtime="1710855944"/>
          <entry name="somefile.txt" md5="f0c485ebd30a7ebff3000fbe2dbc1adf" size="69" mtime="1710855944"/>
        </directory>
  recorded_at: Tue, 19 Mar 2024 13:45:46 GMT
- request:
    method: post
    uri: http://backend:5352/source/home:madam_submitter/Quebec?cacheonly=1&cmd=diff&expand=1&filelimit=10000&opackage=Quebec&oproject=home:mr_receiver&tarlimit=10000&view=xml&withissues=1
    body:
      encoding: UTF-8
      string: ''
    headers:
      Content-Type:
      - application/octet-stream
      X-Request-Id:
      - b0cb0def-aa62-473f-9a61-53ef257b21f5
      Accept-Encoding:
      - gzip;q=1.0,deflate;q=0.6,identity;q=0.3
      Accept:
      - "*/*"
      User-Agent:
      - Ruby
  response:
    status:
      code: 200
      message: OK
    headers:
      Content-Type:
      - text/xml
      Content-Length:
      - '1185'
      Cache-Control:
      - no-cache
      Connection:
      - close
    body:
      encoding: UTF-8
      string: |
        <sourcediff key="b0047a1a94732fbcacd54a9b0c6c0a85">
          <old project="home:mr_receiver" package="Quebec" rev="6" srcmd5="a4a269b52d76e39263fe5598b9a0ed81"/>
          <new project="home:madam_submitter" package="Quebec" rev="6" srcmd5="d7cce9aa23b37073b8757523548d7048"/>
          <files>
            <file state="changed">
              <old name="_config" md5="f54cd4b5bacd96654472e12cf8d36028" size="60"/>
              <new name="_config" md5="e3259d356fb4b6c002b1b2b000c6fb2d" size="60"/>
              <diff lines="5">@@ -1,1 +1,1 @@
        -Dolor quia asperiores. Placeat dolores dolor. Qui aut alias.
        \ No newline at end of file
        +Mollitia quos id. Debitis recusandae modi. Qui totam soluta.
        \ No newline at end of file
        </diff>
            </file>
            <file state="changed">
              <old name="somefile.txt" md5="4ada9d20a6715065fe1d75dd220d97e5" size="68"/>
              <new name="somefile.txt" md5="f0c485ebd30a7ebff3000fbe2dbc1adf" size="69"/>
              <diff lines="5">@@ -1,1 +1,1 @@
        -Molestiae dolore repellat. Id incidunt sunt. Voluptas pariatur sint.
        \ No newline at end of file
        +Nulla quaerat et. Sed numquam suscipit. Laudantium voluptatem minima.
        \ No newline at end of file
        </diff>
            </file>
          </files>
          <issues>
          </issues>
        </sourcediff>
  recorded_at: Tue, 19 Mar 2024 13:45:46 GMT
- request:
    method: get
    uri: http://backend:5352/source/home:mr_receiver/Quebec
    body:
      encoding: US-ASCII
      string: ''
    headers:
      X-Request-Id:
      - b0cb0def-aa62-473f-9a61-53ef257b21f5
      Accept-Encoding:
      - gzip;q=1.0,deflate;q=0.6,identity;q=0.3
      Accept:
      - "*/*"
      User-Agent:
      - Ruby
  response:
    status:
      code: 200
      message: OK
    headers:
      Content-Type:
      - text/xml
      Cache-Control:
      - no-cache
      Connection:
      - close
      Content-Length:
      - '291'
    body:
      encoding: UTF-8
      string: |
        <directory name="Quebec" rev="6" vrev="6" srcmd5="a4a269b52d76e39263fe5598b9a0ed81">
          <entry name="_config" md5="f54cd4b5bacd96654472e12cf8d36028" size="60" mtime="1710855944"/>
          <entry name="somefile.txt" md5="4ada9d20a6715065fe1d75dd220d97e5" size="68" mtime="1710855944"/>
        </directory>
  recorded_at: Tue, 19 Mar 2024 13:45:46 GMT
- request:
    method: get
    uri: http://backend:5352/build/home:madam_submitter/_result?lastbuild=0&locallink=1&multibuild=1&package=Quebec&view=status
    body:
      encoding: US-ASCII
      string: ''
    headers:
      X-Request-Id:
      - fc76d026-63fc-4e47-81b4-e7e2b2495fb5
      Accept-Encoding:
      - gzip;q=1.0,deflate;q=0.6,identity;q=0.3
      Accept:
      - "*/*"
      User-Agent:
      - Ruby
  response:
    status:
      code: 200
      message: OK
    headers:
      Content-Type:
      - text/xml
      Cache-Control:
      - no-cache
      Connection:
      - close
      Content-Length:
      - '55'
    body:
      encoding: UTF-8
      string: '<resultlist state="00000000000000000000000000000000"/>

'
  recorded_at: Tue, 19 Mar 2024 13:45:47 GMT
recorded_with: VCR 6.2.0
